13/May/2026 18:04:28  *** Warning ***
                      
13/May/2026 18:04:28  `tbbmalloc_proxy` cannot replace memory allocation routines (status:-1):
                      Success: free (ucrtbase.dll), byte pattern: <C7442410000000008B4424>
                      Fail: _msize (ucrtbase.dll), byte pattern: <E9ABFFFFFFCCCCCCCCCCCC>
                      The solver will continue with a reduced performance.
                      
                      ------------------------------------------------------------------------------
13/May/2026 18:04:28  Units settings: 
                      
                        Dimensions: mm
                        Frequency:  GHz
                        Time:       ns
                      
                      ------------------------------------------------------------------------------
13/May/2026 18:04:28  Boundary conditions: 
                      
                        YZsymmetry: none
                        XZsymmetry: none
                        XYsymmetry: none
                      
                        Xmin: open
                        Xmax: open
                      
                        Ymin: expanded open
                        Ymax: expanded open
                      
                        Zmin: open
                        Zmax: open
                      
                      ------------------------------------------------------------------------------
13/May/2026 18:04:28  Order settings: 
                      
                        Solver order   : 2nd (constant)
                        Curved elements: up to order 3 (automatic)
                      
                      ------------------------------------------------------------------------------
13/May/2026 18:04:28    Mesh time                :	1 s
                      
                      
                      ------------------------------------------------------------------------------
13/May/2026 18:04:28  
                      ================================================================================
                      Frequency Domain Solver calculation cycle started
                      
                      ------------------------------------------------------------------------------
13/May/2026 18:04:28  Solver started at: 06:04 PM Wednesday, 13. May 2026 (中国标准时间)
                      
                        Module:  Frequency Domain: S-Parameter (Win 64)
                        Version: 2022.5 Release from 2022-06-03 (change 981760)
                      
                      ------------------------------------------------------------------------------
13/May/2026 18:04:28    Calculation 1 of 1 (Frequency: 10 GHz)
                      
                      
                      ------------------------------------------------------------------------------
13/May/2026 18:04:28  Using electric shielding for port 1.
                      
                      ------------------------------------------------------------------------------
13/May/2026 18:04:32    ----------------------------------------------------------------------------
                        Port   Mode   Type        Z-Wave        Z-Wave-Sigma  Z-Line        F-Cutoff
                        1      1      QTEM        210           15.8          49.8          ---
                        ----------------------------------------------------------------------------
                      
                      
                      ------------------------------------------------------------------------------
13/May/2026 18:04:32  Adaptive mesh refinement pass 1
                      
                      ------------------------------------------------------------------------------
13/May/2026 18:04:32    Matrix setup time        :	0 s
                        Degrees of freedom       :	17527
                        Number of mesh cells     :	2786
                      
                        Stimulation port         :	1
                        Mode number              :	1
                        Accuracy                 :	1.43027e-08
                        Iterations               :	1
                        Solver time              :	0 s
                      
                      
                      ------------------------------------------------------------------------------
13/May/2026 18:04:32  21% of all mesh edges seem to be longer than expected. The adaptive mesh refinement's growth limitation will therefore 
                      use 6407 instead of 1501 mesh cells as a reference.
                      
                      ------------------------------------------------------------------------------
13/May/2026 18:04:33    ----------------------------------------------------------------------------
                        Port   Mode   Type        Z-Wave        Z-Wave-Sigma  Z-Line        F-Cutoff
                        1      1      QTEM        210           15.8          49.8          ---
                        ----------------------------------------------------------------------------
                      
                      
                      ------------------------------------------------------------------------------
13/May/2026 18:04:33  Adaptive mesh refinement pass 2
                      
                      ------------------------------------------------------------------------------
13/May/2026 18:04:33    Matrix setup time        :	0 s
                        Degrees of freedom       :	22787
                        Number of mesh cells     :	3662
                      
                        Stimulation port         :	1
                        Mode number              :	1
                        Accuracy                 :	1.45866e-08
                        Iterations               :	1
                        Solver time              :	0 s
                      
                      
                      ------------------------------------------------------------------------------
13/May/2026 18:04:33    Delta calculation        
13/May/2026 18:04:33    All S-Parameters         :	0.0862837

                      ------------------------------------------------------------------------------
13/May/2026 18:04:33  The quality of some tetrahedrons is low.  More...
                      
                      ------------------------------------------------------------------------------
13/May/2026 18:04:34    ----------------------------------------------------------------------------
                        Port   Mode   Type        Z-Wave        Z-Wave-Sigma  Z-Line        F-Cutoff
                        1      1      QTEM        210           15.8          49.8          ---
                        ----------------------------------------------------------------------------
                      
                      
                      ------------------------------------------------------------------------------
13/May/2026 18:04:34  Adaptive mesh refinement pass 3
                      
                      ------------------------------------------------------------------------------
13/May/2026 18:04:34    Matrix setup time        :	0 s
                        Degrees of freedom       :	27649
                        Number of mesh cells     :	4448
                      
                        Stimulation port         :	1
                        Mode number              :	1
                        Accuracy                 :	1.42588e-08
                        Iterations               :	1
                        Solver time              :	0 s
                      
                      
                      ------------------------------------------------------------------------------
13/May/2026 18:04:34    Delta calculation        
13/May/2026 18:04:34    All S-Parameters         :	0.0918978

                      ------------------------------------------------------------------------------
13/May/2026 18:04:35    ----------------------------------------------------------------------------
                        Port   Mode   Type        Z-Wave        Z-Wave-Sigma  Z-Line        F-Cutoff
                        1      1      QTEM        210           15.8          49.8          ---
                        ----------------------------------------------------------------------------
                      
                      
                      ------------------------------------------------------------------------------
13/May/2026 18:04:35  Adaptive mesh refinement pass 4
                      
                      ------------------------------------------------------------------------------
13/May/2026 18:04:35    Matrix setup time        :	0 s
                        Degrees of freedom       :	39459
                        Number of mesh cells     :	6393
                      
                        Stimulation port         :	1
                        Mode number              :	1
                        Accuracy                 :	2.48626e-08
                        Iterations               :	1
                        Solver time              :	0 s
                      
                      
                      ------------------------------------------------------------------------------
13/May/2026 18:04:35    Delta calculation        
13/May/2026 18:04:35    All S-Parameters         :	0.0318484

                      ------------------------------------------------------------------------------
13/May/2026 18:04:36    ----------------------------------------------------------------------------
                        Port   Mode   Type        Z-Wave        Z-Wave-Sigma  Z-Line        F-Cutoff
                        1      1      QTEM        210           15.8          49.8          ---
                        ----------------------------------------------------------------------------
                      
                      
                      ------------------------------------------------------------------------------
13/May/2026 18:04:36  Adaptive mesh refinement pass 5
                      
                      ------------------------------------------------------------------------------
13/May/2026 18:04:36    Matrix setup time        :	0 s
                        Degrees of freedom       :	59145
                        Number of mesh cells     :	9624
                      
                        Stimulation port         :	1
                        Mode number              :	1
                        Accuracy                 :	8.64992e-08
                        Iterations               :	1
                        Solver time              :	0 s
                      
                      
                      ------------------------------------------------------------------------------
13/May/2026 18:04:37    Delta calculation        
13/May/2026 18:04:37    All S-Parameters         :	0.0640233

                      ------------------------------------------------------------------------------
13/May/2026 18:04:37    ----------------------------------------------------------------------------
                        Port   Mode   Type        Z-Wave        Z-Wave-Sigma  Z-Line        F-Cutoff
                        1      1      QTEM        210           15.8          49.8          ---
                        ----------------------------------------------------------------------------
                      
                      
                      ------------------------------------------------------------------------------
13/May/2026 18:04:37  Adaptive mesh refinement pass 6
                      
                      ------------------------------------------------------------------------------
13/May/2026 18:04:38    Matrix setup time        :	1 s
                        Degrees of freedom       :	88181
                        Number of mesh cells     :	14344
                      
                        Stimulation port         :	1
                        Mode number              :	1
                        Accuracy                 :	9.24477e-08
                        Iterations               :	1
                        Solver time              :	0 s
                      
                      
                      ------------------------------------------------------------------------------
13/May/2026 18:04:39    Delta calculation        
13/May/2026 18:04:39    All S-Parameters         :	0.0241419

                      ------------------------------------------------------------------------------
13/May/2026 18:04:39    ----------------------------------------------------------------------------
                        Port   Mode   Type        Z-Wave        Z-Wave-Sigma  Z-Line        F-Cutoff
                        1      1      QTEM        210           15.8          49.8          ---
                        ----------------------------------------------------------------------------
                      
                      
                      ------------------------------------------------------------------------------
13/May/2026 18:04:40  Adaptive mesh refinement pass 7
                      
                      ------------------------------------------------------------------------------
13/May/2026 18:04:41    Matrix setup time        :	0 s
                        Solver setup             :	1 s
                        Degrees of freedom       :	125417
                        Number of mesh cells     :	20456
                      
                        Stimulation port         :	1
                        Mode number              :	1
                        Accuracy                 :	1.40981e-07
                        Iterations               :	1
                        Solver time              :	0 s
                      
                      
                      ------------------------------------------------------------------------------
13/May/2026 18:04:41    Delta calculation        
13/May/2026 18:04:41    All S-Parameters         :	0.0237276

                      ------------------------------------------------------------------------------
13/May/2026 18:04:42    ----------------------------------------------------------------------------
                        Port   Mode   Type        Z-Wave        Z-Wave-Sigma  Z-Line        F-Cutoff
                        1      1      QTEM        210           15.8          49.8          ---
                        ----------------------------------------------------------------------------
                      
                      
                      ------------------------------------------------------------------------------
13/May/2026 18:04:42  Adaptive mesh refinement pass 8
                      
                      ------------------------------------------------------------------------------
13/May/2026 18:04:44    Matrix setup time        :	1 s
                        Solver setup             :	1 s
                        Degrees of freedom       :	170371
                        Number of mesh cells     :	27897
                      
                        Stimulation port         :	1
                        Mode number              :	1
                        Accuracy                 :	2.82413e-07
                        Iterations               :	1
                        Solver time              :	0 s
                      
                      
                      ------------------------------------------------------------------------------
13/May/2026 18:04:45    Delta calculation        
13/May/2026 18:04:45    All S-Parameters         :	0.0114504

                      ------------------------------------------------------------------------------
13/May/2026 18:04:45  Mesh adaptation terminated because the desired accuracy limit is reached.
                      
                      ------------------------------------------------------------------------------
13/May/2026 18:04:45    Total time               :	17 s
                      
                      ------------------------------------------------------------------------------

                      ------------------------------------------------------------------------------
13/May/2026 18:04:45    Calculation 2 (Frequency: 1 GHz)
                      
                      
                      ------------------------------------------------------------------------------
13/May/2026 18:04:45    ----------------------------------------------------------------------------
                        Port   Mode   Type        Z-Wave        Z-Wave-Sigma  Z-Line        F-Cutoff
                        1      1      QTEM        217           14            49.9          ---
                        ----------------------------------------------------------------------------
                      
                      
                      ------------------------------------------------------------------------------
13/May/2026 18:04:46    Matrix setup time        :	0 s
                        Solver setup             :	1 s
                        Degrees of freedom       :	170371
                        Number of mesh cells     :	27897
                      
                        Stimulation port         :	1
                        Mode number              :	1
                        Accuracy                 :	1.68331e-08
                        Iterations               :	1
                        Solver time              :	0 s
                      
                      
                      ------------------------------------------------------------------------------
13/May/2026 18:04:46    Total time               :	1 s
                      
                      ------------------------------------------------------------------------------

                      ------------------------------------------------------------------------------
13/May/2026 18:04:46    Calculation 3 (Frequency: 4 GHz)
                      
                      
                      ------------------------------------------------------------------------------
13/May/2026 18:04:46    ----------------------------------------------------------------------------
                        Port   Mode   Type        Z-Wave        Z-Wave-Sigma  Z-Line        F-Cutoff
                        1      1      QTEM        215           13.6          49.5          ---
                        ----------------------------------------------------------------------------
                      
                      
                      ------------------------------------------------------------------------------
13/May/2026 18:04:47    Matrix setup time        :	0 s
                        Solver setup             :	1 s
                        Degrees of freedom       :	170371
                        Number of mesh cells     :	27897
                      
                        Stimulation port         :	1
                        Mode number              :	1
                        Accuracy                 :	3.60238e-07
                        Iterations               :	1
                        Solver time              :	0 s
                      
                      
                      ------------------------------------------------------------------------------
13/May/2026 18:04:47    Total time               :	1 s
                      
                      ------------------------------------------------------------------------------

                      ------------------------------------------------------------------------------
13/May/2026 18:04:47    Calculation 4 (Frequency: 3 GHz)
                      
                      
                      ------------------------------------------------------------------------------
13/May/2026 18:04:47    ----------------------------------------------------------------------------
                        Port   Mode   Type        Z-Wave        Z-Wave-Sigma  Z-Line        F-Cutoff
                        1      1      QTEM        216           14            49.7          ---
                        ----------------------------------------------------------------------------
                      
                      
                      ------------------------------------------------------------------------------
13/May/2026 18:04:48    Matrix setup time        :	0 s
                        Solver setup             :	1 s
                        Degrees of freedom       :	170371
                        Number of mesh cells     :	27897
                      
                        Stimulation port         :	1
                        Mode number              :	1
                        Accuracy                 :	1.22643e-07
                        Iterations               :	1
                        Solver time              :	0 s
                      
                      
                      ------------------------------------------------------------------------------
13/May/2026 18:04:48    Total time               :	1 s
                      
                      ------------------------------------------------------------------------------

                      ------------------------------------------------------------------------------
13/May/2026 18:04:48    Calculation 5 (Frequency: 2 GHz)
                      
                      
                      ------------------------------------------------------------------------------
13/May/2026 18:04:48    ----------------------------------------------------------------------------
                        Port   Mode   Type        Z-Wave        Z-Wave-Sigma  Z-Line        F-Cutoff
                        1      1      QTEM        217           13.7          49.8          ---
                        ----------------------------------------------------------------------------
                      
                      
                      ------------------------------------------------------------------------------
13/May/2026 18:04:49    Matrix setup time        :	0 s
                        Solver setup             :	1 s
                        Degrees of freedom       :	170371
                        Number of mesh cells     :	27897
                      
                        Stimulation port         :	1
                        Mode number              :	1
                        Accuracy                 :	9.60072e-08
                        Iterations               :	1
                        Solver time              :	0 s
                      
                      
                      ------------------------------------------------------------------------------
13/May/2026 18:04:49    Total time               :	1 s
                      
                      ------------------------------------------------------------------------------

                      ------------------------------------------------------------------------------
13/May/2026 18:04:49    Calculation 6 (Frequency: 3.2482 GHz)
                      
                      
                      ------------------------------------------------------------------------------
13/May/2026 18:04:49    ----------------------------------------------------------------------------
                        Port   Mode   Type        Z-Wave        Z-Wave-Sigma  Z-Line        F-Cutoff
                        1      1      QTEM        216           14.1          49.6          ---
                        ----------------------------------------------------------------------------
                      
                      
                      ------------------------------------------------------------------------------
13/May/2026 18:04:50    Matrix setup time        :	0 s
                        Solver setup             :	1 s
                        Degrees of freedom       :	170371
                        Number of mesh cells     :	27897
                      
                        Stimulation port         :	1
                        Mode number              :	1
                        Accuracy                 :	9.80638e-08
                        Iterations               :	1
                        Solver time              :	0 s
                      
                      
                      ------------------------------------------------------------------------------
13/May/2026 18:04:50    Total time               :	1 s
                      
                      ------------------------------------------------------------------------------

                      ------------------------------------------------------------------------------
13/May/2026 18:04:50    Calculation 7 (Frequency: 5.6548 GHz)
                      
                      
                      ------------------------------------------------------------------------------
13/May/2026 18:04:50    ----------------------------------------------------------------------------
                        Port   Mode   Type        Z-Wave        Z-Wave-Sigma  Z-Line        F-Cutoff
                        1      1      QTEM        214           14.3          49.5          ---
                        ----------------------------------------------------------------------------
                      
                      
                      ------------------------------------------------------------------------------
13/May/2026 18:04:51    Matrix setup time        :	0 s
                        Degrees of freedom       :	170371
                        Number of mesh cells     :	27897
                      
                        Stimulation port         :	1
                        Mode number              :	1
                        Accuracy                 :	5.37032e-07
                        Iterations               :	1
                        Solver time              :	1 s
                      
                      
                      ------------------------------------------------------------------------------
13/May/2026 18:04:51    Total time               :	1 s
                      
                      ------------------------------------------------------------------------------

                      ------------------------------------------------------------------------------
13/May/2026 18:04:51    Calculation 8 (Frequency: 1.4392 GHz)
                      
                      
                      ------------------------------------------------------------------------------
13/May/2026 18:04:51    ----------------------------------------------------------------------------
                        Port   Mode   Type        Z-Wave        Z-Wave-Sigma  Z-Line        F-Cutoff
                        1      1      QTEM        217           14.1          49.9          ---
                        ----------------------------------------------------------------------------
                      
                      
                      ------------------------------------------------------------------------------
13/May/2026 18:04:51    Matrix setup time        :	0 s
                        Degrees of freedom       :	170371
                        Number of mesh cells     :	27897
                      
                        Stimulation port         :	1
                        Mode number              :	1
                        Accuracy                 :	4.13308e-08
                        Iterations               :	1
                        Solver time              :	0 s
                      
                      
                      ------------------------------------------------------------------------------
13/May/2026 18:04:52    Generating results       :	1 s
                      
                        Total time               :	1 s
                      
                      ------------------------------------------------------------------------------

                      ------------------------------------------------------------------------------
13/May/2026 18:04:52    Calculation 9 (Frequency: 5.2156 GHz)
                      
                      
                      ------------------------------------------------------------------------------
13/May/2026 18:04:52    ----------------------------------------------------------------------------
                        Port   Mode   Type        Z-Wave        Z-Wave-Sigma  Z-Line        F-Cutoff
                        1      1      QTEM        214           14.1          49.5          ---
                        ----------------------------------------------------------------------------
                      
                      
                      ------------------------------------------------------------------------------
13/May/2026 18:04:52    Matrix setup time        :	0 s
                        Degrees of freedom       :	170371
                        Number of mesh cells     :	27897
                      
                        Stimulation port         :	1
                        Mode number              :	1
                        Accuracy                 :	4.83264e-07
                        Iterations               :	1
                        Solver time              :	0 s
                      
                      
                      ------------------------------------------------------------------------------
13/May/2026 18:04:52    Total time               :	0 s
                      
                      ------------------------------------------------------------------------------

                      ------------------------------------------------------------------------------
13/May/2026 18:04:52    Calculation 10 (Frequency: 7.1524 GHz)
                      
                      
                      ------------------------------------------------------------------------------
13/May/2026 18:04:53    ----------------------------------------------------------------------------
                        Port   Mode   Type        Z-Wave        Z-Wave-Sigma  Z-Line        F-Cutoff
                        1      1      QTEM        212           14.9          49.5          ---
                        ----------------------------------------------------------------------------
                      
                      
                      ------------------------------------------------------------------------------
13/May/2026 18:04:53    Matrix setup time        :	0 s
                        Degrees of freedom       :	170371
                        Number of mesh cells     :	27897
                      
                        Stimulation port         :	1
                        Mode number              :	1
                        Accuracy                 :	2.14236e-07
                        Iterations               :	1
                        Solver time              :	0 s
                      
                      
                      ------------------------------------------------------------------------------
13/May/2026 18:04:53    Total time               :	1 s
                      
                      ------------------------------------------------------------------------------

                      ------------------------------------------------------------------------------
13/May/2026 18:04:53    Calculation 11 (Frequency: 4.726 GHz)
                      
                      
                      ------------------------------------------------------------------------------
13/May/2026 18:04:54    ----------------------------------------------------------------------------
                        Port   Mode   Type        Z-Wave        Z-Wave-Sigma  Z-Line        F-Cutoff
                        1      1      QTEM        215           13.9          49.5          ---
                        ----------------------------------------------------------------------------
                      
                      
                      ------------------------------------------------------------------------------
13/May/2026 18:04:54    Matrix setup time        :	0 s
                        Degrees of freedom       :	170371
                        Number of mesh cells     :	27897
                      
                        Stimulation port         :	1
                        Mode number              :	1
                        Accuracy                 :	2.84376e-07
                        Iterations               :	1
                        Solver time              :	0 s
                      
                      
                      ------------------------------------------------------------------------------
13/May/2026 18:04:54    Total time               :	1 s
                      
                      ------------------------------------------------------------------------------

                      ------------------------------------------------------------------------------
13/May/2026 18:04:54    Calculation 12 (Frequency: 6.355 GHz)
                      
                      
                      ------------------------------------------------------------------------------
13/May/2026 18:04:54    ----------------------------------------------------------------------------
                        Port   Mode   Type        Z-Wave        Z-Wave-Sigma  Z-Line        F-Cutoff
                        1      1      QTEM        213           14.6          49.5          ---
                        ----------------------------------------------------------------------------
                      
                      
                      ------------------------------------------------------------------------------
13/May/2026 18:04:55    Matrix setup time        :	1 s
                        Degrees of freedom       :	170371
                        Number of mesh cells     :	27897
                      
                        Stimulation port         :	1
                        Mode number              :	1
                        Accuracy                 :	1.18303e-06
                        Iterations               :	1
                        Solver time              :	0 s
                      
                      
                      ------------------------------------------------------------------------------
13/May/2026 18:04:55    Total time               :	1 s
                      
                      ------------------------------------------------------------------------------

                      ------------------------------------------------------------------------------
13/May/2026 18:04:55    Calculation 13 (Frequency: 7.9858 GHz)
                      
                      
                      ------------------------------------------------------------------------------
13/May/2026 18:04:55    ----------------------------------------------------------------------------
                        Port   Mode   Type        Z-Wave        Z-Wave-Sigma  Z-Line        F-Cutoff
                        1      1      QTEM        212           15.7          49.6          ---
                        ----------------------------------------------------------------------------
                      
                      
                      ------------------------------------------------------------------------------
13/May/2026 18:04:56    Matrix setup time        :	0 s
                        Solver setup             :	1 s
                        Degrees of freedom       :	170371
                        Number of mesh cells     :	27897
                      
                        Stimulation port         :	1
                        Mode number              :	1
                        Accuracy                 :	2.05956e-07
                        Iterations               :	1
                        Solver time              :	0 s
                      
                      
                      ------------------------------------------------------------------------------
13/May/2026 18:04:56    Total time               :	1 s
                      
                      ------------------------------------------------------------------------------

                      ------------------------------------------------------------------------------
13/May/2026 18:04:56    Calculation 14 (Frequency: 6.9328 GHz)
                      
                      
                      ------------------------------------------------------------------------------
13/May/2026 18:04:56    ----------------------------------------------------------------------------
                        Port   Mode   Type        Z-Wave        Z-Wave-Sigma  Z-Line        F-Cutoff
                        1      1      QTEM        213           14.9          49.5          ---
                        ----------------------------------------------------------------------------
                      
                      
                      ------------------------------------------------------------------------------
13/May/2026 18:04:57    Matrix setup time        :	1 s
                        Degrees of freedom       :	170371
                        Number of mesh cells     :	27897
                      
                        Stimulation port         :	1
                        Mode number              :	1
                        Accuracy                 :	2.18307e-07
                        Iterations               :	1
                        Solver time              :	0 s
                      
                      
                      ------------------------------------------------------------------------------
13/May/2026 18:04:57    Total time               :	1 s
                      
                      ------------------------------------------------------------------------------

                      ------------------------------------------------------------------------------
13/May/2026 18:04:57    Calculation 15 (Frequency: 9.2638 GHz)
                      
                      
                      ------------------------------------------------------------------------------
13/May/2026 18:04:57    ----------------------------------------------------------------------------
                        Port   Mode   Type        Z-Wave        Z-Wave-Sigma  Z-Line        F-Cutoff
                        1      1      QTEM        211           16.1          49.7          ---
                        ----------------------------------------------------------------------------
                      
                      
                      ------------------------------------------------------------------------------
13/May/2026 18:04:58    Matrix setup time        :	0 s
                        Solver setup             :	1 s
                        Degrees of freedom       :	170371
                        Number of mesh cells     :	27897
                      
                        Stimulation port         :	1
                        Mode number              :	1
                        Accuracy                 :	3.20381e-07
                        Iterations               :	1
                        Solver time              :	0 s
                      
                      
                      ------------------------------------------------------------------------------
13/May/2026 18:04:58    Total time               :	1 s
                      
                      ------------------------------------------------------------------------------

                      ------------------------------------------------------------------------------
13/May/2026 18:04:58    Calculation 16 (Frequency: 7.7752 GHz)
                      
                      
                      ------------------------------------------------------------------------------
13/May/2026 18:04:58    ----------------------------------------------------------------------------
                        Port   Mode   Type        Z-Wave        Z-Wave-Sigma  Z-Line        F-Cutoff
                        1      1      QTEM        212           15.6          49.6          ---
                        ----------------------------------------------------------------------------
                      
                      
                      ------------------------------------------------------------------------------
13/May/2026 18:04:59    Matrix setup time        :	0 s
                        Solver setup             :	1 s
                        Degrees of freedom       :	170371
                        Number of mesh cells     :	27897
                      
                        Stimulation port         :	1
                        Mode number              :	1
                        Accuracy                 :	2.17481e-07
                        Iterations               :	1
                        Solver time              :	0 s
                      
                      
                      ------------------------------------------------------------------------------
13/May/2026 18:04:59    Total time               :	1 s
                      
                      ------------------------------------------------------------------------------

                      ------------------------------------------------------------------------------
13/May/2026 18:04:59  Finished the general purpose interpolative broadband frequency sweep:
                      All broadband sweep convergence criteria have been satisfied after
                      calculating 16 frequency samples:
                      
                        Broadband sweep error threshold value : 
                                                                0.01 (All S-Parameters) 
                        Number of error criterion checks      : 
                                                                2 (All S-Parameters) 
                        Minimum number of samples             : 3
                      
                      
                      ------------------------------------------------------------------------------
13/May/2026 18:04:59    Total Solver Time        :	32 s
                      ================================================================================
                      
                      
                      
                      ------------------------------------------------------------------------------
13/May/2026 18:04:59  Calculating remaining monitors.
                      
                      ------------------------------------------------------------------------------
13/May/2026 18:04:59    ----------------------------------------------------------------------------
                                            Peak memory used (kB)         Free physical memory (kB) 
                                                                          At begin     Minimum      
                        ----------------------------------------------------------------------------
                        Solver start        33084                         13195776     13195456     
                        Eq. system setup    922100                        13312504     13308524     
                        Eq. system solve    934592                        13308516     13307032     
                        Mesh refinement     561940                        13312092     13310204     
                        Solver run total    934592                        13195780     13195780     
                      
                        Computer name       Yew_ThinkPad
                        ----------------------------------------------------------------------------
                      
                      
                      ------------------------------------------------------------------------------
13/May/2026 18:04:59  Running postprocessing.
                      
                      ------------------------------------------------------------------------------
13/May/2026 18:05:00  Postprocessing finished.
                      
                      ------------------------------------------------------------------------------
13/May/2026 18:05:00  Creating parametric 1D results for Run ID 1
                      
                      ------------------------------------------------------------------------------
