13/May/2026 17:23:25  Starting mesher in move modus.
                      
                      ------------------------------------------------------------------------------
13/May/2026 17:23:26  *** Warning ***
                      
13/May/2026 17:23:26  `tbbmalloc_proxy` cannot replace memory allocation routines (status:-1):
                      Success: free (ucrtbase.dll), byte pattern: <C7442410000000008B4424>
                      Fail: _msize (ucrtbase.dll), byte pattern: <E9ABFFFFFFCCCCCCCCCCCC>
                      The solver will continue with a reduced performance.
                      
                      ------------------------------------------------------------------------------
13/May/2026 17:23:26  Units settings: 
                      
                        Dimensions: mm
                        Frequency:  GHz
                        Time:       ns
                      
                      ------------------------------------------------------------------------------
13/May/2026 17:23:26  Boundary conditions: 
                      
                        YZsymmetry: none
                        XZsymmetry: none
                        XYsymmetry: none
                      
                        Xmin: open
                        Xmax: open
                      
                        Ymin: open
                        Ymax: open
                      
                        Zmin: open
                        Zmax: open
                      
                      ------------------------------------------------------------------------------
13/May/2026 17:23:26  Order settings: 
                      
                        Solver order   : 2nd (constant)
                        Curved elements: up to order 3 (automatic)
                      
                      ------------------------------------------------------------------------------
13/May/2026 17:23:26  The mesh adaptation has been deactivated for subsequent parameter combinations.
                      
                      ------------------------------------------------------------------------------
13/May/2026 17:23:26    Mesh time                :	1 s
                      
                      
                      ------------------------------------------------------------------------------
13/May/2026 17:23:27  
                      ================================================================================
                      Frequency Domain Solver calculation cycle started
                      
                      ------------------------------------------------------------------------------
13/May/2026 17:23:27  Solver started at: 05:23 PM Wednesday, 13. May 2026 (中国标准时间)
                      
                        Module:  Frequency Domain: S-Parameter (Win 64)
                        Version: 2022.5 Release from 2022-06-03 (change 981760)
                      
                      ------------------------------------------------------------------------------
13/May/2026 17:23:27    Calculation 1 (Frequency: 4 GHz)
                      
                      
                      ------------------------------------------------------------------------------
13/May/2026 17:23:27  Using electric shielding for ports 1, 2.
                      
                      ------------------------------------------------------------------------------
13/May/2026 17:23:27    ----------------------------------------------------------------------------
                        Port   Mode   Type        Z-Wave        Z-Wave-Sigma  Z-Line        F-Cutoff
                        1      1      QTEM        217           12.9          49.5          ---
                        2      1      QTEM        215           16.5          49.5          ---
                        ----------------------------------------------------------------------------
                      
                      
                      ------------------------------------------------------------------------------
13/May/2026 17:23:27  Performing block excitation with block size 2 and 14 threads.  More...
                      
                      ------------------------------------------------------------------------------
13/May/2026 17:23:27    Matrix setup time        :	0 s
                        Degrees of freedom       :	18430
                        Number of mesh cells     :	3062
                      
                        Stimulation port         :	1
                        Mode number              :	1
                        Accuracy                 :	1.54923e-09
                        Iterations               :	1
                        Solver time              :	0 s
                      
                      
                      ------------------------------------------------------------------------------
13/May/2026 17:23:27    Stimulation port         :	2
                        Mode number              :	1
                        Accuracy                 :	1.35691e-09
                        Iterations               :	1
                        Solver time              :	0 s
                      
                      
                      ------------------------------------------------------------------------------
13/May/2026 17:23:28    Generating results       :	1 s
                      
                        Total time               :	1 s
                      
                      ------------------------------------------------------------------------------

                      ------------------------------------------------------------------------------
13/May/2026 17:23:28    Calculation 2 (Frequency: 2 GHz)
                      
                      
                      ------------------------------------------------------------------------------
13/May/2026 17:23:28    ----------------------------------------------------------------------------
                        Port   Mode   Type        Z-Wave        Z-Wave-Sigma  Z-Line        F-Cutoff
                        1      1      QTEM        218           12.2          49.8          ---
                        2      1      QTEM        217           16.2          49.8          ---
                        ----------------------------------------------------------------------------
                      
                      
                      ------------------------------------------------------------------------------
13/May/2026 17:23:28    Matrix setup time        :	0 s
                        Degrees of freedom       :	18430
                        Number of mesh cells     :	3062
                      
                        Stimulation port         :	1
                        Mode number              :	1
                        Accuracy                 :	1.95226e-09
                        Iterations               :	1
                        Solver time              :	0 s
                      
                      
                      ------------------------------------------------------------------------------
13/May/2026 17:23:28    Stimulation port         :	2
                        Mode number              :	1
                        Accuracy                 :	1.36932e-09
                        Iterations               :	1
                        Solver time              :	0 s
                      
                      
                      ------------------------------------------------------------------------------
13/May/2026 17:23:29    Generating results       :	1 s
                      
                        Total time               :	1 s
                      
                      ------------------------------------------------------------------------------

                      ------------------------------------------------------------------------------
13/May/2026 17:23:29    Calculation 3 (Frequency: 3 GHz)
                      
                      
                      ------------------------------------------------------------------------------
13/May/2026 17:23:29    ----------------------------------------------------------------------------
                        Port   Mode   Type        Z-Wave        Z-Wave-Sigma  Z-Line        F-Cutoff
                        1      1      QTEM        218           12.6          49.6          ---
                        2      1      QTEM        216           16.5          49.7          ---
                        ----------------------------------------------------------------------------
                      
                      
                      ------------------------------------------------------------------------------
13/May/2026 17:23:29    Matrix setup time        :	0 s
                        Degrees of freedom       :	18430
                        Number of mesh cells     :	3062
                      
                        Stimulation port         :	1
                        Mode number              :	1
                        Accuracy                 :	9.21788e-10
                        Iterations               :	1
                        Solver time              :	0 s
                      
                      
                      ------------------------------------------------------------------------------
13/May/2026 17:23:29    Stimulation port         :	2
                        Mode number              :	1
                        Accuracy                 :	1.06975e-09
                        Iterations               :	1
                        Solver time              :	0 s
                      
                      
                      ------------------------------------------------------------------------------
13/May/2026 17:23:29    Total time               :	0 s
                      
                      ------------------------------------------------------------------------------

                      ------------------------------------------------------------------------------
13/May/2026 17:23:29    Calculation 4 (Frequency: 3.5 GHz)
                      
                      
                      ------------------------------------------------------------------------------
13/May/2026 17:23:30    ----------------------------------------------------------------------------
                        Port   Mode   Type        Z-Wave        Z-Wave-Sigma  Z-Line        F-Cutoff
                        1      1      QTEM        217           12.7          49.6          ---
                        2      1      QTEM        216           16.3          49.6          ---
                        ----------------------------------------------------------------------------
                      
                      
                      ------------------------------------------------------------------------------
13/May/2026 17:23:30    Matrix setup time        :	0 s
                        Degrees of freedom       :	18430
                        Number of mesh cells     :	3062
                      
                        Stimulation port         :	1
                        Mode number              :	1
                        Accuracy                 :	1.53895e-09
                        Iterations               :	1
                        Solver time              :	0 s
                      
                      
                      ------------------------------------------------------------------------------
13/May/2026 17:23:30    Stimulation port         :	2
                        Mode number              :	1
                        Accuracy                 :	1.46939e-09
                        Iterations               :	1
                        Solver time              :	0 s
                      
                      
                      ------------------------------------------------------------------------------
13/May/2026 17:23:30    Total time               :	1 s
                      
                      ------------------------------------------------------------------------------

                      ------------------------------------------------------------------------------
13/May/2026 17:23:30    Calculation 5 (Frequency: 2.4556 GHz)
                      
                      
                      ------------------------------------------------------------------------------
13/May/2026 17:23:31    ----------------------------------------------------------------------------
                        Port   Mode   Type        Z-Wave        Z-Wave-Sigma  Z-Line        F-Cutoff
                        1      1      QTEM        218           12.4          49.7          ---
                        2      1      QTEM        217           16.3          49.7          ---
                        ----------------------------------------------------------------------------
                      
                      
                      ------------------------------------------------------------------------------
13/May/2026 17:23:31    Matrix setup time        :	0 s
                        Degrees of freedom       :	18430
                        Number of mesh cells     :	3062
                      
                        Stimulation port         :	1
                        Mode number              :	1
                        Accuracy                 :	6.4755e-10
                        Iterations               :	1
                        Solver time              :	0 s
                      
                      
                      ------------------------------------------------------------------------------
13/May/2026 17:23:31    Stimulation port         :	2
                        Mode number              :	1
                        Accuracy                 :	1.01233e-09
                        Iterations               :	1
                        Solver time              :	0 s
                      
                      
                      ------------------------------------------------------------------------------
13/May/2026 17:23:31    Total time               :	1 s
                      
                      ------------------------------------------------------------------------------

                      ------------------------------------------------------------------------------
13/May/2026 17:23:31    Calculation 6 (Frequency: 3.7816 GHz)
                      
                      
                      ------------------------------------------------------------------------------
13/May/2026 17:23:31    ----------------------------------------------------------------------------
                        Port   Mode   Type        Z-Wave        Z-Wave-Sigma  Z-Line        F-Cutoff
                        1      1      QTEM        217           12.8          49.6          ---
                        2      1      QTEM        215           16.4          49.6          ---
                        ----------------------------------------------------------------------------
                      
                      
                      ------------------------------------------------------------------------------
13/May/2026 17:23:31    Matrix setup time        :	0 s
                        Degrees of freedom       :	18430
                        Number of mesh cells     :	3062
                      
                        Stimulation port         :	1
                        Mode number              :	1
                        Accuracy                 :	1.93507e-09
                        Iterations               :	1
                        Solver time              :	0 s
                      
                      
                      ------------------------------------------------------------------------------
13/May/2026 17:23:31    Stimulation port         :	2
                        Mode number              :	1
                        Accuracy                 :	1.63715e-09
                        Iterations               :	1
                        Solver time              :	0 s
                      
                      
                      ------------------------------------------------------------------------------
13/May/2026 17:23:31    Total time               :	0 s
                      
                      ------------------------------------------------------------------------------

                      ------------------------------------------------------------------------------
13/May/2026 17:23:31  Finished the general purpose interpolative broadband frequency sweep:
                      All broadband sweep convergence criteria have been satisfied after
                      calculating 6 frequency samples:
                      
                        Broadband sweep error threshold value : 
                                                                0.01 (All S-Parameters) 
                        Number of error criterion checks      : 
                                                                2 (All S-Parameters) 
                        Minimum number of samples             : 3
                      
                      
                      ------------------------------------------------------------------------------
13/May/2026 17:23:31    Total Solver Time        :	5 s
                      ================================================================================
                      
                      
                      
                      ------------------------------------------------------------------------------
13/May/2026 17:23:31  Calculating remaining monitors.
                      
                      ------------------------------------------------------------------------------
13/May/2026 17:23:32    ----------------------------------------------------------------------------
                                            Peak memory used (kB)         Free physical memory (kB) 
                                                                          At begin     Minimum      
                        ----------------------------------------------------------------------------
                        Solver start        33524                         12399720     12399364     
                        Eq. system setup    225048                        12363812     12215740     
                        Eq. system solve    242568                        12346684     12210200     
                        Solver run total    242568                        12399724     12260636     
                      
                        Computer name       Yew_ThinkPad
                        ----------------------------------------------------------------------------
                      
                      
                      ------------------------------------------------------------------------------
13/May/2026 17:23:32  Running postprocessing.
                      
                      ------------------------------------------------------------------------------
13/May/2026 17:23:33  Postprocessing finished.
                      
                      ------------------------------------------------------------------------------
13/May/2026 17:23:33  Creating parametric 1D results for Run ID 16
                      
                      ------------------------------------------------------------------------------
