Unknown:
C:\Users\Mynam\Desktop\RF_Lab4&5_with_filter\Result\hardware_resources.sconf
C:\Users\Mynam\Desktop\RF_Lab4&5_with_filter\Result\Model.log
C:\Users\Mynam\Desktop\RF_Lab4&5_with_filter\Result\Model.sa
C:\Users\Mynam\Desktop\RF_Lab4&5_with_filter\Result\Port1_e1(#0000).sct
C:\Users\Mynam\Desktop\RF_Lab4&5_with_filter\Result\Port1_e1(#0001).sct
C:\Users\Mynam\Desktop\RF_Lab4&5_with_filter\Result\Port1_e1(#0002).sct
C:\Users\Mynam\Desktop\RF_Lab4&5_with_filter\Result\Port1_e1(#0003).sct
C:\Users\Mynam\Desktop\RF_Lab4&5_with_filter\Result\Port1_e1(#0004).sct
C:\Users\Mynam\Desktop\RF_Lab4&5_with_filter\Result\Port1_e1(#0005).sct
C:\Users\Mynam\Desktop\RF_Lab4&5_with_filter\Result\Port1_e1(#0006).sct
C:\Users\Mynam\Desktop\RF_Lab4&5_with_filter\Result\Port1_e1(#0007).sct
C:\Users\Mynam\Desktop\RF_Lab4&5_with_filter\Result\Port1_eInfo1(#0000).pmf
C:\Users\Mynam\Desktop\RF_Lab4&5_with_filter\Result\Port1_eInfo1(#0001).pmf
C:\Users\Mynam\Desktop\RF_Lab4&5_with_filter\Result\Port1_eInfo1(#0002).pmf
C:\Users\Mynam\Desktop\RF_Lab4&5_with_filter\Result\Port1_eInfo1(#0003).pmf
C:\Users\Mynam\Desktop\RF_Lab4&5_with_filter\Result\Port1_eInfo1(#0004).pmf
C:\Users\Mynam\Desktop\RF_Lab4&5_with_filter\Result\Port1_eInfo1(#0005).pmf
C:\Users\Mynam\Desktop\RF_Lab4&5_with_filter\Result\Port1_eInfo1(#0006).pmf
C:\Users\Mynam\Desktop\RF_Lab4&5_with_filter\Result\Port1_eInfo1(#0007).pmf
C:\Users\Mynam\Desktop\RF_Lab4&5_with_filter\Result\Port1_h1(#0000).sct
C:\Users\Mynam\Desktop\RF_Lab4&5_with_filter\Result\Port1_h1(#0001).sct
C:\Users\Mynam\Desktop\RF_Lab4&5_with_filter\Result\Port1_h1(#0002).sct
C:\Users\Mynam\Desktop\RF_Lab4&5_with_filter\Result\Port1_h1(#0003).sct
C:\Users\Mynam\Desktop\RF_Lab4&5_with_filter\Result\Port1_h1(#0004).sct
C:\Users\Mynam\Desktop\RF_Lab4&5_with_filter\Result\Port1_h1(#0005).sct
C:\Users\Mynam\Desktop\RF_Lab4&5_with_filter\Result\Port1_h1(#0006).sct
C:\Users\Mynam\Desktop\RF_Lab4&5_with_filter\Result\Port1_h1(#0007).sct
C:\Users\Mynam\Desktop\RF_Lab4&5_with_filter\Result\Port1_hInfo1(#0000).pmf
C:\Users\Mynam\Desktop\RF_Lab4&5_with_filter\Result\Port1_hInfo1(#0001).pmf
C:\Users\Mynam\Desktop\RF_Lab4&5_with_filter\Result\Port1_hInfo1(#0002).pmf
C:\Users\Mynam\Desktop\RF_Lab4&5_with_filter\Result\Port1_hInfo1(#0003).pmf
C:\Users\Mynam\Desktop\RF_Lab4&5_with_filter\Result\Port1_hInfo1(#0004).pmf
C:\Users\Mynam\Desktop\RF_Lab4&5_with_filter\Result\Port1_hInfo1(#0005).pmf
C:\Users\Mynam\Desktop\RF_Lab4&5_with_filter\Result\Port1_hInfo1(#0006).pmf
C:\Users\Mynam\Desktop\RF_Lab4&5_with_filter\Result\Port1_hInfo1(#0007).pmf
C:\Users\Mynam\Desktop\RF_Lab4&5_with_filter\Result\SolCoef(#0000)_1(1).scf
C:\Users\Mynam\Desktop\RF_Lab4&5_with_filter\Result\SolCoef(#0001)_1(1).scf
C:\Users\Mynam\Desktop\RF_Lab4&5_with_filter\Result\SolCoef(#0002)_1(1).scf
C:\Users\Mynam\Desktop\RF_Lab4&5_with_filter\Result\SolCoef(#0003)_1(1).scf
C:\Users\Mynam\Desktop\RF_Lab4&5_with_filter\Result\SolCoef(#0004)_1(1).scf
C:\Users\Mynam\Desktop\RF_Lab4&5_with_filter\Result\SolCoef(#0005)_1(1).scf
C:\Users\Mynam\Desktop\RF_Lab4&5_with_filter\Result\SolCoef(#0006)_1(1).scf
C:\Users\Mynam\Desktop\RF_Lab4&5_with_filter\Result\SolCoef(#0007)_1(1).scf
Mesh:
C:\Users\Mynam\Desktop\RF_Lab4&5_with_filter\Result\3do.slim
C:\Users\Mynam\Desktop\RF_Lab4&5_with_filter\Result\log.tet
C:\Users\Mynam\Desktop\RF_Lab4&5_with_filter\Result\Mesh_Input.Entities2Mesh.tet
C:\Users\Mynam\Desktop\RF_Lab4&5_with_filter\Result\Mesh_Input.Options.tet
C:\Users\Mynam\Desktop\RF_Lab4&5_with_filter\Result\Mesh_Input.QuasiModel.tet
C:\Users\Mynam\Desktop\RF_Lab4&5_with_filter\Result\Mesh_Output.QuasiModel.tet
C:\Users\Mynam\Desktop\RF_Lab4&5_with_filter\Result\Mesh_Output.U2F.tet
C:\Users\Mynam\Desktop\RF_Lab4&5_with_filter\Result\mir.tet
C:\Users\Mynam\Desktop\RF_Lab4&5_with_filter\Result\moegeom.tet
C:\Users\Mynam\Desktop\RF_Lab4&5_with_filter\Result\Port1.slim
C:\Users\Mynam\Desktop\RF_Lab4&5_with_filter\Result\Port2.slim
C:\Users\Mynam\Desktop\RF_Lab4&5_with_filter\Result\refinementparents.tet
C:\Users\Mynam\Desktop\RF_Lab4&5_with_filter\Result\reftags.tet
C:\Users\Mynam\Desktop\RF_Lab4&5_with_filter\Result\tetquality.tet
C:\Users\Mynam\Desktop\RF_Lab4&5_with_filter\Result\topot.tet
Port:
C:\Users\Mynam\Desktop\RF_Lab4&5_with_filter\Result\Model.pmi
