Port monitor named: Port2_e1[100].prt

nx        = 62
ny        = 35
nz        = 102

nu        = 21
nv        = 11
iu        = 13
iv        = 13

idir      = 2
dcut      = -7.500000e-003
icut      = 5
type      = 0
frequency = 1.000000e+011

fcutoff   = 5.894644e+010
alpha     = 0.000000e+000
beta      = 1.691977e+003
accuracy  = 5.895176e-010

type          = TE
wave imp.     = 4.666543e+002
wave imp.sig. = 1.251565e-005
line imp.     = 0.000000e+000

ref. port     = 0

0.000000e+000  0.000000e+000  0.000000e+000  0.000000e+000  0.000000e+000  0.000000e+000  0.000000e+000  0.000000e+000  0.000000e+000  0.000000e+000  0.000000e+000  0.000000e+000  0.000000e+000  0.000000e+000  0.000000e+000  0.000000e+000  0.000000e+000  0.000000e+000  0.000000e+000  0.000000e+000  0.000000e+000  
-1.912642e-001  -1.863785e-001  -1.771595e-001  -1.594449e-001  -1.296280e-001  -9.910715e-002  -7.432720e-002  -6.013745e-002  -5.187269e-002  -4.554951e-002  -4.137281e-002  -3.973924e-002  -4.134682e-002  -4.990320e-002  -8.720852e-002  -1.977217e-001  -5.198293e-001  -1.358633e+000  -2.953196e+000  -7.592576e+000  0.000000e+000  
-3.848502e-001  -3.745966e-001  -3.553258e-001  -3.185135e-001  -2.573870e-001  -1.956626e-001  -1.459898e-001  -1.176392e-001  -1.011119e-001  -8.833972e-002  -7.965304e-002  -7.569817e-002  -7.766494e-002  -9.159598e-002  -1.547013e-001  -3.346487e-001  -7.975204e-001  -1.701130e+000  -2.822025e+000  -4.415553e+000  0.000000e+000  
-5.835353e-001  -5.668130e-001  -5.356484e-001  -4.767255e-001  -3.812083e-001  -2.870037e-001  -2.123115e-001  -1.699330e-001  -1.452385e-001  -1.258639e-001  -1.121295e-001  -1.047278e-001  -1.049987e-001  -1.190917e-001  -1.905573e-001  -3.890052e-001  -8.450418e-001  -1.542678e+000  -2.180420e+000  -2.772923e+000  0.000000e+000  
-9.663724e-001  -9.326911e-001  -8.713251e-001  -7.588946e-001  -5.889982e-001  -4.315706e-001  -3.123331e-001  -2.458572e-001  -2.067147e-001  -1.751988e-001  -1.510085e-001  -1.341763e-001  -1.252339e-001  -1.254319e-001  -1.675376e-001  -2.923028e-001  -5.444995e-001  -8.425915e-001  -1.058635e+000  -1.211266e+000  0.000000e+000  
-1.458827e+000  -1.386152e+000  -1.261312e+000  -1.047859e+000  -7.669387e-001  -5.348574e-001  -3.727194e-001  -2.858722e-001  -2.348255e-001  -1.928183e-001  -1.583556e-001  -1.301569e-001  -1.071433e-001  -8.081413e-002  -5.655272e-002  -4.010475e-002  -3.030714e-002  -2.613001e-002  -2.421381e-002  -2.327457e-002  0.000000e+000  
-2.156655e+000  -1.969481e+000  -1.690311e+000  -1.275966e+000  -8.448809e-001  -5.471317e-001  -3.624773e-001  -2.696298e-001  -2.158487e-001  -1.712932e-001  -1.332946e-001  -9.935977e-002  -6.693572e-002  -1.946144e-002  6.616505e-002  2.204200e-001  4.901797e-001  7.957605e-001  1.015239e+000  1.169554e+000  0.000000e+000  
-3.341461e+000  -2.731618e+000  -2.061401e+000  -1.302022e+000  -7.439734e-001  -4.399806e-001  -2.766402e-001  -2.002666e-001  -1.568885e-001  -1.211644e-001  -9.018630e-002  -6.126307e-002  -3.148657e-002  1.625597e-002  1.186405e-001  3.380193e-001  8.065168e-001  1.509464e+000  2.149645e+000  2.743344e+000  0.000000e+000  
-4.789768e+000  -3.185618e+000  -2.044593e+000  -1.102227e+000  -5.736372e-001  -3.239740e-001  -1.989325e-001  -1.423491e-001  -1.106162e-001  -8.453820e-002  -6.181087e-002  -4.030021e-002  -1.768010e-002  1.978030e-002  1.044880e-001  2.990527e-001  7.706247e-001  1.677946e+000  2.800540e+000  4.394907e+000  0.000000e+000  
-7.778075e+000  -3.133832e+000  -1.529664e+000  -6.721694e-001  -3.178716e-001  -1.727045e-001  -1.042356e-001  -7.401470e-002  -5.720570e-002  -4.343044e-002  -3.139210e-002  -1.990541e-002  -7.664926e-003  1.299451e-002  6.140543e-002  1.794310e-001  5.060102e-001  1.346719e+000  2.942160e+000  7.581975e+000  0.000000e+000  
0.000000e+000  0.000000e+000  0.000000e+000  0.000000e+000  0.000000e+000  0.000000e+000  0.000000e+000  0.000000e+000  0.000000e+000  0.000000e+000  0.000000e+000  0.000000e+000  0.000000e+000  0.000000e+000  0.000000e+000  0.000000e+000  0.000000e+000  0.000000e+000  0.000000e+000  0.000000e+000  0.000000e+000  

0.000000e+000  1.959417e+003  3.892597e+003  5.773654e+003  8.984858e+003  1.202245e+004  1.443778e+004  1.600206e+004  1.656414e+004  1.690439e+004  1.701825e+004  1.690419e+004  1.656374e+004  1.600146e+004  1.443680e+004  1.202097e+004  8.982680e+003  5.770298e+003  3.887797e+003  1.951633e+003  0.000000e+000  
0.000000e+000  1.959412e+003  3.892588e+003  5.773642e+003  8.984842e+003  1.202243e+004  1.443777e+004  1.600205e+004  1.656413e+004  1.690438e+004  1.701825e+004  1.690419e+004  1.656375e+004  1.600146e+004  1.443682e+004  1.202102e+004  8.982851e+003  5.770894e+003  3.889392e+003  1.956273e+003  0.000000e+000  
0.000000e+000  1.959402e+003  3.892569e+003  5.773615e+003  8.984810e+003  1.202240e+004  1.443774e+004  1.600203e+004  1.656411e+004  1.690437e+004  1.701824e+004  1.690419e+004  1.656375e+004  1.600147e+004  1.443685e+004  1.202111e+004  8.983096e+003  5.771537e+003  3.890512e+003  1.957866e+003  0.000000e+000  
0.000000e+000  1.959378e+003  3.892525e+003  5.773556e+003  8.984738e+003  1.202233e+004  1.443769e+004  1.600198e+004  1.656408e+004  1.690434e+004  1.701822e+004  1.690418e+004  1.656375e+004  1.600149e+004  1.443690e+004  1.202125e+004  8.983435e+003  5.772234e+003  3.891409e+003  1.958699e+003  0.000000e+000  
0.000000e+000  1.959315e+003  3.892409e+003  5.773406e+003  8.984569e+003  1.202218e+004  1.443757e+004  1.600190e+004  1.656401e+004  1.690428e+004  1.701817e+004  1.690414e+004  1.656373e+004  1.600149e+004  1.443695e+004  1.202137e+004  8.983688e+003  5.772635e+003  3.891817e+003  1.958988e+003  0.000000e+000  
0.000000e+000  1.959172e+003  3.892164e+003  5.773107e+003  8.984277e+003  1.202195e+004  1.443740e+004  1.600177e+004  1.656390e+004  1.690420e+004  1.701810e+004  1.690409e+004  1.656369e+004  1.600145e+004  1.443692e+004  1.202136e+004  8.983678e+003  5.772629e+003  3.891813e+003  1.958986e+003  0.000000e+000  
0.000000e+000  1.958818e+003  3.891636e+003  5.772550e+003  8.983845e+003  1.202166e+004  1.443722e+004  1.600165e+004  1.656380e+004  1.690412e+004  1.701803e+004  1.690402e+004  1.656362e+004  1.600139e+004  1.443683e+004  1.202121e+004  8.983407e+003  5.772219e+003  3.891399e+003  1.958694e+003  0.000000e+000  
0.000000e+000  1.957961e+003  3.890694e+003  5.771791e+003  8.983430e+003  1.202145e+004  1.443710e+004  1.600157e+004  1.656374e+004  1.690407e+004  1.701799e+004  1.690398e+004  1.656358e+004  1.600134e+004  1.443676e+004  1.202105e+004  8.983059e+003  5.771516e+003  3.890499e+003  1.957860e+003  0.000000e+000  
0.000000e+000  1.956357e+003  3.889553e+003  5.771121e+003  8.983150e+003  1.202132e+004  1.443703e+004  1.600153e+004  1.656371e+004  1.690404e+004  1.701797e+004  1.690396e+004  1.656356e+004  1.600131e+004  1.443671e+004  1.202095e+004  8.982809e+003  5.770871e+003  3.889376e+003  1.956265e+003  0.000000e+000  
0.000000e+000  1.951713e+003  3.887949e+003  5.770511e+003  8.982963e+003  1.202125e+004  1.443699e+004  1.600151e+004  1.656369e+004  1.690403e+004  1.701795e+004  1.690395e+004  1.656355e+004  1.600130e+004  1.443669e+004  1.202089e+004  8.982636e+003  5.770273e+003  3.887781e+003  1.951625e+003  0.000000e+000  
0.000000e+000  0.000000e+000  0.000000e+000  0.000000e+000  0.000000e+000  0.000000e+000  0.000000e+000  0.000000e+000  0.000000e+000  0.000000e+000  0.000000e+000  0.000000e+000  0.000000e+000  0.000000e+000  0.000000e+000  0.000000e+000  0.000000e+000  0.000000e+000  0.000000e+000  0.000000e+000  0.000000e+000  

0.000000e+000  0.000000e+000  0.000000e+000  0.000000e+000  0.000000e+000  0.000000e+000  0.000000e+000  0.000000e+000  0.000000e+000  0.000000e+000  0.000000e+000  0.000000e+000  0.000000e+000  0.000000e+000  0.000000e+000  0.000000e+000  0.000000e+000  0.000000e+000  0.000000e+000  0.000000e+000  0.000000e+000  
0.000000e+000  0.000000e+000  0.000000e+000  0.000000e+000  0.000000e+000  0.000000e+000  0.000000e+000  0.000000e+000  0.000000e+000  0.000000e+000  0.000000e+000  0.000000e+000  0.000000e+000  0.000000e+000  0.000000e+000  0.000000e+000  0.000000e+000  0.000000e+000  0.000000e+000  0.000000e+000  0.000000e+000  
0.000000e+000  0.000000e+000  0.000000e+000  0.000000e+000  0.000000e+000  0.000000e+000  0.000000e+000  0.000000e+000  0.000000e+000  0.000000e+000  0.000000e+000  0.000000e+000  0.000000e+000  0.000000e+000  0.000000e+000  0.000000e+000  0.000000e+000  0.000000e+000  0.000000e+000  0.000000e+000  0.000000e+000  
0.000000e+000  0.000000e+000  0.000000e+000  0.000000e+000  0.000000e+000  0.000000e+000  0.000000e+000  0.000000e+000  0.000000e+000  0.000000e+000  0.000000e+000  0.000000e+000  0.000000e+000  0.000000e+000  0.000000e+000  0.000000e+000  0.000000e+000  0.000000e+000  0.000000e+000  0.000000e+000  0.000000e+000  
0.000000e+000  0.000000e+000  0.000000e+000  0.000000e+000  0.000000e+000  0.000000e+000  0.000000e+000  0.000000e+000  0.000000e+000  0.000000e+000  0.000000e+000  0.000000e+000  0.000000e+000  0.000000e+000  0.000000e+000  0.000000e+000  0.000000e+000  0.000000e+000  0.000000e+000  0.000000e+000  0.000000e+000  
0.000000e+000  0.000000e+000  0.000000e+000  0.000000e+000  0.000000e+000  0.000000e+000  0.000000e+000  0.000000e+000  0.000000e+000  0.000000e+000  0.000000e+000  0.000000e+000  0.000000e+000  0.000000e+000  0.000000e+000  0.000000e+000  0.000000e+000  0.000000e+000  0.000000e+000  0.000000e+000  0.000000e+000  
0.000000e+000  0.000000e+000  0.000000e+000  0.000000e+000  0.000000e+000  0.000000e+000  0.000000e+000  0.000000e+000  0.000000e+000  0.000000e+000  0.000000e+000  0.000000e+000  0.000000e+000  0.000000e+000  0.000000e+000  0.000000e+000  0.000000e+000  0.000000e+000  0.000000e+000  0.000000e+000  0.000000e+000  
0.000000e+000  0.000000e+000  0.000000e+000  0.000000e+000  0.000000e+000  0.000000e+000  0.000000e+000  0.000000e+000  0.000000e+000  0.000000e+000  0.000000e+000  0.000000e+000  0.000000e+000  0.000000e+000  0.000000e+000  0.000000e+000  0.000000e+000  0.000000e+000  0.000000e+000  0.000000e+000  0.000000e+000  
0.000000e+000  0.000000e+000  0.000000e+000  0.000000e+000  0.000000e+000  0.000000e+000  0.000000e+000  0.000000e+000  0.000000e+000  0.000000e+000  0.000000e+000  0.000000e+000  0.000000e+000  0.000000e+000  0.000000e+000  0.000000e+000  0.000000e+000  0.000000e+000  0.000000e+000  0.000000e+000  0.000000e+000  
0.000000e+000  0.000000e+000  0.000000e+000  0.000000e+000  0.000000e+000  0.000000e+000  0.000000e+000  0.000000e+000  0.000000e+000  0.000000e+000  0.000000e+000  0.000000e+000  0.000000e+000  0.000000e+000  0.000000e+000  0.000000e+000  0.000000e+000  0.000000e+000  0.000000e+000  0.000000e+000  0.000000e+000  
0.000000e+000  0.000000e+000  0.000000e+000  0.000000e+000  0.000000e+000  0.000000e+000  0.000000e+000  0.000000e+000  0.000000e+000  0.000000e+000  0.000000e+000  0.000000e+000  0.000000e+000  0.000000e+000  0.000000e+000  0.000000e+000  0.000000e+000  0.000000e+000  0.000000e+000  0.000000e+000  0.000000e+000  

0.000000e+000  0.000000e+000  0.000000e+000  0.000000e+000  0.000000e+000  0.000000e+000  0.000000e+000  0.000000e+000  0.000000e+000  0.000000e+000  0.000000e+000  0.000000e+000  0.000000e+000  0.000000e+000  0.000000e+000  0.000000e+000  0.000000e+000  0.000000e+000  0.000000e+000  0.000000e+000  0.000000e+000  
0.000000e+000  0.000000e+000  0.000000e+000  0.000000e+000  0.000000e+000  0.000000e+000  0.000000e+000  0.000000e+000  0.000000e+000  0.000000e+000  0.000000e+000  0.000000e+000  0.000000e+000  0.000000e+000  0.000000e+000  0.000000e+000  0.000000e+000  0.000000e+000  0.000000e+000  0.000000e+000  0.000000e+000  
0.000000e+000  0.000000e+000  0.000000e+000  0.000000e+000  0.000000e+000  0.000000e+000  0.000000e+000  0.000000e+000  0.000000e+000  0.000000e+000  0.000000e+000  0.000000e+000  0.000000e+000  0.000000e+000  0.000000e+000  0.000000e+000  0.000000e+000  0.000000e+000  0.000000e+000  0.000000e+000  0.000000e+000  
0.000000e+000  0.000000e+000  0.000000e+000  0.000000e+000  0.000000e+000  0.000000e+000  0.000000e+000  0.000000e+000  0.000000e+000  0.000000e+000  0.000000e+000  0.000000e+000  0.000000e+000  0.000000e+000  0.000000e+000  0.000000e+000  0.000000e+000  0.000000e+000  0.000000e+000  0.000000e+000  0.000000e+000  
0.000000e+000  0.000000e+000  0.000000e+000  0.000000e+000  0.000000e+000  0.000000e+000  0.000000e+000  0.000000e+000  0.000000e+000  0.000000e+000  0.000000e+000  0.000000e+000  0.000000e+000  0.000000e+000  0.000000e+000  0.000000e+000  0.000000e+000  0.000000e+000  0.000000e+000  0.000000e+000  0.000000e+000  
0.000000e+000  0.000000e+000  0.000000e+000  0.000000e+000  0.000000e+000  0.000000e+000  0.000000e+000  0.000000e+000  0.000000e+000  0.000000e+000  0.000000e+000  0.000000e+000  0.000000e+000  0.000000e+000  0.000000e+000  0.000000e+000  0.000000e+000  0.000000e+000  0.000000e+000  0.000000e+000  0.000000e+000  
0.000000e+000  0.000000e+000  0.000000e+000  0.000000e+000  0.000000e+000  0.000000e+000  0.000000e+000  0.000000e+000  0.000000e+000  0.000000e+000  0.000000e+000  0.000000e+000  0.000000e+000  0.000000e+000  0.000000e+000  0.000000e+000  0.000000e+000  0.000000e+000  0.000000e+000  0.000000e+000  0.000000e+000  
0.000000e+000  0.000000e+000  0.000000e+000  0.000000e+000  0.000000e+000  0.000000e+000  0.000000e+000  0.000000e+000  0.000000e+000  0.000000e+000  0.000000e+000  0.000000e+000  0.000000e+000  0.000000e+000  0.000000e+000  0.000000e+000  0.000000e+000  0.000000e+000  0.000000e+000  0.000000e+000  0.000000e+000  
0.000000e+000  0.000000e+000  0.000000e+000  0.000000e+000  0.000000e+000  0.000000e+000  0.000000e+000  0.000000e+000  0.000000e+000  0.000000e+000  0.000000e+000  0.000000e+000  0.000000e+000  0.000000e+000  0.000000e+000  0.000000e+000  0.000000e+000  0.000000e+000  0.000000e+000  0.000000e+000  0.000000e+000  
0.000000e+000  0.000000e+000  0.000000e+000  0.000000e+000  0.000000e+000  0.000000e+000  0.000000e+000  0.000000e+000  0.000000e+000  0.000000e+000  0.000000e+000  0.000000e+000  0.000000e+000  0.000000e+000  0.000000e+000  0.000000e+000  0.000000e+000  0.000000e+000  0.000000e+000  0.000000e+000  0.000000e+000  
0.000000e+000  0.000000e+000  0.000000e+000  0.000000e+000  0.000000e+000  0.000000e+000  0.000000e+000  0.000000e+000  0.000000e+000  0.000000e+000  0.000000e+000  0.000000e+000  0.000000e+000  0.000000e+000  0.000000e+000  0.000000e+000  0.000000e+000  0.000000e+000  0.000000e+000  0.000000e+000  0.000000e+000  

0.000000e+000  0.000000e+000  0.000000e+000  0.000000e+000  0.000000e+000  0.000000e+000  0.000000e+000  0.000000e+000  0.000000e+000  0.000000e+000  0.000000e+000  0.000000e+000  0.000000e+000  0.000000e+000  0.000000e+000  0.000000e+000  0.000000e+000  0.000000e+000  0.000000e+000  0.000000e+000  0.000000e+000  
0.000000e+000  0.000000e+000  0.000000e+000  0.000000e+000  0.000000e+000  0.000000e+000  0.000000e+000  0.000000e+000  0.000000e+000  0.000000e+000  0.000000e+000  0.000000e+000  0.000000e+000  0.000000e+000  0.000000e+000  0.000000e+000  0.000000e+000  0.000000e+000  0.000000e+000  0.000000e+000  0.000000e+000  
0.000000e+000  0.000000e+000  0.000000e+000  0.000000e+000  0.000000e+000  0.000000e+000  0.000000e+000  0.000000e+000  0.000000e+000  0.000000e+000  0.000000e+000  0.000000e+000  0.000000e+000  0.000000e+000  0.000000e+000  0.000000e+000  0.000000e+000  0.000000e+000  0.000000e+000  0.000000e+000  0.000000e+000  
0.000000e+000  0.000000e+000  0.000000e+000  0.000000e+000  0.000000e+000  0.000000e+000  0.000000e+000  0.000000e+000  0.000000e+000  0.000000e+000  0.000000e+000  0.000000e+000  0.000000e+000  0.000000e+000  0.000000e+000  0.000000e+000  0.000000e+000  0.000000e+000  0.000000e+000  0.000000e+000  0.000000e+000  
0.000000e+000  0.000000e+000  0.000000e+000  0.000000e+000  0.000000e+000  0.000000e+000  0.000000e+000  0.000000e+000  0.000000e+000  0.000000e+000  0.000000e+000  0.000000e+000  0.000000e+000  0.000000e+000  0.000000e+000  0.000000e+000  0.000000e+000  0.000000e+000  0.000000e+000  0.000000e+000  0.000000e+000  
0.000000e+000  0.000000e+000  0.000000e+000  0.000000e+000  0.000000e+000  0.000000e+000  0.000000e+000  0.000000e+000  0.000000e+000  0.000000e+000  0.000000e+000  0.000000e+000  0.000000e+000  0.000000e+000  0.000000e+000  0.000000e+000  0.000000e+000  0.000000e+000  0.000000e+000  0.000000e+000  0.000000e+000  
0.000000e+000  0.000000e+000  0.000000e+000  0.000000e+000  0.000000e+000  0.000000e+000  0.000000e+000  0.000000e+000  0.000000e+000  0.000000e+000  0.000000e+000  0.000000e+000  0.000000e+000  0.000000e+000  0.000000e+000  0.000000e+000  0.000000e+000  0.000000e+000  0.000000e+000  0.000000e+000  0.000000e+000  
0.000000e+000  0.000000e+000  0.000000e+000  0.000000e+000  0.000000e+000  0.000000e+000  0.000000e+000  0.000000e+000  0.000000e+000  0.000000e+000  0.000000e+000  0.000000e+000  0.000000e+000  0.000000e+000  0.000000e+000  0.000000e+000  0.000000e+000  0.000000e+000  0.000000e+000  0.000000e+000  0.000000e+000  
0.000000e+000  0.000000e+000  0.000000e+000  0.000000e+000  0.000000e+000  0.000000e+000  0.000000e+000  0.000000e+000  0.000000e+000  0.000000e+000  0.000000e+000  0.000000e+000  0.000000e+000  0.000000e+000  0.000000e+000  0.000000e+000  0.000000e+000  0.000000e+000  0.000000e+000  0.000000e+000  0.000000e+000  
0.000000e+000  0.000000e+000  0.000000e+000  0.000000e+000  0.000000e+000  0.000000e+000  0.000000e+000  0.000000e+000  0.000000e+000  0.000000e+000  0.000000e+000  0.000000e+000  0.000000e+000  0.000000e+000  0.000000e+000  0.000000e+000  0.000000e+000  0.000000e+000  0.000000e+000  0.000000e+000  0.000000e+000  
0.000000e+000  0.000000e+000  0.000000e+000  0.000000e+000  0.000000e+000  0.000000e+000  0.000000e+000  0.000000e+000  0.000000e+000  0.000000e+000  0.000000e+000  0.000000e+000  0.000000e+000  0.000000e+000  0.000000e+000  0.000000e+000  0.000000e+000  0.000000e+000  0.000000e+000  0.000000e+000  0.000000e+000  

0.000000e+000  0.000000e+000  0.000000e+000  0.000000e+000  0.000000e+000  0.000000e+000  0.000000e+000  0.000000e+000  0.000000e+000  0.000000e+000  0.000000e+000  0.000000e+000  0.000000e+000  0.000000e+000  0.000000e+000  0.000000e+000  0.000000e+000  0.000000e+000  0.000000e+000  0.000000e+000  0.000000e+000  
0.000000e+000  -7.235831e-006  -1.515305e-006  -1.070991e-006  -2.203124e-006  2.502034e-006  -5.861952e-006  8.582467e-006  3.824571e-006  1.152769e-005  5.059808e-006  2.537169e-005  -1.533987e-005  1.494680e-005  -7.277230e-006  6.365564e-006  -1.474331e-006  2.936861e-006  -8.106632e-006  5.132440e-006  0.000000e+000  
0.000000e+000  -1.439488e-006  1.738259e-006  -1.572186e-006  -6.783617e-006  1.036466e-005  -9.236057e-006  4.345839e-006  2.677424e-005  2.328676e-005  2.171161e-005  2.043518e-006  3.222693e-005  2.799929e-006  -1.873050e-005  6.678179e-006  -1.291072e-005  -1.196481e-005  1.656358e-005  -1.494078e-005  0.000000e+000  
0.000000e+000  5.374497e-006  4.965325e-006  5.501350e-006  -2.567475e-005  3.254748e-005  -3.722364e-005  2.691341e-005  2.288823e-005  2.981603e-005  3.688763e-005  3.394404e-005  2.355072e-005  1.881632e-005  -3.537963e-005  2.780581e-005  -2.505294e-005  1.928674e-006  -5.708139e-006  4.672511e-006  0.000000e+000  
0.000000e+000  1.880103e-005  4.186534e-005  5.594526e-005  7.896053e-005  1.285265e-004  1.317743e-004  1.821790e-004  2.013387e-004  2.127742e-004  2.157638e-004  2.100371e-004  2.047831e-004  1.822303e-004  1.320445e-004  1.251512e-004  7.265801e-005  5.430263e-005  4.511860e-005  1.798230e-005  0.000000e+000  
0.000000e+000  -6.784573e-007  0.000000e+000  1.419584e-006  -2.851829e-007  -2.803665e-006  -1.105124e-006  -8.259667e-007  -4.679016e-006  4.276520e-006  2.941145e-007  1.019039e-006  5.868312e-006  -1.378151e-006  2.315188e-006  -4.521270e-007  1.923956e-006  2.622337e-006  4.622968e-006  1.500073e-006  0.000000e+000  
0.000000e+000  -2.023502e-005  -3.889070e-005  -5.470042e-005  -7.725175e-005  -1.257014e-004  -1.292773e-004  -1.849054e-004  -2.014288e-004  -2.125674e-004  -2.203053e-004  -2.157812e-004  -1.972776e-004  -1.859607e-004  -1.347987e-004  -1.244147e-004  -7.501911e-005  -5.908699e-005  -3.742060e-005  -1.871910e-005  0.000000e+000  
0.000000e+000  5.129384e-006  -6.228721e-006  -2.386697e-006  1.733996e-005  -2.648281e-005  3.692841e-005  -2.585731e-005  -3.587616e-005  -3.411383e-005  -3.342732e-005  -2.914626e-005  -2.427849e-005  -2.823172e-005  3.496983e-005  -2.611706e-005  2.469785e-005  -1.357044e-006  -8.498432e-006  -5.473849e-006  0.000000e+000  
0.000000e+000  -1.305030e-006  1.917515e-006  -3.935561e-007  7.805658e-006  -9.439298e-006  1.604340e-005  -2.160013e-005  -7.315669e-006  -2.402544e-005  -1.736767e-005  -2.194284e-005  -2.127492e-005  -2.263852e-006  1.033992e-005  -6.213466e-006  1.049611e-005  4.485410e-006  -3.698598e-006  -1.788028e-006  0.000000e+000  
0.000000e+000  1.931683e-007  8.934063e-007  2.491079e-006  2.352753e-006  -9.168473e-006  3.656819e-006  -3.878591e-006  -1.897530e-005  2.098309e-006  -1.128995e-005  -1.591044e-005  -3.252501e-006  -5.884574e-006  4.690445e-006  -4.232803e-006  1.709037e-006  -5.539968e-006  8.754915e-006  -4.428820e-006  0.000000e+000  
0.000000e+000  0.000000e+000  0.000000e+000  0.000000e+000  0.000000e+000  0.000000e+000  0.000000e+000  0.000000e+000  0.000000e+000  0.000000e+000  0.000000e+000  0.000000e+000  0.000000e+000  0.000000e+000  0.000000e+000  0.000000e+000  0.000000e+000  0.000000e+000  0.000000e+000  0.000000e+000  0.000000e+000  

