Port monitor named: Port2_h1[100].prt

nx        = 62
ny        = 35
nz        = 102

nu        = 21
nv        = 11
iu        = 13
iv        = 13

idir      = 2
dcut      = -7.500000e-003
icut      = 5
type      = 1
frequency = 1.000000e+011

fcutoff   = 5.894644e+010
alpha     = 0.000000e+000
beta      = 1.691977e+003
accuracy  = 5.895176e-010

type          = TE
wave imp.     = 4.666543e+002
wave imp.sig. = 1.251565e-005
line imp.     = 0.000000e+000

ref. port     = 0

0.000000e+000  -4.198862e+000  -8.341501e+000  -1.237244e+001  -1.925378e+001  -2.576307e+001  -3.093893e+001  -3.429103e+001  -3.549552e+001  -3.622465e+001  -3.646864e+001  -3.622423e+001  -3.549468e+001  -3.428975e+001  -3.093682e+001  -2.575989e+001  -1.924911e+001  -1.236525e+001  -8.331214e+000  -4.182182e+000  0.000000e+000  
0.000000e+000  -4.198852e+000  -8.341482e+000  -1.237242e+001  -1.925374e+001  -2.576304e+001  -3.093890e+001  -3.429101e+001  -3.549551e+001  -3.622464e+001  -3.646863e+001  -3.622423e+001  -3.549468e+001  -3.428976e+001  -3.093686e+001  -2.576002e+001  -1.924948e+001  -1.236653e+001  -8.334632e+000  -4.192124e+000  0.000000e+000  
0.000000e+000  -4.198830e+000  -8.341440e+000  -1.237236e+001  -1.925368e+001  -2.576297e+001  -3.093885e+001  -3.429097e+001  -3.549547e+001  -3.622461e+001  -3.646862e+001  -3.622422e+001  -3.549468e+001  -3.428978e+001  -3.093693e+001  -2.576021e+001  -1.925000e+001  -1.236791e+001  -8.337033e+000  -4.195539e+000  0.000000e+000  
0.000000e+000  -4.198780e+000  -8.341346e+000  -1.237223e+001  -1.925352e+001  -2.576283e+001  -3.093873e+001  -3.429088e+001  -3.549540e+001  -3.622455e+001  -3.646857e+001  -3.622420e+001  -3.549469e+001  -3.428981e+001  -3.093704e+001  -2.576052e+001  -1.925073e+001  -1.236940e+001  -8.338955e+000  -4.197324e+000  0.000000e+000  
0.000000e+000  -4.198643e+000  -8.341098e+000  -1.237191e+001  -1.925316e+001  -2.576250e+001  -3.093847e+001  -3.429068e+001  -3.549524e+001  -3.622442e+001  -3.646848e+001  -3.622413e+001  -3.549465e+001  -3.428981e+001  -3.093713e+001  -2.576077e+001  -1.925127e+001  -1.237026e+001  -8.339829e+000  -4.197942e+000  0.000000e+000  
0.000000e+000  -4.198337e+000  -8.340572e+000  -1.237127e+001  -1.925253e+001  -2.576201e+001  -3.093811e+001  -3.429042e+001  -3.549502e+001  -3.622425e+001  -3.646833e+001  -3.622401e+001  -3.549455e+001  -3.428974e+001  -3.093708e+001  -2.576074e+001  -1.925125e+001  -1.237025e+001  -8.339821e+000  -4.197938e+000  0.000000e+000  
0.000000e+000  -4.197580e+000  -8.339442e+000  -1.237008e+001  -1.925161e+001  -2.576139e+001  -3.093771e+001  -3.429016e+001  -3.549480e+001  -3.622407e+001  -3.646818e+001  -3.622387e+001  -3.549442e+001  -3.428960e+001  -3.093690e+001  -2.576042e+001  -1.925067e+001  -1.236937e+001  -8.338933e+000  -4.197313e+000  0.000000e+000  
0.000000e+000  -4.195742e+000  -8.337423e+000  -1.236845e+001  -1.925072e+001  -2.576093e+001  -3.093745e+001  -3.428999e+001  -3.549467e+001  -3.622396e+001  -3.646808e+001  -3.622378e+001  -3.549433e+001  -3.428950e+001  -3.093673e+001  -2.576008e+001  -1.924992e+001  -1.236786e+001  -8.337004e+000  -4.195525e+000  0.000000e+000  
0.000000e+000  -4.192305e+000  -8.334978e+000  -1.236701e+001  -1.925012e+001  -2.576065e+001  -3.093731e+001  -3.428991e+001  -3.549461e+001  -3.622390e+001  -3.646804e+001  -3.622374e+001  -3.549428e+001  -3.428944e+001  -3.093664e+001  -2.575987e+001  -1.924939e+001  -1.236648e+001  -8.334599e+000  -4.192108e+000  0.000000e+000  
0.000000e+000  -4.182353e+000  -8.331540e+000  -1.236571e+001  -1.924972e+001  -2.576050e+001  -3.093723e+001  -3.428986e+001  -3.549457e+001  -3.622387e+001  -3.646801e+001  -3.622371e+001  -3.549426e+001  -3.428941e+001  -3.093658e+001  -2.575974e+001  -1.924902e+001  -1.236520e+001  -8.331179e+000  -4.182165e+000  0.000000e+000  
0.000000e+000  0.000000e+000  0.000000e+000  0.000000e+000  0.000000e+000  0.000000e+000  0.000000e+000  0.000000e+000  0.000000e+000  0.000000e+000  0.000000e+000  0.000000e+000  0.000000e+000  0.000000e+000  0.000000e+000  0.000000e+000  0.000000e+000  0.000000e+000  0.000000e+000  0.000000e+000  0.000000e+000  

0.000000e+000  0.000000e+000  0.000000e+000  0.000000e+000  0.000000e+000  0.000000e+000  0.000000e+000  0.000000e+000  0.000000e+000  0.000000e+000  0.000000e+000  0.000000e+000  0.000000e+000  0.000000e+000  0.000000e+000  0.000000e+000  0.000000e+000  0.000000e+000  0.000000e+000  0.000000e+000  0.000000e+000  
-4.099605e-004  -3.993157e-004  -3.796316e-004  -3.416853e-004  -2.777494e-004  -2.124356e-004  -1.591690e-004  -1.289337e-004  -1.110546e-004  -9.769612e-005  -8.838378e-005  -8.570812e-005  -8.819324e-005  -1.071041e-004  -1.867865e-004  -4.237546e-004  -1.113917e-003  -2.911582e-003  -6.328265e-003  -1.627031e-002  0.000000e+000  
-8.247204e-004  -8.026853e-004  -7.614774e-004  -6.825859e-004  -5.514404e-004  -4.194229e-004  -3.127422e-004  -2.517875e-004  -2.167213e-004  -1.893257e-004  -1.709555e-004  -1.618066e-004  -1.668271e-004  -1.964429e-004  -3.313370e-004  -7.172582e-004  -1.709011e-003  -3.644990e-003  -6.047782e-003  -9.461947e-003  0.000000e+000  
-1.250393e-003  -1.214637e-003  -1.147841e-003  -1.021814e-003  -8.164963e-004  -6.155039e-004  -4.544867e-004  -3.642061e-004  -3.111399e-004  -2.696199e-004  -2.403236e-004  -2.245631e-004  -2.250672e-004  -2.556077e-004  -4.079134e-004  -8.339682e-004  -1.810651e-003  -3.305930e-003  -4.672311e-003  -5.942199e-003  0.000000e+000  
-2.070599e-003  -1.998365e-003  -1.866984e-003  -1.626074e-003  -1.261832e-003  -9.247963e-004  -6.689268e-004  -5.265918e-004  -4.428172e-004  -3.753955e-004  -3.236756e-004  -2.875993e-004  -2.686703e-004  -2.691642e-004  -3.590662e-004  -6.267407e-004  -1.166953e-003  -1.805725e-003  -2.268931e-003  -2.595882e-003  0.000000e+000  
-3.126149e-003  -2.970395e-003  -2.702864e-003  -2.245485e-003  -1.643501e-003  -1.146142e-003  -7.987035e-004  -6.126517e-004  -5.030897e-004  -4.132470e-004  -3.393326e-004  -2.788495e-004  -2.296968e-004  -1.731502e-004  -1.212067e-004  -8.592470e-005  -6.494038e-005  -5.596732e-005  -5.193033e-005  -4.989568e-005  0.000000e+000  
-4.621799e-003  -4.220681e-003  -3.622405e-003  -2.734453e-003  -1.810840e-003  -1.172481e-003  -7.771727e-004  -5.780169e-004  -4.626957e-004  -3.671713e-004  -2.855777e-004  -2.126693e-004  -1.432845e-004  -4.132247e-005  1.418574e-004  4.726807e-004  1.050532e-003  1.705539e-003  2.175822e-003  2.506506e-003  0.000000e+000  
-7.160394e-003  -5.853777e-003  -4.417354e-003  -2.789973e-003  -1.594572e-003  -9.424045e-004  -5.932846e-004  -4.292895e-004  -3.361747e-004  -2.596355e-004  -1.932036e-004  -1.312157e-004  -6.752645e-005  3.530671e-005  2.538163e-004  7.246957e-004  1.728102e-003  3.234556e-003  4.606546e-003  5.878823e-003  0.000000e+000  
-1.026408e-002  -6.826462e-003  -4.381418e-003  -2.361916e-003  -1.229374e-003  -6.940732e-004  -4.265760e-004  -3.048488e-004  -2.372669e-004  -1.810681e-004  -1.325172e-004  -8.635086e-005  -3.762994e-005  4.248153e-005  2.237949e-004  6.409590e-004  1.651338e-003  3.595584e-003  6.001342e-003  9.417932e-003  0.000000e+000  
-1.666774e-002  -6.715524e-003  -3.277916e-003  -1.440402e-003  -6.812507e-004  -3.700026e-004  -2.234243e-004  -1.588112e-004  -1.223020e-004  -9.324869e-005  -6.733302e-005  -4.248447e-005  -1.646086e-005  2.792503e-005  1.315252e-004  3.845461e-004  1.084282e-003  2.886097e-003  6.304618e-003  1.624758e-002  0.000000e+000  
0.000000e+000  0.000000e+000  0.000000e+000  0.000000e+000  0.000000e+000  0.000000e+000  0.000000e+000  0.000000e+000  0.000000e+000  0.000000e+000  0.000000e+000  0.000000e+000  0.000000e+000  0.000000e+000  0.000000e+000  0.000000e+000  0.000000e+000  0.000000e+000  0.000000e+000  0.000000e+000  0.000000e+000  

0.000000e+000  0.000000e+000  0.000000e+000  0.000000e+000  0.000000e+000  0.000000e+000  0.000000e+000  0.000000e+000  0.000000e+000  0.000000e+000  0.000000e+000  0.000000e+000  0.000000e+000  0.000000e+000  0.000000e+000  0.000000e+000  0.000000e+000  0.000000e+000  0.000000e+000  0.000000e+000  0.000000e+000  
0.000000e+000  0.000000e+000  0.000000e+000  0.000000e+000  0.000000e+000  0.000000e+000  0.000000e+000  0.000000e+000  0.000000e+000  0.000000e+000  0.000000e+000  0.000000e+000  0.000000e+000  0.000000e+000  0.000000e+000  0.000000e+000  0.000000e+000  0.000000e+000  0.000000e+000  0.000000e+000  0.000000e+000  
0.000000e+000  0.000000e+000  0.000000e+000  0.000000e+000  0.000000e+000  0.000000e+000  0.000000e+000  0.000000e+000  0.000000e+000  0.000000e+000  0.000000e+000  0.000000e+000  0.000000e+000  0.000000e+000  0.000000e+000  0.000000e+000  0.000000e+000  0.000000e+000  0.000000e+000  0.000000e+000  0.000000e+000  
0.000000e+000  0.000000e+000  0.000000e+000  0.000000e+000  0.000000e+000  0.000000e+000  0.000000e+000  0.000000e+000  0.000000e+000  0.000000e+000  0.000000e+000  0.000000e+000  0.000000e+000  0.000000e+000  0.000000e+000  0.000000e+000  0.000000e+000  0.000000e+000  0.000000e+000  0.000000e+000  0.000000e+000  
0.000000e+000  0.000000e+000  0.000000e+000  0.000000e+000  0.000000e+000  0.000000e+000  0.000000e+000  0.000000e+000  0.000000e+000  0.000000e+000  0.000000e+000  0.000000e+000  0.000000e+000  0.000000e+000  0.000000e+000  0.000000e+000  0.000000e+000  0.000000e+000  0.000000e+000  0.000000e+000  0.000000e+000  
0.000000e+000  0.000000e+000  0.000000e+000  0.000000e+000  0.000000e+000  0.000000e+000  0.000000e+000  0.000000e+000  0.000000e+000  0.000000e+000  0.000000e+000  0.000000e+000  0.000000e+000  0.000000e+000  0.000000e+000  0.000000e+000  0.000000e+000  0.000000e+000  0.000000e+000  0.000000e+000  0.000000e+000  
0.000000e+000  0.000000e+000  0.000000e+000  0.000000e+000  0.000000e+000  0.000000e+000  0.000000e+000  0.000000e+000  0.000000e+000  0.000000e+000  0.000000e+000  0.000000e+000  0.000000e+000  0.000000e+000  0.000000e+000  0.000000e+000  0.000000e+000  0.000000e+000  0.000000e+000  0.000000e+000  0.000000e+000  
0.000000e+000  0.000000e+000  0.000000e+000  0.000000e+000  0.000000e+000  0.000000e+000  0.000000e+000  0.000000e+000  0.000000e+000  0.000000e+000  0.000000e+000  0.000000e+000  0.000000e+000  0.000000e+000  0.000000e+000  0.000000e+000  0.000000e+000  0.000000e+000  0.000000e+000  0.000000e+000  0.000000e+000  
0.000000e+000  0.000000e+000  0.000000e+000  0.000000e+000  0.000000e+000  0.000000e+000  0.000000e+000  0.000000e+000  0.000000e+000  0.000000e+000  0.000000e+000  0.000000e+000  0.000000e+000  0.000000e+000  0.000000e+000  0.000000e+000  0.000000e+000  0.000000e+000  0.000000e+000  0.000000e+000  0.000000e+000  
0.000000e+000  0.000000e+000  0.000000e+000  0.000000e+000  0.000000e+000  0.000000e+000  0.000000e+000  0.000000e+000  0.000000e+000  0.000000e+000  0.000000e+000  0.000000e+000  0.000000e+000  0.000000e+000  0.000000e+000  0.000000e+000  0.000000e+000  0.000000e+000  0.000000e+000  0.000000e+000  0.000000e+000  
0.000000e+000  0.000000e+000  0.000000e+000  0.000000e+000  0.000000e+000  0.000000e+000  0.000000e+000  0.000000e+000  0.000000e+000  0.000000e+000  0.000000e+000  0.000000e+000  0.000000e+000  0.000000e+000  0.000000e+000  0.000000e+000  0.000000e+000  0.000000e+000  0.000000e+000  0.000000e+000  0.000000e+000  

0.000000e+000  0.000000e+000  0.000000e+000  0.000000e+000  0.000000e+000  0.000000e+000  0.000000e+000  0.000000e+000  0.000000e+000  0.000000e+000  0.000000e+000  0.000000e+000  0.000000e+000  0.000000e+000  0.000000e+000  0.000000e+000  0.000000e+000  0.000000e+000  0.000000e+000  0.000000e+000  0.000000e+000  
0.000000e+000  0.000000e+000  0.000000e+000  0.000000e+000  0.000000e+000  0.000000e+000  0.000000e+000  0.000000e+000  0.000000e+000  0.000000e+000  0.000000e+000  0.000000e+000  0.000000e+000  0.000000e+000  0.000000e+000  0.000000e+000  0.000000e+000  0.000000e+000  0.000000e+000  0.000000e+000  0.000000e+000  
0.000000e+000  0.000000e+000  0.000000e+000  0.000000e+000  0.000000e+000  0.000000e+000  0.000000e+000  0.000000e+000  0.000000e+000  0.000000e+000  0.000000e+000  0.000000e+000  0.000000e+000  0.000000e+000  0.000000e+000  0.000000e+000  0.000000e+000  0.000000e+000  0.000000e+000  0.000000e+000  0.000000e+000  
0.000000e+000  0.000000e+000  0.000000e+000  0.000000e+000  0.000000e+000  0.000000e+000  0.000000e+000  0.000000e+000  0.000000e+000  0.000000e+000  0.000000e+000  0.000000e+000  0.000000e+000  0.000000e+000  0.000000e+000  0.000000e+000  0.000000e+000  0.000000e+000  0.000000e+000  0.000000e+000  0.000000e+000  
0.000000e+000  0.000000e+000  0.000000e+000  0.000000e+000  0.000000e+000  0.000000e+000  0.000000e+000  0.000000e+000  0.000000e+000  0.000000e+000  0.000000e+000  0.000000e+000  0.000000e+000  0.000000e+000  0.000000e+000  0.000000e+000  0.000000e+000  0.000000e+000  0.000000e+000  0.000000e+000  0.000000e+000  
0.000000e+000  0.000000e+000  0.000000e+000  0.000000e+000  0.000000e+000  0.000000e+000  0.000000e+000  0.000000e+000  0.000000e+000  0.000000e+000  0.000000e+000  0.000000e+000  0.000000e+000  0.000000e+000  0.000000e+000  0.000000e+000  0.000000e+000  0.000000e+000  0.000000e+000  0.000000e+000  0.000000e+000  
0.000000e+000  0.000000e+000  0.000000e+000  0.000000e+000  0.000000e+000  0.000000e+000  0.000000e+000  0.000000e+000  0.000000e+000  0.000000e+000  0.000000e+000  0.000000e+000  0.000000e+000  0.000000e+000  0.000000e+000  0.000000e+000  0.000000e+000  0.000000e+000  0.000000e+000  0.000000e+000  0.000000e+000  
0.000000e+000  0.000000e+000  0.000000e+000  0.000000e+000  0.000000e+000  0.000000e+000  0.000000e+000  0.000000e+000  0.000000e+000  0.000000e+000  0.000000e+000  0.000000e+000  0.000000e+000  0.000000e+000  0.000000e+000  0.000000e+000  0.000000e+000  0.000000e+000  0.000000e+000  0.000000e+000  0.000000e+000  
0.000000e+000  0.000000e+000  0.000000e+000  0.000000e+000  0.000000e+000  0.000000e+000  0.000000e+000  0.000000e+000  0.000000e+000  0.000000e+000  0.000000e+000  0.000000e+000  0.000000e+000  0.000000e+000  0.000000e+000  0.000000e+000  0.000000e+000  0.000000e+000  0.000000e+000  0.000000e+000  0.000000e+000  
0.000000e+000  0.000000e+000  0.000000e+000  0.000000e+000  0.000000e+000  0.000000e+000  0.000000e+000  0.000000e+000  0.000000e+000  0.000000e+000  0.000000e+000  0.000000e+000  0.000000e+000  0.000000e+000  0.000000e+000  0.000000e+000  0.000000e+000  0.000000e+000  0.000000e+000  0.000000e+000  0.000000e+000  
0.000000e+000  0.000000e+000  0.000000e+000  0.000000e+000  0.000000e+000  0.000000e+000  0.000000e+000  0.000000e+000  0.000000e+000  0.000000e+000  0.000000e+000  0.000000e+000  0.000000e+000  0.000000e+000  0.000000e+000  0.000000e+000  0.000000e+000  0.000000e+000  0.000000e+000  0.000000e+000  0.000000e+000  

0.000000e+000  0.000000e+000  0.000000e+000  0.000000e+000  0.000000e+000  0.000000e+000  0.000000e+000  0.000000e+000  0.000000e+000  0.000000e+000  0.000000e+000  0.000000e+000  0.000000e+000  0.000000e+000  0.000000e+000  0.000000e+000  0.000000e+000  0.000000e+000  0.000000e+000  0.000000e+000  0.000000e+000  
0.000000e+000  0.000000e+000  0.000000e+000  0.000000e+000  0.000000e+000  0.000000e+000  0.000000e+000  0.000000e+000  0.000000e+000  0.000000e+000  0.000000e+000  0.000000e+000  0.000000e+000  0.000000e+000  0.000000e+000  0.000000e+000  0.000000e+000  0.000000e+000  0.000000e+000  0.000000e+000  0.000000e+000  
0.000000e+000  0.000000e+000  0.000000e+000  0.000000e+000  0.000000e+000  0.000000e+000  0.000000e+000  0.000000e+000  0.000000e+000  0.000000e+000  0.000000e+000  0.000000e+000  0.000000e+000  0.000000e+000  0.000000e+000  0.000000e+000  0.000000e+000  0.000000e+000  0.000000e+000  0.000000e+000  0.000000e+000  
0.000000e+000  0.000000e+000  0.000000e+000  0.000000e+000  0.000000e+000  0.000000e+000  0.000000e+000  0.000000e+000  0.000000e+000  0.000000e+000  0.000000e+000  0.000000e+000  0.000000e+000  0.000000e+000  0.000000e+000  0.000000e+000  0.000000e+000  0.000000e+000  0.000000e+000  0.000000e+000  0.000000e+000  
0.000000e+000  0.000000e+000  0.000000e+000  0.000000e+000  0.000000e+000  0.000000e+000  0.000000e+000  0.000000e+000  0.000000e+000  0.000000e+000  0.000000e+000  0.000000e+000  0.000000e+000  0.000000e+000  0.000000e+000  0.000000e+000  0.000000e+000  0.000000e+000  0.000000e+000  0.000000e+000  0.000000e+000  
0.000000e+000  0.000000e+000  0.000000e+000  0.000000e+000  0.000000e+000  0.000000e+000  0.000000e+000  0.000000e+000  0.000000e+000  0.000000e+000  0.000000e+000  0.000000e+000  0.000000e+000  0.000000e+000  0.000000e+000  0.000000e+000  0.000000e+000  0.000000e+000  0.000000e+000  0.000000e+000  0.000000e+000  
0.000000e+000  0.000000e+000  0.000000e+000  0.000000e+000  0.000000e+000  0.000000e+000  0.000000e+000  0.000000e+000  0.000000e+000  0.000000e+000  0.000000e+000  0.000000e+000  0.000000e+000  0.000000e+000  0.000000e+000  0.000000e+000  0.000000e+000  0.000000e+000  0.000000e+000  0.000000e+000  0.000000e+000  
0.000000e+000  0.000000e+000  0.000000e+000  0.000000e+000  0.000000e+000  0.000000e+000  0.000000e+000  0.000000e+000  0.000000e+000  0.000000e+000  0.000000e+000  0.000000e+000  0.000000e+000  0.000000e+000  0.000000e+000  0.000000e+000  0.000000e+000  0.000000e+000  0.000000e+000  0.000000e+000  0.000000e+000  
0.000000e+000  0.000000e+000  0.000000e+000  0.000000e+000  0.000000e+000  0.000000e+000  0.000000e+000  0.000000e+000  0.000000e+000  0.000000e+000  0.000000e+000  0.000000e+000  0.000000e+000  0.000000e+000  0.000000e+000  0.000000e+000  0.000000e+000  0.000000e+000  0.000000e+000  0.000000e+000  0.000000e+000  
0.000000e+000  0.000000e+000  0.000000e+000  0.000000e+000  0.000000e+000  0.000000e+000  0.000000e+000  0.000000e+000  0.000000e+000  0.000000e+000  0.000000e+000  0.000000e+000  0.000000e+000  0.000000e+000  0.000000e+000  0.000000e+000  0.000000e+000  0.000000e+000  0.000000e+000  0.000000e+000  0.000000e+000  
0.000000e+000  0.000000e+000  0.000000e+000  0.000000e+000  0.000000e+000  0.000000e+000  0.000000e+000  0.000000e+000  0.000000e+000  0.000000e+000  0.000000e+000  0.000000e+000  0.000000e+000  0.000000e+000  0.000000e+000  0.000000e+000  0.000000e+000  0.000000e+000  0.000000e+000  0.000000e+000  0.000000e+000  

-2.649067e+001  -2.613592e+001  -2.543117e+001  -2.396156e+001  -2.088893e+001  -1.660976e+001  -1.167235e+001  -7.599226e+000  -4.600323e+000  -1.539818e+000  1.541300e+000  4.601769e+000  7.600601e+000  1.167357e+001  1.661065e+001  2.088929e+001  2.396118e+001  2.542993e+001  2.613381e+001  2.648715e+001  0.000000e+000  
-2.649063e+001  -2.613589e+001  -2.543114e+001  -2.396153e+001  -2.088891e+001  -1.660975e+001  -1.167233e+001  -7.599215e+000  -4.600314e+000  -1.539810e+000  1.541308e+000  4.601776e+000  7.600608e+000  1.167358e+001  1.661066e+001  2.088932e+001  2.396127e+001  2.543018e+001  2.613434e+001  2.648852e+001  0.000000e+000  
-2.649056e+001  -2.613582e+001  -2.543108e+001  -2.396148e+001  -2.088886e+001  -1.660971e+001  -1.167231e+001  -7.599194e+000  -4.600295e+000  -1.539794e+000  1.541322e+000  4.601790e+000  7.600622e+000  1.167359e+001  1.661069e+001  2.088938e+001  2.396141e+001  2.543048e+001  2.613485e+001  2.648932e+001  0.000000e+000  
-2.649041e+001  -2.613567e+001  -2.543094e+001  -2.396135e+001  -2.088876e+001  -1.660964e+001  -1.167225e+001  -7.599150e+000  -4.600258e+000  -1.539762e+000  1.541351e+000  4.601817e+000  7.600649e+000  1.167362e+001  1.661074e+001  2.088948e+001  2.396163e+001  2.543088e+001  2.613541e+001  2.649003e+001  0.000000e+000  
-2.649008e+001  -2.613535e+001  -2.543064e+001  -2.396110e+001  -2.088856e+001  -1.660949e+001  -1.167214e+001  -7.599066e+000  -4.600188e+000  -1.539702e+000  1.541402e+000  4.601863e+000  7.600692e+000  1.167367e+001  1.661080e+001  2.088958e+001  2.396181e+001  2.543117e+001  2.613577e+001  2.649044e+001  0.000000e+000  
-2.648957e+001  -2.613486e+001  -2.543019e+001  -2.396072e+001  -2.088829e+001  -1.660930e+001  -1.167201e+001  -7.598964e+000  -4.600104e+000  -1.539634e+000  1.541459e+000  4.601909e+000  7.600730e+000  1.167370e+001  1.661082e+001  2.088960e+001  2.396183e+001  2.543117e+001  2.613578e+001  2.649045e+001  0.000000e+000  
-2.648883e+001  -2.613419e+001  -2.542961e+001  -2.396029e+001  -2.088800e+001  -1.660911e+001  -1.167189e+001  -7.598872e+000  -4.600030e+000  -1.539575e+000  1.541504e+000  4.601943e+000  7.600753e+000  1.167370e+001  1.661080e+001  2.088952e+001  2.396166e+001  2.543090e+001  2.613543e+001  2.649005e+001  0.000000e+000  
-2.648798e+001  -2.613349e+001  -2.542909e+001  -2.395995e+001  -2.088781e+001  -1.660900e+001  -1.167182e+001  -7.598821e+000  -4.599990e+000  -1.539544e+000  1.541527e+000  4.601959e+000  7.600761e+000  1.167370e+001  1.661077e+001  2.088944e+001  2.396145e+001  2.543052e+001  2.613489e+001  2.648935e+001  0.000000e+000  
-2.648711e+001  -2.613292e+001  -2.542872e+001  -2.395975e+001  -2.088771e+001  -1.660894e+001  -1.167178e+001  -7.598796e+000  -4.599970e+000  -1.539529e+000  1.541538e+000  4.601966e+000  7.600764e+000  1.167369e+001  1.661075e+001  2.088938e+001  2.396131e+001  2.543021e+001  2.613438e+001  2.648856e+001  0.000000e+000  
-2.648570e+001  -2.613235e+001  -2.542844e+001  -2.395963e+001  -2.088765e+001  -1.660891e+001  -1.167176e+001  -7.598782e+000  -4.599960e+000  -1.539521e+000  1.541544e+000  4.601969e+000  7.600765e+000  1.167369e+001  1.661073e+001  2.088935e+001  2.396122e+001  2.542997e+001  2.613385e+001  2.648718e+001  0.000000e+000  
0.000000e+000  0.000000e+000  0.000000e+000  0.000000e+000  0.000000e+000  0.000000e+000  0.000000e+000  0.000000e+000  0.000000e+000  0.000000e+000  0.000000e+000  0.000000e+000  0.000000e+000  0.000000e+000  0.000000e+000  0.000000e+000  0.000000e+000  0.000000e+000  0.000000e+000  0.000000e+000  0.000000e+000  

