Port monitor named: Port3_e1[100].prt

nx        = 62
ny        = 35
nz        = 102

nu        = 11
nv        = 18
iu        = 13
iv        = 43

idir      = 0
dcut      = 5.020000e-003
icut      = 58
type      = 0
frequency = 1.000000e+011

fcutoff   = 5.898595e+010
alpha     = 0.000000e+000
beta      = 1.691372e+003
accuracy  = 3.833393e-010

type          = TE
wave imp.     = 4.668211e+002
wave imp.sig. = 1.090719e-005
line imp.     = 0.000000e+000

ref. port     = 0

0.000000e+000  0.000000e+000  0.000000e+000  0.000000e+000  0.000000e+000  0.000000e+000  0.000000e+000  0.000000e+000  0.000000e+000  0.000000e+000  0.000000e+000  
1.954827e+003  1.954822e+003  1.954812e+003  1.954788e+003  1.954725e+003  1.954583e+003  1.954231e+003  1.953377e+003  1.951775e+003  1.947123e+003  0.000000e+000  
3.883657e+003  3.883648e+003  3.883629e+003  3.883585e+003  3.883470e+003  3.883226e+003  3.882700e+003  3.881759e+003  3.880616e+003  3.879004e+003  0.000000e+000  
5.760841e+003  5.760828e+003  5.760802e+003  5.760743e+003  5.760593e+003  5.760296e+003  5.759740e+003  5.758980e+003  5.758306e+003  5.757692e+003  0.000000e+000  
8.952621e+003  8.952606e+003  8.952574e+003  8.952502e+003  8.952334e+003  8.952042e+003  8.951609e+003  8.951191e+003  8.950908e+003  8.950718e+003  0.000000e+000  
1.197846e+004  1.197844e+004  1.197841e+004  1.197834e+004  1.197819e+004  1.197796e+004  1.197767e+004  1.197745e+004  1.197732e+004  1.197725e+004  0.000000e+000  
1.439397e+004  1.439395e+004  1.439393e+004  1.439387e+004  1.439375e+004  1.439358e+004  1.439340e+004  1.439327e+004  1.439321e+004  1.439317e+004  0.000000e+000  
1.607606e+004  1.607605e+004  1.607603e+004  1.607599e+004  1.607590e+004  1.607578e+004  1.607566e+004  1.607558e+004  1.607555e+004  1.607552e+004  0.000000e+000  
1.693900e+004  1.693899e+004  1.693898e+004  1.693895e+004  1.693890e+004  1.693882e+004  1.693873e+004  1.693868e+004  1.693866e+004  1.693864e+004  0.000000e+000  
1.693881e+004  1.693881e+004  1.693880e+004  1.693879e+004  1.693876e+004  1.693871e+004  1.693864e+004  1.693860e+004  1.693858e+004  1.693857e+004  0.000000e+000  
1.607548e+004  1.607548e+004  1.607549e+004  1.607550e+004  1.607550e+004  1.607546e+004  1.607540e+004  1.607535e+004  1.607533e+004  1.607531e+004  0.000000e+000  
1.439297e+004  1.439299e+004  1.439302e+004  1.439308e+004  1.439312e+004  1.439310e+004  1.439301e+004  1.439293e+004  1.439289e+004  1.439286e+004  0.000000e+000  
1.197696e+004  1.197702e+004  1.197712e+004  1.197726e+004  1.197738e+004  1.197737e+004  1.197721e+004  1.197706e+004  1.197696e+004  1.197689e+004  0.000000e+000  
8.950435e+003  8.950608e+003  8.950856e+003  8.951198e+003  8.951453e+003  8.951443e+003  8.951171e+003  8.950819e+003  8.950566e+003  8.950391e+003  0.000000e+000  
5.757478e+003  5.758080e+003  5.758726e+003  5.759425e+003  5.759826e+003  5.759820e+003  5.759409e+003  5.758705e+003  5.758056e+003  5.757453e+003  0.000000e+000  
3.878852e+003  3.880455e+003  3.881578e+003  3.882473e+003  3.882880e+003  3.882877e+003  3.882463e+003  3.881564e+003  3.880439e+003  3.878836e+003  0.000000e+000  
1.947044e+003  1.951691e+003  1.953283e+003  1.954112e+003  1.954399e+003  1.954397e+003  1.954107e+003  1.953276e+003  1.951684e+003  1.947036e+003  0.000000e+000  
0.000000e+000  0.000000e+000  0.000000e+000  0.000000e+000  0.000000e+000  0.000000e+000  0.000000e+000  0.000000e+000  0.000000e+000  0.000000e+000  0.000000e+000  

0.000000e+000  -1.910736e-001  -3.844642e-001  -5.829450e-001  -9.650114e-001  -1.456535e+000  -2.152852e+000  -3.335274e+000  -4.782728e+000  -7.774502e+000  0.000000e+000  
0.000000e+000  -1.862340e-001  -3.743010e-001  -5.663651e-001  -9.316887e-001  -1.384610e+000  -1.967453e+000  -2.730270e+000  -3.187441e+000  -3.141165e+000  0.000000e+000  
0.000000e+000  -1.771005e-001  -3.551951e-001  -5.354188e-001  -8.709450e-001  -1.260928e+000  -1.690419e+000  -2.063529e+000  -2.049087e+000  -1.535583e+000  0.000000e+000  
0.000000e+000  -1.596106e-001  -3.188347e-001  -4.771693e-001  -7.599454e-001  -1.049837e+000  -1.279712e+000  -1.308365e+000  -1.109025e+000  -6.773092e-001  0.000000e+000  
0.000000e+000  -1.302506e-001  -2.586681e-001  -3.832380e-001  -5.920894e-001  -7.715393e-001  -8.511011e-001  -7.507251e-001  -5.795238e-001  -3.214487e-001  0.000000e+000  
0.000000e+000  -1.000165e-001  -1.974810e-001  -2.897167e-001  -4.358139e-001  -5.407435e-001  -5.540894e-001  -4.463401e-001  -3.289264e-001  -1.754554e-001  0.000000e+000  
0.000000e+000  -7.438117e-002  -1.460998e-001  -2.124868e-001  -3.122103e-001  -3.724299e-001  -3.620888e-001  -2.761095e-001  -1.985743e-001  -1.040539e-001  0.000000e+000  
0.000000e+000  -5.507220e-002  -1.075326e-001  -1.548893e-001  -2.218265e-001  -2.545072e-001  -2.364887e-001  -1.733118e-001  -1.226423e-001  -6.357645e-002  0.000000e+000  
0.000000e+000  -4.287965e-002  -8.287978e-002  -1.174341e-001  -1.610316e-001  -1.734584e-001  -1.505314e-001  -1.044912e-001  -7.236479e-002  -3.699966e-002  0.000000e+000  
0.000000e+000  -3.944235e-002  -7.469705e-002  -1.023507e-001  -1.277212e-001  -1.183266e-001  -8.456194e-002  -4.849491e-002  -3.070529e-002  -1.474826e-002  0.000000e+000  
0.000000e+000  -4.990768e-002  -9.159213e-002  -1.190504e-001  -1.256686e-001  -8.112530e-002  -1.979280e-002  1.579943e-002  1.948225e-002  1.284654e-002  0.000000e+000  
0.000000e+000  -8.907565e-002  -1.578756e-001  -1.942269e-001  -1.701113e-001  -5.629460e-002  6.919741e-002  1.226313e-001  1.078852e-001  6.338703e-002  0.000000e+000  
0.000000e+000  -2.007465e-001  -3.394099e-001  -3.940200e-001  -2.955323e-001  -4.007412e-002  2.237036e-001  3.430703e-001  3.038386e-001  1.824688e-001  0.000000e+000  
0.000000e+000  -5.248286e-001  -8.040224e-001  -8.509009e-001  -5.472864e-001  -3.038744e-002  4.928224e-001  8.122723e-001  7.770541e-001  5.109716e-001  0.000000e+000  
0.000000e+000  -1.364647e+000  -1.705811e+000  -1.545086e+000  -8.431349e-001  -2.624018e-002  7.961065e-001  1.511733e+000  1.682528e+000  1.352683e+000  0.000000e+000  
0.000000e+000  -2.960721e+000  -2.824240e+000  -2.179682e+000  -1.057668e+000  -2.433018e-002  1.014062e+000  2.148758e+000  2.802652e+000  2.949631e+000  0.000000e+000  
0.000000e+000  -7.589248e+000  -4.409021e+000  -2.767531e+000  -1.208889e+000  -2.339382e-002  1.166962e+000  2.737797e+000  4.388266e+000  7.578591e+000  0.000000e+000  
0.000000e+000  0.000000e+000  0.000000e+000  0.000000e+000  0.000000e+000  0.000000e+000  0.000000e+000  0.000000e+000  0.000000e+000  0.000000e+000  0.000000e+000  

0.000000e+000  0.000000e+000  0.000000e+000  0.000000e+000  0.000000e+000  0.000000e+000  0.000000e+000  0.000000e+000  0.000000e+000  0.000000e+000  0.000000e+000  
0.000000e+000  0.000000e+000  0.000000e+000  0.000000e+000  0.000000e+000  0.000000e+000  0.000000e+000  0.000000e+000  0.000000e+000  0.000000e+000  0.000000e+000  
0.000000e+000  0.000000e+000  0.000000e+000  0.000000e+000  0.000000e+000  0.000000e+000  0.000000e+000  0.000000e+000  0.000000e+000  0.000000e+000  0.000000e+000  
0.000000e+000  0.000000e+000  0.000000e+000  0.000000e+000  0.000000e+000  0.000000e+000  0.000000e+000  0.000000e+000  0.000000e+000  0.000000e+000  0.000000e+000  
0.000000e+000  0.000000e+000  0.000000e+000  0.000000e+000  0.000000e+000  0.000000e+000  0.000000e+000  0.000000e+000  0.000000e+000  0.000000e+000  0.000000e+000  
0.000000e+000  0.000000e+000  0.000000e+000  0.000000e+000  0.000000e+000  0.000000e+000  0.000000e+000  0.000000e+000  0.000000e+000  0.000000e+000  0.000000e+000  
0.000000e+000  0.000000e+000  0.000000e+000  0.000000e+000  0.000000e+000  0.000000e+000  0.000000e+000  0.000000e+000  0.000000e+000  0.000000e+000  0.000000e+000  
0.000000e+000  0.000000e+000  0.000000e+000  0.000000e+000  0.000000e+000  0.000000e+000  0.000000e+000  0.000000e+000  0.000000e+000  0.000000e+000  0.000000e+000  
0.000000e+000  0.000000e+000  0.000000e+000  0.000000e+000  0.000000e+000  0.000000e+000  0.000000e+000  0.000000e+000  0.000000e+000  0.000000e+000  0.000000e+000  
0.000000e+000  0.000000e+000  0.000000e+000  0.000000e+000  0.000000e+000  0.000000e+000  0.000000e+000  0.000000e+000  0.000000e+000  0.000000e+000  0.000000e+000  
0.000000e+000  0.000000e+000  0.000000e+000  0.000000e+000  0.000000e+000  0.000000e+000  0.000000e+000  0.000000e+000  0.000000e+000  0.000000e+000  0.000000e+000  
0.000000e+000  0.000000e+000  0.000000e+000  0.000000e+000  0.000000e+000  0.000000e+000  0.000000e+000  0.000000e+000  0.000000e+000  0.000000e+000  0.000000e+000  
0.000000e+000  0.000000e+000  0.000000e+000  0.000000e+000  0.000000e+000  0.000000e+000  0.000000e+000  0.000000e+000  0.000000e+000  0.000000e+000  0.000000e+000  
0.000000e+000  0.000000e+000  0.000000e+000  0.000000e+000  0.000000e+000  0.000000e+000  0.000000e+000  0.000000e+000  0.000000e+000  0.000000e+000  0.000000e+000  
0.000000e+000  0.000000e+000  0.000000e+000  0.000000e+000  0.000000e+000  0.000000e+000  0.000000e+000  0.000000e+000  0.000000e+000  0.000000e+000  0.000000e+000  
0.000000e+000  0.000000e+000  0.000000e+000  0.000000e+000  0.000000e+000  0.000000e+000  0.000000e+000  0.000000e+000  0.000000e+000  0.000000e+000  0.000000e+000  
0.000000e+000  0.000000e+000  0.000000e+000  0.000000e+000  0.000000e+000  0.000000e+000  0.000000e+000  0.000000e+000  0.000000e+000  0.000000e+000  0.000000e+000  
0.000000e+000  0.000000e+000  0.000000e+000  0.000000e+000  0.000000e+000  0.000000e+000  0.000000e+000  0.000000e+000  0.000000e+000  0.000000e+000  0.000000e+000  

0.000000e+000  0.000000e+000  0.000000e+000  0.000000e+000  0.000000e+000  0.000000e+000  0.000000e+000  0.000000e+000  0.000000e+000  0.000000e+000  0.000000e+000  
0.000000e+000  0.000000e+000  0.000000e+000  0.000000e+000  0.000000e+000  0.000000e+000  0.000000e+000  0.000000e+000  0.000000e+000  0.000000e+000  0.000000e+000  
0.000000e+000  0.000000e+000  0.000000e+000  0.000000e+000  0.000000e+000  0.000000e+000  0.000000e+000  0.000000e+000  0.000000e+000  0.000000e+000  0.000000e+000  
0.000000e+000  0.000000e+000  0.000000e+000  0.000000e+000  0.000000e+000  0.000000e+000  0.000000e+000  0.000000e+000  0.000000e+000  0.000000e+000  0.000000e+000  
0.000000e+000  0.000000e+000  0.000000e+000  0.000000e+000  0.000000e+000  0.000000e+000  0.000000e+000  0.000000e+000  0.000000e+000  0.000000e+000  0.000000e+000  
0.000000e+000  0.000000e+000  0.000000e+000  0.000000e+000  0.000000e+000  0.000000e+000  0.000000e+000  0.000000e+000  0.000000e+000  0.000000e+000  0.000000e+000  
0.000000e+000  0.000000e+000  0.000000e+000  0.000000e+000  0.000000e+000  0.000000e+000  0.000000e+000  0.000000e+000  0.000000e+000  0.000000e+000  0.000000e+000  
0.000000e+000  0.000000e+000  0.000000e+000  0.000000e+000  0.000000e+000  0.000000e+000  0.000000e+000  0.000000e+000  0.000000e+000  0.000000e+000  0.000000e+000  
0.000000e+000  0.000000e+000  0.000000e+000  0.000000e+000  0.000000e+000  0.000000e+000  0.000000e+000  0.000000e+000  0.000000e+000  0.000000e+000  0.000000e+000  
0.000000e+000  0.000000e+000  0.000000e+000  0.000000e+000  0.000000e+000  0.000000e+000  0.000000e+000  0.000000e+000  0.000000e+000  0.000000e+000  0.000000e+000  
0.000000e+000  0.000000e+000  0.000000e+000  0.000000e+000  0.000000e+000  0.000000e+000  0.000000e+000  0.000000e+000  0.000000e+000  0.000000e+000  0.000000e+000  
0.000000e+000  0.000000e+000  0.000000e+000  0.000000e+000  0.000000e+000  0.000000e+000  0.000000e+000  0.000000e+000  0.000000e+000  0.000000e+000  0.000000e+000  
0.000000e+000  0.000000e+000  0.000000e+000  0.000000e+000  0.000000e+000  0.000000e+000  0.000000e+000  0.000000e+000  0.000000e+000  0.000000e+000  0.000000e+000  
0.000000e+000  0.000000e+000  0.000000e+000  0.000000e+000  0.000000e+000  0.000000e+000  0.000000e+000  0.000000e+000  0.000000e+000  0.000000e+000  0.000000e+000  
0.000000e+000  0.000000e+000  0.000000e+000  0.000000e+000  0.000000e+000  0.000000e+000  0.000000e+000  0.000000e+000  0.000000e+000  0.000000e+000  0.000000e+000  
0.000000e+000  0.000000e+000  0.000000e+000  0.000000e+000  0.000000e+000  0.000000e+000  0.000000e+000  0.000000e+000  0.000000e+000  0.000000e+000  0.000000e+000  
0.000000e+000  0.000000e+000  0.000000e+000  0.000000e+000  0.000000e+000  0.000000e+000  0.000000e+000  0.000000e+000  0.000000e+000  0.000000e+000  0.000000e+000  
0.000000e+000  0.000000e+000  0.000000e+000  0.000000e+000  0.000000e+000  0.000000e+000  0.000000e+000  0.000000e+000  0.000000e+000  0.000000e+000  0.000000e+000  

0.000000e+000  0.000000e+000  0.000000e+000  0.000000e+000  0.000000e+000  0.000000e+000  0.000000e+000  0.000000e+000  0.000000e+000  0.000000e+000  0.000000e+000  
0.000000e+000  0.000000e+000  0.000000e+000  0.000000e+000  0.000000e+000  0.000000e+000  0.000000e+000  0.000000e+000  0.000000e+000  0.000000e+000  0.000000e+000  
0.000000e+000  0.000000e+000  0.000000e+000  0.000000e+000  0.000000e+000  0.000000e+000  0.000000e+000  0.000000e+000  0.000000e+000  0.000000e+000  0.000000e+000  
0.000000e+000  0.000000e+000  0.000000e+000  0.000000e+000  0.000000e+000  0.000000e+000  0.000000e+000  0.000000e+000  0.000000e+000  0.000000e+000  0.000000e+000  
0.000000e+000  0.000000e+000  0.000000e+000  0.000000e+000  0.000000e+000  0.000000e+000  0.000000e+000  0.000000e+000  0.000000e+000  0.000000e+000  0.000000e+000  
0.000000e+000  0.000000e+000  0.000000e+000  0.000000e+000  0.000000e+000  0.000000e+000  0.000000e+000  0.000000e+000  0.000000e+000  0.000000e+000  0.000000e+000  
0.000000e+000  0.000000e+000  0.000000e+000  0.000000e+000  0.000000e+000  0.000000e+000  0.000000e+000  0.000000e+000  0.000000e+000  0.000000e+000  0.000000e+000  
0.000000e+000  0.000000e+000  0.000000e+000  0.000000e+000  0.000000e+000  0.000000e+000  0.000000e+000  0.000000e+000  0.000000e+000  0.000000e+000  0.000000e+000  
0.000000e+000  0.000000e+000  0.000000e+000  0.000000e+000  0.000000e+000  0.000000e+000  0.000000e+000  0.000000e+000  0.000000e+000  0.000000e+000  0.000000e+000  
0.000000e+000  0.000000e+000  0.000000e+000  0.000000e+000  0.000000e+000  0.000000e+000  0.000000e+000  0.000000e+000  0.000000e+000  0.000000e+000  0.000000e+000  
0.000000e+000  0.000000e+000  0.000000e+000  0.000000e+000  0.000000e+000  0.000000e+000  0.000000e+000  0.000000e+000  0.000000e+000  0.000000e+000  0.000000e+000  
0.000000e+000  0.000000e+000  0.000000e+000  0.000000e+000  0.000000e+000  0.000000e+000  0.000000e+000  0.000000e+000  0.000000e+000  0.000000e+000  0.000000e+000  
0.000000e+000  0.000000e+000  0.000000e+000  0.000000e+000  0.000000e+000  0.000000e+000  0.000000e+000  0.000000e+000  0.000000e+000  0.000000e+000  0.000000e+000  
0.000000e+000  0.000000e+000  0.000000e+000  0.000000e+000  0.000000e+000  0.000000e+000  0.000000e+000  0.000000e+000  0.000000e+000  0.000000e+000  0.000000e+000  
0.000000e+000  0.000000e+000  0.000000e+000  0.000000e+000  0.000000e+000  0.000000e+000  0.000000e+000  0.000000e+000  0.000000e+000  0.000000e+000  0.000000e+000  
0.000000e+000  0.000000e+000  0.000000e+000  0.000000e+000  0.000000e+000  0.000000e+000  0.000000e+000  0.000000e+000  0.000000e+000  0.000000e+000  0.000000e+000  
0.000000e+000  0.000000e+000  0.000000e+000  0.000000e+000  0.000000e+000  0.000000e+000  0.000000e+000  0.000000e+000  0.000000e+000  0.000000e+000  0.000000e+000  
0.000000e+000  0.000000e+000  0.000000e+000  0.000000e+000  0.000000e+000  0.000000e+000  0.000000e+000  0.000000e+000  0.000000e+000  0.000000e+000  0.000000e+000  

0.000000e+000  0.000000e+000  0.000000e+000  0.000000e+000  0.000000e+000  0.000000e+000  0.000000e+000  0.000000e+000  0.000000e+000  0.000000e+000  0.000000e+000  
0.000000e+000  6.648520e-007  -1.524448e-005  -9.805164e-006  -5.558007e-006  4.268737e-006  4.620379e-006  1.152198e-005  3.269885e-006  1.169607e-005  0.000000e+000  
0.000000e+000  -1.309543e-005  -1.665010e-005  -2.156073e-005  -7.467722e-006  -1.207718e-006  8.482626e-006  1.750836e-005  2.489581e-005  -9.511415e-007  0.000000e+000  
0.000000e+000  -1.481020e-005  -2.532596e-005  -4.318695e-005  -1.104984e-005  0.000000e+000  1.421785e-005  5.013235e-005  2.798392e-005  2.120610e-005  0.000000e+000  
0.000000e+000  -2.147189e-005  -5.143611e-005  -9.539388e-005  -2.619405e-005  3.141468e-006  2.978695e-005  9.819699e-005  5.681685e-005  2.486613e-005  0.000000e+000  
0.000000e+000  -1.178717e-005  -2.495792e-005  -3.478095e-005  2.958446e-005  3.100098e-006  -2.117930e-005  3.823836e-005  3.213341e-005  1.848217e-005  0.000000e+000  
0.000000e+000  -3.263297e-006  -1.034847e-005  -1.336669e-005  5.611686e-005  4.542989e-007  -5.504861e-005  2.042120e-005  1.102541e-005  4.489996e-007  0.000000e+000  
0.000000e+000  -4.457005e-006  -4.277853e-006  -2.681347e-006  6.912155e-005  -1.406008e-006  -7.016202e-005  3.284462e-006  6.546659e-006  4.314573e-006  0.000000e+000  
0.000000e+000  2.536634e-006  -3.179798e-006  -4.593528e-006  7.499957e-005  -1.174396e-006  -7.747901e-005  4.613127e-006  1.329452e-006  -4.067614e-007  0.000000e+000  
0.000000e+000  -5.118495e-006  -3.166410e-006  -2.242854e-006  7.615115e-005  -2.124319e-006  -7.620029e-005  -1.959089e-007  1.653845e-006  1.295524e-006  0.000000e+000  
0.000000e+000  -1.518960e-006  -6.832897e-006  -6.276551e-006  6.620822e-005  1.143805e-006  -7.115571e-005  3.252936e-006  4.280852e-006  6.200196e-006  0.000000e+000  
0.000000e+000  -4.230589e-006  -1.363064e-005  -2.076789e-005  5.027604e-005  -2.441489e-006  -5.410576e-005  1.769895e-005  1.081636e-005  4.898151e-006  0.000000e+000  
0.000000e+000  -1.352199e-005  -3.068784e-005  -3.847111e-005  2.079381e-005  -1.780674e-007  -2.569103e-005  4.006085e-005  2.654102e-005  1.504915e-005  0.000000e+000  
0.000000e+000  -2.590037e-005  -5.312411e-005  -9.609370e-005  -2.708673e-005  8.148839e-007  3.060414e-005  9.628950e-005  5.398549e-005  2.728841e-005  0.000000e+000  
0.000000e+000  -1.155381e-005  -3.811757e-005  -4.449571e-005  -1.365726e-005  7.054835e-006  1.471228e-005  4.618885e-005  2.846141e-005  1.847439e-005  0.000000e+000  
0.000000e+000  -9.139128e-006  -1.923080e-005  -2.386242e-005  -8.253685e-006  -2.281398e-006  1.150515e-005  1.960774e-005  2.936040e-005  3.791366e-006  0.000000e+000  
0.000000e+000  -1.249391e-005  3.305225e-006  -1.283350e-005  -1.481388e-006  -2.061809e-006  5.504656e-006  1.894397e-005  -3.401162e-006  1.107077e-005  0.000000e+000  
0.000000e+000  0.000000e+000  0.000000e+000  0.000000e+000  0.000000e+000  0.000000e+000  0.000000e+000  0.000000e+000  0.000000e+000  0.000000e+000  0.000000e+000  

