Port monitor named: Port1_h1[100].prt

nx        = 62
ny        = 35
nz        = 102

nu        = 21
nv        = 11
iu        = 13
iv        = 13

idir      = 2
dcut      = 7.500000e-003
icut      = 98
type      = 1
frequency = 1.000000e+011

fcutoff   = 5.894644e+010
alpha     = 0.000000e+000
beta      = 1.691977e+003
accuracy  = 3.558743e-010

type          = TE
wave imp.     = 4.666543e+002
wave imp.sig. = 1.245286e-005
line imp.     = 0.000000e+000

ref. port     = 0

0.000000e+000  -4.198862e+000  -8.341501e+000  -1.237244e+001  -1.925378e+001  -2.576307e+001  -3.093893e+001  -3.429103e+001  -3.549552e+001  -3.622465e+001  -3.646864e+001  -3.622423e+001  -3.549468e+001  -3.428975e+001  -3.093682e+001  -2.575989e+001  -1.924911e+001  -1.236525e+001  -8.331214e+000  -4.182182e+000  0.000000e+000  
0.000000e+000  -4.198852e+000  -8.341481e+000  -1.237242e+001  -1.925374e+001  -2.576304e+001  -3.093890e+001  -3.429101e+001  -3.549551e+001  -3.622464e+001  -3.646863e+001  -3.622423e+001  -3.549468e+001  -3.428976e+001  -3.093686e+001  -2.576002e+001  -1.924948e+001  -1.236653e+001  -8.334631e+000  -4.192124e+000  0.000000e+000  
0.000000e+000  -4.198830e+000  -8.341440e+000  -1.237236e+001  -1.925368e+001  -2.576297e+001  -3.093885e+001  -3.429097e+001  -3.549547e+001  -3.622461e+001  -3.646862e+001  -3.622422e+001  -3.549468e+001  -3.428978e+001  -3.093693e+001  -2.576021e+001  -1.925000e+001  -1.236791e+001  -8.337033e+000  -4.195539e+000  0.000000e+000  
0.000000e+000  -4.198780e+000  -8.341346e+000  -1.237223e+001  -1.925352e+001  -2.576283e+001  -3.093873e+001  -3.429088e+001  -3.549540e+001  -3.622455e+001  -3.646857e+001  -3.622420e+001  -3.549469e+001  -3.428981e+001  -3.093704e+001  -2.576052e+001  -1.925073e+001  -1.236940e+001  -8.338955e+000  -4.197324e+000  0.000000e+000  
0.000000e+000  -4.198643e+000  -8.341098e+000  -1.237191e+001  -1.925316e+001  -2.576250e+001  -3.093847e+001  -3.429068e+001  -3.549524e+001  -3.622442e+001  -3.646848e+001  -3.622413e+001  -3.549465e+001  -3.428981e+001  -3.093713e+001  -2.576077e+001  -1.925127e+001  -1.237026e+001  -8.339829e+000  -4.197942e+000  0.000000e+000  
0.000000e+000  -4.198337e+000  -8.340572e+000  -1.237127e+001  -1.925253e+001  -2.576201e+001  -3.093811e+001  -3.429042e+001  -3.549502e+001  -3.622425e+001  -3.646833e+001  -3.622401e+001  -3.549455e+001  -3.428974e+001  -3.093708e+001  -2.576074e+001  -1.925125e+001  -1.237025e+001  -8.339821e+000  -4.197938e+000  0.000000e+000  
0.000000e+000  -4.197580e+000  -8.339442e+000  -1.237008e+001  -1.925161e+001  -2.576139e+001  -3.093771e+001  -3.429016e+001  -3.549480e+001  -3.622407e+001  -3.646818e+001  -3.622387e+001  -3.549442e+001  -3.428960e+001  -3.093690e+001  -2.576042e+001  -1.925067e+001  -1.236937e+001  -8.338933e+000  -4.197313e+000  0.000000e+000  
0.000000e+000  -4.195742e+000  -8.337423e+000  -1.236845e+001  -1.925072e+001  -2.576093e+001  -3.093745e+001  -3.428999e+001  -3.549467e+001  -3.622396e+001  -3.646808e+001  -3.622378e+001  -3.549433e+001  -3.428950e+001  -3.093673e+001  -2.576008e+001  -1.924992e+001  -1.236786e+001  -8.337004e+000  -4.195525e+000  0.000000e+000  
0.000000e+000  -4.192305e+000  -8.334978e+000  -1.236701e+001  -1.925012e+001  -2.576065e+001  -3.093731e+001  -3.428991e+001  -3.549461e+001  -3.622390e+001  -3.646804e+001  -3.622374e+001  -3.549428e+001  -3.428944e+001  -3.093664e+001  -2.575987e+001  -1.924939e+001  -1.236648e+001  -8.334599e+000  -4.192108e+000  0.000000e+000  
0.000000e+000  -4.182353e+000  -8.331540e+000  -1.236571e+001  -1.924972e+001  -2.576050e+001  -3.093723e+001  -3.428986e+001  -3.549457e+001  -3.622387e+001  -3.646801e+001  -3.622371e+001  -3.549426e+001  -3.428941e+001  -3.093658e+001  -2.575974e+001  -1.924902e+001  -1.236520e+001  -8.331179e+000  -4.182165e+000  0.000000e+000  
0.000000e+000  0.000000e+000  0.000000e+000  0.000000e+000  0.000000e+000  0.000000e+000  0.000000e+000  0.000000e+000  0.000000e+000  0.000000e+000  0.000000e+000  0.000000e+000  0.000000e+000  0.000000e+000  0.000000e+000  0.000000e+000  0.000000e+000  0.000000e+000  0.000000e+000  0.000000e+000  0.000000e+000  

0.000000e+000  0.000000e+000  0.000000e+000  0.000000e+000  0.000000e+000  0.000000e+000  0.000000e+000  0.000000e+000  0.000000e+000  0.000000e+000  0.000000e+000  0.000000e+000  0.000000e+000  0.000000e+000  0.000000e+000  0.000000e+000  0.000000e+000  0.000000e+000  0.000000e+000  0.000000e+000  0.000000e+000  
-4.099620e-004  -3.992126e-004  -3.797498e-004  -3.416660e-004  -2.777333e-004  -2.124662e-004  -1.592085e-004  -1.287302e-004  -1.113266e-004  -9.741306e-005  -8.884652e-005  -8.497041e-005  -8.874758e-005  -1.070096e-004  -1.868173e-004  -4.237550e-004  -1.113900e-003  -2.911521e-003  -6.328367e-003  -1.627023e-002  0.000000e+000  
-8.246305e-004  -8.029352e-004  -7.612312e-004  -6.826544e-004  -5.514138e-004  -4.194625e-004  -3.126311e-004  -2.521540e-004  -2.163688e-004  -1.895559e-004  -1.704417e-004  -1.624263e-004  -1.664140e-004  -1.964921e-004  -3.313349e-004  -7.172665e-004  -1.708990e-003  -3.645245e-003  -6.047467e-003  -9.462094e-003  0.000000e+000  
-1.250418e-003  -1.214612e-003  -1.147877e-003  -1.021768e-003  -8.165504e-004  -6.154443e-004  -4.545721e-004  -3.639956e-004  -3.112967e-004  -2.695468e-004  -2.403618e-004  -2.244213e-004  -2.251261e-004  -2.556058e-004  -4.079170e-004  -8.339850e-004  -1.810652e-003  -3.305805e-003  -4.672479e-003  -5.942120e-003  0.000000e+000  
-2.070522e-003  -1.998457e-003  -1.866894e-003  -1.626121e-003  -1.261845e-003  -9.247894e-004  -6.688902e-004  -5.265880e-004  -4.428094e-004  -3.753772e-004  -3.236377e-004  -2.876906e-004  -2.686083e-004  -2.691878e-004  -3.590240e-004  -6.267139e-004  -1.166996e-003  -1.805759e-003  -2.268854e-003  -2.595914e-003  0.000000e+000  
-3.126063e-003  -2.970450e-003  -2.702894e-003  -2.245449e-003  -1.643509e-003  -1.146155e-003  -7.987112e-004  -6.125687e-004  -5.032450e-004  -4.131851e-004  -3.392953e-004  -2.788972e-004  -2.296097e-004  -1.731516e-004  -1.211947e-004  -8.591961e-005  -6.496361e-005  -5.598594e-005  -5.188506e-005  -4.985809e-005  0.000000e+000  
-4.621807e-003  -4.220721e-003  -3.622358e-003  -2.734429e-003  -1.810836e-003  -1.172515e-003  -7.771474e-004  -5.779936e-004  -4.627195e-004  -3.671692e-004  -2.855708e-004  -2.126834e-004  -1.431319e-004  -4.133460e-005  1.418092e-004  4.726874e-004  1.050567e-003  1.705436e-003  2.175855e-003  2.506563e-003  0.000000e+000  
-7.160494e-003  -5.853556e-003  -4.417422e-003  -2.789932e-003  -1.594663e-003  -9.424025e-004  -5.932136e-004  -4.292603e-004  -3.362128e-004  -2.597085e-004  -1.931964e-004  -1.312436e-004  -6.739674e-005  3.529497e-005  2.537823e-004  7.247037e-004  1.728125e-003  3.234675e-003  4.606441e-003  5.878816e-003  0.000000e+000  
-1.026396e-002  -6.826749e-003  -4.381124e-003  -2.361970e-003  -1.229378e-003  -6.940843e-004  -4.264601e-004  -3.051111e-004  -2.371957e-004  -1.810126e-004  -1.326086e-004  -8.617510e-005  -3.791057e-005  4.260691e-005  2.237187e-004  6.409870e-004  1.651343e-003  3.595581e-003  6.001429e-003  9.417882e-003  0.000000e+000  
-1.666782e-002  -6.715344e-003  -3.278038e-003  -1.440388e-003  -6.812142e-004  -3.700574e-004  -2.234229e-004  -1.586979e-004  -1.224774e-004  -9.320935e-005  -6.710279e-005  -4.280388e-005  -1.627342e-005  2.791344e-005  1.315208e-004  3.845686e-004  1.084303e-003  2.885975e-003  6.304708e-003  1.624754e-002  0.000000e+000  
0.000000e+000  0.000000e+000  0.000000e+000  0.000000e+000  0.000000e+000  0.000000e+000  0.000000e+000  0.000000e+000  0.000000e+000  0.000000e+000  0.000000e+000  0.000000e+000  0.000000e+000  0.000000e+000  0.000000e+000  0.000000e+000  0.000000e+000  0.000000e+000  0.000000e+000  0.000000e+000  0.000000e+000  

0.000000e+000  0.000000e+000  0.000000e+000  0.000000e+000  0.000000e+000  0.000000e+000  0.000000e+000  0.000000e+000  0.000000e+000  0.000000e+000  0.000000e+000  0.000000e+000  0.000000e+000  0.000000e+000  0.000000e+000  0.000000e+000  0.000000e+000  0.000000e+000  0.000000e+000  0.000000e+000  0.000000e+000  
0.000000e+000  0.000000e+000  0.000000e+000  0.000000e+000  0.000000e+000  0.000000e+000  0.000000e+000  0.000000e+000  0.000000e+000  0.000000e+000  0.000000e+000  0.000000e+000  0.000000e+000  0.000000e+000  0.000000e+000  0.000000e+000  0.000000e+000  0.000000e+000  0.000000e+000  0.000000e+000  0.000000e+000  
0.000000e+000  0.000000e+000  0.000000e+000  0.000000e+000  0.000000e+000  0.000000e+000  0.000000e+000  0.000000e+000  0.000000e+000  0.000000e+000  0.000000e+000  0.000000e+000  0.000000e+000  0.000000e+000  0.000000e+000  0.000000e+000  0.000000e+000  0.000000e+000  0.000000e+000  0.000000e+000  0.000000e+000  
0.000000e+000  0.000000e+000  0.000000e+000  0.000000e+000  0.000000e+000  0.000000e+000  0.000000e+000  0.000000e+000  0.000000e+000  0.000000e+000  0.000000e+000  0.000000e+000  0.000000e+000  0.000000e+000  0.000000e+000  0.000000e+000  0.000000e+000  0.000000e+000  0.000000e+000  0.000000e+000  0.000000e+000  
0.000000e+000  0.000000e+000  0.000000e+000  0.000000e+000  0.000000e+000  0.000000e+000  0.000000e+000  0.000000e+000  0.000000e+000  0.000000e+000  0.000000e+000  0.000000e+000  0.000000e+000  0.000000e+000  0.000000e+000  0.000000e+000  0.000000e+000  0.000000e+000  0.000000e+000  0.000000e+000  0.000000e+000  
0.000000e+000  0.000000e+000  0.000000e+000  0.000000e+000  0.000000e+000  0.000000e+000  0.000000e+000  0.000000e+000  0.000000e+000  0.000000e+000  0.000000e+000  0.000000e+000  0.000000e+000  0.000000e+000  0.000000e+000  0.000000e+000  0.000000e+000  0.000000e+000  0.000000e+000  0.000000e+000  0.000000e+000  
0.000000e+000  0.000000e+000  0.000000e+000  0.000000e+000  0.000000e+000  0.000000e+000  0.000000e+000  0.000000e+000  0.000000e+000  0.000000e+000  0.000000e+000  0.000000e+000  0.000000e+000  0.000000e+000  0.000000e+000  0.000000e+000  0.000000e+000  0.000000e+000  0.000000e+000  0.000000e+000  0.000000e+000  
0.000000e+000  0.000000e+000  0.000000e+000  0.000000e+000  0.000000e+000  0.000000e+000  0.000000e+000  0.000000e+000  0.000000e+000  0.000000e+000  0.000000e+000  0.000000e+000  0.000000e+000  0.000000e+000  0.000000e+000  0.000000e+000  0.000000e+000  0.000000e+000  0.000000e+000  0.000000e+000  0.000000e+000  
0.000000e+000  0.000000e+000  0.000000e+000  0.000000e+000  0.000000e+000  0.000000e+000  0.000000e+000  0.000000e+000  0.000000e+000  0.000000e+000  0.000000e+000  0.000000e+000  0.000000e+000  0.000000e+000  0.000000e+000  0.000000e+000  0.000000e+000  0.000000e+000  0.000000e+000  0.000000e+000  0.000000e+000  
0.000000e+000  0.000000e+000  0.000000e+000  0.000000e+000  0.000000e+000  0.000000e+000  0.000000e+000  0.000000e+000  0.000000e+000  0.000000e+000  0.000000e+000  0.000000e+000  0.000000e+000  0.000000e+000  0.000000e+000  0.000000e+000  0.000000e+000  0.000000e+000  0.000000e+000  0.000000e+000  0.000000e+000  
0.000000e+000  0.000000e+000  0.000000e+000  0.000000e+000  0.000000e+000  0.000000e+000  0.000000e+000  0.000000e+000  0.000000e+000  0.000000e+000  0.000000e+000  0.000000e+000  0.000000e+000  0.000000e+000  0.000000e+000  0.000000e+000  0.000000e+000  0.000000e+000  0.000000e+000  0.000000e+000  0.000000e+000  

0.000000e+000  0.000000e+000  0.000000e+000  0.000000e+000  0.000000e+000  0.000000e+000  0.000000e+000  0.000000e+000  0.000000e+000  0.000000e+000  0.000000e+000  0.000000e+000  0.000000e+000  0.000000e+000  0.000000e+000  0.000000e+000  0.000000e+000  0.000000e+000  0.000000e+000  0.000000e+000  0.000000e+000  
0.000000e+000  0.000000e+000  0.000000e+000  0.000000e+000  0.000000e+000  0.000000e+000  0.000000e+000  0.000000e+000  0.000000e+000  0.000000e+000  0.000000e+000  0.000000e+000  0.000000e+000  0.000000e+000  0.000000e+000  0.000000e+000  0.000000e+000  0.000000e+000  0.000000e+000  0.000000e+000  0.000000e+000  
0.000000e+000  0.000000e+000  0.000000e+000  0.000000e+000  0.000000e+000  0.000000e+000  0.000000e+000  0.000000e+000  0.000000e+000  0.000000e+000  0.000000e+000  0.000000e+000  0.000000e+000  0.000000e+000  0.000000e+000  0.000000e+000  0.000000e+000  0.000000e+000  0.000000e+000  0.000000e+000  0.000000e+000  
0.000000e+000  0.000000e+000  0.000000e+000  0.000000e+000  0.000000e+000  0.000000e+000  0.000000e+000  0.000000e+000  0.000000e+000  0.000000e+000  0.000000e+000  0.000000e+000  0.000000e+000  0.000000e+000  0.000000e+000  0.000000e+000  0.000000e+000  0.000000e+000  0.000000e+000  0.000000e+000  0.000000e+000  
0.000000e+000  0.000000e+000  0.000000e+000  0.000000e+000  0.000000e+000  0.000000e+000  0.000000e+000  0.000000e+000  0.000000e+000  0.000000e+000  0.000000e+000  0.000000e+000  0.000000e+000  0.000000e+000  0.000000e+000  0.000000e+000  0.000000e+000  0.000000e+000  0.000000e+000  0.000000e+000  0.000000e+000  
0.000000e+000  0.000000e+000  0.000000e+000  0.000000e+000  0.000000e+000  0.000000e+000  0.000000e+000  0.000000e+000  0.000000e+000  0.000000e+000  0.000000e+000  0.000000e+000  0.000000e+000  0.000000e+000  0.000000e+000  0.000000e+000  0.000000e+000  0.000000e+000  0.000000e+000  0.000000e+000  0.000000e+000  
0.000000e+000  0.000000e+000  0.000000e+000  0.000000e+000  0.000000e+000  0.000000e+000  0.000000e+000  0.000000e+000  0.000000e+000  0.000000e+000  0.000000e+000  0.000000e+000  0.000000e+000  0.000000e+000  0.000000e+000  0.000000e+000  0.000000e+000  0.000000e+000  0.000000e+000  0.000000e+000  0.000000e+000  
0.000000e+000  0.000000e+000  0.000000e+000  0.000000e+000  0.000000e+000  0.000000e+000  0.000000e+000  0.000000e+000  0.000000e+000  0.000000e+000  0.000000e+000  0.000000e+000  0.000000e+000  0.000000e+000  0.000000e+000  0.000000e+000  0.000000e+000  0.000000e+000  0.000000e+000  0.000000e+000  0.000000e+000  
0.000000e+000  0.000000e+000  0.000000e+000  0.000000e+000  0.000000e+000  0.000000e+000  0.000000e+000  0.000000e+000  0.000000e+000  0.000000e+000  0.000000e+000  0.000000e+000  0.000000e+000  0.000000e+000  0.000000e+000  0.000000e+000  0.000000e+000  0.000000e+000  0.000000e+000  0.000000e+000  0.000000e+000  
0.000000e+000  0.000000e+000  0.000000e+000  0.000000e+000  0.000000e+000  0.000000e+000  0.000000e+000  0.000000e+000  0.000000e+000  0.000000e+000  0.000000e+000  0.000000e+000  0.000000e+000  0.000000e+000  0.000000e+000  0.000000e+000  0.000000e+000  0.000000e+000  0.000000e+000  0.000000e+000  0.000000e+000  
0.000000e+000  0.000000e+000  0.000000e+000  0.000000e+000  0.000000e+000  0.000000e+000  0.000000e+000  0.000000e+000  0.000000e+000  0.000000e+000  0.000000e+000  0.000000e+000  0.000000e+000  0.000000e+000  0.000000e+000  0.000000e+000  0.000000e+000  0.000000e+000  0.000000e+000  0.000000e+000  0.000000e+000  

0.000000e+000  0.000000e+000  0.000000e+000  0.000000e+000  0.000000e+000  0.000000e+000  0.000000e+000  0.000000e+000  0.000000e+000  0.000000e+000  0.000000e+000  0.000000e+000  0.000000e+000  0.000000e+000  0.000000e+000  0.000000e+000  0.000000e+000  0.000000e+000  0.000000e+000  0.000000e+000  0.000000e+000  
0.000000e+000  0.000000e+000  0.000000e+000  0.000000e+000  0.000000e+000  0.000000e+000  0.000000e+000  0.000000e+000  0.000000e+000  0.000000e+000  0.000000e+000  0.000000e+000  0.000000e+000  0.000000e+000  0.000000e+000  0.000000e+000  0.000000e+000  0.000000e+000  0.000000e+000  0.000000e+000  0.000000e+000  
0.000000e+000  0.000000e+000  0.000000e+000  0.000000e+000  0.000000e+000  0.000000e+000  0.000000e+000  0.000000e+000  0.000000e+000  0.000000e+000  0.000000e+000  0.000000e+000  0.000000e+000  0.000000e+000  0.000000e+000  0.000000e+000  0.000000e+000  0.000000e+000  0.000000e+000  0.000000e+000  0.000000e+000  
0.000000e+000  0.000000e+000  0.000000e+000  0.000000e+000  0.000000e+000  0.000000e+000  0.000000e+000  0.000000e+000  0.000000e+000  0.000000e+000  0.000000e+000  0.000000e+000  0.000000e+000  0.000000e+000  0.000000e+000  0.000000e+000  0.000000e+000  0.000000e+000  0.000000e+000  0.000000e+000  0.000000e+000  
0.000000e+000  0.000000e+000  0.000000e+000  0.000000e+000  0.000000e+000  0.000000e+000  0.000000e+000  0.000000e+000  0.000000e+000  0.000000e+000  0.000000e+000  0.000000e+000  0.000000e+000  0.000000e+000  0.000000e+000  0.000000e+000  0.000000e+000  0.000000e+000  0.000000e+000  0.000000e+000  0.000000e+000  
0.000000e+000  0.000000e+000  0.000000e+000  0.000000e+000  0.000000e+000  0.000000e+000  0.000000e+000  0.000000e+000  0.000000e+000  0.000000e+000  0.000000e+000  0.000000e+000  0.000000e+000  0.000000e+000  0.000000e+000  0.000000e+000  0.000000e+000  0.000000e+000  0.000000e+000  0.000000e+000  0.000000e+000  
0.000000e+000  0.000000e+000  0.000000e+000  0.000000e+000  0.000000e+000  0.000000e+000  0.000000e+000  0.000000e+000  0.000000e+000  0.000000e+000  0.000000e+000  0.000000e+000  0.000000e+000  0.000000e+000  0.000000e+000  0.000000e+000  0.000000e+000  0.000000e+000  0.000000e+000  0.000000e+000  0.000000e+000  
0.000000e+000  0.000000e+000  0.000000e+000  0.000000e+000  0.000000e+000  0.000000e+000  0.000000e+000  0.000000e+000  0.000000e+000  0.000000e+000  0.000000e+000  0.000000e+000  0.000000e+000  0.000000e+000  0.000000e+000  0.000000e+000  0.000000e+000  0.000000e+000  0.000000e+000  0.000000e+000  0.000000e+000  
0.000000e+000  0.000000e+000  0.000000e+000  0.000000e+000  0.000000e+000  0.000000e+000  0.000000e+000  0.000000e+000  0.000000e+000  0.000000e+000  0.000000e+000  0.000000e+000  0.000000e+000  0.000000e+000  0.000000e+000  0.000000e+000  0.000000e+000  0.000000e+000  0.000000e+000  0.000000e+000  0.000000e+000  
0.000000e+000  0.000000e+000  0.000000e+000  0.000000e+000  0.000000e+000  0.000000e+000  0.000000e+000  0.000000e+000  0.000000e+000  0.000000e+000  0.000000e+000  0.000000e+000  0.000000e+000  0.000000e+000  0.000000e+000  0.000000e+000  0.000000e+000  0.000000e+000  0.000000e+000  0.000000e+000  0.000000e+000  
0.000000e+000  0.000000e+000  0.000000e+000  0.000000e+000  0.000000e+000  0.000000e+000  0.000000e+000  0.000000e+000  0.000000e+000  0.000000e+000  0.000000e+000  0.000000e+000  0.000000e+000  0.000000e+000  0.000000e+000  0.000000e+000  0.000000e+000  0.000000e+000  0.000000e+000  0.000000e+000  0.000000e+000  

-2.649067e+001  -2.613592e+001  -2.543117e+001  -2.396156e+001  -2.088893e+001  -1.660976e+001  -1.167235e+001  -7.599226e+000  -4.600323e+000  -1.539818e+000  1.541300e+000  4.601769e+000  7.600601e+000  1.167357e+001  1.661065e+001  2.088929e+001  2.396118e+001  2.542993e+001  2.613381e+001  2.648715e+001  0.000000e+000  
-2.649063e+001  -2.613589e+001  -2.543114e+001  -2.396153e+001  -2.088891e+001  -1.660975e+001  -1.167233e+001  -7.599215e+000  -4.600314e+000  -1.539810e+000  1.541308e+000  4.601776e+000  7.600608e+000  1.167358e+001  1.661066e+001  2.088932e+001  2.396127e+001  2.543018e+001  2.613434e+001  2.648852e+001  0.000000e+000  
-2.649056e+001  -2.613582e+001  -2.543108e+001  -2.396148e+001  -2.088886e+001  -1.660971e+001  -1.167231e+001  -7.599194e+000  -4.600295e+000  -1.539794e+000  1.541322e+000  4.601790e+000  7.600622e+000  1.167359e+001  1.661069e+001  2.088938e+001  2.396141e+001  2.543048e+001  2.613485e+001  2.648932e+001  0.000000e+000  
-2.649041e+001  -2.613567e+001  -2.543094e+001  -2.396135e+001  -2.088876e+001  -1.660964e+001  -1.167225e+001  -7.599150e+000  -4.600258e+000  -1.539762e+000  1.541351e+000  4.601817e+000  7.600649e+000  1.167362e+001  1.661074e+001  2.088948e+001  2.396163e+001  2.543088e+001  2.613541e+001  2.649003e+001  0.000000e+000  
-2.649008e+001  -2.613535e+001  -2.543064e+001  -2.396110e+001  -2.088856e+001  -1.660949e+001  -1.167214e+001  -7.599066e+000  -4.600188e+000  -1.539702e+000  1.541402e+000  4.601863e+000  7.600692e+000  1.167367e+001  1.661080e+001  2.088958e+001  2.396181e+001  2.543117e+001  2.613577e+001  2.649044e+001  0.000000e+000  
-2.648957e+001  -2.613486e+001  -2.543019e+001  -2.396072e+001  -2.088829e+001  -1.660930e+001  -1.167201e+001  -7.598964e+000  -4.600104e+000  -1.539634e+000  1.541459e+000  4.601909e+000  7.600730e+000  1.167370e+001  1.661082e+001  2.088960e+001  2.396183e+001  2.543117e+001  2.613578e+001  2.649045e+001  0.000000e+000  
-2.648883e+001  -2.613419e+001  -2.542961e+001  -2.396029e+001  -2.088800e+001  -1.660911e+001  -1.167189e+001  -7.598872e+000  -4.600030e+000  -1.539575e+000  1.541504e+000  4.601943e+000  7.600753e+000  1.167370e+001  1.661080e+001  2.088952e+001  2.396166e+001  2.543090e+001  2.613543e+001  2.649005e+001  0.000000e+000  
-2.648798e+001  -2.613349e+001  -2.542909e+001  -2.395995e+001  -2.088781e+001  -1.660900e+001  -1.167182e+001  -7.598821e+000  -4.599990e+000  -1.539544e+000  1.541527e+000  4.601959e+000  7.600761e+000  1.167370e+001  1.661077e+001  2.088944e+001  2.396145e+001  2.543052e+001  2.613489e+001  2.648935e+001  0.000000e+000  
-2.648711e+001  -2.613292e+001  -2.542872e+001  -2.395975e+001  -2.088771e+001  -1.660894e+001  -1.167178e+001  -7.598796e+000  -4.599970e+000  -1.539529e+000  1.541538e+000  4.601966e+000  7.600764e+000  1.167369e+001  1.661075e+001  2.088938e+001  2.396131e+001  2.543021e+001  2.613438e+001  2.648856e+001  0.000000e+000  
-2.648570e+001  -2.613235e+001  -2.542844e+001  -2.395963e+001  -2.088765e+001  -1.660891e+001  -1.167176e+001  -7.598782e+000  -4.599960e+000  -1.539521e+000  1.541544e+000  4.601969e+000  7.600765e+000  1.167369e+001  1.661073e+001  2.088935e+001  2.396122e+001  2.542997e+001  2.613385e+001  2.648718e+001  0.000000e+000  
0.000000e+000  0.000000e+000  0.000000e+000  0.000000e+000  0.000000e+000  0.000000e+000  0.000000e+000  0.000000e+000  0.000000e+000  0.000000e+000  0.000000e+000  0.000000e+000  0.000000e+000  0.000000e+000  0.000000e+000  0.000000e+000  0.000000e+000  0.000000e+000  0.000000e+000  0.000000e+000  0.000000e+000  

