Port monitor named: Port1_e1[100].prt

nx        = 62
ny        = 35
nz        = 102

nu        = 21
nv        = 11
iu        = 13
iv        = 13

idir      = 2
dcut      = 7.500000e-003
icut      = 98
type      = 0
frequency = 1.000000e+011

fcutoff   = 5.894644e+010
alpha     = 0.000000e+000
beta      = 1.691977e+003
accuracy  = 3.558743e-010

type          = TE
wave imp.     = 4.666543e+002
wave imp.sig. = 1.245286e-005
line imp.     = 0.000000e+000

ref. port     = 0

0.000000e+000  0.000000e+000  0.000000e+000  0.000000e+000  0.000000e+000  0.000000e+000  0.000000e+000  0.000000e+000  0.000000e+000  0.000000e+000  0.000000e+000  0.000000e+000  0.000000e+000  0.000000e+000  0.000000e+000  0.000000e+000  0.000000e+000  0.000000e+000  0.000000e+000  0.000000e+000  0.000000e+000  
-1.912633e-001  -1.863780e-001  -1.771589e-001  -1.594447e-001  -1.296275e-001  -9.910648e-002  -7.432719e-002  -6.013707e-002  -5.187334e-002  -4.554867e-002  -4.137316e-002  -3.973701e-002  -4.134695e-002  -4.990237e-002  -8.720817e-002  -1.977215e-001  -5.198290e-001  -1.358632e+000  -2.953196e+000  -7.592576e+000  0.000000e+000  
-3.848489e-001  -3.745957e-001  -3.553249e-001  -3.185128e-001  -2.573863e-001  -1.956616e-001  -1.459888e-001  -1.176398e-001  -1.011104e-001  -8.833943e-002  -7.965078e-002  -7.569840e-002  -7.766341e-002  -9.159474e-002  -1.547003e-001  -3.346479e-001  -7.975195e-001  -1.701131e+000  -2.822023e+000  -4.415552e+000  0.000000e+000  
-5.835340e-001  -5.668120e-001  -5.356473e-001  -4.767244e-001  -3.812074e-001  -2.870023e-001  -2.123105e-001  -1.699309e-001  -1.452377e-001  -1.258625e-001  -1.121285e-001  -1.047263e-001  -1.049972e-001  -1.190901e-001  -1.905558e-001  -3.890039e-001  -8.450410e-001  -1.542677e+000  -2.180419e+000  -2.772922e+000  0.000000e+000  
-9.663719e-001  -9.326908e-001  -8.713239e-001  -7.588938e-001  -5.889966e-001  -4.315684e-001  -3.123305e-001  -2.458554e-001  -2.067131e-001  -1.751972e-001  -1.510066e-001  -1.341749e-001  -1.252318e-001  -1.254300e-001  -1.675348e-001  -2.922999e-001  -5.444976e-001  -8.425894e-001  -1.058633e+000  -1.211264e+000  0.000000e+000  
-1.458826e+000  -1.386152e+000  -1.261312e+000  -1.047858e+000  -7.669378e-001  -5.348559e-001  -3.727173e-001  -2.858698e-001  -2.348239e-001  -1.928158e-001  -1.583528e-001  -1.301539e-001  -1.071397e-001  -8.081061e-002  -5.654932e-002  -4.010168e-002  -3.030479e-002  -2.612730e-002  -2.421050e-002  -2.327093e-002  0.000000e+000  
-2.156654e+000  -1.969480e+000  -1.690309e+000  -1.275964e+000  -8.448796e-001  -5.471300e-001  -3.624751e-001  -2.696278e-001  -2.158474e-001  -1.712921e-001  -1.332929e-001  -9.935732e-002  -6.693224e-002  -1.945890e-002  6.616723e-002  2.204227e-001  4.901827e-001  7.957629e-001  1.015242e+000  1.169557e+000  0.000000e+000  
-3.341459e+000  -2.731616e+000  -2.061400e+000  -1.302020e+000  -7.439726e-001  -4.399796e-001  -2.766380e-001  -2.002655e-001  -1.568873e-001  -1.211633e-001  -9.018470e-002  -6.126156e-002  -3.148440e-002  1.625825e-002  1.186419e-001  3.380209e-001  8.065185e-001  1.509466e+000  2.149646e+000  2.743344e+000  0.000000e+000  
-4.789766e+000  -3.185618e+000  -2.044591e+000  -1.102225e+000  -5.736371e-001  -3.239732e-001  -1.989308e-001  -1.423489e-001  -1.106156e-001  -8.453722e-002  -6.181031e-002  -4.029892e-002  -1.767919e-002  1.978168e-002  1.044884e-001  2.990536e-001  7.706257e-001  1.677946e+000  2.800541e+000  4.394907e+000  0.000000e+000  
-7.778075e+000  -3.133831e+000  -1.529663e+000  -6.721684e-001  -3.178715e-001  -1.727038e-001  -1.042345e-001  -7.401412e-002  -5.720580e-002  -4.342951e-002  -3.139093e-002  -1.990532e-002  -7.664105e-003  1.299556e-002  6.140593e-002  1.794321e-001  5.060108e-001  1.346720e+000  2.942160e+000  7.581974e+000  0.000000e+000  
0.000000e+000  0.000000e+000  0.000000e+000  0.000000e+000  0.000000e+000  0.000000e+000  0.000000e+000  0.000000e+000  0.000000e+000  0.000000e+000  0.000000e+000  0.000000e+000  0.000000e+000  0.000000e+000  0.000000e+000  0.000000e+000  0.000000e+000  0.000000e+000  0.000000e+000  0.000000e+000  0.000000e+000  

0.000000e+000  1.959417e+003  3.892597e+003  5.773654e+003  8.984858e+003  1.202245e+004  1.443778e+004  1.600206e+004  1.656414e+004  1.690439e+004  1.701825e+004  1.690419e+004  1.656374e+004  1.600146e+004  1.443680e+004  1.202097e+004  8.982680e+003  5.770298e+003  3.887797e+003  1.951633e+003  0.000000e+000  
0.000000e+000  1.959412e+003  3.892588e+003  5.773642e+003  8.984842e+003  1.202243e+004  1.443777e+004  1.600205e+004  1.656413e+004  1.690438e+004  1.701825e+004  1.690419e+004  1.656375e+004  1.600146e+004  1.443682e+004  1.202102e+004  8.982851e+003  5.770894e+003  3.889392e+003  1.956273e+003  0.000000e+000  
0.000000e+000  1.959402e+003  3.892569e+003  5.773615e+003  8.984810e+003  1.202240e+004  1.443774e+004  1.600203e+004  1.656411e+004  1.690437e+004  1.701824e+004  1.690419e+004  1.656375e+004  1.600147e+004  1.443685e+004  1.202111e+004  8.983096e+003  5.771537e+003  3.890512e+003  1.957866e+003  0.000000e+000  
0.000000e+000  1.959378e+003  3.892525e+003  5.773556e+003  8.984738e+003  1.202233e+004  1.443769e+004  1.600198e+004  1.656408e+004  1.690434e+004  1.701822e+004  1.690418e+004  1.656375e+004  1.600149e+004  1.443690e+004  1.202125e+004  8.983435e+003  5.772234e+003  3.891409e+003  1.958699e+003  0.000000e+000  
0.000000e+000  1.959315e+003  3.892409e+003  5.773406e+003  8.984569e+003  1.202218e+004  1.443757e+004  1.600190e+004  1.656401e+004  1.690428e+004  1.701817e+004  1.690414e+004  1.656373e+004  1.600149e+004  1.443695e+004  1.202137e+004  8.983688e+003  5.772635e+003  3.891817e+003  1.958988e+003  0.000000e+000  
0.000000e+000  1.959172e+003  3.892164e+003  5.773107e+003  8.984277e+003  1.202195e+004  1.443740e+004  1.600177e+004  1.656390e+004  1.690420e+004  1.701810e+004  1.690409e+004  1.656369e+004  1.600145e+004  1.443692e+004  1.202136e+004  8.983678e+003  5.772629e+003  3.891813e+003  1.958986e+003  0.000000e+000  
0.000000e+000  1.958818e+003  3.891636e+003  5.772550e+003  8.983845e+003  1.202166e+004  1.443722e+004  1.600165e+004  1.656380e+004  1.690412e+004  1.701803e+004  1.690402e+004  1.656362e+004  1.600139e+004  1.443683e+004  1.202121e+004  8.983407e+003  5.772219e+003  3.891399e+003  1.958694e+003  0.000000e+000  
0.000000e+000  1.957961e+003  3.890694e+003  5.771791e+003  8.983430e+003  1.202145e+004  1.443710e+004  1.600157e+004  1.656374e+004  1.690407e+004  1.701799e+004  1.690398e+004  1.656358e+004  1.600134e+004  1.443676e+004  1.202105e+004  8.983059e+003  5.771516e+003  3.890499e+003  1.957860e+003  0.000000e+000  
0.000000e+000  1.956357e+003  3.889553e+003  5.771121e+003  8.983150e+003  1.202132e+004  1.443703e+004  1.600153e+004  1.656371e+004  1.690404e+004  1.701797e+004  1.690396e+004  1.656356e+004  1.600131e+004  1.443671e+004  1.202095e+004  8.982809e+003  5.770871e+003  3.889376e+003  1.956265e+003  0.000000e+000  
0.000000e+000  1.951713e+003  3.887949e+003  5.770511e+003  8.982963e+003  1.202125e+004  1.443699e+004  1.600151e+004  1.656369e+004  1.690403e+004  1.701795e+004  1.690395e+004  1.656355e+004  1.600130e+004  1.443669e+004  1.202089e+004  8.982636e+003  5.770273e+003  3.887781e+003  1.951625e+003  0.000000e+000  
0.000000e+000  0.000000e+000  0.000000e+000  0.000000e+000  0.000000e+000  0.000000e+000  0.000000e+000  0.000000e+000  0.000000e+000  0.000000e+000  0.000000e+000  0.000000e+000  0.000000e+000  0.000000e+000  0.000000e+000  0.000000e+000  0.000000e+000  0.000000e+000  0.000000e+000  0.000000e+000  0.000000e+000  

0.000000e+000  0.000000e+000  0.000000e+000  0.000000e+000  0.000000e+000  0.000000e+000  0.000000e+000  0.000000e+000  0.000000e+000  0.000000e+000  0.000000e+000  0.000000e+000  0.000000e+000  0.000000e+000  0.000000e+000  0.000000e+000  0.000000e+000  0.000000e+000  0.000000e+000  0.000000e+000  0.000000e+000  
0.000000e+000  0.000000e+000  0.000000e+000  0.000000e+000  0.000000e+000  0.000000e+000  0.000000e+000  0.000000e+000  0.000000e+000  0.000000e+000  0.000000e+000  0.000000e+000  0.000000e+000  0.000000e+000  0.000000e+000  0.000000e+000  0.000000e+000  0.000000e+000  0.000000e+000  0.000000e+000  0.000000e+000  
0.000000e+000  0.000000e+000  0.000000e+000  0.000000e+000  0.000000e+000  0.000000e+000  0.000000e+000  0.000000e+000  0.000000e+000  0.000000e+000  0.000000e+000  0.000000e+000  0.000000e+000  0.000000e+000  0.000000e+000  0.000000e+000  0.000000e+000  0.000000e+000  0.000000e+000  0.000000e+000  0.000000e+000  
0.000000e+000  0.000000e+000  0.000000e+000  0.000000e+000  0.000000e+000  0.000000e+000  0.000000e+000  0.000000e+000  0.000000e+000  0.000000e+000  0.000000e+000  0.000000e+000  0.000000e+000  0.000000e+000  0.000000e+000  0.000000e+000  0.000000e+000  0.000000e+000  0.000000e+000  0.000000e+000  0.000000e+000  
0.000000e+000  0.000000e+000  0.000000e+000  0.000000e+000  0.000000e+000  0.000000e+000  0.000000e+000  0.000000e+000  0.000000e+000  0.000000e+000  0.000000e+000  0.000000e+000  0.000000e+000  0.000000e+000  0.000000e+000  0.000000e+000  0.000000e+000  0.000000e+000  0.000000e+000  0.000000e+000  0.000000e+000  
0.000000e+000  0.000000e+000  0.000000e+000  0.000000e+000  0.000000e+000  0.000000e+000  0.000000e+000  0.000000e+000  0.000000e+000  0.000000e+000  0.000000e+000  0.000000e+000  0.000000e+000  0.000000e+000  0.000000e+000  0.000000e+000  0.000000e+000  0.000000e+000  0.000000e+000  0.000000e+000  0.000000e+000  
0.000000e+000  0.000000e+000  0.000000e+000  0.000000e+000  0.000000e+000  0.000000e+000  0.000000e+000  0.000000e+000  0.000000e+000  0.000000e+000  0.000000e+000  0.000000e+000  0.000000e+000  0.000000e+000  0.000000e+000  0.000000e+000  0.000000e+000  0.000000e+000  0.000000e+000  0.000000e+000  0.000000e+000  
0.000000e+000  0.000000e+000  0.000000e+000  0.000000e+000  0.000000e+000  0.000000e+000  0.000000e+000  0.000000e+000  0.000000e+000  0.000000e+000  0.000000e+000  0.000000e+000  0.000000e+000  0.000000e+000  0.000000e+000  0.000000e+000  0.000000e+000  0.000000e+000  0.000000e+000  0.000000e+000  0.000000e+000  
0.000000e+000  0.000000e+000  0.000000e+000  0.000000e+000  0.000000e+000  0.000000e+000  0.000000e+000  0.000000e+000  0.000000e+000  0.000000e+000  0.000000e+000  0.000000e+000  0.000000e+000  0.000000e+000  0.000000e+000  0.000000e+000  0.000000e+000  0.000000e+000  0.000000e+000  0.000000e+000  0.000000e+000  
0.000000e+000  0.000000e+000  0.000000e+000  0.000000e+000  0.000000e+000  0.000000e+000  0.000000e+000  0.000000e+000  0.000000e+000  0.000000e+000  0.000000e+000  0.000000e+000  0.000000e+000  0.000000e+000  0.000000e+000  0.000000e+000  0.000000e+000  0.000000e+000  0.000000e+000  0.000000e+000  0.000000e+000  
0.000000e+000  0.000000e+000  0.000000e+000  0.000000e+000  0.000000e+000  0.000000e+000  0.000000e+000  0.000000e+000  0.000000e+000  0.000000e+000  0.000000e+000  0.000000e+000  0.000000e+000  0.000000e+000  0.000000e+000  0.000000e+000  0.000000e+000  0.000000e+000  0.000000e+000  0.000000e+000  0.000000e+000  

0.000000e+000  0.000000e+000  0.000000e+000  0.000000e+000  0.000000e+000  0.000000e+000  0.000000e+000  0.000000e+000  0.000000e+000  0.000000e+000  0.000000e+000  0.000000e+000  0.000000e+000  0.000000e+000  0.000000e+000  0.000000e+000  0.000000e+000  0.000000e+000  0.000000e+000  0.000000e+000  0.000000e+000  
0.000000e+000  0.000000e+000  0.000000e+000  0.000000e+000  0.000000e+000  0.000000e+000  0.000000e+000  0.000000e+000  0.000000e+000  0.000000e+000  0.000000e+000  0.000000e+000  0.000000e+000  0.000000e+000  0.000000e+000  0.000000e+000  0.000000e+000  0.000000e+000  0.000000e+000  0.000000e+000  0.000000e+000  
0.000000e+000  0.000000e+000  0.000000e+000  0.000000e+000  0.000000e+000  0.000000e+000  0.000000e+000  0.000000e+000  0.000000e+000  0.000000e+000  0.000000e+000  0.000000e+000  0.000000e+000  0.000000e+000  0.000000e+000  0.000000e+000  0.000000e+000  0.000000e+000  0.000000e+000  0.000000e+000  0.000000e+000  
0.000000e+000  0.000000e+000  0.000000e+000  0.000000e+000  0.000000e+000  0.000000e+000  0.000000e+000  0.000000e+000  0.000000e+000  0.000000e+000  0.000000e+000  0.000000e+000  0.000000e+000  0.000000e+000  0.000000e+000  0.000000e+000  0.000000e+000  0.000000e+000  0.000000e+000  0.000000e+000  0.000000e+000  
0.000000e+000  0.000000e+000  0.000000e+000  0.000000e+000  0.000000e+000  0.000000e+000  0.000000e+000  0.000000e+000  0.000000e+000  0.000000e+000  0.000000e+000  0.000000e+000  0.000000e+000  0.000000e+000  0.000000e+000  0.000000e+000  0.000000e+000  0.000000e+000  0.000000e+000  0.000000e+000  0.000000e+000  
0.000000e+000  0.000000e+000  0.000000e+000  0.000000e+000  0.000000e+000  0.000000e+000  0.000000e+000  0.000000e+000  0.000000e+000  0.000000e+000  0.000000e+000  0.000000e+000  0.000000e+000  0.000000e+000  0.000000e+000  0.000000e+000  0.000000e+000  0.000000e+000  0.000000e+000  0.000000e+000  0.000000e+000  
0.000000e+000  0.000000e+000  0.000000e+000  0.000000e+000  0.000000e+000  0.000000e+000  0.000000e+000  0.000000e+000  0.000000e+000  0.000000e+000  0.000000e+000  0.000000e+000  0.000000e+000  0.000000e+000  0.000000e+000  0.000000e+000  0.000000e+000  0.000000e+000  0.000000e+000  0.000000e+000  0.000000e+000  
0.000000e+000  0.000000e+000  0.000000e+000  0.000000e+000  0.000000e+000  0.000000e+000  0.000000e+000  0.000000e+000  0.000000e+000  0.000000e+000  0.000000e+000  0.000000e+000  0.000000e+000  0.000000e+000  0.000000e+000  0.000000e+000  0.000000e+000  0.000000e+000  0.000000e+000  0.000000e+000  0.000000e+000  
0.000000e+000  0.000000e+000  0.000000e+000  0.000000e+000  0.000000e+000  0.000000e+000  0.000000e+000  0.000000e+000  0.000000e+000  0.000000e+000  0.000000e+000  0.000000e+000  0.000000e+000  0.000000e+000  0.000000e+000  0.000000e+000  0.000000e+000  0.000000e+000  0.000000e+000  0.000000e+000  0.000000e+000  
0.000000e+000  0.000000e+000  0.000000e+000  0.000000e+000  0.000000e+000  0.000000e+000  0.000000e+000  0.000000e+000  0.000000e+000  0.000000e+000  0.000000e+000  0.000000e+000  0.000000e+000  0.000000e+000  0.000000e+000  0.000000e+000  0.000000e+000  0.000000e+000  0.000000e+000  0.000000e+000  0.000000e+000  
0.000000e+000  0.000000e+000  0.000000e+000  0.000000e+000  0.000000e+000  0.000000e+000  0.000000e+000  0.000000e+000  0.000000e+000  0.000000e+000  0.000000e+000  0.000000e+000  0.000000e+000  0.000000e+000  0.000000e+000  0.000000e+000  0.000000e+000  0.000000e+000  0.000000e+000  0.000000e+000  0.000000e+000  

0.000000e+000  0.000000e+000  0.000000e+000  0.000000e+000  0.000000e+000  0.000000e+000  0.000000e+000  0.000000e+000  0.000000e+000  0.000000e+000  0.000000e+000  0.000000e+000  0.000000e+000  0.000000e+000  0.000000e+000  0.000000e+000  0.000000e+000  0.000000e+000  0.000000e+000  0.000000e+000  0.000000e+000  
0.000000e+000  0.000000e+000  0.000000e+000  0.000000e+000  0.000000e+000  0.000000e+000  0.000000e+000  0.000000e+000  0.000000e+000  0.000000e+000  0.000000e+000  0.000000e+000  0.000000e+000  0.000000e+000  0.000000e+000  0.000000e+000  0.000000e+000  0.000000e+000  0.000000e+000  0.000000e+000  0.000000e+000  
0.000000e+000  0.000000e+000  0.000000e+000  0.000000e+000  0.000000e+000  0.000000e+000  0.000000e+000  0.000000e+000  0.000000e+000  0.000000e+000  0.000000e+000  0.000000e+000  0.000000e+000  0.000000e+000  0.000000e+000  0.000000e+000  0.000000e+000  0.000000e+000  0.000000e+000  0.000000e+000  0.000000e+000  
0.000000e+000  0.000000e+000  0.000000e+000  0.000000e+000  0.000000e+000  0.000000e+000  0.000000e+000  0.000000e+000  0.000000e+000  0.000000e+000  0.000000e+000  0.000000e+000  0.000000e+000  0.000000e+000  0.000000e+000  0.000000e+000  0.000000e+000  0.000000e+000  0.000000e+000  0.000000e+000  0.000000e+000  
0.000000e+000  0.000000e+000  0.000000e+000  0.000000e+000  0.000000e+000  0.000000e+000  0.000000e+000  0.000000e+000  0.000000e+000  0.000000e+000  0.000000e+000  0.000000e+000  0.000000e+000  0.000000e+000  0.000000e+000  0.000000e+000  0.000000e+000  0.000000e+000  0.000000e+000  0.000000e+000  0.000000e+000  
0.000000e+000  0.000000e+000  0.000000e+000  0.000000e+000  0.000000e+000  0.000000e+000  0.000000e+000  0.000000e+000  0.000000e+000  0.000000e+000  0.000000e+000  0.000000e+000  0.000000e+000  0.000000e+000  0.000000e+000  0.000000e+000  0.000000e+000  0.000000e+000  0.000000e+000  0.000000e+000  0.000000e+000  
0.000000e+000  0.000000e+000  0.000000e+000  0.000000e+000  0.000000e+000  0.000000e+000  0.000000e+000  0.000000e+000  0.000000e+000  0.000000e+000  0.000000e+000  0.000000e+000  0.000000e+000  0.000000e+000  0.000000e+000  0.000000e+000  0.000000e+000  0.000000e+000  0.000000e+000  0.000000e+000  0.000000e+000  
0.000000e+000  0.000000e+000  0.000000e+000  0.000000e+000  0.000000e+000  0.000000e+000  0.000000e+000  0.000000e+000  0.000000e+000  0.000000e+000  0.000000e+000  0.000000e+000  0.000000e+000  0.000000e+000  0.000000e+000  0.000000e+000  0.000000e+000  0.000000e+000  0.000000e+000  0.000000e+000  0.000000e+000  
0.000000e+000  0.000000e+000  0.000000e+000  0.000000e+000  0.000000e+000  0.000000e+000  0.000000e+000  0.000000e+000  0.000000e+000  0.000000e+000  0.000000e+000  0.000000e+000  0.000000e+000  0.000000e+000  0.000000e+000  0.000000e+000  0.000000e+000  0.000000e+000  0.000000e+000  0.000000e+000  0.000000e+000  
0.000000e+000  0.000000e+000  0.000000e+000  0.000000e+000  0.000000e+000  0.000000e+000  0.000000e+000  0.000000e+000  0.000000e+000  0.000000e+000  0.000000e+000  0.000000e+000  0.000000e+000  0.000000e+000  0.000000e+000  0.000000e+000  0.000000e+000  0.000000e+000  0.000000e+000  0.000000e+000  0.000000e+000  
0.000000e+000  0.000000e+000  0.000000e+000  0.000000e+000  0.000000e+000  0.000000e+000  0.000000e+000  0.000000e+000  0.000000e+000  0.000000e+000  0.000000e+000  0.000000e+000  0.000000e+000  0.000000e+000  0.000000e+000  0.000000e+000  0.000000e+000  0.000000e+000  0.000000e+000  0.000000e+000  0.000000e+000  

0.000000e+000  0.000000e+000  0.000000e+000  0.000000e+000  0.000000e+000  0.000000e+000  0.000000e+000  0.000000e+000  0.000000e+000  0.000000e+000  0.000000e+000  0.000000e+000  0.000000e+000  0.000000e+000  0.000000e+000  0.000000e+000  0.000000e+000  0.000000e+000  0.000000e+000  0.000000e+000  0.000000e+000  
0.000000e+000  -7.490826e-006  5.787497e-006  -2.609029e-006  -1.232761e-006  5.659200e-006  -7.357341e-006  1.797938e-006  1.203106e-005  -2.848049e-007  1.405297e-005  1.896772e-007  1.369561e-005  2.997671e-006  -6.805594e-006  2.261999e-006  -5.705807e-006  8.567865e-007  -5.749295e-006  -9.081194e-008  0.000000e+000  
0.000000e+000  4.990293e-006  -1.045491e-005  4.306592e-006  -1.028283e-005  1.049940e-005  -1.518037e-005  1.301613e-005  8.435632e-006  3.078669e-005  1.213623e-005  3.011634e-005  1.449924e-005  1.538969e-005  -1.307901e-005  1.230723e-005  -8.750782e-006  -5.284530e-006  4.446667e-006  -4.017880e-006  0.000000e+000  
0.000000e+000  3.328837e-006  4.609048e-006  2.306312e-006  -2.298126e-005  2.708677e-005  -3.442918e-005  1.797224e-005  2.919195e-005  2.439272e-005  3.664817e-005  3.071937e-005  3.058928e-005  2.125880e-005  -3.315636e-005  2.902831e-005  -2.668731e-005  -1.512711e-007  1.208608e-006  -9.386668e-007  0.000000e+000  
0.000000e+000  2.443008e-005  4.065867e-005  6.123070e-005  7.772269e-005  1.249063e-004  1.284809e-004  1.830489e-004  2.022088e-004  2.139695e-004  2.180567e-004  2.148408e-004  2.026124e-004  1.843178e-004  1.304405e-004  1.288011e-004  7.930808e-005  5.454055e-005  4.254610e-005  2.070879e-005  0.000000e+000  
0.000000e+000  5.578750e-006  2.196142e-006  1.365531e-006  4.107923e-006  1.386667e-007  -5.635466e-007  -1.903258e-006  0.000000e+000  -2.780428e-006  -2.596858e-006  4.396153e-007  1.291940e-006  -7.793887e-008  2.418381e-006  3.316275e-007  2.488807e-006  -5.990731e-007  -4.057250e-007  -7.043184e-007  0.000000e+000  
0.000000e+000  -2.102577e-005  -4.281849e-005  -5.539586e-005  -7.525327e-005  -1.235390e-004  -1.325989e-004  -1.854687e-004  -2.005865e-004  -2.136908e-004  -2.214593e-004  -2.166934e-004  -1.996226e-004  -1.775653e-004  -1.287592e-004  -1.260625e-004  -7.653473e-005  -5.671809e-005  -4.306292e-005  -2.239630e-005  0.000000e+000  
0.000000e+000  -2.545414e-006  2.006524e-006  5.752800e-007  2.549640e-005  -3.173159e-005  3.165731e-005  -2.224437e-005  -3.027174e-005  -3.151562e-005  -3.640373e-005  -3.184711e-005  -2.928024e-005  -2.398282e-005  3.699181e-005  -2.947776e-005  2.200834e-005  -1.379070e-006  0.000000e+000  -4.832355e-006  0.000000e+000  
0.000000e+000  7.115600e-006  -1.100751e-005  8.109230e-006  8.709252e-006  -9.216370e-006  1.441867e-005  -8.152384e-006  -1.330078e-005  -2.484378e-005  -1.423497e-005  -2.566049e-005  -1.219646e-005  -1.408929e-005  1.492384e-005  -1.286172e-005  7.628366e-006  2.026522e-006  -6.361005e-006  1.836947e-006  0.000000e+000  
0.000000e+000  -5.343275e-006  8.467920e-006  9.290921e-007  2.391593e-006  -3.855643e-006  8.033004e-007  -6.900070e-006  -1.370780e-005  -5.591408e-006  -1.621818e-005  -3.991968e-006  -1.497600e-005  -3.872706e-006  4.850073e-006  -4.874652e-006  4.016746e-006  -6.766191e-007  4.557912e-006  -1.931344e-006  0.000000e+000  
0.000000e+000  0.000000e+000  0.000000e+000  0.000000e+000  0.000000e+000  0.000000e+000  0.000000e+000  0.000000e+000  0.000000e+000  0.000000e+000  0.000000e+000  0.000000e+000  0.000000e+000  0.000000e+000  0.000000e+000  0.000000e+000  0.000000e+000  0.000000e+000  0.000000e+000  0.000000e+000  0.000000e+000  

