Port monitor named: Port3_h1[100].prt

nx        = 62
ny        = 35
nz        = 102

nu        = 11
nv        = 18
iu        = 13
iv        = 43

idir      = 0
dcut      = 5.020000e-003
icut      = 58
type      = 1
frequency = 1.000000e+011

fcutoff   = 5.898595e+010
alpha     = 0.000000e+000
beta      = 1.691372e+003
accuracy  = 3.833393e-010

type          = TE
wave imp.     = 4.668211e+002
wave imp.sig. = 1.090719e-005
line imp.     = 0.000000e+000

ref. port     = 0

0.000000e+000  4.092989e-004  8.237861e-004  1.248888e-003  2.067273e-003  3.120056e-003  4.611664e-003  7.144494e-003  1.024527e-002  1.665398e-002  0.000000e+000  
0.000000e+000  3.991276e-004  8.018272e-004  1.213398e-003  1.995841e-003  2.966114e-003  4.214523e-003  5.848561e-003  6.827678e-003  6.729012e-003  0.000000e+000  
0.000000e+000  3.793989e-004  7.609982e-004  1.147240e-003  1.865742e-003  2.701078e-003  3.621050e-003  4.419943e-003  4.389406e-003  3.289146e-003  0.000000e+000  
0.000000e+000  3.419598e-004  6.831878e-004  1.022560e-003  1.628030e-003  2.248883e-003  2.741216e-003  2.802351e-003  2.375479e-003  1.450869e-003  0.000000e+000  
0.000000e+000  2.789489e-004  5.539219e-004  8.205324e-004  1.267957e-003  1.652752e-003  1.823538e-003  1.608580e-003  1.241597e-003  6.886351e-004  0.000000e+000  
0.000000e+000  2.141911e-004  4.229323e-004  6.204676e-004  9.333941e-004  1.158371e-003  1.187177e-003  9.562504e-004  7.047556e-004  3.759765e-004  0.000000e+000  
0.000000e+000  1.593438e-004  3.129254e-004  4.551041e-004  6.687106e-004  7.978130e-004  7.757528e-004  5.915865e-004  4.254067e-004  2.228721e-004  0.000000e+000  
0.000000e+000  1.179243e-004  2.303431e-004  3.318091e-004  4.751445e-004  5.451906e-004  5.066446e-004  3.712503e-004  2.627541e-004  1.362229e-004  0.000000e+000  
0.000000e+000  9.190766e-005  1.775407e-004  2.515451e-004  3.449456e-004  3.715801e-004  3.224516e-004  2.238690e-004  1.550139e-004  7.924695e-005  0.000000e+000  
0.000000e+000  8.446639e-005  1.600376e-004  2.192783e-004  2.736668e-004  2.534505e-004  1.811092e-004  1.038594e-004  6.575706e-005  3.155895e-005  0.000000e+000  
0.000000e+000  1.069285e-004  1.962511e-004  2.551242e-004  2.693112e-004  1.738073e-004  4.228086e-005  -3.394492e-005  -4.177920e-005  -2.751016e-005  0.000000e+000  
0.000000e+000  1.908777e-004  3.383111e-004  4.161856e-004  3.646082e-004  1.205757e-004  -1.484282e-004  -2.628494e-004  -2.312151e-004  -1.358548e-004  0.000000e+000  
0.000000e+000  4.301146e-004  7.272220e-004  8.444489e-004  6.334061e-004  8.583782e-005  -4.795966e-004  -7.352975e-004  -6.510577e-004  -3.909601e-004  0.000000e+000  
0.000000e+000  1.124153e-003  1.722222e-003  1.822368e-003  1.172268e-003  6.504743e-005  -1.055579e-003  -1.739631e-003  -1.664373e-003  -1.094511e-003  0.000000e+000  
0.000000e+000  2.923243e-003  3.653844e-003  3.309523e-003  1.806046e-003  5.633709e-005  -1.705335e-003  -3.237995e-003  -3.604236e-003  -2.897449e-003  0.000000e+000  
0.000000e+000  6.342348e-003  6.049634e-003  4.669052e-003  2.265589e-003  5.211587e-005  -2.172190e-003  -4.602948e-003  -6.003252e-003  -6.318645e-003  0.000000e+000  
0.000000e+000  1.625712e-002  9.444821e-003  5.928288e-003  2.589600e-003  5.008504e-005  -2.499730e-003  -5.864510e-003  -9.400362e-003  -1.623431e-002  0.000000e+000  
0.000000e+000  0.000000e+000  0.000000e+000  0.000000e+000  0.000000e+000  0.000000e+000  0.000000e+000  0.000000e+000  0.000000e+000  0.000000e+000  0.000000e+000  

0.000000e+000  0.000000e+000  0.000000e+000  0.000000e+000  0.000000e+000  0.000000e+000  0.000000e+000  0.000000e+000  0.000000e+000  0.000000e+000  0.000000e+000  
4.187529e+000  4.187518e+000  4.187497e+000  4.187447e+000  4.187311e+000  4.187007e+000  4.186254e+000  4.184424e+000  4.180993e+000  4.171026e+000  0.000000e+000  
8.319370e+000  8.319351e+000  8.319310e+000  8.319216e+000  8.318969e+000  8.318446e+000  8.317321e+000  8.315304e+000  8.312855e+000  8.309402e+000  0.000000e+000  
1.234058e+001  1.234055e+001  1.234049e+001  1.234037e+001  1.234005e+001  1.233941e+001  1.233822e+001  1.233659e+001  1.233515e+001  1.233383e+001  0.000000e+000  
1.917784e+001  1.917781e+001  1.917774e+001  1.917759e+001  1.917723e+001  1.917660e+001  1.917568e+001  1.917478e+001  1.917417e+001  1.917377e+001  0.000000e+000  
2.565963e+001  2.565960e+001  2.565953e+001  2.565939e+001  2.565907e+001  2.565857e+001  2.565795e+001  2.565748e+001  2.565720e+001  2.565704e+001  0.000000e+000  
3.083402e+001  3.083399e+001  3.083393e+001  3.083381e+001  3.083356e+001  3.083319e+001  3.083280e+001  3.083253e+001  3.083239e+001  3.083231e+001  0.000000e+000  
3.443730e+001  3.443728e+001  3.443724e+001  3.443715e+001  3.443696e+001  3.443671e+001  3.443645e+001  3.443629e+001  3.443621e+001  3.443616e+001  0.000000e+000  
3.628586e+001  3.628584e+001  3.628582e+001  3.628576e+001  3.628563e+001  3.628546e+001  3.628528e+001  3.628517e+001  3.628512e+001  3.628509e+001  0.000000e+000  
3.628545e+001  3.628544e+001  3.628543e+001  3.628541e+001  3.628534e+001  3.628522e+001  3.628508e+001  3.628500e+001  3.628495e+001  3.628493e+001  0.000000e+000  
3.443606e+001  3.443607e+001  3.443609e+001  3.443612e+001  3.443611e+001  3.443603e+001  3.443590e+001  3.443580e+001  3.443574e+001  3.443571e+001  0.000000e+000  
3.083188e+001  3.083192e+001  3.083199e+001  3.083211e+001  3.083220e+001  3.083215e+001  3.083196e+001  3.083180e+001  3.083170e+001  3.083165e+001  0.000000e+000  
2.565644e+001  2.565656e+001  2.565676e+001  2.565707e+001  2.565733e+001  2.565729e+001  2.565697e+001  2.565663e+001  2.565642e+001  2.565629e+001  0.000000e+000  
1.917316e+001  1.917353e+001  1.917406e+001  1.917480e+001  1.917534e+001  1.917532e+001  1.917474e+001  1.917398e+001  1.917344e+001  1.917307e+001  0.000000e+000  
1.233337e+001  1.233466e+001  1.233605e+001  1.233754e+001  1.233840e+001  1.233839e+001  1.233751e+001  1.233600e+001  1.233461e+001  1.233332e+001  0.000000e+000  
8.309077e+000  8.312510e+000  8.314916e+000  8.316835e+000  8.317706e+000  8.317698e+000  8.316813e+000  8.314886e+000  8.312477e+000  8.309042e+000  0.000000e+000  
4.170856e+000  4.180813e+000  4.184221e+000  4.185999e+000  4.186613e+000  4.186610e+000  4.185988e+000  4.184207e+000  4.180797e+000  4.170839e+000  0.000000e+000  
0.000000e+000  0.000000e+000  0.000000e+000  0.000000e+000  0.000000e+000  0.000000e+000  0.000000e+000  0.000000e+000  0.000000e+000  0.000000e+000  0.000000e+000  

0.000000e+000  0.000000e+000  0.000000e+000  0.000000e+000  0.000000e+000  0.000000e+000  0.000000e+000  0.000000e+000  0.000000e+000  0.000000e+000  0.000000e+000  
0.000000e+000  0.000000e+000  0.000000e+000  0.000000e+000  0.000000e+000  0.000000e+000  0.000000e+000  0.000000e+000  0.000000e+000  0.000000e+000  0.000000e+000  
0.000000e+000  0.000000e+000  0.000000e+000  0.000000e+000  0.000000e+000  0.000000e+000  0.000000e+000  0.000000e+000  0.000000e+000  0.000000e+000  0.000000e+000  
0.000000e+000  0.000000e+000  0.000000e+000  0.000000e+000  0.000000e+000  0.000000e+000  0.000000e+000  0.000000e+000  0.000000e+000  0.000000e+000  0.000000e+000  
0.000000e+000  0.000000e+000  0.000000e+000  0.000000e+000  0.000000e+000  0.000000e+000  0.000000e+000  0.000000e+000  0.000000e+000  0.000000e+000  0.000000e+000  
0.000000e+000  0.000000e+000  0.000000e+000  0.000000e+000  0.000000e+000  0.000000e+000  0.000000e+000  0.000000e+000  0.000000e+000  0.000000e+000  0.000000e+000  
0.000000e+000  0.000000e+000  0.000000e+000  0.000000e+000  0.000000e+000  0.000000e+000  0.000000e+000  0.000000e+000  0.000000e+000  0.000000e+000  0.000000e+000  
0.000000e+000  0.000000e+000  0.000000e+000  0.000000e+000  0.000000e+000  0.000000e+000  0.000000e+000  0.000000e+000  0.000000e+000  0.000000e+000  0.000000e+000  
0.000000e+000  0.000000e+000  0.000000e+000  0.000000e+000  0.000000e+000  0.000000e+000  0.000000e+000  0.000000e+000  0.000000e+000  0.000000e+000  0.000000e+000  
0.000000e+000  0.000000e+000  0.000000e+000  0.000000e+000  0.000000e+000  0.000000e+000  0.000000e+000  0.000000e+000  0.000000e+000  0.000000e+000  0.000000e+000  
0.000000e+000  0.000000e+000  0.000000e+000  0.000000e+000  0.000000e+000  0.000000e+000  0.000000e+000  0.000000e+000  0.000000e+000  0.000000e+000  0.000000e+000  
0.000000e+000  0.000000e+000  0.000000e+000  0.000000e+000  0.000000e+000  0.000000e+000  0.000000e+000  0.000000e+000  0.000000e+000  0.000000e+000  0.000000e+000  
0.000000e+000  0.000000e+000  0.000000e+000  0.000000e+000  0.000000e+000  0.000000e+000  0.000000e+000  0.000000e+000  0.000000e+000  0.000000e+000  0.000000e+000  
0.000000e+000  0.000000e+000  0.000000e+000  0.000000e+000  0.000000e+000  0.000000e+000  0.000000e+000  0.000000e+000  0.000000e+000  0.000000e+000  0.000000e+000  
0.000000e+000  0.000000e+000  0.000000e+000  0.000000e+000  0.000000e+000  0.000000e+000  0.000000e+000  0.000000e+000  0.000000e+000  0.000000e+000  0.000000e+000  
0.000000e+000  0.000000e+000  0.000000e+000  0.000000e+000  0.000000e+000  0.000000e+000  0.000000e+000  0.000000e+000  0.000000e+000  0.000000e+000  0.000000e+000  
0.000000e+000  0.000000e+000  0.000000e+000  0.000000e+000  0.000000e+000  0.000000e+000  0.000000e+000  0.000000e+000  0.000000e+000  0.000000e+000  0.000000e+000  
0.000000e+000  0.000000e+000  0.000000e+000  0.000000e+000  0.000000e+000  0.000000e+000  0.000000e+000  0.000000e+000  0.000000e+000  0.000000e+000  0.000000e+000  

0.000000e+000  0.000000e+000  0.000000e+000  0.000000e+000  0.000000e+000  0.000000e+000  0.000000e+000  0.000000e+000  0.000000e+000  0.000000e+000  0.000000e+000  
0.000000e+000  0.000000e+000  0.000000e+000  0.000000e+000  0.000000e+000  0.000000e+000  0.000000e+000  0.000000e+000  0.000000e+000  0.000000e+000  0.000000e+000  
0.000000e+000  0.000000e+000  0.000000e+000  0.000000e+000  0.000000e+000  0.000000e+000  0.000000e+000  0.000000e+000  0.000000e+000  0.000000e+000  0.000000e+000  
0.000000e+000  0.000000e+000  0.000000e+000  0.000000e+000  0.000000e+000  0.000000e+000  0.000000e+000  0.000000e+000  0.000000e+000  0.000000e+000  0.000000e+000  
0.000000e+000  0.000000e+000  0.000000e+000  0.000000e+000  0.000000e+000  0.000000e+000  0.000000e+000  0.000000e+000  0.000000e+000  0.000000e+000  0.000000e+000  
0.000000e+000  0.000000e+000  0.000000e+000  0.000000e+000  0.000000e+000  0.000000e+000  0.000000e+000  0.000000e+000  0.000000e+000  0.000000e+000  0.000000e+000  
0.000000e+000  0.000000e+000  0.000000e+000  0.000000e+000  0.000000e+000  0.000000e+000  0.000000e+000  0.000000e+000  0.000000e+000  0.000000e+000  0.000000e+000  
0.000000e+000  0.000000e+000  0.000000e+000  0.000000e+000  0.000000e+000  0.000000e+000  0.000000e+000  0.000000e+000  0.000000e+000  0.000000e+000  0.000000e+000  
0.000000e+000  0.000000e+000  0.000000e+000  0.000000e+000  0.000000e+000  0.000000e+000  0.000000e+000  0.000000e+000  0.000000e+000  0.000000e+000  0.000000e+000  
0.000000e+000  0.000000e+000  0.000000e+000  0.000000e+000  0.000000e+000  0.000000e+000  0.000000e+000  0.000000e+000  0.000000e+000  0.000000e+000  0.000000e+000  
0.000000e+000  0.000000e+000  0.000000e+000  0.000000e+000  0.000000e+000  0.000000e+000  0.000000e+000  0.000000e+000  0.000000e+000  0.000000e+000  0.000000e+000  
0.000000e+000  0.000000e+000  0.000000e+000  0.000000e+000  0.000000e+000  0.000000e+000  0.000000e+000  0.000000e+000  0.000000e+000  0.000000e+000  0.000000e+000  
0.000000e+000  0.000000e+000  0.000000e+000  0.000000e+000  0.000000e+000  0.000000e+000  0.000000e+000  0.000000e+000  0.000000e+000  0.000000e+000  0.000000e+000  
0.000000e+000  0.000000e+000  0.000000e+000  0.000000e+000  0.000000e+000  0.000000e+000  0.000000e+000  0.000000e+000  0.000000e+000  0.000000e+000  0.000000e+000  
0.000000e+000  0.000000e+000  0.000000e+000  0.000000e+000  0.000000e+000  0.000000e+000  0.000000e+000  0.000000e+000  0.000000e+000  0.000000e+000  0.000000e+000  
0.000000e+000  0.000000e+000  0.000000e+000  0.000000e+000  0.000000e+000  0.000000e+000  0.000000e+000  0.000000e+000  0.000000e+000  0.000000e+000  0.000000e+000  
0.000000e+000  0.000000e+000  0.000000e+000  0.000000e+000  0.000000e+000  0.000000e+000  0.000000e+000  0.000000e+000  0.000000e+000  0.000000e+000  0.000000e+000  
0.000000e+000  0.000000e+000  0.000000e+000  0.000000e+000  0.000000e+000  0.000000e+000  0.000000e+000  0.000000e+000  0.000000e+000  0.000000e+000  0.000000e+000  

0.000000e+000  0.000000e+000  0.000000e+000  0.000000e+000  0.000000e+000  0.000000e+000  0.000000e+000  0.000000e+000  0.000000e+000  0.000000e+000  0.000000e+000  
0.000000e+000  0.000000e+000  0.000000e+000  0.000000e+000  0.000000e+000  0.000000e+000  0.000000e+000  0.000000e+000  0.000000e+000  0.000000e+000  0.000000e+000  
0.000000e+000  0.000000e+000  0.000000e+000  0.000000e+000  0.000000e+000  0.000000e+000  0.000000e+000  0.000000e+000  0.000000e+000  0.000000e+000  0.000000e+000  
0.000000e+000  0.000000e+000  0.000000e+000  0.000000e+000  0.000000e+000  0.000000e+000  0.000000e+000  0.000000e+000  0.000000e+000  0.000000e+000  0.000000e+000  
0.000000e+000  0.000000e+000  0.000000e+000  0.000000e+000  0.000000e+000  0.000000e+000  0.000000e+000  0.000000e+000  0.000000e+000  0.000000e+000  0.000000e+000  
0.000000e+000  0.000000e+000  0.000000e+000  0.000000e+000  0.000000e+000  0.000000e+000  0.000000e+000  0.000000e+000  0.000000e+000  0.000000e+000  0.000000e+000  
0.000000e+000  0.000000e+000  0.000000e+000  0.000000e+000  0.000000e+000  0.000000e+000  0.000000e+000  0.000000e+000  0.000000e+000  0.000000e+000  0.000000e+000  
0.000000e+000  0.000000e+000  0.000000e+000  0.000000e+000  0.000000e+000  0.000000e+000  0.000000e+000  0.000000e+000  0.000000e+000  0.000000e+000  0.000000e+000  
0.000000e+000  0.000000e+000  0.000000e+000  0.000000e+000  0.000000e+000  0.000000e+000  0.000000e+000  0.000000e+000  0.000000e+000  0.000000e+000  0.000000e+000  
0.000000e+000  0.000000e+000  0.000000e+000  0.000000e+000  0.000000e+000  0.000000e+000  0.000000e+000  0.000000e+000  0.000000e+000  0.000000e+000  0.000000e+000  
0.000000e+000  0.000000e+000  0.000000e+000  0.000000e+000  0.000000e+000  0.000000e+000  0.000000e+000  0.000000e+000  0.000000e+000  0.000000e+000  0.000000e+000  
0.000000e+000  0.000000e+000  0.000000e+000  0.000000e+000  0.000000e+000  0.000000e+000  0.000000e+000  0.000000e+000  0.000000e+000  0.000000e+000  0.000000e+000  
0.000000e+000  0.000000e+000  0.000000e+000  0.000000e+000  0.000000e+000  0.000000e+000  0.000000e+000  0.000000e+000  0.000000e+000  0.000000e+000  0.000000e+000  
0.000000e+000  0.000000e+000  0.000000e+000  0.000000e+000  0.000000e+000  0.000000e+000  0.000000e+000  0.000000e+000  0.000000e+000  0.000000e+000  0.000000e+000  
0.000000e+000  0.000000e+000  0.000000e+000  0.000000e+000  0.000000e+000  0.000000e+000  0.000000e+000  0.000000e+000  0.000000e+000  0.000000e+000  0.000000e+000  
0.000000e+000  0.000000e+000  0.000000e+000  0.000000e+000  0.000000e+000  0.000000e+000  0.000000e+000  0.000000e+000  0.000000e+000  0.000000e+000  0.000000e+000  
0.000000e+000  0.000000e+000  0.000000e+000  0.000000e+000  0.000000e+000  0.000000e+000  0.000000e+000  0.000000e+000  0.000000e+000  0.000000e+000  0.000000e+000  
0.000000e+000  0.000000e+000  0.000000e+000  0.000000e+000  0.000000e+000  0.000000e+000  0.000000e+000  0.000000e+000  0.000000e+000  0.000000e+000  0.000000e+000  

2.653750e+001  2.653746e+001  2.653739e+001  2.653724e+001  2.653691e+001  2.653639e+001  2.653566e+001  2.653481e+001  2.653394e+001  2.653253e+001  0.000000e+000  
2.618456e+001  2.618453e+001  2.618446e+001  2.618431e+001  2.618399e+001  2.618350e+001  2.618283e+001  2.618213e+001  2.618155e+001  2.618098e+001  0.000000e+000  
2.548338e+001  2.548335e+001  2.548328e+001  2.548314e+001  2.548285e+001  2.548240e+001  2.548182e+001  2.548129e+001  2.548092e+001  2.548064e+001  0.000000e+000  
2.402543e+001  2.402540e+001  2.402534e+001  2.402522e+001  2.402496e+001  2.402459e+001  2.402415e+001  2.402381e+001  2.402361e+001  2.402349e+001  0.000000e+000  
2.098602e+001  2.098600e+001  2.098595e+001  2.098585e+001  2.098565e+001  2.098537e+001  2.098508e+001  2.098489e+001  2.098479e+001  2.098473e+001  0.000000e+000  
1.675299e+001  1.675297e+001  1.675293e+001  1.675286e+001  1.675271e+001  1.675252e+001  1.675233e+001  1.675222e+001  1.675216e+001  1.675212e+001  0.000000e+000  
1.166635e+001  1.166633e+001  1.166631e+001  1.166625e+001  1.166615e+001  1.166601e+001  1.166589e+001  1.166582e+001  1.166578e+001  1.166576e+001  0.000000e+000  
5.985277e+000  5.985267e+000  5.985247e+000  5.985208e+000  5.985132e+000  5.985041e+000  5.984960e+000  5.984916e+000  5.984894e+000  5.984882e+000  0.000000e+000  
-7.460869e-004  -7.538561e-004  -7.688778e-004  -7.988105e-004  -8.539533e-004  -9.157793e-004  -9.673236e-004  -9.939516e-004  -1.007074e-003  -1.013783e-003  0.000000e+000  
-5.986702e+000  -5.986709e+000  -5.986722e+000  -5.986748e+000  -5.986792e+000  -5.986834e+000  -5.986863e+000  -5.986876e+000  -5.986881e+000  -5.986884e+000  0.000000e+000  
-1.166757e+001  -1.166758e+001  -1.166759e+001  -1.166762e+001  -1.166767e+001  -1.166769e+001  -1.166770e+001  -1.166770e+001  -1.166769e+001  -1.166769e+001  0.000000e+000  
-1.675386e+001  -1.675387e+001  -1.675390e+001  -1.675395e+001  -1.675401e+001  -1.675403e+001  -1.675400e+001  -1.675397e+001  -1.675395e+001  -1.675394e+001  0.000000e+000  
-2.098636e+001  -2.098640e+001  -2.098646e+001  -2.098656e+001  -2.098666e+001  -2.098667e+001  -2.098660e+001  -2.098651e+001  -2.098645e+001  -2.098642e+001  0.000000e+000  
-2.402503e+001  -2.402512e+001  -2.402527e+001  -2.402548e+001  -2.402567e+001  -2.402568e+001  -2.402551e+001  -2.402531e+001  -2.402516e+001  -2.402507e+001  0.000000e+000  
-2.548212e+001  -2.548237e+001  -2.548268e+001  -2.548307e+001  -2.548336e+001  -2.548337e+001  -2.548310e+001  -2.548271e+001  -2.548241e+001  -2.548216e+001  0.000000e+000  
-2.618244e+001  -2.618297e+001  -2.618349e+001  -2.618404e+001  -2.618440e+001  -2.618441e+001  -2.618407e+001  -2.618352e+001  -2.618301e+001  -2.618247e+001  0.000000e+000  
-2.653397e+001  -2.653535e+001  -2.653614e+001  -2.653685e+001  -2.653726e+001  -2.653727e+001  -2.653687e+001  -2.653617e+001  -2.653538e+001  -2.653401e+001  0.000000e+000  
0.000000e+000  0.000000e+000  0.000000e+000  0.000000e+000  0.000000e+000  0.000000e+000  0.000000e+000  0.000000e+000  0.000000e+000  0.000000e+000  0.000000e+000  

