Frontend-Node:  =======================================================================
                FPBA has been activated in order to calculate connectivity information.
                =======================================================================

==========================================================================
 - pinning rule in use   : PINNING_RULE_MCALC_SKIP_ALL
 - desired group         : 0, sockets = 0
 - num cores available   : 14
 - num accessible procs          : 14
 - num logical procs             : 14
 - affinity (main thread)        : 11111111111111
 - sockets                       : 0
 - potential cores               : 0,1,2,3,4,5,6,7,8,9,10,11,12,13
 - affinity                      : 11111111111111
 - core list                  (3): 0,1,2,3,4,5,6,7,8,9,10,11,12,13
 - active cores          : 0,1,2,3,4,5,6,7,8,9,10,11,12,13
 - skip pinning: + allowed number of sockets = available number of sockets
                 + hyperthreading off
==========================================================================

===================================================================================================
Version: 2022.5 Release from 2022-06-03 (change 981760) [Release]
Workflow: PBA matrix coefficients
Operation: [acis, fpba, meshfill, bg, port-path, port-domain, tst, tst-nextgen, coeff, surface-imp]
Architecture: Windows, ID: AMD64
System Windows-64bit
Using processor group 0/1
HEX Mesh information:
Hex mesh: global: [hxr o(0 | 0 | 0) s(28 | 17 | 4) np (no TSTs): 1904] 
===================================================================================================

>>>>>>>>>>>>>>>>>>>>>>>>>>>>>>>>>>>>>>>>
2026 May 13 (Wed):  12:17:08
started: calculating matrix coefficients
>>>>>>>>>>>>>>>>>>>>>>>>>>>>>>>>>>>>>>>>

================================================================
Matrix computation (PBA)
	[PERFECT BOUNDARY APPROXIMATION (PBA) (R), version: default]
	[GPU acceleration: off (by user)]
Version 2022.5 (build 20220603)
PBA version 2021082322
Sub-Workflow: FARM-1x1-TST2
Workflow updated: -
2026 May 13 (Wed):  12:17:08
================================================================

----------------------------------------------
Used point accuracy enhancement value: 75.00%.
----------------------------------------------

************************************************************************************************
General settings
	PBA version: default
------------------------------------------------------------------------------------------------
Geometry processor: default
	Geo accuracy: 75.000000
	Watertightness check: true
	Self intersection check: false
	Inheritance (all): false
	Normal dominance (all): false
	Normal dominance (ports): false
	Flanges hollow: true
	One shape per flange: false
	Multi threading: true
		max # of threads used: 14
		requested max # of threads: 14
		representation: indexed
		method: multi thread
		retry: no
------------------------------------------------------------------------------------------------
Connectivity settings
	Workflow selection: 0
	Workflow version: 20180101
	Gap detection: true
	Gap detection version: 2
	TST version: 2
	QQ workflow: true
	CoCo workflow: true
	Legacy topology: false
	Connectivity check: false
------------------------------------------------------------------------------------------------
************************************************************************************************

------------------------------------------------------------------------------------------------
Geometry processing log
	PEC background is represented by CAD geometry: false
	Background shape: used
	Multithread portion: 100.00
	Number of CAD shapes: 1
	Number of lumps: 0
------------------------------------------------------------------------------------------------
===================================================================================================
== CST Matrix Calculation Priority Log
===================================================================================================
 
Priorities are sorted in ascending order beginning with the lowest priority
 
Priority-group: 1, shape 2: </cst/Boundaries/> Low^X,   material: $NFSMaterial$,  user-priority: 0.000000,   material-attributes: normal.vacuum,  shape-attributes: boundary,    scheme type:FIT_TD
Priority-group: 1, shape 3: </cst/Boundaries/> Low^Y,   material: $NFSMaterial$,  user-priority: 0.000000,   material-attributes: normal.vacuum,  shape-attributes: boundary,    scheme type:FIT_TD
Priority-group: 1, shape 4: </cst/Boundaries/> Low^Z,   material: $NFSMaterial$,  user-priority: 0.000000,   material-attributes: normal.vacuum,  shape-attributes: boundary,    scheme type:FIT_TD
Priority-group: 1, shape 5: </cst/Boundaries/> Up^X,    material: $NFSMaterial$,  user-priority: 0.000000,   material-attributes: normal.vacuum,  shape-attributes: boundary,    scheme type:FIT_TD
Priority-group: 1, shape 6: </cst/Boundaries/> Up^Y,    material: $NFSMaterial$,  user-priority: 0.000000,   material-attributes: normal.vacuum,  shape-attributes: boundary,    scheme type:FIT_TD
Priority-group: 1, shape 7: </cst/Boundaries/> Up^Z,    material: $NFSMaterial$,  user-priority: 0.000000,   material-attributes: normal.vacuum,  shape-attributes: boundary,    scheme type:FIT_TD
Priority-group: 2, shape 1: component1:solid2,  material: PEC,    user-priority: 0.000000,   2D/3D-geometry: true, material-attributes: pec,    shape-attributes: solid,   scheme type:FIT_TD
 
===================================================================================================
 
FARM allocation scheme: BBM
Gap-Detection activated for FARM-topology. Gaps are resolved, even partially.: gap tolerance value is 0.001000 and mesh geometry scale is 0.001000

----------------------
Acceleration mode: CPU
----------------------

Port homogenization method: M2H point index deviation
ccccccccccccccccccccccccccccccccccccccccccccccccccccccccccccccccccccc
FARM/Meshfill cache is set to 8 (local FI domains: 1, dynamic: false)
ccccccccccccccccccccccccccccccccccccccccccccccccccccccccccccccccccccc

=============================================================
Hex cell analyzer settings:
	max number of E fields per mesh edge: 2
	max number of H fields per mesh face: 4
	supporting dual grid: false
	performance improvement: ROI limit: true
	performance improvement: ROI threshold: 2
	performance improvement: single topology extraction: true
	performance improvement: pre-categorize cell volume: true
	periodic align: 0
	periodic cells: true
	homogenization version: pid
=============================================================

------------------------------------------------------------------------------
+++++++++++++++++++++++++++++++++++++++++++++++++++++
settings for port mode calculation
+++++++++++++++++++++++++++++++++++++++++++++++++++++
PBA fill limit is applied in inverse mode.
PBA fill limit is applied on faces filled with at least 99.00% metal material.
--------------------------------------------------------------
detailed accuracy settings:
--------------------------------------------------------------
augmented fill limit:       true
augmented fill limit value: 99.00
automatic fill limit:       true
early fill limit:           true
inverse fill limit:         true
model complexity:           0.00
legacy 2015:                false
fixed point accuracy:       false
minimum point accuracy:     0
mesh step inheritance:      false
accuracy mode:              
------------------------------------------------------------------------------

--------------------------------------
Glued 0 metal grid points in port area
--------------------------------------

=================================
Finished matrix computation (PBA)
=================================

<<<<<<<<<<<<<<<<<<<<<<<<<<<<<<<<<<<<<<<<<<<<<<<<<<<
2026 May 13 (Wed):  12:17:09
Resource usage for calculating matrix coefficients:
	Runtime                          00:00:00.00521
	Peak Memory Usage:                        30 MB
<<<<<<<<<<<<<<<<<<<<<<<<<<<<<<<<<<<<<<<<<<<<<<<<<<<

--------------------------------
# of staircase filled cells: 0
# of staircase filled areas: 0
# of staircase filled edges: 0
# of faces above fill limit: 0
# of edges with FPBA topology: 0
--------------------------------

Frontend-Node:  =======================================================================
                FPBA has been activated in order to calculate connectivity information.
                =======================================================================

==========================================================================
 - pinning rule in use   : PINNING_RULE_MCALC_SKIP_ALL
 - desired group         : 0, sockets = 0
 - num cores available   : 14
 - num accessible procs          : 14
 - num logical procs             : 14
 - affinity (main thread)        : 11111111111111
 - sockets                       : 0
 - potential cores               : 0,1,2,3,4,5,6,7,8,9,10,11,12,13
 - affinity                      : 11111111111111
 - core list                  (3): 0,1,2,3,4,5,6,7,8,9,10,11,12,13
 - active cores          : 0,1,2,3,4,5,6,7,8,9,10,11,12,13
 - skip pinning: + allowed number of sockets = available number of sockets
                 + hyperthreading off
==========================================================================

===================================================================================================
Version: 2022.5 Release from 2022-06-03 (change 981760) [Release]
Workflow: PBA matrix coefficients
Operation: [acis, fpba, meshfill, bg, port-path, port-domain, tst, tst-nextgen, coeff, surface-imp]
Architecture: Windows, ID: AMD64
System Windows-64bit
Using processor group 0/1
HEX Mesh information:
Hex mesh: global: [hxr o(0 | 0 | 0) s(28 | 17 | 4) np (no TSTs): 1904] 
===================================================================================================

>>>>>>>>>>>>>>>>>>>>>>>>>>>>>>>>>>>>>>>>
2026 May 13 (Wed):  12:17:11
started: calculating matrix coefficients
>>>>>>>>>>>>>>>>>>>>>>>>>>>>>>>>>>>>>>>>

================================================================
Matrix computation (PBA)
	[PERFECT BOUNDARY APPROXIMATION (PBA) (R), version: default]
	[GPU acceleration: off (by user)]
Version 2022.5 (build 20220603)
PBA version 2021082322
Sub-Workflow: FARM-1x1-TST2
Workflow updated: -
2026 May 13 (Wed):  12:17:11
================================================================

----------------------------------------------
Used point accuracy enhancement value: 75.00%.
----------------------------------------------

************************************************************************************************
General settings
	PBA version: default
------------------------------------------------------------------------------------------------
Geometry processor: default
	Geo accuracy: 75.000000
	Watertightness check: true
	Self intersection check: false
	Inheritance (all): false
	Normal dominance (all): false
	Normal dominance (ports): false
	Flanges hollow: true
	One shape per flange: false
	Multi threading: true
		max # of threads used: 14
		requested max # of threads: 14
		representation: indexed
		method: multi thread
		retry: no
------------------------------------------------------------------------------------------------
Connectivity settings
	Workflow selection: 0
	Workflow version: 20180101
	Gap detection: true
	Gap detection version: 2
	TST version: 2
	QQ workflow: true
	CoCo workflow: true
	Legacy topology: false
	Connectivity check: false
------------------------------------------------------------------------------------------------
************************************************************************************************

------------------------------------------------------------------------------------------------
Geometry processing log
	PEC background is represented by CAD geometry: false
	Background shape: used
	Multithread portion: 100.00
	Number of CAD shapes: 1
	Number of lumps: 0
------------------------------------------------------------------------------------------------
===================================================================================================
== CST Matrix Calculation Priority Log
===================================================================================================
 
Priorities are sorted in ascending order beginning with the lowest priority
 
Priority-group: 1, shape 2: </cst/Boundaries/> Low^X,   material: $NFSMaterial$,  user-priority: 0.000000,   material-attributes: normal.vacuum,  shape-attributes: boundary,    scheme type:FIT_TD
Priority-group: 1, shape 3: </cst/Boundaries/> Low^Y,   material: $NFSMaterial$,  user-priority: 0.000000,   material-attributes: normal.vacuum,  shape-attributes: boundary,    scheme type:FIT_TD
Priority-group: 1, shape 4: </cst/Boundaries/> Low^Z,   material: $NFSMaterial$,  user-priority: 0.000000,   material-attributes: normal.vacuum,  shape-attributes: boundary,    scheme type:FIT_TD
Priority-group: 1, shape 5: </cst/Boundaries/> Up^X,    material: $NFSMaterial$,  user-priority: 0.000000,   material-attributes: normal.vacuum,  shape-attributes: boundary,    scheme type:FIT_TD
Priority-group: 1, shape 6: </cst/Boundaries/> Up^Y,    material: $NFSMaterial$,  user-priority: 0.000000,   material-attributes: normal.vacuum,  shape-attributes: boundary,    scheme type:FIT_TD
Priority-group: 1, shape 7: </cst/Boundaries/> Up^Z,    material: $NFSMaterial$,  user-priority: 0.000000,   material-attributes: normal.vacuum,  shape-attributes: boundary,    scheme type:FIT_TD
Priority-group: 2, shape 1: component1:solid2,  material: PEC,    user-priority: 0.000000,   2D/3D-geometry: true, material-attributes: pec,    shape-attributes: solid,   scheme type:FIT_TD
 
===================================================================================================
 
FARM allocation scheme: BBM
Gap-Detection activated for FARM-topology. Gaps are resolved, even partially.: gap tolerance value is 0.001000 and mesh geometry scale is 0.001000

----------------------
Acceleration mode: CPU
----------------------

Port homogenization method: M2H point index deviation
ccccccccccccccccccccccccccccccccccccccccccccccccccccccccccccccccccccc
FARM/Meshfill cache is set to 8 (local FI domains: 1, dynamic: false)
ccccccccccccccccccccccccccccccccccccccccccccccccccccccccccccccccccccc

=============================================================
Hex cell analyzer settings:
	max number of E fields per mesh edge: 2
	max number of H fields per mesh face: 4
	supporting dual grid: false
	performance improvement: ROI limit: true
	performance improvement: ROI threshold: 2
	performance improvement: single topology extraction: true
	performance improvement: pre-categorize cell volume: true
	periodic align: 0
	periodic cells: true
	homogenization version: pid
=============================================================

------------------------------------------------------------------------------
+++++++++++++++++++++++++++++++++++++++++++++++++++++
settings for port mode calculation
+++++++++++++++++++++++++++++++++++++++++++++++++++++
PBA fill limit is applied in inverse mode.
PBA fill limit is applied on faces filled with at least 99.00% metal material.
--------------------------------------------------------------
detailed accuracy settings:
--------------------------------------------------------------
augmented fill limit:       true
augmented fill limit value: 99.00
automatic fill limit:       true
early fill limit:           true
inverse fill limit:         true
model complexity:           0.00
legacy 2015:                false
fixed point accuracy:       false
minimum point accuracy:     0
mesh step inheritance:      false
accuracy mode:              
------------------------------------------------------------------------------

--------------------------------------
Glued 0 metal grid points in port area
--------------------------------------

=================================
Finished matrix computation (PBA)
=================================

<<<<<<<<<<<<<<<<<<<<<<<<<<<<<<<<<<<<<<<<<<<<<<<<<<<
2026 May 13 (Wed):  12:17:12
Resource usage for calculating matrix coefficients:
	Runtime                          00:00:00.00519
	Peak Memory Usage:                        30 MB
<<<<<<<<<<<<<<<<<<<<<<<<<<<<<<<<<<<<<<<<<<<<<<<<<<<

--------------------------------
# of staircase filled cells: 0
# of staircase filled areas: 0
# of staircase filled edges: 0
# of faces above fill limit: 0
# of edges with FPBA topology: 0
--------------------------------

Frontend-Node:  =======================================================================
                FPBA has been activated in order to calculate connectivity information.
                =======================================================================

>>>>>>>>>>>>>>>>>>>>>>>>>>>>>>>>
2026 May 13 (Wed):  12:17:15
started: parallelization control
>>>>>>>>>>>>>>>>>>>>>>>>>>>>>>>>

==========================================================================
 - pinning rule in use   : PINNING_RULE_MCALC_SKIP_ALL
 - desired group         : 0, sockets = 0
 - num cores available   : 14
 - num accessible procs          : 14
 - num logical procs             : 14
 - affinity (main thread)        : 11111111111111
 - sockets                       : 0
 - potential cores               : 0,1,2,3,4,5,6,7,8,9,10,11,12,13
 - affinity                      : 11111111111111
 - core list                  (3): 0,1,2,3,4,5,6,7,8,9,10,11,12,13
 - active cores          : 0,1,2,3,4,5,6,7,8,9,10,11,12,13
 - skip pinning: + allowed number of sockets = available number of sockets
                 + hyperthreading off
==========================================================================

==========================================================================
Version: 2022.5 Release from 2022-06-03 (change 981760) [Release]
Workflow: QQ-Facets
Operation: [acis, fpba, bg]
Architecture: Windows, ID: AMD64
System Windows-64bit
Using processor group 0/1
HEX Mesh information:
Hex mesh: global: [hxr o(0 | 0 | 0) s(50 | 39 | 83) np (no TSTs): 161850] 
==========================================================================

>>>>>>>>>>>>>>>>>>>>>>>>>>>>>
2026 May 13 (Wed):  12:17:15
started: processing CAD model
>>>>>>>>>>>>>>>>>>>>>>>>>>>>>

========================================================================
Processing CAD model (for field results)
	[Improved internal geometry representation]
	[Accuracy improvement for long shapes in inhomogeneous mesh regions]
Version 2022.5 (build 20220603)
PBA version 2021082322
Sub-Workflow: Facets-QQ-GEX
Workflow updated: -
2026 May 13 (Wed):  12:17:15
========================================================================

===========================================
Finished CAD processing (for field results)
===========================================

<<<<<<<<<<<<<<<<<<<<<<<<<<<<<<<<<<<<<<<<<<
2026 May 13 (Wed):  12:17:15
Resource usage for processing CAD model:
	Runtime                 00:00:00.00278
	Peak Memory Usage:               30 MB
<<<<<<<<<<<<<<<<<<<<<<<<<<<<<<<<<<<<<<<<<<

>>>>>>>>>>>>>>>>>>>>>>>>>>>>>
2026 May 13 (Wed):  12:17:15
started: processing CAD model
>>>>>>>>>>>>>>>>>>>>>>>>>>>>>

========================================================================
Processing CAD model
	[Improved internal geometry representation]
	[Accuracy improvement for long shapes in inhomogeneous mesh regions]
Version 2022.5 (build 20220603)
PBA version 2021082322
Sub-Workflow: Facets-QQ-GEX
Workflow updated: -
2026 May 13 (Wed):  12:17:15
========================================================================

----------------------------------------------
Used point accuracy enhancement value: 31.00%.
----------------------------------------------

=============================================================================
Mesh statistics:
-----------------------------------------------------------------------------
Minimum edge length (x): 0.0833 @ mesh line 6 (x)
Maximum edge length (x): 0.183 @ mesh line 27 (x)
Minimum face area (x): 0.0156 @ mesh lines 10 | 1 (y | z)
Maximum face area (x): 0.0347 @ mesh lines 17 | 64 (y | z)
Minimum edge length (y): 0.0833 @ mesh line 10 (y)
Maximum edge length (y): 0.183 @ mesh line 17 (y)
Minimum face area (y): 0.0156 @ mesh lines 1 | 6 (z | x)
Maximum face area (y): 0.0345 @ mesh lines 64 | 27 (z | x)
Minimum edge length (z): 0.187 @ mesh line 1 (z)
Maximum edge length (z): 0.189 @ mesh line 64 (z)
Minimum face area (z): 0.00694 @ mesh lines 6 | 10 (x | y)
Maximum face area (z): 0.0335 @ mesh lines 27 | 17 (x | y)
Maximum mesh face aspect ratio (x): 2.27 : 1.0  @ mesh lines 10 | 64 (y | z)
Maximum mesh face aspect ratio (y): 2.27 : 1.0  @ mesh lines 64 | 6 (z | x)
Maximum mesh face aspect ratio (z): 2.2 : 1.0  @ mesh lines 6 | 17 (x | y)
=============================================================================

=============================================================================
Available resources to store TST cells: 2147321797 (1326735.74% of mesh size)
=============================================================================

************************************************************************************************
General settings
	PBA version: default
------------------------------------------------------------------------------------------------
Geometry processor: default
	Geo accuracy: 31.000000
	Watertightness check: true
	Self intersection check: false
	Inheritance (all): false
	Normal dominance (all): false
	Normal dominance (ports): false
	Flanges hollow: true
	One shape per flange: false
	Multi threading: true
		max # of threads used: 14
		requested max # of threads: 14
		representation: indexed
		method: multi thread
		retry: no
------------------------------------------------------------------------------------------------
Connectivity settings
	Workflow selection: 0
	Workflow version: 20190101
	Gap detection: true
	Gap detection version: 2
	TST version: 2
	QQ workflow: true
	CoCo workflow: true
	Legacy topology: false
	Connectivity check: true
------------------------------------------------------------------------------------------------
************************************************************************************************

------------------------------------------------------------------------------------------------
Geometry processing log
	PEC background is represented by CAD geometry: false
	Background shape: used
	Multithread portion: 100.00
	Number of CAD shapes: 1
	Number of lumps: 0
------------------------------------------------------------------------------------------------
===================================================================================================
== CST Matrix Calculation Priority Log
===================================================================================================
 
Priorities are sorted in ascending order beginning with the lowest priority
 
Priority-group: 1, shape 2: </cst/Boundaries/> Low^X,   material: $NFSMaterial$,  user-priority: 0.000000,   material-attributes: normal.vacuum,  shape-attributes: boundary,    scheme type:FIT_TD
Priority-group: 1, shape 3: </cst/Boundaries/> Low^Y,   material: $NFSMaterial$,  user-priority: 0.000000,   material-attributes: normal.vacuum,  shape-attributes: boundary,    scheme type:FIT_TD
Priority-group: 1, shape 4: </cst/Boundaries/> Low^Z,   material: $NFSMaterial$,  user-priority: 0.000000,   material-attributes: normal.vacuum,  shape-attributes: boundary,    scheme type:FIT_TD
Priority-group: 1, shape 5: </cst/Boundaries/> Up^X,    material: $NFSMaterial$,  user-priority: 0.000000,   material-attributes: normal.vacuum,  shape-attributes: boundary,    scheme type:FIT_TD
Priority-group: 1, shape 6: </cst/Boundaries/> Up^Y,    material: $NFSMaterial$,  user-priority: 0.000000,   material-attributes: normal.vacuum,  shape-attributes: boundary,    scheme type:FIT_TD
Priority-group: 1, shape 7: </cst/Boundaries/> Up^Z,    material: $NFSMaterial$,  user-priority: 0.000000,   material-attributes: normal.vacuum,  shape-attributes: boundary,    scheme type:FIT_TD
Priority-group: 2, shape 1: component1:solid2,  material: PEC,    user-priority: 0.000000,   2D/3D-geometry: true, material-attributes: pec,    shape-attributes: solid,   scheme type:FIT_TD
 
===================================================================================================
 
=======================
Finished CAD processing
=======================

<<<<<<<<<<<<<<<<<<<<<<<<<<<<<<<<<<<<<<<<<<
2026 May 13 (Wed):  12:17:15
Resource usage for processing CAD model:
	Runtime                 00:00:00.00116
	Peak Memory Usage:               30 MB
<<<<<<<<<<<<<<<<<<<<<<<<<<<<<<<<<<<<<<<<<<

------------------------------------------------------------
Parallelization Info
------------------------------------------------------------
Hyperthreading active: false
Hyperthreading used: false
Number of concurrent threads: 4
Number of node domains: 4
Domains-to-threads scaling: 2
Average FI domain size: 2e+04
Nice mode: true
Delayed matrix calculation start: false
Load balancing: Version 20090403
Number of mesh fill domains: 8
Memory downscale: 1
CPU load: 28.57%
Emptiness: 0.00%
Hex mesh complexity: 0.15268
Geometric complexity: 0.00032
lower size limit of domain (1D): 60
------------------------------------------------------------
Node order
3, 0, 1, 2
------------------------------------------------------------

------------------------------------------------------------------
Matrix calculation job submit section 0
Currently running jobs: 0
Waiting jobs: 4
Concurrency for section: 4/4
Matrix calculation node 3
	Mesh coverage: 4096400.00 %
	Estimated peak memory usage per node: 99 MB, tightness: 1.18 %
	Processor group: 0
Matrix calculation node 0
	Mesh coverage: 3910200.00 %
	Estimated peak memory usage per node: 98 MB, tightness: 1.16 %
	Processor group: 0
Matrix calculation node 1
	Mesh coverage: 3910200.00 %
	Estimated peak memory usage per node: 98 MB, tightness: 1.16 %
	Processor group: 0
Matrix calculation node 2
	Mesh coverage: 3910200.00 %
	Estimated peak memory usage per node: 98 MB, tightness: 1.16 %
	Processor group: 0
------------------------------------------------------------------

------------------------------------
Mesh: # of points excl. TSTs: 161850
      # of points incl. TSTs: 161850
------------------------------------

===========================================
Data rearrangement statistics:
Disk IO directories:	00:00:00.0009
Disk IO node domain files:	00:00:00.0276
Disk IO FI domain files:	00:00:00.0000
Disk IO meta information:	00:00:00.0052
Sequential merge (TST):	00:00:00.0000
===========================================

1xN000:  ==========================================================================
          - pinning rule in use   : PINNING_RULE_MCALC_SKIP_ALL
          - desired group         : 0, sockets = 0
          - num cores available   : 14
          - num accessible procs          : 14
          - num logical procs             : 14
          - affinity (main thread)        : 11111111111111
          - sockets                       : 0
          - potential cores               : 0,1,2,3,4,5,6,7,8,9,10,11,12,13
          - affinity                      : 11111111111111
          - core list                  (3): 0,1,2,3,4,5,6,7,8,9,10,11,12,13
          - active cores          : 0,1,2,3,4,5,6,7,8,9,10,11,12,13
          - skip pinning: + allowed number of sockets = available number of sockets
                          + hyperthreading off
         ==========================================================================

1xN000:  ===================================================================================================
         Version: 2022.5 Release from 2022-06-03 (change 981760) [Release]
         Workflow: PBA matrix coefficients
         Operation: [fpba, meshfill, bg, port-path, tst, tst-nextgen, coeff, surface-imp, connectivity-tree]
         Architecture: Windows, ID: AMD64
         System Windows-64bit
         Using processor group 0/1
         HEX Mesh information:
         Hex mesh: node: [hxr o(0 | 0 | 0) s(50 | 39 | 22) np (no TSTs): 42900]
         Hex mesh: extended: [hxr o(0 | 0 | 0) s(50 | 39 | 24) np (no TSTs): 46800]
         ===================================================================================================

1xN000:  ------------------------------------------------------
         Memory status  on node "1xN000" for matrix calculation
         	Estimated memory consumption: 0.0981999 GB
         	Physical memory installed: 33.8111 GB
         	Available physical memory: 8.358 GB
         	Available relative memory: 24.7197%s
         ------------------------------------------------------

1xN000:  >>>>>>>>>>>>>>>>>>>>>>>>>>>>>>>>>>>>>>>>>>>>>>>>>
         2026 May 13 (Wed):  12:17:16
         started: calculating matrix coefficients per node
         >>>>>>>>>>>>>>>>>>>>>>>>>>>>>>>>>>>>>>>>>>>>>>>>>

1xN000:  ================================================================
         Matrix computation (PBA)
         	[PERFECT BOUNDARY APPROXIMATION (PBA) (R), version: default]
         	[GPU acceleration: off (by user)]
         Version 2022.5 (build 20220603)
         PBA version 2021082322
         Sub-Workflow: FARM-1xN-TST2-Node
         Workflow updated: -
         2026 May 13 (Wed):  12:17:16
         ================================================================

1xN000:  ----------------------------------------------
         Used point accuracy enhancement value: 31.00%.
         ----------------------------------------------

1xN000:  FARM allocation scheme: BBM
1xN000:  Gap-Detection activated for FARM-topology. Gaps are resolved, even partially.: gap tolerance value is 0.001000 and mesh geometry scale is 0.001000
1xN000:
1xN000:



1xN000:  ----------------------
         Acceleration mode: CPU
         ----------------------

1xN000:  Port homogenization method: M2H point index deviation
1xN000:  cccccccccccccccccccccccccccccccccccccccccccccccccccccccccccccccccccc
         FARM/Meshfill cache is set to 8 (local FI domains: 4, dynamic: true)
         cccccccccccccccccccccccccccccccccccccccccccccccccccccccccccccccccccc

1xN000:  =============================================================
         Hex cell analyzer settings:
         	max number of E fields per mesh edge: 2
         	max number of H fields per mesh face: 4
         	supporting dual grid: false
         	performance improvement: ROI limit: true
         	performance improvement: ROI threshold: 2
         	performance improvement: single topology extraction: true
         	performance improvement: pre-categorize cell volume: true
         	periodic align: 0
         	periodic cells: true
         	homogenization version: pid
         =============================================================

1xN000:  ------------------------------------------------------------------------------
         PBA fill limit is applied in inverse mode.
         PBA fill limit is applied on faces filled with at least 98.63% metal material.
         --------------------------------------------------------------
         detailed accuracy settings:
         --------------------------------------------------------------
         augmented fill limit:       true
         augmented fill limit value: 98.63
         automatic fill limit:       true
         early fill limit:           true
         inverse fill limit:         true
         model complexity:           0.00
         legacy 2015:                false
         fixed point accuracy:       false
         minimum point accuracy:     0
         mesh step inheritance:      false
         accuracy mode:
         ------------------------------------------------------------------------------

1xN000:  --------------------------------------
         Glued 0 metal grid points in port area
         --------------------------------------

1xN000:  =================================
         Finished matrix computation (PBA)
         =================================

1xN000:  <<<<<<<<<<<<<<<<<<<<<<<<<<<<<<<<<<<<<<<<<<<<<<<<<<<<<<<<<<<<
         2026 May 13 (Wed):  12:17:19
         Resource usage for calculating matrix coefficients per node:
         	Runtime                          00:00:03.00268
         	Peak Memory Estimation:                   98 MB
         	Peak Memory Usage:                        70 MB
         <<<<<<<<<<<<<<<<<<<<<<<<<<<<<<<<<<<<<<<<<<<<<<<<<<<<<<<<<<<<



1xN001:  ==========================================================================
          - pinning rule in use   : PINNING_RULE_MCALC_SKIP_ALL
          - desired group         : 0, sockets = 0
          - num cores available   : 14
          - num accessible procs          : 14
          - num logical procs             : 14
          - affinity (main thread)        : 11111111111111
          - sockets                       : 0
          - potential cores               : 0,1,2,3,4,5,6,7,8,9,10,11,12,13
          - affinity                      : 11111111111111
          - core list                  (3): 0,1,2,3,4,5,6,7,8,9,10,11,12,13
          - active cores          : 0,1,2,3,4,5,6,7,8,9,10,11,12,13
          - skip pinning: + allowed number of sockets = available number of sockets
                          + hyperthreading off
         ==========================================================================

1xN001:  ===================================================================================================
         Version: 2022.5 Release from 2022-06-03 (change 981760) [Release]
         Workflow: PBA matrix coefficients
         Operation: [fpba, meshfill, bg, port-path, tst, tst-nextgen, coeff, surface-imp, connectivity-tree]
         Architecture: Windows, ID: AMD64
         System Windows-64bit
         Using processor group 0/1
         HEX Mesh information:
         Hex mesh: node: [hxr o(0 | 0 | 20) s(50 | 39 | 22) np (no TSTs): 42900]
         Hex mesh: extended: [hxr o(0 | 0 | 18) s(50 | 39 | 26) np (no TSTs): 50700]
         ===================================================================================================

1xN001:  ------------------------------------------------------
         Memory status  on node "1xN001" for matrix calculation
         	Estimated memory consumption: 0.0981346 GB
         	Physical memory installed: 33.8111 GB
         	Available physical memory: 8.347 GB
         	Available relative memory: 24.6871%s
         ------------------------------------------------------

1xN001:  >>>>>>>>>>>>>>>>>>>>>>>>>>>>>>>>>>>>>>>>>>>>>>>>>
         2026 May 13 (Wed):  12:17:16
         started: calculating matrix coefficients per node
         >>>>>>>>>>>>>>>>>>>>>>>>>>>>>>>>>>>>>>>>>>>>>>>>>

1xN001:  ================================================================
         Matrix computation (PBA)
         	[PERFECT BOUNDARY APPROXIMATION (PBA) (R), version: default]
         	[GPU acceleration: off (by user)]
         Version 2022.5 (build 20220603)
         PBA version 2021082322
         Sub-Workflow: FARM-1xN-TST2-Node
         Workflow updated: -
         2026 May 13 (Wed):  12:17:16
         ================================================================

1xN001:  ----------------------------------------------
         Used point accuracy enhancement value: 31.00%.
         ----------------------------------------------

1xN001:  FARM allocation scheme: BBM
1xN001:  Gap-Detection activated for FARM-topology. Gaps are resolved, even partially.: gap tolerance value is 0.001000 and mesh geometry scale is 0.001000
1xN001:
1xN001:



1xN001:  ----------------------
         Acceleration mode: CPU
         ----------------------

1xN001:  Port homogenization method: M2H point index deviation
1xN001:  cccccccccccccccccccccccccccccccccccccccccccccccccccccccccccccccccccc
         FARM/Meshfill cache is set to 8 (local FI domains: 8, dynamic: true)
         cccccccccccccccccccccccccccccccccccccccccccccccccccccccccccccccccccc

1xN001:  =============================================================
         Hex cell analyzer settings:
         	max number of E fields per mesh edge: 2
         	max number of H fields per mesh face: 4
         	supporting dual grid: false
         	performance improvement: ROI limit: true
         	performance improvement: ROI threshold: 2
         	performance improvement: single topology extraction: true
         	performance improvement: pre-categorize cell volume: true
         	periodic align: 0
         	periodic cells: true
         	homogenization version: pid
         =============================================================

1xN001:  ------------------------------------------------------------------------------
         PBA fill limit is applied in inverse mode.
         PBA fill limit is applied on faces filled with at least 98.63% metal material.
         --------------------------------------------------------------
         detailed accuracy settings:
         --------------------------------------------------------------
         augmented fill limit:       true
         augmented fill limit value: 98.63
         automatic fill limit:       true
         early fill limit:           true
         inverse fill limit:         true
         model complexity:           0.00
         legacy 2015:                false
         fixed point accuracy:       false
         minimum point accuracy:     0
         mesh step inheritance:      false
         accuracy mode:
         ------------------------------------------------------------------------------

1xN001:  =================================
         Finished matrix computation (PBA)
         =================================

1xN001:  <<<<<<<<<<<<<<<<<<<<<<<<<<<<<<<<<<<<<<<<<<<<<<<<<<<<<<<<<<<<
         2026 May 13 (Wed):  12:17:20
         Resource usage for calculating matrix coefficients per node:
         	Runtime                          00:00:03.00625
         	Peak Memory Estimation:                   98 MB
         	Peak Memory Usage:                        72 MB
         <<<<<<<<<<<<<<<<<<<<<<<<<<<<<<<<<<<<<<<<<<<<<<<<<<<<<<<<<<<<



1xN002:  ==========================================================================
          - pinning rule in use   : PINNING_RULE_MCALC_SKIP_ALL
          - desired group         : 0, sockets = 0
          - num cores available   : 14
          - num accessible procs          : 14
          - num logical procs             : 14
          - affinity (main thread)        : 11111111111111
          - sockets                       : 0
          - potential cores               : 0,1,2,3,4,5,6,7,8,9,10,11,12,13
          - affinity                      : 11111111111111
          - core list                  (3): 0,1,2,3,4,5,6,7,8,9,10,11,12,13
          - active cores          : 0,1,2,3,4,5,6,7,8,9,10,11,12,13
          - skip pinning: + allowed number of sockets = available number of sockets
                          + hyperthreading off
         ==========================================================================

1xN002:  ===================================================================================================
         Version: 2022.5 Release from 2022-06-03 (change 981760) [Release]
         Workflow: PBA matrix coefficients
         Operation: [fpba, meshfill, bg, port-path, tst, tst-nextgen, coeff, surface-imp, connectivity-tree]
         Architecture: Windows, ID: AMD64
         System Windows-64bit
         Using processor group 0/1
         HEX Mesh information:
         Hex mesh: node: [hxr o(0 | 0 | 40) s(50 | 39 | 22) np (no TSTs): 42900]
         Hex mesh: extended: [hxr o(0 | 0 | 38) s(50 | 39 | 26) np (no TSTs): 50700]
         ===================================================================================================

1xN002:  ------------------------------------------------------
         Memory status  on node "1xN002" for matrix calculation
         	Estimated memory consumption: 0.0981346 GB
         	Physical memory installed: 33.8111 GB
         	Available physical memory: 8.347 GB
         	Available relative memory: 24.6871%s
         ------------------------------------------------------

1xN002:  >>>>>>>>>>>>>>>>>>>>>>>>>>>>>>>>>>>>>>>>>>>>>>>>>
         2026 May 13 (Wed):  12:17:16
         started: calculating matrix coefficients per node
         >>>>>>>>>>>>>>>>>>>>>>>>>>>>>>>>>>>>>>>>>>>>>>>>>

1xN002:  ================================================================
         Matrix computation (PBA)
         	[PERFECT BOUNDARY APPROXIMATION (PBA) (R), version: default]
         	[GPU acceleration: off (by user)]
         Version 2022.5 (build 20220603)
         PBA version 2021082322
         Sub-Workflow: FARM-1xN-TST2-Node
         Workflow updated: -
         2026 May 13 (Wed):  12:17:16
         ================================================================

1xN002:  ----------------------------------------------
         Used point accuracy enhancement value: 31.00%.
         ----------------------------------------------

1xN002:  FARM allocation scheme: BBM
1xN002:  Gap-Detection activated for FARM-topology. Gaps are resolved, even partially.: gap tolerance value is 0.001000 and mesh geometry scale is 0.001000
1xN002:
1xN002:



1xN002:  ----------------------
         Acceleration mode: CPU
         ----------------------

1xN002:  Port homogenization method: M2H point index deviation
1xN002:  cccccccccccccccccccccccccccccccccccccccccccccccccccccccccccccccccccc
         FARM/Meshfill cache is set to 8 (local FI domains: 8, dynamic: true)
         cccccccccccccccccccccccccccccccccccccccccccccccccccccccccccccccccccc

1xN002:  =============================================================
         Hex cell analyzer settings:
         	max number of E fields per mesh edge: 2
         	max number of H fields per mesh face: 4
         	supporting dual grid: false
         	performance improvement: ROI limit: true
         	performance improvement: ROI threshold: 2
         	performance improvement: single topology extraction: true
         	performance improvement: pre-categorize cell volume: true
         	periodic align: 0
         	periodic cells: true
         	homogenization version: pid
         =============================================================

1xN002:  ------------------------------------------------------------------------------
         PBA fill limit is applied in inverse mode.
         PBA fill limit is applied on faces filled with at least 98.63% metal material.
         --------------------------------------------------------------
         detailed accuracy settings:
         --------------------------------------------------------------
         augmented fill limit:       true
         augmented fill limit value: 98.63
         automatic fill limit:       true
         early fill limit:           true
         inverse fill limit:         true
         model complexity:           0.00
         legacy 2015:                false
         fixed point accuracy:       false
         minimum point accuracy:     0
         mesh step inheritance:      false
         accuracy mode:
         ------------------------------------------------------------------------------

1xN002:  =================================
         Finished matrix computation (PBA)
         =================================

1xN002:  <<<<<<<<<<<<<<<<<<<<<<<<<<<<<<<<<<<<<<<<<<<<<<<<<<<<<<<<<<<<
         2026 May 13 (Wed):  12:17:20
         Resource usage for calculating matrix coefficients per node:
         	Runtime                          00:00:03.00620
         	Peak Memory Estimation:                   98 MB
         	Peak Memory Usage:                        74 MB
         <<<<<<<<<<<<<<<<<<<<<<<<<<<<<<<<<<<<<<<<<<<<<<<<<<<<<<<<<<<<



1xN003:  ==========================================================================
          - pinning rule in use   : PINNING_RULE_MCALC_SKIP_ALL
          - desired group         : 0, sockets = 0
          - num cores available   : 14
          - num accessible procs          : 14
          - num logical procs             : 14
          - affinity (main thread)        : 11111111111111
          - sockets                       : 0
          - potential cores               : 0,1,2,3,4,5,6,7,8,9,10,11,12,13
          - affinity                      : 11111111111111
          - core list                  (3): 0,1,2,3,4,5,6,7,8,9,10,11,12,13
          - active cores          : 0,1,2,3,4,5,6,7,8,9,10,11,12,13
          - skip pinning: + allowed number of sockets = available number of sockets
                          + hyperthreading off
         ==========================================================================

1xN003:  ===================================================================================================
         Version: 2022.5 Release from 2022-06-03 (change 981760) [Release]
         Workflow: PBA matrix coefficients
         Operation: [fpba, meshfill, bg, port-path, tst, tst-nextgen, coeff, surface-imp, connectivity-tree]
         Architecture: Windows, ID: AMD64
         System Windows-64bit
         Using processor group 0/1
         HEX Mesh information:
         Hex mesh: node: [hxr o(0 | 0 | 60) s(50 | 39 | 23) np (no TSTs): 44850]
         Hex mesh: extended: [hxr o(0 | 0 | 58) s(50 | 39 | 25) np (no TSTs): 48750]
         ===================================================================================================

1xN003:  ------------------------------------------------------
         Memory status  on node "1xN003" for matrix calculation
         	Estimated memory consumption: 0.0992577 GB
         	Physical memory installed: 33.8111 GB
         	Available physical memory: 8.36 GB
         	Available relative memory: 24.7256%s
         ------------------------------------------------------

1xN003:  >>>>>>>>>>>>>>>>>>>>>>>>>>>>>>>>>>>>>>>>>>>>>>>>>
         2026 May 13 (Wed):  12:17:16
         started: calculating matrix coefficients per node
         >>>>>>>>>>>>>>>>>>>>>>>>>>>>>>>>>>>>>>>>>>>>>>>>>

1xN003:  ================================================================
         Matrix computation (PBA)
         	[PERFECT BOUNDARY APPROXIMATION (PBA) (R), version: default]
         	[GPU acceleration: off (by user)]
         Version 2022.5 (build 20220603)
         PBA version 2021082322
         Sub-Workflow: FARM-1xN-TST2-Node
         Workflow updated: -
         2026 May 13 (Wed):  12:17:16
         ================================================================

1xN003:  ----------------------------------------------
         Used point accuracy enhancement value: 31.00%.
         ----------------------------------------------

1xN003:  FARM allocation scheme: BBM
1xN003:  Gap-Detection activated for FARM-topology. Gaps are resolved, even partially.: gap tolerance value is 0.001000 and mesh geometry scale is 0.001000
1xN003:
1xN003:



1xN003:  ----------------------
         Acceleration mode: CPU
         ----------------------

1xN003:  Port homogenization method: M2H point index deviation
1xN003:  cccccccccccccccccccccccccccccccccccccccccccccccccccccccccccccccccccc
         FARM/Meshfill cache is set to 8 (local FI domains: 4, dynamic: true)
         cccccccccccccccccccccccccccccccccccccccccccccccccccccccccccccccccccc

1xN003:  =============================================================
         Hex cell analyzer settings:
         	max number of E fields per mesh edge: 2
         	max number of H fields per mesh face: 4
         	supporting dual grid: false
         	performance improvement: ROI limit: true
         	performance improvement: ROI threshold: 2
         	performance improvement: single topology extraction: true
         	performance improvement: pre-categorize cell volume: true
         	periodic align: 0
         	periodic cells: true
         	homogenization version: pid
         =============================================================

1xN003:  ------------------------------------------------------------------------------
         PBA fill limit is applied in inverse mode.
         PBA fill limit is applied on faces filled with at least 98.63% metal material.
         --------------------------------------------------------------
         detailed accuracy settings:
         --------------------------------------------------------------
         augmented fill limit:       true
         augmented fill limit value: 98.63
         automatic fill limit:       true
         early fill limit:           true
         inverse fill limit:         true
         model complexity:           0.00
         legacy 2015:                false
         fixed point accuracy:       false
         minimum point accuracy:     0
         mesh step inheritance:      false
         accuracy mode:
         ------------------------------------------------------------------------------

1xN003:  --------------------------------------
         Glued 0 metal grid points in port area
         --------------------------------------

1xN003:  =================================
         Finished matrix computation (PBA)
         =================================

1xN003:  <<<<<<<<<<<<<<<<<<<<<<<<<<<<<<<<<<<<<<<<<<<<<<<<<<<<<<<<<<<<
         2026 May 13 (Wed):  12:17:19
         Resource usage for calculating matrix coefficients per node:
         	Runtime                          00:00:03.00414
         	Peak Memory Estimation:                   99 MB
         	Peak Memory Usage:                        72 MB
         <<<<<<<<<<<<<<<<<<<<<<<<<<<<<<<<<<<<<<<<<<<<<<<<<<<<<<<<<<<<



<<<<<<<<<<<<<<<<<<<<<<<<<<<<<<<<<<<<<<<<<<<<<<<
2026 May 13 (Wed):  12:17:24
Resource usage for parallelization control:
	Runtime                      00:00:08.00768
<<<<<<<<<<<<<<<<<<<<<<<<<<<<<<<<<<<<<<<<<<<<<<<

------------------------------------------------------------------------------------------------------------------------------
PBAMeshFeedback - InfoMap: 0[ms] - SBCell navigation: Using legacy edges - CornerCorrectionLinesAndWires: 0[ms] - Write: 1[ms]
ConnectivityAXG - Load: 5[ms] - Setup: 5[ms] - Convert: 0[ms] ( Groups: 2 - Shapes: 1 - Threads: 14 ) - Write: 0[ms]
------------------------------------------------------------------------------------------------------------------------------

--------------------------------
# of staircase filled cells: 0
# of staircase filled areas: 0
# of staircase filled edges: 0
# of faces above fill limit: 0
# of edges with FPBA topology: 0
--------------------------------

