13/May/2026 20:01:44  Build version: 2022.5 Release from 2022-06-03 (change 981760)

13/May/2026 20:01:44  Starting adaptive port meshing.
                      
                      ------------------------------------------------------------------------------
13/May/2026 20:01:44  Mode calculation for port 1:
                      
                      ------------------------------------------------------------------------------

                      ------------------------------------------------------------------------------

                      ------------------------------------------------------------------------------
13/May/2026 20:01:45  Using generalized port mode solver.
                      
                      ------------------------------------------------------------------------------
13/May/2026 20:01:45    -------------------------------- F-Calc 100 --------------------------------
                        Port   Mode   Type        Z-Wave        Z-Wave-Sigma  Z-Line        F-Cutoff
                        1      1      TE          467           9.23e-006     ---           58.95
                        ----------------------------------------------------------------------------
                      
13/May/2026 20:01:45  Pass 1 successfully completed. 
13/May/2026 20:01:45  Mode calculation for port 2:
                      
                      ------------------------------------------------------------------------------

                      ------------------------------------------------------------------------------

                      ------------------------------------------------------------------------------
13/May/2026 20:01:46  Using generalized port mode solver.
                      
                      ------------------------------------------------------------------------------
13/May/2026 20:01:46    -------------------------------- F-Calc 100 --------------------------------
                        Port   Mode   Type        Z-Wave        Z-Wave-Sigma  Z-Line        F-Cutoff
                        2      1      TE          467           9.23e-006     ---           58.95
                        ----------------------------------------------------------------------------
                      
13/May/2026 20:01:47  Pass 1 successfully completed. 
13/May/2026 20:01:47  Mode calculation for port 3:
                      
                      ------------------------------------------------------------------------------

                      ------------------------------------------------------------------------------

                      ------------------------------------------------------------------------------
13/May/2026 20:01:48  Using generalized port mode solver.
                      
                      ------------------------------------------------------------------------------
13/May/2026 20:01:48    -------------------------------- F-Calc 100 --------------------------------
                        Port   Mode   Type        Z-Wave        Z-Wave-Sigma  Z-Line        F-Cutoff
                        3      1      TE          467           5.99e-006     ---           59.05
                        ----------------------------------------------------------------------------
                      
13/May/2026 20:01:48  Pass 1 successfully completed. 
13/May/2026 20:01:48  Mode calculation for port 4:
                      
                      ------------------------------------------------------------------------------

                      ------------------------------------------------------------------------------

                      ------------------------------------------------------------------------------
13/May/2026 20:01:49  Using generalized port mode solver.
                      
                      ------------------------------------------------------------------------------
13/May/2026 20:01:50    -------------------------------- F-Calc 100 --------------------------------
                        Port   Mode   Type        Z-Wave        Z-Wave-Sigma  Z-Line        F-Cutoff
                        4      1      TE          467           7.41e-006     ---           58.95
                        ----------------------------------------------------------------------------
                      
13/May/2026 20:01:50  Pass 1 successfully completed. 
13/May/2026 20:01:50  Adaptive port meshing finished. 
                      
                      ------------------------------------------------------------------------------
13/May/2026 20:01:50  
                      Solver started at: 08:01 PM Wednesday, 13. May 2026 (中国标准时间)
                      
                        Module:  Time Domain: S-Parameter (Win 64)
                        Version: 2022.5 Release from 2022-06-03 (change 981760)
                      

                      ------------------------------------------------------------------------------

                      ------------------------------------------------------------------------------
13/May/2026 20:01:50  ======================================================================
                       Solver cycle: 1
                      ======================================================================
                      
                      Stimulation at port 1 (mode 1) 
                      
                      
                      
                      ------------------------------------------------------------------------------
13/May/2026 20:01:50  Units settings: 
                      
                        Dimensions: mm
                        Frequency:  GHz
                        Time:       ns
                      
                      ------------------------------------------------------------------------------
13/May/2026 20:01:50  The dispersive material update [Automatic] will be performed using the "Standard" update schema
                      
                      ------------------------------------------------------------------------------
13/May/2026 20:02:02  Mesh statistics:
                      
                         Hexahedral mesh type: PERFECT BOUNDARY APPROXIMATION (PBA) (R)
                            Version: default
                      
                         Parallelization type: domain decomposition
                            Number of parallel working threads: 8
                            Number of calculation domains used: 8
                      
                         Used point accuracy enhancement value: 75.00%.
                         Acceleration mode: CPU
                         Used point accuracy enhancement value: 0.00%.
                         PBA fill limit: 94.89% (inverse)
13/May/2026 20:00:23     current system memory usage reached 70%
13/May/2026 20:01:52     current system memory usage reached 70%
                         PBA fill limit: 95.45% (inverse)

13/May/2026 20:02:03  Using generalized port mode solver.
                      
                      ------------------------------------------------------------------------------
13/May/2026 20:02:03  Boundary conditions: 
                      
                        YZsymmetry: none
                        XZsymmetry: none
                        XYsymmetry: none
                      
                        Xmin: expanded open, 4 Layer, depth 0.671307 mm
                        Xmax: expanded open, 4 Layer, depth 0.749481 mm
                      
                        Ymin: expanded open, 4 Layer, depth 0.671307 mm
                        Ymax: expanded open, 4 Layer, depth 0.749481 mm
                      
                        Zmin: expanded open, 4 Layer, depth 0.749481 mm
                        Zmax: expanded open, 4 Layer, depth 0.749481 mm
                      
                        PML-Type: Convolution PML
                      
                      ------------------------------------------------------------------------------
13/May/2026 20:02:03  Frequency settings: 
                      
                        Fmin:         95
                        Fmax:         105
                        Nfsteps(lin): 1001
                      
                      ------------------------------------------------------------------------------
13/May/2026 20:02:03  Field update statistics:
                      
                        Number of components in total: 	2262871
                        Number of TST elements:		2662
                      
                      Subcycling state:      Automatically deactivated
                      
                      ------------------------------------------------------------------------------
13/May/2026 20:02:03  Waveguide boundaries:
                      
13/May/2026 20:02:03  Port: 1
                      
13/May/2026 20:02:03    -------------------------------- F-Calc 100 --------------------------------
                        Port   Mode   Type        Z-Wave        Z-Wave-Sigma  Z-Line        F-Cutoff
                        1      1      TE          467           9.23e-006     ---           58.95
                        ----------------------------------------------------------------------------
                      
13/May/2026 20:02:03  Port: 2
                      
13/May/2026 20:02:03    -------------------------------- F-Calc 100 --------------------------------
                        Port   Mode   Type        Z-Wave        Z-Wave-Sigma  Z-Line        F-Cutoff
                        2      1      TE          467           9.25e-006     ---           58.95
                        ----------------------------------------------------------------------------
                      
13/May/2026 20:02:03  Port: 3
                      
13/May/2026 20:02:03    -------------------------------- F-Calc 100 --------------------------------
                        Port   Mode   Type        Z-Wave        Z-Wave-Sigma  Z-Line        F-Cutoff
                        3      1      TE          467           5.90e-006     ---           59.05
                        ----------------------------------------------------------------------------
                      
13/May/2026 20:02:03  Port: 4
                      
13/May/2026 20:02:03    -------------------------------- F-Calc 100 --------------------------------
                        Port   Mode   Type        Z-Wave        Z-Wave-Sigma  Z-Line        F-Cutoff
                        4      1      TE          467           7.42e-006     ---           58.95
                        ----------------------------------------------------------------------------
                      
13/May/2026 20:02:13  
                      --------------------------------------------------------------------------------
13/May/2026 20:02:13  Steady state energy criterion met, solver finished successfully.
                      
                      ------------------------------------------------------------------------------
13/May/2026 20:02:13  Frequency domain results normalized to default signal.
                      
                      
                      ------------------------------------------------------------------------------
13/May/2026 20:02:13  
                        ----------------------------------------------------------------------------
                                            Peak memory used (kB)         Free physical memory (kB) 
                                                                          At begin     Minimum      
                        ----------------------------------------------------------------------------
                        CAD preparation     31216                         11041664     11041664     
                        Matrices calc.      435691                        10531250     10389648     
                        Solver run total    131060                        11025636     10451000     
                        ----------------------------------------------------------------------------
                      
                      --------------------------------------------------------------------------------
                      Solver Statistics:
                      
                        Hardware:
                           Computer name:                 	Yew_ThinkPad 
                      
                           Number of CPU threads:               14
                           Hardware info:                  	Hardware Accelerator Device not activated
                      
                        Number of mesh cells:             	369050
                        Excitation duration:              	7.10909750e-001 ns 
                        Calculation time for excitation:  	0 	s
                        Number of calculated pulse widths:	1.00345 
                        Steady state accuracy limit:      	-40	dB 
                        Simulated number of time steps:   	4520 
                        Maximum number of time steps:     	90089 
                        Time step width:
                           without subcycles:             	1.578234438e-004 ns
                           used:                          	1.578234438e-004 ns
                      
                        CAD preparation time:             	0      	s
                        Matrix calculation time:          	12 	s
                        Solver setup time:                	0 	s
                        Solver loop time:                 	9 	s
                        Solver post-processing time:      	0 	s
                                                          	------------
                        Total solver time:                	21 	s
                      
                      ------------------------------------------------------------------------------
13/May/2026 20:02:13  ======================================================================
                       Solver cycle: 2
                      ======================================================================
                      
                      Stimulation at port 2 (mode 1) 
                      
                      
                      
                      ------------------------------------------------------------------------------
13/May/2026 20:02:13  Units settings: 
                      
                        Dimensions: mm
                        Frequency:  GHz
                        Time:       ns
                      
                      ------------------------------------------------------------------------------
13/May/2026 20:02:13  The dispersive material update will be performed using the "Standard" update schema
                      
                      ------------------------------------------------------------------------------
13/May/2026 20:02:13  Boundary conditions: 
                      
                        YZsymmetry: none
                        XZsymmetry: none
                        XYsymmetry: none
                      
                        Xmin: expanded open, 4 Layer, depth 0.671307 mm
                        Xmax: expanded open, 4 Layer, depth 0.749481 mm
                      
                        Ymin: expanded open, 4 Layer, depth 0.671307 mm
                        Ymax: expanded open, 4 Layer, depth 0.749481 mm
                      
                        Zmin: expanded open, 4 Layer, depth 0.749481 mm
                        Zmax: expanded open, 4 Layer, depth 0.749481 mm
                      
                        PML-Type: Convolution PML
                      
                      ------------------------------------------------------------------------------
13/May/2026 20:02:13  Frequency settings: 
                      
                        Fmin:         95
                        Fmax:         105
                        Nfsteps(lin): 1001
                      
                      ------------------------------------------------------------------------------
13/May/2026 20:02:13  Field update statistics:
                      
                        Number of components in total: 	2262871
                        Number of TST elements:		2662
                      
                      Subcycling state:      Automatically deactivated
                      
                      ------------------------------------------------------------------------------
13/May/2026 20:02:24  
                      --------------------------------------------------------------------------------
13/May/2026 20:02:24  Steady state energy criterion met, solver finished successfully.
                      
                      ------------------------------------------------------------------------------
13/May/2026 20:02:24  Frequency domain results normalized to default signal.
                      
                      
                      ------------------------------------------------------------------------------
13/May/2026 20:02:24  
                        ----------------------------------------------------------------------------
                                            Peak memory used (kB)         Free physical memory (kB) 
                                                                          At begin     Minimum      
                        ----------------------------------------------------------------------------
                        CAD preparation     31216                         11041664     11041664     
                        Matrices calc.      435691                        10531250     10389648     
                        Solver run total    186272                        11023648     10947252     
                        ----------------------------------------------------------------------------
                      
                      --------------------------------------------------------------------------------
                      Solver Statistics:
                      
                        Hardware:
                           Computer name:                 	Yew_ThinkPad 
                      
                           Number of CPU threads:               14
                           Hardware info:                  	Hardware Accelerator Device not activated
                      
                        Number of mesh cells:             	369050
                        Excitation duration:              	7.10909750e-001 ns 
                        Calculation time for excitation:  	0 	s
                        Number of calculated pulse widths:	1.00345 
                        Steady state accuracy limit:      	-40	dB 
                        Simulated number of time steps:   	4520 
                        Maximum number of time steps:     	90089 
                        Time step width:
                           without subcycles:             	1.578234438e-004 ns
                           used:                          	1.578234438e-004 ns
                      
                        Reloading matrices:               	0 	s
                        Solver setup time:                	0 	s
                        Solver loop time:                 	10 	s
                        Solver post-processing time:      	0 	s
                                                          	------------
                        Total solver time:                	10 	s
                      
                      ------------------------------------------------------------------------------
13/May/2026 20:02:24  ======================================================================
                       Solver cycle: 3
                      ======================================================================
                      
                      Stimulation at port 3 (mode 1) 
                      
                      
                      
                      ------------------------------------------------------------------------------
13/May/2026 20:02:24  Units settings: 
                      
                        Dimensions: mm
                        Frequency:  GHz
                        Time:       ns
                      
                      ------------------------------------------------------------------------------
13/May/2026 20:02:24  The dispersive material update will be performed using the "Standard" update schema
                      
                      ------------------------------------------------------------------------------
13/May/2026 20:02:24  Boundary conditions: 
                      
                        YZsymmetry: none
                        XZsymmetry: none
                        XYsymmetry: none
                      
                        Xmin: expanded open, 4 Layer, depth 0.671307 mm
                        Xmax: expanded open, 4 Layer, depth 0.749481 mm
                      
                        Ymin: expanded open, 4 Layer, depth 0.671307 mm
                        Ymax: expanded open, 4 Layer, depth 0.749481 mm
                      
                        Zmin: expanded open, 4 Layer, depth 0.749481 mm
                        Zmax: expanded open, 4 Layer, depth 0.749481 mm
                      
                        PML-Type: Convolution PML
                      
                      ------------------------------------------------------------------------------
13/May/2026 20:02:24  Frequency settings: 
                      
                        Fmin:         95
                        Fmax:         105
                        Nfsteps(lin): 1001
                      
                      ------------------------------------------------------------------------------
13/May/2026 20:02:24  Field update statistics:
                      
                        Number of components in total: 	2262871
                        Number of TST elements:		2662
                      
                      Subcycling state:      Automatically deactivated
                      
                      ------------------------------------------------------------------------------
13/May/2026 20:02:34  
                      --------------------------------------------------------------------------------
13/May/2026 20:02:34  Steady state energy criterion met, solver finished successfully.
                      
                      ------------------------------------------------------------------------------
13/May/2026 20:02:34  Frequency domain results normalized to default signal.
                      
                      
                      ------------------------------------------------------------------------------
13/May/2026 20:02:34  
                        ----------------------------------------------------------------------------
                                            Peak memory used (kB)         Free physical memory (kB) 
                                                                          At begin     Minimum      
                        ----------------------------------------------------------------------------
                        CAD preparation     31216                         11041664     11041664     
                        Matrices calc.      435691                        10531250     10389648     
                        Solver run total    199860                        10996356     10907712     
                        ----------------------------------------------------------------------------
                      
                      --------------------------------------------------------------------------------
                      Solver Statistics:
                      
                        Hardware:
                           Computer name:                 	Yew_ThinkPad 
                      
                           Number of CPU threads:               14
                           Hardware info:                  	Hardware Accelerator Device not activated
                      
                        Number of mesh cells:             	369050
                        Excitation duration:              	7.10909750e-001 ns 
                        Calculation time for excitation:  	0 	s
                        Number of calculated pulse widths:	1.00345 
                        Steady state accuracy limit:      	-40	dB 
                        Simulated number of time steps:   	4520 
                        Maximum number of time steps:     	90089 
                        Time step width:
                           without subcycles:             	1.578234438e-004 ns
                           used:                          	1.578234438e-004 ns
                      
                        Reloading matrices:               	0 	s
                        Solver setup time:                	0 	s
                        Solver loop time:                 	9 	s
                        Solver post-processing time:      	0 	s
                                                          	------------
                        Total solver time:                	9 	s
                      
                      ------------------------------------------------------------------------------
13/May/2026 20:02:34  ======================================================================
                       Solver cycle: 4
                      ======================================================================
                      
                      Stimulation at port 4 (mode 1) 
                      
                      
                      
                      ------------------------------------------------------------------------------
13/May/2026 20:02:34  Units settings: 
                      
                        Dimensions: mm
                        Frequency:  GHz
                        Time:       ns
                      
                      ------------------------------------------------------------------------------
13/May/2026 20:02:34  The dispersive material update will be performed using the "Standard" update schema
                      
                      ------------------------------------------------------------------------------
13/May/2026 20:02:35  Boundary conditions: 
                      
                        YZsymmetry: none
                        XZsymmetry: none
                        XYsymmetry: none
                      
                        Xmin: expanded open, 4 Layer, depth 0.671307 mm
                        Xmax: expanded open, 4 Layer, depth 0.749481 mm
                      
                        Ymin: expanded open, 4 Layer, depth 0.671307 mm
                        Ymax: expanded open, 4 Layer, depth 0.749481 mm
                      
                        Zmin: expanded open, 4 Layer, depth 0.749481 mm
                        Zmax: expanded open, 4 Layer, depth 0.749481 mm
                      
                        PML-Type: Convolution PML
                      
                      ------------------------------------------------------------------------------
13/May/2026 20:02:35  Frequency settings: 
                      
                        Fmin:         95
                        Fmax:         105
                        Nfsteps(lin): 1001
                      
                      ------------------------------------------------------------------------------
13/May/2026 20:02:35  Field update statistics:
                      
                        Number of components in total: 	2262871
                        Number of TST elements:		2662
                      
                      Subcycling state:      Automatically deactivated
                      
                      ------------------------------------------------------------------------------
13/May/2026 20:02:44  
                      --------------------------------------------------------------------------------
13/May/2026 20:02:44  Steady state energy criterion met, solver finished successfully.
                      
                      ------------------------------------------------------------------------------
13/May/2026 20:02:44  Frequency domain results normalized to default signal.
                      
                      
                      ------------------------------------------------------------------------------
13/May/2026 20:02:44  
                        ----------------------------------------------------------------------------
                                            Peak memory used (kB)         Free physical memory (kB) 
                                                                          At begin     Minimum      
                        ----------------------------------------------------------------------------
                        CAD preparation     31216                         11041664     11041664     
                        Matrices calc.      435691                        10531250     10389648     
                        Solver run total    200476                        10917664     10889460     
                        ----------------------------------------------------------------------------
                      
                      --------------------------------------------------------------------------------
                      Solver Statistics:
                      
                        Hardware:
                           Computer name:                 	Yew_ThinkPad 
                      
                           Number of CPU threads:               14
                           Hardware info:                  	Hardware Accelerator Device not activated
                      
                        Number of mesh cells:             	369050
                        Excitation duration:              	7.10909750e-001 ns 
                        Calculation time for excitation:  	0 	s
                        Number of calculated pulse widths:	1.00345 
                        Steady state accuracy limit:      	-40	dB 
                        Simulated number of time steps:   	4520 
                        Maximum number of time steps:     	90089 
                        Time step width:
                           without subcycles:             	1.578234438e-004 ns
                           used:                          	1.578234438e-004 ns
                      
                        Reloading matrices:               	0 	s
                        Solver setup time:                	0 	s
                        Solver loop time:                 	9 	s
                        Solver post-processing time:      	0 	s
                                                          	------------
                        Total solver time:                	9 	s
                      
                      ------------------------------------------------------------------------------
13/May/2026 20:02:44  
                        Adaptive port meshing time:          	6      	s
                        Total solver time (all cycles):      	49     	s
                        Solver initialization and clean-up:  	5      	s
                                                             	------------
                        Total simulation time:               	60     	s
                      
                      ------------------------------------------------------------------------------
13/May/2026 20:02:44  Solver finished at: 08:02 PM Wednesday, 13. May 2026
                      
                      
                      
                      ------------------------------------------------------------------------------
