Port monitor named: Port1_e1[100].prt

nx        = 62
ny        = 56
nz        = 111

nu        = 21
nv        = 15
iu        = 13
iv        = 13

idir      = 2
dcut      = 7.500000e-003
icut      = 107
type      = 0
frequency = 1.000000e+011

fcutoff   = 5.894530e+010
alpha     = 0.000000e+000
beta      = 1.692095e+003
accuracy  = 4.113032e-010

type          = TE
wave imp.     = 4.666219e+002
wave imp.sig. = 9.230296e-006
line imp.     = 0.000000e+000

ref. port     = 0

0.000000e+000  0.000000e+000  0.000000e+000  0.000000e+000  0.000000e+000  0.000000e+000  0.000000e+000  0.000000e+000  0.000000e+000  0.000000e+000  0.000000e+000  0.000000e+000  0.000000e+000  0.000000e+000  0.000000e+000  0.000000e+000  0.000000e+000  0.000000e+000  0.000000e+000  0.000000e+000  0.000000e+000  
-1.666352e-001  -1.625087e-001  -1.546901e-001  -1.395753e-001  -1.138692e-001  -8.727178e-002  -6.551613e-002  -5.294319e-002  -4.560589e-002  -3.994460e-002  -3.613557e-002  -3.451649e-002  -3.569254e-002  -4.274114e-002  -7.467183e-002  -1.710526e-001  -4.578060e-001  -1.225976e+000  -2.741223e+000  -7.377880e+000  0.000000e+000  
-3.349271e-001  -3.263443e-001  -3.101327e-001  -2.788955e-001  -2.263687e-001  -1.726261e-001  -1.290212e-001  -1.038617e-001  -8.920973e-002  -7.780158e-002  -6.993073e-002  -6.618493e-002  -6.760917e-002  -7.924043e-002  -1.341757e-001  -2.943640e-001  -7.197366e-001  -1.590031e+000  -2.719728e+000  -4.408869e+000  0.000000e+000  
-5.068036e-001  -4.930289e-001  -4.671976e-001  -4.176470e-001  -3.360063e-001  -2.540663e-001  -1.885093e-001  -1.507254e-001  -1.289325e-001  -1.116512e-001  -9.929997e-002  -9.255379e-002  -9.274304e-002  -1.047635e-001  -1.687921e-001  -3.502766e-001  -7.830838e-001  -1.488723e+000  -2.176966e+000  -2.865862e+000  0.000000e+000  
-7.297742e-001  -7.076461e-001  -6.664378e-001  -5.892688e-001  -4.661551e-001  -3.469200e-001  -2.541812e-001  -2.020636e-001  -1.708338e-001  -1.459881e-001  -1.274059e-001  -1.153849e-001  -1.106950e-001  -1.178214e-001  -1.729326e-001  -3.290299e-001  -6.646671e-001  -1.110183e+000  -1.463705e+000  -1.739078e+000  0.000000e+000  
-9.206572e-001  -8.891259e-001  -8.312768e-001  -7.246756e-001  -5.622015e-001  -4.111909e-001  -2.970731e-001  -2.335515e-001  -1.959036e-001  -1.654489e-001  -1.418360e-001  -1.249989e-001  -1.153458e-001  -1.135926e-001  -1.487495e-001  -2.584867e-001  -4.855250e-001  -7.555726e-001  -9.491844e-001  -1.083009e+000  0.000000e+000  
-1.128337e+000  -1.083211e+000  -1.002102e+000  -8.565131e-001  -6.475661e-001  -4.633479e-001  -3.291295e-001  -2.557130e-001  -2.123861e-001  -1.769857e-001  -1.486768e-001  -1.268639e-001  -1.112921e-001  -9.844400e-002  -1.062679e-001  -1.562688e-001  -2.659872e-001  -3.907714e-001  -4.758442e-001  -5.313212e-001  0.000000e+000  
-1.362276e+000  -1.296083e+000  -1.180821e+000  -9.817271e-001  -7.178173e-001  -4.999988e-001  -3.482350e-001  -2.670998e-001  -2.194455e-001  -1.802460e-001  -1.480925e-001  -1.217827e-001  -1.003068e-001  -7.572982e-002  -5.306715e-002  -3.769045e-002  -2.852435e-002  -2.461418e-002  -2.281938e-002  -2.193933e-002  0.000000e+000  
-1.638159e+000  -1.536697e+000  -1.368756e+000  -1.094524e+000  -7.667892e-001  -5.172420e-001  -3.523316e-001  -2.665604e-001  -2.165380e-001  -1.752295e-001  -1.406620e-001  -1.110470e-001  -8.465073e-002  -4.948118e-002  2.613993e-003  8.265052e-002  2.102728e-001  3.426951e-001  4.312732e-001  4.884688e-001  0.000000e+000  
-1.983608e+000  -1.817461e+000  -1.564378e+000  -1.184093e+000  -7.860540e-001  -5.107912e-001  -3.396029e-001  -2.532882e-001  -2.034698e-001  -1.622642e-001  -1.272501e-001  -9.619483e-002  -6.679577e-002  -2.389090e-002  5.242141e-002  1.900744e-001  4.337516e-001  7.108976e-001  9.077669e-001  1.043188e+000  0.000000e+000  
-2.451163e+000  -2.152984e+000  -1.756900e+000  -1.230934e+000  -7.646447e-001  -4.763806e-001  -3.087802e-001  -2.269211e-001  -1.804838e-001  -1.419812e-001  -1.088849e-001  -7.876664e-002  -4.913606e-002  -2.792983e-003  8.843561e-002  2.690237e-001  6.192565e-001  1.070999e+000  1.427379e+000  1.704152e+000  0.000000e+000  
-3.359206e+000  -2.655996e+000  -1.940735e+000  -1.183214e+000  -6.629095e-001  -3.894386e-001  -2.445700e-001  -1.775068e-001  -1.391763e-001  -1.077540e-001  -8.054721e-002  -5.512506e-002  -2.878243e-002  1.308866e-002  1.045820e-001  3.046811e-001  7.485801e-001  1.458952e+000  2.149366e+000  2.839327e+000  0.000000e+000  
-4.734313e+000  -3.036277e+000  -1.889616e+000  -9.864351e-001  -5.044608e-001  -2.834997e-001  -1.741951e-001  -1.250257e-001  -9.739871e-002  -7.472993e-002  -5.500810e-002  -3.636091e-002  -1.675218e-002  1.561660e-002  8.961921e-002  2.627264e-001  6.957964e-001  1.569374e+000  2.700579e+000  4.390461e+000  0.000000e+000  
-7.539391e+000  -2.898644e+000  -1.375245e+000  -5.911230e-001  -2.765734e-001  -1.499763e-001  -9.072495e-002  -6.465480e-002  -5.014102e-002  -3.825362e-002  -2.788447e-002  -1.801207e-002  -7.513434e-003  1.016187e-002  5.185827e-002  1.548545e-001  4.455493e-001  1.215401e+000  2.731421e+000  7.368462e+000  0.000000e+000  
0.000000e+000  0.000000e+000  0.000000e+000  0.000000e+000  0.000000e+000  0.000000e+000  0.000000e+000  0.000000e+000  0.000000e+000  0.000000e+000  0.000000e+000  0.000000e+000  0.000000e+000  0.000000e+000  0.000000e+000  0.000000e+000  0.000000e+000  0.000000e+000  0.000000e+000  0.000000e+000  0.000000e+000  

0.000000e+000  1.959344e+003  3.892452e+003  5.773438e+003  8.984519e+003  1.202199e+004  1.443724e+004  1.600145e+004  1.656351e+004  1.690376e+004  1.701762e+004  1.690357e+004  1.656314e+004  1.600089e+004  1.443631e+004  1.202061e+004  8.982489e+003  5.770299e+003  3.887923e+003  1.951857e+003  0.000000e+000  
0.000000e+000  1.959340e+003  3.892445e+003  5.773428e+003  8.984506e+003  1.202198e+004  1.443722e+004  1.600144e+004  1.656351e+004  1.690375e+004  1.701761e+004  1.690357e+004  1.656315e+004  1.600090e+004  1.443633e+004  1.202065e+004  8.982631e+003  5.770810e+003  3.889340e+003  1.956194e+003  0.000000e+000  
0.000000e+000  1.959332e+003  3.892429e+003  5.773407e+003  8.984480e+003  1.202195e+004  1.443720e+004  1.600143e+004  1.656349e+004  1.690374e+004  1.701761e+004  1.690357e+004  1.656315e+004  1.600090e+004  1.443636e+004  1.202073e+004  8.982842e+003  5.771389e+003  3.890397e+003  1.957774e+003  0.000000e+000  
0.000000e+000  1.959318e+003  3.892402e+003  5.773370e+003  8.984435e+003  1.202191e+004  1.443717e+004  1.600140e+004  1.656347e+004  1.690372e+004  1.701759e+004  1.690356e+004  1.656315e+004  1.600091e+004  1.443639e+004  1.202083e+004  8.983083e+003  5.771917e+003  3.891120e+003  1.958497e+003  0.000000e+000  
0.000000e+000  1.959295e+003  3.892359e+003  5.773312e+003  8.984366e+003  1.202185e+004  1.443712e+004  1.600136e+004  1.656344e+004  1.690370e+004  1.701757e+004  1.690355e+004  1.656314e+004  1.600092e+004  1.443642e+004  1.202091e+004  8.983269e+003  5.772249e+003  3.891491e+003  1.958787e+003  0.000000e+000  
0.000000e+000  1.959265e+003  3.892305e+003  5.773241e+003  8.984286e+003  1.202177e+004  1.443706e+004  1.600132e+004  1.656340e+004  1.690367e+004  1.701755e+004  1.690353e+004  1.656313e+004  1.600092e+004  1.443644e+004  1.202096e+004  8.983382e+003  5.772429e+003  3.891672e+003  1.958912e+003  0.000000e+000  
0.000000e+000  1.959223e+003  3.892229e+003  5.773144e+003  8.984182e+003  1.202169e+004  1.443699e+004  1.600127e+004  1.656336e+004  1.690363e+004  1.701753e+004  1.690351e+004  1.656312e+004  1.600091e+004  1.443644e+004  1.202099e+004  8.983436e+003  5.772512e+003  3.891752e+003  1.958964e+003  0.000000e+000  
0.000000e+000  1.959161e+003  3.892121e+003  5.773012e+003  8.984052e+003  1.202158e+004  1.443692e+004  1.600121e+004  1.656332e+004  1.690360e+004  1.701750e+004  1.690349e+004  1.656310e+004  1.600089e+004  1.443643e+004  1.202098e+004  8.983431e+003  5.772510e+003  3.891750e+003  1.958963e+003  0.000000e+000  
0.000000e+000  1.959066e+003  3.891964e+003  5.772830e+003  8.983889e+003  1.202146e+004  1.443684e+004  1.600116e+004  1.656327e+004  1.690356e+004  1.701746e+004  1.690346e+004  1.656307e+004  1.600087e+004  1.443641e+004  1.202094e+004  8.983368e+003  5.772421e+003  3.891667e+003  1.958909e+003  0.000000e+000  
0.000000e+000  1.958911e+003  3.891727e+003  5.772577e+003  8.983692e+003  1.202133e+004  1.443675e+004  1.600110e+004  1.656322e+004  1.690352e+004  1.701743e+004  1.690343e+004  1.656305e+004  1.600084e+004  1.443637e+004  1.202088e+004  8.983248e+003  5.772237e+003  3.891483e+003  1.958783e+003  0.000000e+000  
0.000000e+000  1.958597e+003  3.891311e+003  5.772184e+003  8.983433e+003  1.202118e+004  1.443666e+004  1.600104e+004  1.656318e+004  1.690348e+004  1.701740e+004  1.690340e+004  1.656302e+004  1.600081e+004  1.443632e+004  1.202078e+004  8.983053e+003  5.771900e+003  3.891109e+003  1.958492e+003  0.000000e+000  
0.000000e+000  1.957859e+003  3.890560e+003  5.771617e+003  8.983143e+003  1.202103e+004  1.443658e+004  1.600099e+004  1.656314e+004  1.690345e+004  1.701737e+004  1.690337e+004  1.656299e+004  1.600077e+004  1.443627e+004  1.202067e+004  8.982806e+003  5.771369e+003  3.890383e+003  1.957767e+003  0.000000e+000  
0.000000e+000  1.956270e+003  3.889487e+003  5.771017e+003  8.982905e+003  1.202093e+004  1.443652e+004  1.600096e+004  1.656311e+004  1.690343e+004  1.701735e+004  1.690335e+004  1.656297e+004  1.600075e+004  1.443623e+004  1.202059e+004  8.982591e+003  5.770787e+003  3.889325e+003  1.956186e+003  0.000000e+000  
0.000000e+000  1.951930e+003  3.888062e+003  5.770495e+003  8.982749e+003  1.202087e+004  1.443649e+004  1.600094e+004  1.656310e+004  1.690341e+004  1.701734e+004  1.690334e+004  1.656296e+004  1.600074e+004  1.443621e+004  1.202054e+004  8.982448e+003  5.770275e+003  3.887907e+003  1.951849e+003  0.000000e+000  
0.000000e+000  0.000000e+000  0.000000e+000  0.000000e+000  0.000000e+000  0.000000e+000  0.000000e+000  0.000000e+000  0.000000e+000  0.000000e+000  0.000000e+000  0.000000e+000  0.000000e+000  0.000000e+000  0.000000e+000  0.000000e+000  0.000000e+000  0.000000e+000  0.000000e+000  0.000000e+000  0.000000e+000  

0.000000e+000  0.000000e+000  0.000000e+000  0.000000e+000  0.000000e+000  0.000000e+000  0.000000e+000  0.000000e+000  0.000000e+000  0.000000e+000  0.000000e+000  0.000000e+000  0.000000e+000  0.000000e+000  0.000000e+000  0.000000e+000  0.000000e+000  0.000000e+000  0.000000e+000  0.000000e+000  0.000000e+000  
0.000000e+000  0.000000e+000  0.000000e+000  0.000000e+000  0.000000e+000  0.000000e+000  0.000000e+000  0.000000e+000  0.000000e+000  0.000000e+000  0.000000e+000  0.000000e+000  0.000000e+000  0.000000e+000  0.000000e+000  0.000000e+000  0.000000e+000  0.000000e+000  0.000000e+000  0.000000e+000  0.000000e+000  
0.000000e+000  0.000000e+000  0.000000e+000  0.000000e+000  0.000000e+000  0.000000e+000  0.000000e+000  0.000000e+000  0.000000e+000  0.000000e+000  0.000000e+000  0.000000e+000  0.000000e+000  0.000000e+000  0.000000e+000  0.000000e+000  0.000000e+000  0.000000e+000  0.000000e+000  0.000000e+000  0.000000e+000  
0.000000e+000  0.000000e+000  0.000000e+000  0.000000e+000  0.000000e+000  0.000000e+000  0.000000e+000  0.000000e+000  0.000000e+000  0.000000e+000  0.000000e+000  0.000000e+000  0.000000e+000  0.000000e+000  0.000000e+000  0.000000e+000  0.000000e+000  0.000000e+000  0.000000e+000  0.000000e+000  0.000000e+000  
0.000000e+000  0.000000e+000  0.000000e+000  0.000000e+000  0.000000e+000  0.000000e+000  0.000000e+000  0.000000e+000  0.000000e+000  0.000000e+000  0.000000e+000  0.000000e+000  0.000000e+000  0.000000e+000  0.000000e+000  0.000000e+000  0.000000e+000  0.000000e+000  0.000000e+000  0.000000e+000  0.000000e+000  
0.000000e+000  0.000000e+000  0.000000e+000  0.000000e+000  0.000000e+000  0.000000e+000  0.000000e+000  0.000000e+000  0.000000e+000  0.000000e+000  0.000000e+000  0.000000e+000  0.000000e+000  0.000000e+000  0.000000e+000  0.000000e+000  0.000000e+000  0.000000e+000  0.000000e+000  0.000000e+000  0.000000e+000  
0.000000e+000  0.000000e+000  0.000000e+000  0.000000e+000  0.000000e+000  0.000000e+000  0.000000e+000  0.000000e+000  0.000000e+000  0.000000e+000  0.000000e+000  0.000000e+000  0.000000e+000  0.000000e+000  0.000000e+000  0.000000e+000  0.000000e+000  0.000000e+000  0.000000e+000  0.000000e+000  0.000000e+000  
0.000000e+000  0.000000e+000  0.000000e+000  0.000000e+000  0.000000e+000  0.000000e+000  0.000000e+000  0.000000e+000  0.000000e+000  0.000000e+000  0.000000e+000  0.000000e+000  0.000000e+000  0.000000e+000  0.000000e+000  0.000000e+000  0.000000e+000  0.000000e+000  0.000000e+000  0.000000e+000  0.000000e+000  
0.000000e+000  0.000000e+000  0.000000e+000  0.000000e+000  0.000000e+000  0.000000e+000  0.000000e+000  0.000000e+000  0.000000e+000  0.000000e+000  0.000000e+000  0.000000e+000  0.000000e+000  0.000000e+000  0.000000e+000  0.000000e+000  0.000000e+000  0.000000e+000  0.000000e+000  0.000000e+000  0.000000e+000  
0.000000e+000  0.000000e+000  0.000000e+000  0.000000e+000  0.000000e+000  0.000000e+000  0.000000e+000  0.000000e+000  0.000000e+000  0.000000e+000  0.000000e+000  0.000000e+000  0.000000e+000  0.000000e+000  0.000000e+000  0.000000e+000  0.000000e+000  0.000000e+000  0.000000e+000  0.000000e+000  0.000000e+000  
0.000000e+000  0.000000e+000  0.000000e+000  0.000000e+000  0.000000e+000  0.000000e+000  0.000000e+000  0.000000e+000  0.000000e+000  0.000000e+000  0.000000e+000  0.000000e+000  0.000000e+000  0.000000e+000  0.000000e+000  0.000000e+000  0.000000e+000  0.000000e+000  0.000000e+000  0.000000e+000  0.000000e+000  
0.000000e+000  0.000000e+000  0.000000e+000  0.000000e+000  0.000000e+000  0.000000e+000  0.000000e+000  0.000000e+000  0.000000e+000  0.000000e+000  0.000000e+000  0.000000e+000  0.000000e+000  0.000000e+000  0.000000e+000  0.000000e+000  0.000000e+000  0.000000e+000  0.000000e+000  0.000000e+000  0.000000e+000  
0.000000e+000  0.000000e+000  0.000000e+000  0.000000e+000  0.000000e+000  0.000000e+000  0.000000e+000  0.000000e+000  0.000000e+000  0.000000e+000  0.000000e+000  0.000000e+000  0.000000e+000  0.000000e+000  0.000000e+000  0.000000e+000  0.000000e+000  0.000000e+000  0.000000e+000  0.000000e+000  0.000000e+000  
0.000000e+000  0.000000e+000  0.000000e+000  0.000000e+000  0.000000e+000  0.000000e+000  0.000000e+000  0.000000e+000  0.000000e+000  0.000000e+000  0.000000e+000  0.000000e+000  0.000000e+000  0.000000e+000  0.000000e+000  0.000000e+000  0.000000e+000  0.000000e+000  0.000000e+000  0.000000e+000  0.000000e+000  
0.000000e+000  0.000000e+000  0.000000e+000  0.000000e+000  0.000000e+000  0.000000e+000  0.000000e+000  0.000000e+000  0.000000e+000  0.000000e+000  0.000000e+000  0.000000e+000  0.000000e+000  0.000000e+000  0.000000e+000  0.000000e+000  0.000000e+000  0.000000e+000  0.000000e+000  0.000000e+000  0.000000e+000  

0.000000e+000  0.000000e+000  0.000000e+000  0.000000e+000  0.000000e+000  0.000000e+000  0.000000e+000  0.000000e+000  0.000000e+000  0.000000e+000  0.000000e+000  0.000000e+000  0.000000e+000  0.000000e+000  0.000000e+000  0.000000e+000  0.000000e+000  0.000000e+000  0.000000e+000  0.000000e+000  0.000000e+000  
0.000000e+000  0.000000e+000  0.000000e+000  0.000000e+000  0.000000e+000  0.000000e+000  0.000000e+000  0.000000e+000  0.000000e+000  0.000000e+000  0.000000e+000  0.000000e+000  0.000000e+000  0.000000e+000  0.000000e+000  0.000000e+000  0.000000e+000  0.000000e+000  0.000000e+000  0.000000e+000  0.000000e+000  
0.000000e+000  0.000000e+000  0.000000e+000  0.000000e+000  0.000000e+000  0.000000e+000  0.000000e+000  0.000000e+000  0.000000e+000  0.000000e+000  0.000000e+000  0.000000e+000  0.000000e+000  0.000000e+000  0.000000e+000  0.000000e+000  0.000000e+000  0.000000e+000  0.000000e+000  0.000000e+000  0.000000e+000  
0.000000e+000  0.000000e+000  0.000000e+000  0.000000e+000  0.000000e+000  0.000000e+000  0.000000e+000  0.000000e+000  0.000000e+000  0.000000e+000  0.000000e+000  0.000000e+000  0.000000e+000  0.000000e+000  0.000000e+000  0.000000e+000  0.000000e+000  0.000000e+000  0.000000e+000  0.000000e+000  0.000000e+000  
0.000000e+000  0.000000e+000  0.000000e+000  0.000000e+000  0.000000e+000  0.000000e+000  0.000000e+000  0.000000e+000  0.000000e+000  0.000000e+000  0.000000e+000  0.000000e+000  0.000000e+000  0.000000e+000  0.000000e+000  0.000000e+000  0.000000e+000  0.000000e+000  0.000000e+000  0.000000e+000  0.000000e+000  
0.000000e+000  0.000000e+000  0.000000e+000  0.000000e+000  0.000000e+000  0.000000e+000  0.000000e+000  0.000000e+000  0.000000e+000  0.000000e+000  0.000000e+000  0.000000e+000  0.000000e+000  0.000000e+000  0.000000e+000  0.000000e+000  0.000000e+000  0.000000e+000  0.000000e+000  0.000000e+000  0.000000e+000  
0.000000e+000  0.000000e+000  0.000000e+000  0.000000e+000  0.000000e+000  0.000000e+000  0.000000e+000  0.000000e+000  0.000000e+000  0.000000e+000  0.000000e+000  0.000000e+000  0.000000e+000  0.000000e+000  0.000000e+000  0.000000e+000  0.000000e+000  0.000000e+000  0.000000e+000  0.000000e+000  0.000000e+000  
0.000000e+000  0.000000e+000  0.000000e+000  0.000000e+000  0.000000e+000  0.000000e+000  0.000000e+000  0.000000e+000  0.000000e+000  0.000000e+000  0.000000e+000  0.000000e+000  0.000000e+000  0.000000e+000  0.000000e+000  0.000000e+000  0.000000e+000  0.000000e+000  0.000000e+000  0.000000e+000  0.000000e+000  
0.000000e+000  0.000000e+000  0.000000e+000  0.000000e+000  0.000000e+000  0.000000e+000  0.000000e+000  0.000000e+000  0.000000e+000  0.000000e+000  0.000000e+000  0.000000e+000  0.000000e+000  0.000000e+000  0.000000e+000  0.000000e+000  0.000000e+000  0.000000e+000  0.000000e+000  0.000000e+000  0.000000e+000  
0.000000e+000  0.000000e+000  0.000000e+000  0.000000e+000  0.000000e+000  0.000000e+000  0.000000e+000  0.000000e+000  0.000000e+000  0.000000e+000  0.000000e+000  0.000000e+000  0.000000e+000  0.000000e+000  0.000000e+000  0.000000e+000  0.000000e+000  0.000000e+000  0.000000e+000  0.000000e+000  0.000000e+000  
0.000000e+000  0.000000e+000  0.000000e+000  0.000000e+000  0.000000e+000  0.000000e+000  0.000000e+000  0.000000e+000  0.000000e+000  0.000000e+000  0.000000e+000  0.000000e+000  0.000000e+000  0.000000e+000  0.000000e+000  0.000000e+000  0.000000e+000  0.000000e+000  0.000000e+000  0.000000e+000  0.000000e+000  
0.000000e+000  0.000000e+000  0.000000e+000  0.000000e+000  0.000000e+000  0.000000e+000  0.000000e+000  0.000000e+000  0.000000e+000  0.000000e+000  0.000000e+000  0.000000e+000  0.000000e+000  0.000000e+000  0.000000e+000  0.000000e+000  0.000000e+000  0.000000e+000  0.000000e+000  0.000000e+000  0.000000e+000  
0.000000e+000  0.000000e+000  0.000000e+000  0.000000e+000  0.000000e+000  0.000000e+000  0.000000e+000  0.000000e+000  0.000000e+000  0.000000e+000  0.000000e+000  0.000000e+000  0.000000e+000  0.000000e+000  0.000000e+000  0.000000e+000  0.000000e+000  0.000000e+000  0.000000e+000  0.000000e+000  0.000000e+000  
0.000000e+000  0.000000e+000  0.000000e+000  0.000000e+000  0.000000e+000  0.000000e+000  0.000000e+000  0.000000e+000  0.000000e+000  0.000000e+000  0.000000e+000  0.000000e+000  0.000000e+000  0.000000e+000  0.000000e+000  0.000000e+000  0.000000e+000  0.000000e+000  0.000000e+000  0.000000e+000  0.000000e+000  
0.000000e+000  0.000000e+000  0.000000e+000  0.000000e+000  0.000000e+000  0.000000e+000  0.000000e+000  0.000000e+000  0.000000e+000  0.000000e+000  0.000000e+000  0.000000e+000  0.000000e+000  0.000000e+000  0.000000e+000  0.000000e+000  0.000000e+000  0.000000e+000  0.000000e+000  0.000000e+000  0.000000e+000  

0.000000e+000  0.000000e+000  0.000000e+000  0.000000e+000  0.000000e+000  0.000000e+000  0.000000e+000  0.000000e+000  0.000000e+000  0.000000e+000  0.000000e+000  0.000000e+000  0.000000e+000  0.000000e+000  0.000000e+000  0.000000e+000  0.000000e+000  0.000000e+000  0.000000e+000  0.000000e+000  0.000000e+000  
0.000000e+000  0.000000e+000  0.000000e+000  0.000000e+000  0.000000e+000  0.000000e+000  0.000000e+000  0.000000e+000  0.000000e+000  0.000000e+000  0.000000e+000  0.000000e+000  0.000000e+000  0.000000e+000  0.000000e+000  0.000000e+000  0.000000e+000  0.000000e+000  0.000000e+000  0.000000e+000  0.000000e+000  
0.000000e+000  0.000000e+000  0.000000e+000  0.000000e+000  0.000000e+000  0.000000e+000  0.000000e+000  0.000000e+000  0.000000e+000  0.000000e+000  0.000000e+000  0.000000e+000  0.000000e+000  0.000000e+000  0.000000e+000  0.000000e+000  0.000000e+000  0.000000e+000  0.000000e+000  0.000000e+000  0.000000e+000  
0.000000e+000  0.000000e+000  0.000000e+000  0.000000e+000  0.000000e+000  0.000000e+000  0.000000e+000  0.000000e+000  0.000000e+000  0.000000e+000  0.000000e+000  0.000000e+000  0.000000e+000  0.000000e+000  0.000000e+000  0.000000e+000  0.000000e+000  0.000000e+000  0.000000e+000  0.000000e+000  0.000000e+000  
0.000000e+000  0.000000e+000  0.000000e+000  0.000000e+000  0.000000e+000  0.000000e+000  0.000000e+000  0.000000e+000  0.000000e+000  0.000000e+000  0.000000e+000  0.000000e+000  0.000000e+000  0.000000e+000  0.000000e+000  0.000000e+000  0.000000e+000  0.000000e+000  0.000000e+000  0.000000e+000  0.000000e+000  
0.000000e+000  0.000000e+000  0.000000e+000  0.000000e+000  0.000000e+000  0.000000e+000  0.000000e+000  0.000000e+000  0.000000e+000  0.000000e+000  0.000000e+000  0.000000e+000  0.000000e+000  0.000000e+000  0.000000e+000  0.000000e+000  0.000000e+000  0.000000e+000  0.000000e+000  0.000000e+000  0.000000e+000  
0.000000e+000  0.000000e+000  0.000000e+000  0.000000e+000  0.000000e+000  0.000000e+000  0.000000e+000  0.000000e+000  0.000000e+000  0.000000e+000  0.000000e+000  0.000000e+000  0.000000e+000  0.000000e+000  0.000000e+000  0.000000e+000  0.000000e+000  0.000000e+000  0.000000e+000  0.000000e+000  0.000000e+000  
0.000000e+000  0.000000e+000  0.000000e+000  0.000000e+000  0.000000e+000  0.000000e+000  0.000000e+000  0.000000e+000  0.000000e+000  0.000000e+000  0.000000e+000  0.000000e+000  0.000000e+000  0.000000e+000  0.000000e+000  0.000000e+000  0.000000e+000  0.000000e+000  0.000000e+000  0.000000e+000  0.000000e+000  
0.000000e+000  0.000000e+000  0.000000e+000  0.000000e+000  0.000000e+000  0.000000e+000  0.000000e+000  0.000000e+000  0.000000e+000  0.000000e+000  0.000000e+000  0.000000e+000  0.000000e+000  0.000000e+000  0.000000e+000  0.000000e+000  0.000000e+000  0.000000e+000  0.000000e+000  0.000000e+000  0.000000e+000  
0.000000e+000  0.000000e+000  0.000000e+000  0.000000e+000  0.000000e+000  0.000000e+000  0.000000e+000  0.000000e+000  0.000000e+000  0.000000e+000  0.000000e+000  0.000000e+000  0.000000e+000  0.000000e+000  0.000000e+000  0.000000e+000  0.000000e+000  0.000000e+000  0.000000e+000  0.000000e+000  0.000000e+000  
0.000000e+000  0.000000e+000  0.000000e+000  0.000000e+000  0.000000e+000  0.000000e+000  0.000000e+000  0.000000e+000  0.000000e+000  0.000000e+000  0.000000e+000  0.000000e+000  0.000000e+000  0.000000e+000  0.000000e+000  0.000000e+000  0.000000e+000  0.000000e+000  0.000000e+000  0.000000e+000  0.000000e+000  
0.000000e+000  0.000000e+000  0.000000e+000  0.000000e+000  0.000000e+000  0.000000e+000  0.000000e+000  0.000000e+000  0.000000e+000  0.000000e+000  0.000000e+000  0.000000e+000  0.000000e+000  0.000000e+000  0.000000e+000  0.000000e+000  0.000000e+000  0.000000e+000  0.000000e+000  0.000000e+000  0.000000e+000  
0.000000e+000  0.000000e+000  0.000000e+000  0.000000e+000  0.000000e+000  0.000000e+000  0.000000e+000  0.000000e+000  0.000000e+000  0.000000e+000  0.000000e+000  0.000000e+000  0.000000e+000  0.000000e+000  0.000000e+000  0.000000e+000  0.000000e+000  0.000000e+000  0.000000e+000  0.000000e+000  0.000000e+000  
0.000000e+000  0.000000e+000  0.000000e+000  0.000000e+000  0.000000e+000  0.000000e+000  0.000000e+000  0.000000e+000  0.000000e+000  0.000000e+000  0.000000e+000  0.000000e+000  0.000000e+000  0.000000e+000  0.000000e+000  0.000000e+000  0.000000e+000  0.000000e+000  0.000000e+000  0.000000e+000  0.000000e+000  
0.000000e+000  0.000000e+000  0.000000e+000  0.000000e+000  0.000000e+000  0.000000e+000  0.000000e+000  0.000000e+000  0.000000e+000  0.000000e+000  0.000000e+000  0.000000e+000  0.000000e+000  0.000000e+000  0.000000e+000  0.000000e+000  0.000000e+000  0.000000e+000  0.000000e+000  0.000000e+000  0.000000e+000  

0.000000e+000  0.000000e+000  0.000000e+000  0.000000e+000  0.000000e+000  0.000000e+000  0.000000e+000  0.000000e+000  0.000000e+000  0.000000e+000  0.000000e+000  0.000000e+000  0.000000e+000  0.000000e+000  0.000000e+000  0.000000e+000  0.000000e+000  0.000000e+000  0.000000e+000  0.000000e+000  0.000000e+000  
0.000000e+000  -5.364786e-006  3.107392e-006  -1.804899e-006  1.048081e-007  2.948056e-007  -3.369823e-006  -3.472756e-006  3.271738e-006  -5.191458e-006  4.837299e-006  -4.898742e-006  2.996454e-006  -3.583812e-006  -5.748161e-006  -2.376263e-006  -1.801867e-006  8.335581e-007  -3.521477e-006  -6.665849e-008  0.000000e+000  
0.000000e+000  2.638744e-006  -8.728821e-006  2.160228e-006  -5.284481e-006  -4.824729e-006  -3.900052e-006  -1.093914e-006  -3.659752e-006  1.245266e-005  -1.330717e-006  1.117068e-005  -1.427320e-006  -2.307186e-006  -5.818201e-006  -2.972485e-006  -1.162769e-006  -4.658568e-006  3.352080e-006  -2.912836e-006  0.000000e+000  
0.000000e+000  1.249933e-006  9.614535e-007  -3.777323e-006  -6.012342e-006  -1.070602e-005  -6.177399e-006  -1.005255e-005  8.355830e-006  1.035199e-006  1.379106e-005  6.732116e-006  5.745745e-006  -9.521133e-006  -9.014725e-006  -8.643283e-006  -7.471569e-006  -5.432306e-006  -2.994120e-007  -2.861303e-006  0.000000e+000  
0.000000e+000  2.377897e-007  -1.565076e-006  3.032319e-006  8.548436e-006  6.437933e-006  5.408115e-006  8.705675e-006  -7.144130e-006  -7.380191e-006  -1.200552e-005  -6.619341e-006  -6.876673e-007  7.841165e-006  4.182125e-006  2.605282e-006  3.592039e-006  2.120324e-007  -3.779858e-006  7.414425e-007  0.000000e+000  
0.000000e+000  1.781463e-006  -1.087778e-006  1.424192e-006  4.042082e-006  5.478318e-006  4.762738e-006  3.388338e-006  3.058579e-006  -2.406547e-006  -2.374291e-006  -3.675065e-006  -2.355288e-006  9.112633e-006  5.610349e-006  4.556695e-006  4.242226e-006  -2.671372e-006  3.148930e-006  -3.843711e-006  0.000000e+000  
0.000000e+000  6.611049e-006  -2.064066e-006  5.189412e-006  2.410527e-006  2.409200e-006  4.747604e-007  1.963923e-006  9.243508e-007  -1.013958e-006  -3.344431e-006  -2.213192e-006  2.466937e-006  6.512465e-007  7.300619e-006  1.596053e-006  -6.500829e-007  5.860166e-007  -5.394366e-006  -5.794054e-008  0.000000e+000  
0.000000e+000  -5.111341e-006  7.486122e-006  9.927306e-007  2.960122e-006  -9.218160e-007  -2.050862e-006  -1.959936e-007  3.113336e-007  2.223197e-007  -4.291461e-006  -2.488831e-006  -2.035534e-007  4.932213e-006  2.349536e-006  4.157340e-007  -1.826726e-006  -3.233827e-006  1.958542e-006  -4.014914e-006  0.000000e+000  
0.000000e+000  4.411445e-006  -1.030094e-005  4.354913e-006  -7.436771e-007  7.184256e-007  -1.792684e-006  1.313566e-006  6.781656e-007  -3.932041e-006  6.007094e-006  -4.481970e-007  6.972002e-006  -3.098394e-006  8.212103e-007  -1.196981e-007  4.823499e-008  2.037321e-006  -5.707234e-006  4.083465e-007  0.000000e+000  
0.000000e+000  0.000000e+000  3.309711e-006  -4.658797e-006  -4.075938e-006  -4.533452e-006  -6.215258e-006  -5.314432e-006  -7.454930e-007  6.243719e-006  2.155825e-006  5.365513e-006  -3.456806e-006  -2.877794e-006  -3.822556e-006  -2.050106e-006  -2.388218e-006  -5.052423e-006  4.803021e-006  7.897405e-007  0.000000e+000  
0.000000e+000  2.954278e-006  -4.484750e-007  -4.417889e-006  -9.101879e-006  -8.784579e-006  -1.083431e-005  -9.081297e-006  2.185116e-006  1.008777e-005  1.019275e-005  4.686576e-006  4.123573e-006  -1.093450e-005  -7.196930e-006  -6.440290e-006  -9.261222e-006  -7.832553e-006  -1.118310e-006  1.129841e-006  0.000000e+000  
0.000000e+000  3.047307e-006  -4.607998e-006  6.162220e-006  2.870434e-006  9.201795e-006  9.345922e-006  7.407243e-006  -8.519894e-006  -1.120666e-005  -8.892789e-006  -9.452917e-006  -9.938572e-007  1.075369e-005  7.067627e-006  9.721307e-006  4.113775e-006  2.817885e-006  -1.676184e-006  -2.987557e-006  0.000000e+000  
0.000000e+000  -2.129381e-006  4.246002e-006  1.693413e-007  2.984225e-006  5.002164e-006  2.822118e-006  -1.165837e-006  -3.170361e-006  -1.040832e-005  -1.652323e-006  -1.301174e-006  -1.196210e-006  6.991479e-006  4.847542e-006  6.400030e-006  2.651538e-006  1.596105e-006  -4.165197e-007  -2.342284e-007  0.000000e+000  
0.000000e+000  2.951960e-006  -2.950798e-006  1.535085e-006  2.783933e-006  2.929275e-006  1.397747e-006  1.852852e-006  -6.235818e-006  3.409001e-006  -4.147453e-006  -1.160352e-006  2.182048e-006  1.316768e-006  2.801469e-006  2.540267e-006  -8.336619e-007  -1.383198e-006  3.355474e-007  -6.661791e-007  0.000000e+000  
0.000000e+000  0.000000e+000  0.000000e+000  0.000000e+000  0.000000e+000  0.000000e+000  0.000000e+000  0.000000e+000  0.000000e+000  0.000000e+000  0.000000e+000  0.000000e+000  0.000000e+000  0.000000e+000  0.000000e+000  0.000000e+000  0.000000e+000  0.000000e+000  0.000000e+000  0.000000e+000  0.000000e+000  

