Port monitor named: Port2_h1[100].prt

nx        = 62
ny        = 56
nz        = 111

nu        = 21
nv        = 15
iu        = 13
iv        = 13

idir      = 2
dcut      = -7.500000e-003
icut      = 5
type      = 1
frequency = 1.000000e+011

fcutoff   = 5.894530e+010
alpha     = 0.000000e+000
beta      = 1.692095e+003
accuracy  = 5.179893e-010

type          = TE
wave imp.     = 4.666219e+002
wave imp.sig. = 9.246766e-006
line imp.     = 0.000000e+000

ref. port     = 0

0.000000e+000  -4.198998e+000  -8.341769e+000  -1.237284e+001  -1.925439e+001  -2.576388e+001  -3.093990e+001  -3.429212e+001  -3.549665e+001  -3.622581e+001  -3.646982e+001  -3.622542e+001  -3.549586e+001  -3.429092e+001  -3.093793e+001  -2.576092e+001  -1.925004e+001  -1.236611e+001  -8.332063e+000  -4.182952e+000  0.000000e+000  
0.000000e+000  -4.198989e+000  -8.341754e+000  -1.237282e+001  -1.925436e+001  -2.576386e+001  -3.093988e+001  -3.429210e+001  -3.549664e+001  -3.622580e+001  -3.646982e+001  -3.622541e+001  -3.549586e+001  -3.429093e+001  -3.093796e+001  -2.576102e+001  -1.925034e+001  -1.236721e+001  -8.335100e+000  -4.192246e+000  0.000000e+000  
0.000000e+000  -4.198972e+000  -8.341721e+000  -1.237277e+001  -1.925431e+001  -2.576380e+001  -3.093983e+001  -3.429206e+001  -3.549661e+001  -3.622578e+001  -3.646980e+001  -3.622541e+001  -3.549587e+001  -3.429095e+001  -3.093802e+001  -2.576118e+001  -1.925080e+001  -1.236845e+001  -8.337365e+000  -4.195632e+000  0.000000e+000  
0.000000e+000  -4.198941e+000  -8.341663e+000  -1.237269e+001  -1.925421e+001  -2.576371e+001  -3.093976e+001  -3.429200e+001  -3.549656e+001  -3.622574e+001  -3.646977e+001  -3.622539e+001  -3.549587e+001  -3.429096e+001  -3.093810e+001  -2.576139e+001  -1.925131e+001  -1.236958e+001  -8.338915e+000  -4.197183e+000  0.000000e+000  
0.000000e+000  -4.198891e+000  -8.341570e+000  -1.237257e+001  -1.925406e+001  -2.576357e+001  -3.093965e+001  -3.429192e+001  -3.549649e+001  -3.622568e+001  -3.646973e+001  -3.622536e+001  -3.549586e+001  -3.429098e+001  -3.093816e+001  -2.576157e+001  -1.925171e+001  -1.237029e+001  -8.339711e+000  -4.197803e+000  0.000000e+000  
0.000000e+000  -4.198828e+000  -8.341454e+000  -1.237242e+001  -1.925389e+001  -2.576342e+001  -3.093953e+001  -3.429183e+001  -3.549641e+001  -3.622562e+001  -3.646968e+001  -3.622533e+001  -3.549584e+001  -3.429097e+001  -3.093820e+001  -2.576168e+001  -1.925195e+001  -1.237068e+001  -8.340098e+000  -4.198071e+000  0.000000e+000  
0.000000e+000  -4.198738e+000  -8.341292e+000  -1.237221e+001  -1.925367e+001  -2.576323e+001  -3.093938e+001  -3.429172e+001  -3.549633e+001  -3.622555e+001  -3.646963e+001  -3.622529e+001  -3.549581e+001  -3.429096e+001  -3.093821e+001  -2.576173e+001  -1.925207e+001  -1.237086e+001  -8.340269e+000  -4.198182e+000  0.000000e+000  
0.000000e+000  -4.198605e+000  -8.341060e+000  -1.237193e+001  -1.925339e+001  -2.576301e+001  -3.093922e+001  -3.429161e+001  -3.549623e+001  -3.622547e+001  -3.646956e+001  -3.622523e+001  -3.549576e+001  -3.429092e+001  -3.093818e+001  -2.576172e+001  -1.925206e+001  -1.237085e+001  -8.340265e+000  -4.198181e+000  0.000000e+000  
0.000000e+000  -4.198402e+000  -8.340724e+000  -1.237154e+001  -1.925304e+001  -2.576275e+001  -3.093905e+001  -3.429149e+001  -3.549613e+001  -3.622539e+001  -3.646949e+001  -3.622518e+001  -3.549571e+001  -3.429087e+001  -3.093813e+001  -2.576164e+001  -1.925192e+001  -1.237066e+001  -8.340088e+000  -4.198066e+000  0.000000e+000  
0.000000e+000  -4.198069e+000  -8.340216e+000  -1.237099e+001  -1.925262e+001  -2.576247e+001  -3.093887e+001  -3.429136e+001  -3.549603e+001  -3.622531e+001  -3.646942e+001  -3.622511e+001  -3.549565e+001  -3.429081e+001  -3.093805e+001  -2.576150e+001  -1.925166e+001  -1.237027e+001  -8.339693e+000  -4.197795e+000  0.000000e+000  
0.000000e+000  -4.197397e+000  -8.339325e+000  -1.237015e+001  -1.925206e+001  -2.576214e+001  -3.093867e+001  -3.429123e+001  -3.549593e+001  -3.622522e+001  -3.646935e+001  -3.622505e+001  -3.549558e+001  -3.429073e+001  -3.093794e+001  -2.576129e+001  -1.925125e+001  -1.236954e+001  -8.338891e+000  -4.197171e+000  0.000000e+000  
0.000000e+000  -4.195814e+000  -8.337714e+000  -1.236894e+001  -1.925144e+001  -2.576183e+001  -3.093849e+001  -3.429112e+001  -3.549584e+001  -3.622515e+001  -3.646929e+001  -3.622499e+001  -3.549552e+001  -3.429067e+001  -3.093783e+001  -2.576106e+001  -1.925072e+001  -1.236841e+001  -8.337336e+000  -4.195618e+000  0.000000e+000  
0.000000e+000  -4.192410e+000  -8.335416e+000  -1.236765e+001  -1.925093e+001  -2.576160e+001  -3.093838e+001  -3.429105e+001  -3.549578e+001  -3.622510e+001  -3.646925e+001  -3.622495e+001  -3.549549e+001  -3.429062e+001  -3.093775e+001  -2.576088e+001  -1.925026e+001  -1.236716e+001  -8.335069e+000  -4.192231e+000  0.000000e+000  
0.000000e+000  -4.183108e+000  -8.332362e+000  -1.236653e+001  -1.925060e+001  -2.576147e+001  -3.093831e+001  -3.429102e+001  -3.549576e+001  -3.622508e+001  -3.646923e+001  -3.622493e+001  -3.549546e+001  -3.429060e+001  -3.093771e+001  -2.576078e+001  -1.924995e+001  -1.236606e+001  -8.332030e+000  -4.182936e+000  0.000000e+000  
0.000000e+000  0.000000e+000  0.000000e+000  0.000000e+000  0.000000e+000  0.000000e+000  0.000000e+000  0.000000e+000  0.000000e+000  0.000000e+000  0.000000e+000  0.000000e+000  0.000000e+000  0.000000e+000  0.000000e+000  0.000000e+000  0.000000e+000  0.000000e+000  0.000000e+000  0.000000e+000  0.000000e+000  

0.000000e+000  0.000000e+000  0.000000e+000  0.000000e+000  0.000000e+000  0.000000e+000  0.000000e+000  0.000000e+000  0.000000e+000  0.000000e+000  0.000000e+000  0.000000e+000  0.000000e+000  0.000000e+000  0.000000e+000  0.000000e+000  0.000000e+000  0.000000e+000  0.000000e+000  0.000000e+000  0.000000e+000  
-3.570469e-004  -3.483629e-004  -3.313973e-004  -2.991809e-004  -2.440339e-004  -1.870213e-004  -1.404424e-004  -1.133286e-004  -9.768286e-005  -8.576082e-005  -7.734778e-005  -7.398297e-005  -7.657764e-005  -9.159594e-005  -1.600158e-004  -3.665643e-004  -9.811269e-004  -2.627234e-003  -5.874603e-003  -1.581132e-002  0.000000e+000  
-7.178281e-004  -6.992020e-004  -6.647314e-004  -5.977230e-004  -4.851415e-004  -3.699794e-004  -2.764430e-004  -2.226305e-004  -1.910947e-004  -1.665888e-004  -1.499607e-004  -1.419235e-004  -1.449242e-004  -1.698550e-004  -2.875238e-004  -6.308253e-004  -1.542420e-003  -3.407485e-003  -5.828593e-003  -9.448484e-003  0.000000e+000  
-1.086036e-003  -1.056717e-003  -1.001204e-003  -8.950595e-004  -7.201158e-004  -5.444941e-004  -4.040205e-004  -3.227871e-004  -2.762130e-004  -2.393051e-004  -2.128216e-004  -1.982762e-004  -1.990916e-004  -2.245110e-004  -3.616941e-004  -7.506272e-004  -1.678197e-003  -3.190383e-003  -4.665354e-003  -6.141771e-003  0.000000e+000  
-1.563931e-003  -1.516525e-003  -1.428167e-003  -1.262835e-003  -9.989860e-004  -7.434635e-004  -5.447606e-004  -4.331242e-004  -3.662194e-004  -3.128282e-004  -2.730489e-004  -2.472760e-004  -2.369613e-004  -2.525317e-004  -3.705949e-004  -7.051189e-004  -1.424419e-003  -2.379320e-003  -3.136827e-003  -3.726952e-003  0.000000e+000  
-1.973021e-003  -1.905396e-003  -1.781498e-003  -1.553035e-003  -1.204840e-003  -8.811865e-004  -6.366434e-004  -5.006368e-004  -4.197917e-004  -3.546360e-004  -3.039414e-004  -2.677939e-004  -2.471728e-004  -2.433978e-004  -3.188106e-004  -5.539393e-004  -1.040540e-003  -1.619175e-003  -2.034258e-003  -2.320947e-003  0.000000e+000  
-2.418067e-003  -2.321467e-003  -2.147488e-003  -1.835577e-003  -1.387760e-003  -9.929971e-004  -7.053436e-004  -5.480446e-004  -4.551972e-004  -3.792574e-004  -3.186566e-004  -2.718412e-004  -2.383973e-004  -2.109935e-004  -2.276969e-004  -3.349326e-004  -5.700044e-004  -8.375892e-004  -1.019597e-003  -1.138765e-003  0.000000e+000  
-2.919420e-003  -2.777554e-003  -2.530615e-003  -2.103902e-003  -1.538286e-003  -1.071545e-003  -7.463285e-004  -5.723974e-004  -4.703604e-004  -3.863154e-004  -3.171816e-004  -2.610495e-004  -2.150732e-004  -1.622430e-004  -1.137050e-004  -8.075597e-005  -6.114740e-005  -5.268273e-005  -4.904216e-005  -4.698930e-005  0.000000e+000  
-3.510645e-003  -3.293272e-003  -2.933285e-003  -2.345650e-003  -1.643284e-003  -1.108497e-003  -7.550475e-004  -5.712143e-004  -4.641267e-004  -3.753957e-004  -3.016003e-004  -2.380164e-004  -1.814199e-004  -1.060114e-004  5.593113e-006  1.771688e-004  4.506356e-004  7.343415e-004  9.243133e-004  1.046774e-003  0.000000e+000  
-4.251005e-003  -3.894872e-003  -3.352611e-003  -2.537607e-003  -1.684576e-003  -1.094674e-003  -7.277752e-004  -5.427650e-004  -4.358638e-004  -3.479796e-004  -2.726359e-004  -2.061837e-004  -1.432309e-004  -5.115464e-005  1.123216e-004  4.073637e-004  9.295685e-004  1.523544e-003  1.945287e-003  2.235688e-003  0.000000e+000  
-5.252942e-003  -4.614073e-003  -3.765127e-003  -2.637975e-003  -1.638669e-003  -1.020925e-003  -6.618083e-004  -4.860576e-004  -3.868115e-004  -3.042452e-004  -2.334087e-004  -1.688068e-004  -1.055186e-004  -5.951948e-006  1.895551e-004  5.765085e-004  1.327133e-003  2.295272e-003  3.059008e-003  3.652060e-003  0.000000e+000  
-7.199003e-003  -5.691931e-003  -4.159156e-003  -2.535658e-003  -1.420604e-003  -8.345954e-004  -5.241495e-004  -3.805452e-004  -2.984342e-004  -2.308648e-004  -1.726095e-004  -1.181506e-004  -6.142052e-005  2.797865e-005  2.241879e-004  6.529297e-004  1.604240e-003  3.126581e-003  4.606200e-003  6.084868e-003  0.000000e+000  
-1.014589e-002  -6.507086e-003  -4.049407e-003  -2.113995e-003  -1.081055e-003  -6.075689e-004  -3.733306e-004  -2.680629e-004  -2.086567e-004  -1.602656e-004  -1.179109e-004  -7.772986e-005  -3.604208e-005  3.357508e-005  1.920291e-004  5.630330e-004  1.491099e-003  3.363342e-003  5.787444e-003  9.409055e-003  0.000000e+000  
-1.615748e-002  -6.211841e-003  -2.947306e-003  -1.266795e-003  -5.926845e-004  -3.214225e-004  -1.944451e-004  -1.385461e-004  -1.074902e-004  -8.203491e-005  -5.970633e-005  -3.875717e-005  -1.590390e-005  2.181659e-005  1.110856e-004  3.318297e-004  9.548744e-004  2.604593e-003  5.853729e-003  1.579104e-002  0.000000e+000  
0.000000e+000  0.000000e+000  0.000000e+000  0.000000e+000  0.000000e+000  0.000000e+000  0.000000e+000  0.000000e+000  0.000000e+000  0.000000e+000  0.000000e+000  0.000000e+000  0.000000e+000  0.000000e+000  0.000000e+000  0.000000e+000  0.000000e+000  0.000000e+000  0.000000e+000  0.000000e+000  0.000000e+000  

0.000000e+000  0.000000e+000  0.000000e+000  0.000000e+000  0.000000e+000  0.000000e+000  0.000000e+000  0.000000e+000  0.000000e+000  0.000000e+000  0.000000e+000  0.000000e+000  0.000000e+000  0.000000e+000  0.000000e+000  0.000000e+000  0.000000e+000  0.000000e+000  0.000000e+000  0.000000e+000  0.000000e+000  
0.000000e+000  0.000000e+000  0.000000e+000  0.000000e+000  0.000000e+000  0.000000e+000  0.000000e+000  0.000000e+000  0.000000e+000  0.000000e+000  0.000000e+000  0.000000e+000  0.000000e+000  0.000000e+000  0.000000e+000  0.000000e+000  0.000000e+000  0.000000e+000  0.000000e+000  0.000000e+000  0.000000e+000  
0.000000e+000  0.000000e+000  0.000000e+000  0.000000e+000  0.000000e+000  0.000000e+000  0.000000e+000  0.000000e+000  0.000000e+000  0.000000e+000  0.000000e+000  0.000000e+000  0.000000e+000  0.000000e+000  0.000000e+000  0.000000e+000  0.000000e+000  0.000000e+000  0.000000e+000  0.000000e+000  0.000000e+000  
0.000000e+000  0.000000e+000  0.000000e+000  0.000000e+000  0.000000e+000  0.000000e+000  0.000000e+000  0.000000e+000  0.000000e+000  0.000000e+000  0.000000e+000  0.000000e+000  0.000000e+000  0.000000e+000  0.000000e+000  0.000000e+000  0.000000e+000  0.000000e+000  0.000000e+000  0.000000e+000  0.000000e+000  
0.000000e+000  0.000000e+000  0.000000e+000  0.000000e+000  0.000000e+000  0.000000e+000  0.000000e+000  0.000000e+000  0.000000e+000  0.000000e+000  0.000000e+000  0.000000e+000  0.000000e+000  0.000000e+000  0.000000e+000  0.000000e+000  0.000000e+000  0.000000e+000  0.000000e+000  0.000000e+000  0.000000e+000  
0.000000e+000  0.000000e+000  0.000000e+000  0.000000e+000  0.000000e+000  0.000000e+000  0.000000e+000  0.000000e+000  0.000000e+000  0.000000e+000  0.000000e+000  0.000000e+000  0.000000e+000  0.000000e+000  0.000000e+000  0.000000e+000  0.000000e+000  0.000000e+000  0.000000e+000  0.000000e+000  0.000000e+000  
0.000000e+000  0.000000e+000  0.000000e+000  0.000000e+000  0.000000e+000  0.000000e+000  0.000000e+000  0.000000e+000  0.000000e+000  0.000000e+000  0.000000e+000  0.000000e+000  0.000000e+000  0.000000e+000  0.000000e+000  0.000000e+000  0.000000e+000  0.000000e+000  0.000000e+000  0.000000e+000  0.000000e+000  
0.000000e+000  0.000000e+000  0.000000e+000  0.000000e+000  0.000000e+000  0.000000e+000  0.000000e+000  0.000000e+000  0.000000e+000  0.000000e+000  0.000000e+000  0.000000e+000  0.000000e+000  0.000000e+000  0.000000e+000  0.000000e+000  0.000000e+000  0.000000e+000  0.000000e+000  0.000000e+000  0.000000e+000  
0.000000e+000  0.000000e+000  0.000000e+000  0.000000e+000  0.000000e+000  0.000000e+000  0.000000e+000  0.000000e+000  0.000000e+000  0.000000e+000  0.000000e+000  0.000000e+000  0.000000e+000  0.000000e+000  0.000000e+000  0.000000e+000  0.000000e+000  0.000000e+000  0.000000e+000  0.000000e+000  0.000000e+000  
0.000000e+000  0.000000e+000  0.000000e+000  0.000000e+000  0.000000e+000  0.000000e+000  0.000000e+000  0.000000e+000  0.000000e+000  0.000000e+000  0.000000e+000  0.000000e+000  0.000000e+000  0.000000e+000  0.000000e+000  0.000000e+000  0.000000e+000  0.000000e+000  0.000000e+000  0.000000e+000  0.000000e+000  
0.000000e+000  0.000000e+000  0.000000e+000  0.000000e+000  0.000000e+000  0.000000e+000  0.000000e+000  0.000000e+000  0.000000e+000  0.000000e+000  0.000000e+000  0.000000e+000  0.000000e+000  0.000000e+000  0.000000e+000  0.000000e+000  0.000000e+000  0.000000e+000  0.000000e+000  0.000000e+000  0.000000e+000  
0.000000e+000  0.000000e+000  0.000000e+000  0.000000e+000  0.000000e+000  0.000000e+000  0.000000e+000  0.000000e+000  0.000000e+000  0.000000e+000  0.000000e+000  0.000000e+000  0.000000e+000  0.000000e+000  0.000000e+000  0.000000e+000  0.000000e+000  0.000000e+000  0.000000e+000  0.000000e+000  0.000000e+000  
0.000000e+000  0.000000e+000  0.000000e+000  0.000000e+000  0.000000e+000  0.000000e+000  0.000000e+000  0.000000e+000  0.000000e+000  0.000000e+000  0.000000e+000  0.000000e+000  0.000000e+000  0.000000e+000  0.000000e+000  0.000000e+000  0.000000e+000  0.000000e+000  0.000000e+000  0.000000e+000  0.000000e+000  
0.000000e+000  0.000000e+000  0.000000e+000  0.000000e+000  0.000000e+000  0.000000e+000  0.000000e+000  0.000000e+000  0.000000e+000  0.000000e+000  0.000000e+000  0.000000e+000  0.000000e+000  0.000000e+000  0.000000e+000  0.000000e+000  0.000000e+000  0.000000e+000  0.000000e+000  0.000000e+000  0.000000e+000  
0.000000e+000  0.000000e+000  0.000000e+000  0.000000e+000  0.000000e+000  0.000000e+000  0.000000e+000  0.000000e+000  0.000000e+000  0.000000e+000  0.000000e+000  0.000000e+000  0.000000e+000  0.000000e+000  0.000000e+000  0.000000e+000  0.000000e+000  0.000000e+000  0.000000e+000  0.000000e+000  0.000000e+000  

0.000000e+000  0.000000e+000  0.000000e+000  0.000000e+000  0.000000e+000  0.000000e+000  0.000000e+000  0.000000e+000  0.000000e+000  0.000000e+000  0.000000e+000  0.000000e+000  0.000000e+000  0.000000e+000  0.000000e+000  0.000000e+000  0.000000e+000  0.000000e+000  0.000000e+000  0.000000e+000  0.000000e+000  
0.000000e+000  0.000000e+000  0.000000e+000  0.000000e+000  0.000000e+000  0.000000e+000  0.000000e+000  0.000000e+000  0.000000e+000  0.000000e+000  0.000000e+000  0.000000e+000  0.000000e+000  0.000000e+000  0.000000e+000  0.000000e+000  0.000000e+000  0.000000e+000  0.000000e+000  0.000000e+000  0.000000e+000  
0.000000e+000  0.000000e+000  0.000000e+000  0.000000e+000  0.000000e+000  0.000000e+000  0.000000e+000  0.000000e+000  0.000000e+000  0.000000e+000  0.000000e+000  0.000000e+000  0.000000e+000  0.000000e+000  0.000000e+000  0.000000e+000  0.000000e+000  0.000000e+000  0.000000e+000  0.000000e+000  0.000000e+000  
0.000000e+000  0.000000e+000  0.000000e+000  0.000000e+000  0.000000e+000  0.000000e+000  0.000000e+000  0.000000e+000  0.000000e+000  0.000000e+000  0.000000e+000  0.000000e+000  0.000000e+000  0.000000e+000  0.000000e+000  0.000000e+000  0.000000e+000  0.000000e+000  0.000000e+000  0.000000e+000  0.000000e+000  
0.000000e+000  0.000000e+000  0.000000e+000  0.000000e+000  0.000000e+000  0.000000e+000  0.000000e+000  0.000000e+000  0.000000e+000  0.000000e+000  0.000000e+000  0.000000e+000  0.000000e+000  0.000000e+000  0.000000e+000  0.000000e+000  0.000000e+000  0.000000e+000  0.000000e+000  0.000000e+000  0.000000e+000  
0.000000e+000  0.000000e+000  0.000000e+000  0.000000e+000  0.000000e+000  0.000000e+000  0.000000e+000  0.000000e+000  0.000000e+000  0.000000e+000  0.000000e+000  0.000000e+000  0.000000e+000  0.000000e+000  0.000000e+000  0.000000e+000  0.000000e+000  0.000000e+000  0.000000e+000  0.000000e+000  0.000000e+000  
0.000000e+000  0.000000e+000  0.000000e+000  0.000000e+000  0.000000e+000  0.000000e+000  0.000000e+000  0.000000e+000  0.000000e+000  0.000000e+000  0.000000e+000  0.000000e+000  0.000000e+000  0.000000e+000  0.000000e+000  0.000000e+000  0.000000e+000  0.000000e+000  0.000000e+000  0.000000e+000  0.000000e+000  
0.000000e+000  0.000000e+000  0.000000e+000  0.000000e+000  0.000000e+000  0.000000e+000  0.000000e+000  0.000000e+000  0.000000e+000  0.000000e+000  0.000000e+000  0.000000e+000  0.000000e+000  0.000000e+000  0.000000e+000  0.000000e+000  0.000000e+000  0.000000e+000  0.000000e+000  0.000000e+000  0.000000e+000  
0.000000e+000  0.000000e+000  0.000000e+000  0.000000e+000  0.000000e+000  0.000000e+000  0.000000e+000  0.000000e+000  0.000000e+000  0.000000e+000  0.000000e+000  0.000000e+000  0.000000e+000  0.000000e+000  0.000000e+000  0.000000e+000  0.000000e+000  0.000000e+000  0.000000e+000  0.000000e+000  0.000000e+000  
0.000000e+000  0.000000e+000  0.000000e+000  0.000000e+000  0.000000e+000  0.000000e+000  0.000000e+000  0.000000e+000  0.000000e+000  0.000000e+000  0.000000e+000  0.000000e+000  0.000000e+000  0.000000e+000  0.000000e+000  0.000000e+000  0.000000e+000  0.000000e+000  0.000000e+000  0.000000e+000  0.000000e+000  
0.000000e+000  0.000000e+000  0.000000e+000  0.000000e+000  0.000000e+000  0.000000e+000  0.000000e+000  0.000000e+000  0.000000e+000  0.000000e+000  0.000000e+000  0.000000e+000  0.000000e+000  0.000000e+000  0.000000e+000  0.000000e+000  0.000000e+000  0.000000e+000  0.000000e+000  0.000000e+000  0.000000e+000  
0.000000e+000  0.000000e+000  0.000000e+000  0.000000e+000  0.000000e+000  0.000000e+000  0.000000e+000  0.000000e+000  0.000000e+000  0.000000e+000  0.000000e+000  0.000000e+000  0.000000e+000  0.000000e+000  0.000000e+000  0.000000e+000  0.000000e+000  0.000000e+000  0.000000e+000  0.000000e+000  0.000000e+000  
0.000000e+000  0.000000e+000  0.000000e+000  0.000000e+000  0.000000e+000  0.000000e+000  0.000000e+000  0.000000e+000  0.000000e+000  0.000000e+000  0.000000e+000  0.000000e+000  0.000000e+000  0.000000e+000  0.000000e+000  0.000000e+000  0.000000e+000  0.000000e+000  0.000000e+000  0.000000e+000  0.000000e+000  
0.000000e+000  0.000000e+000  0.000000e+000  0.000000e+000  0.000000e+000  0.000000e+000  0.000000e+000  0.000000e+000  0.000000e+000  0.000000e+000  0.000000e+000  0.000000e+000  0.000000e+000  0.000000e+000  0.000000e+000  0.000000e+000  0.000000e+000  0.000000e+000  0.000000e+000  0.000000e+000  0.000000e+000  
0.000000e+000  0.000000e+000  0.000000e+000  0.000000e+000  0.000000e+000  0.000000e+000  0.000000e+000  0.000000e+000  0.000000e+000  0.000000e+000  0.000000e+000  0.000000e+000  0.000000e+000  0.000000e+000  0.000000e+000  0.000000e+000  0.000000e+000  0.000000e+000  0.000000e+000  0.000000e+000  0.000000e+000  

0.000000e+000  0.000000e+000  0.000000e+000  0.000000e+000  0.000000e+000  0.000000e+000  0.000000e+000  0.000000e+000  0.000000e+000  0.000000e+000  0.000000e+000  0.000000e+000  0.000000e+000  0.000000e+000  0.000000e+000  0.000000e+000  0.000000e+000  0.000000e+000  0.000000e+000  0.000000e+000  0.000000e+000  
0.000000e+000  0.000000e+000  0.000000e+000  0.000000e+000  0.000000e+000  0.000000e+000  0.000000e+000  0.000000e+000  0.000000e+000  0.000000e+000  0.000000e+000  0.000000e+000  0.000000e+000  0.000000e+000  0.000000e+000  0.000000e+000  0.000000e+000  0.000000e+000  0.000000e+000  0.000000e+000  0.000000e+000  
0.000000e+000  0.000000e+000  0.000000e+000  0.000000e+000  0.000000e+000  0.000000e+000  0.000000e+000  0.000000e+000  0.000000e+000  0.000000e+000  0.000000e+000  0.000000e+000  0.000000e+000  0.000000e+000  0.000000e+000  0.000000e+000  0.000000e+000  0.000000e+000  0.000000e+000  0.000000e+000  0.000000e+000  
0.000000e+000  0.000000e+000  0.000000e+000  0.000000e+000  0.000000e+000  0.000000e+000  0.000000e+000  0.000000e+000  0.000000e+000  0.000000e+000  0.000000e+000  0.000000e+000  0.000000e+000  0.000000e+000  0.000000e+000  0.000000e+000  0.000000e+000  0.000000e+000  0.000000e+000  0.000000e+000  0.000000e+000  
0.000000e+000  0.000000e+000  0.000000e+000  0.000000e+000  0.000000e+000  0.000000e+000  0.000000e+000  0.000000e+000  0.000000e+000  0.000000e+000  0.000000e+000  0.000000e+000  0.000000e+000  0.000000e+000  0.000000e+000  0.000000e+000  0.000000e+000  0.000000e+000  0.000000e+000  0.000000e+000  0.000000e+000  
0.000000e+000  0.000000e+000  0.000000e+000  0.000000e+000  0.000000e+000  0.000000e+000  0.000000e+000  0.000000e+000  0.000000e+000  0.000000e+000  0.000000e+000  0.000000e+000  0.000000e+000  0.000000e+000  0.000000e+000  0.000000e+000  0.000000e+000  0.000000e+000  0.000000e+000  0.000000e+000  0.000000e+000  
0.000000e+000  0.000000e+000  0.000000e+000  0.000000e+000  0.000000e+000  0.000000e+000  0.000000e+000  0.000000e+000  0.000000e+000  0.000000e+000  0.000000e+000  0.000000e+000  0.000000e+000  0.000000e+000  0.000000e+000  0.000000e+000  0.000000e+000  0.000000e+000  0.000000e+000  0.000000e+000  0.000000e+000  
0.000000e+000  0.000000e+000  0.000000e+000  0.000000e+000  0.000000e+000  0.000000e+000  0.000000e+000  0.000000e+000  0.000000e+000  0.000000e+000  0.000000e+000  0.000000e+000  0.000000e+000  0.000000e+000  0.000000e+000  0.000000e+000  0.000000e+000  0.000000e+000  0.000000e+000  0.000000e+000  0.000000e+000  
0.000000e+000  0.000000e+000  0.000000e+000  0.000000e+000  0.000000e+000  0.000000e+000  0.000000e+000  0.000000e+000  0.000000e+000  0.000000e+000  0.000000e+000  0.000000e+000  0.000000e+000  0.000000e+000  0.000000e+000  0.000000e+000  0.000000e+000  0.000000e+000  0.000000e+000  0.000000e+000  0.000000e+000  
0.000000e+000  0.000000e+000  0.000000e+000  0.000000e+000  0.000000e+000  0.000000e+000  0.000000e+000  0.000000e+000  0.000000e+000  0.000000e+000  0.000000e+000  0.000000e+000  0.000000e+000  0.000000e+000  0.000000e+000  0.000000e+000  0.000000e+000  0.000000e+000  0.000000e+000  0.000000e+000  0.000000e+000  
0.000000e+000  0.000000e+000  0.000000e+000  0.000000e+000  0.000000e+000  0.000000e+000  0.000000e+000  0.000000e+000  0.000000e+000  0.000000e+000  0.000000e+000  0.000000e+000  0.000000e+000  0.000000e+000  0.000000e+000  0.000000e+000  0.000000e+000  0.000000e+000  0.000000e+000  0.000000e+000  0.000000e+000  
0.000000e+000  0.000000e+000  0.000000e+000  0.000000e+000  0.000000e+000  0.000000e+000  0.000000e+000  0.000000e+000  0.000000e+000  0.000000e+000  0.000000e+000  0.000000e+000  0.000000e+000  0.000000e+000  0.000000e+000  0.000000e+000  0.000000e+000  0.000000e+000  0.000000e+000  0.000000e+000  0.000000e+000  
0.000000e+000  0.000000e+000  0.000000e+000  0.000000e+000  0.000000e+000  0.000000e+000  0.000000e+000  0.000000e+000  0.000000e+000  0.000000e+000  0.000000e+000  0.000000e+000  0.000000e+000  0.000000e+000  0.000000e+000  0.000000e+000  0.000000e+000  0.000000e+000  0.000000e+000  0.000000e+000  0.000000e+000  
0.000000e+000  0.000000e+000  0.000000e+000  0.000000e+000  0.000000e+000  0.000000e+000  0.000000e+000  0.000000e+000  0.000000e+000  0.000000e+000  0.000000e+000  0.000000e+000  0.000000e+000  0.000000e+000  0.000000e+000  0.000000e+000  0.000000e+000  0.000000e+000  0.000000e+000  0.000000e+000  0.000000e+000  
0.000000e+000  0.000000e+000  0.000000e+000  0.000000e+000  0.000000e+000  0.000000e+000  0.000000e+000  0.000000e+000  0.000000e+000  0.000000e+000  0.000000e+000  0.000000e+000  0.000000e+000  0.000000e+000  0.000000e+000  0.000000e+000  0.000000e+000  0.000000e+000  0.000000e+000  0.000000e+000  0.000000e+000  

-2.648950e+001  -2.613477e+001  -2.543005e+001  -2.396051e+001  -2.088802e+001  -1.660905e+001  -1.167186e+001  -7.598928e+000  -4.600162e+000  -1.539798e+000  1.541181e+000  4.601513e+000  7.600211e+000  1.167300e+001  1.660988e+001  2.088835e+001  2.396015e+001  2.542889e+001  2.613279e+001  2.648617e+001  0.000000e+000  
-2.648947e+001  -2.613474e+001  -2.543003e+001  -2.396049e+001  -2.088800e+001  -1.660903e+001  -1.167185e+001  -7.598919e+000  -4.600155e+000  -1.539791e+000  1.541187e+000  4.601518e+000  7.600217e+000  1.167301e+001  1.660989e+001  2.088838e+001  2.396023e+001  2.542910e+001  2.613325e+001  2.648742e+001  0.000000e+000  
-2.648942e+001  -2.613469e+001  -2.542997e+001  -2.396044e+001  -2.088796e+001  -1.660901e+001  -1.167183e+001  -7.598901e+000  -4.600140e+000  -1.539778e+000  1.541199e+000  4.601530e+000  7.600228e+000  1.167302e+001  1.660991e+001  2.088843e+001  2.396035e+001  2.542937e+001  2.613371e+001  2.648816e+001  0.000000e+000  
-2.648932e+001  -2.613459e+001  -2.542989e+001  -2.396036e+001  -2.088790e+001  -1.660896e+001  -1.167179e+001  -7.598872e+000  -4.600115e+000  -1.539757e+000  1.541218e+000  4.601547e+000  7.600246e+000  1.167304e+001  1.660994e+001  2.088850e+001  2.396050e+001  2.542965e+001  2.613413e+001  2.648871e+001  0.000000e+000  
-2.648918e+001  -2.613446e+001  -2.542976e+001  -2.396025e+001  -2.088781e+001  -1.660889e+001  -1.167174e+001  -7.598834e+000  -4.600083e+000  -1.539729e+000  1.541242e+000  4.601569e+000  7.600267e+000  1.167306e+001  1.660998e+001  2.088856e+001  2.396063e+001  2.542987e+001  2.613441e+001  2.648904e+001  0.000000e+000  
-2.648902e+001  -2.613431e+001  -2.542962e+001  -2.396013e+001  -2.088771e+001  -1.660882e+001  -1.167169e+001  -7.598794e+000  -4.600049e+000  -1.539701e+000  1.541266e+000  4.601590e+000  7.600287e+000  1.167308e+001  1.661000e+001  2.088861e+001  2.396071e+001  2.542999e+001  2.613457e+001  2.648922e+001  0.000000e+000  
-2.648883e+001  -2.613412e+001  -2.542945e+001  -2.395998e+001  -2.088760e+001  -1.660874e+001  -1.167164e+001  -7.598751e+000  -4.600013e+000  -1.539671e+000  1.541291e+000  4.601612e+000  7.600305e+000  1.167310e+001  1.661002e+001  2.088863e+001  2.396075e+001  2.543006e+001  2.613465e+001  2.648931e+001  0.000000e+000  
-2.648860e+001  -2.613390e+001  -2.542925e+001  -2.395981e+001  -2.088748e+001  -1.660866e+001  -1.167158e+001  -7.598706e+000  -4.599976e+000  -1.539640e+000  1.541317e+000  4.601632e+000  7.600322e+000  1.167311e+001  1.661003e+001  2.088864e+001  2.396076e+001  2.543006e+001  2.613465e+001  2.648931e+001  0.000000e+000  
-2.648833e+001  -2.613364e+001  -2.542902e+001  -2.395963e+001  -2.088735e+001  -1.660857e+001  -1.167152e+001  -7.598661e+000  -4.599940e+000  -1.539611e+000  1.541340e+000  4.601651e+000  7.600337e+000  1.167312e+001  1.661003e+001  2.088862e+001  2.396072e+001  2.543001e+001  2.613458e+001  2.648923e+001  0.000000e+000  
-2.648799e+001  -2.613334e+001  -2.542875e+001  -2.395943e+001  -2.088722e+001  -1.660848e+001  -1.167146e+001  -7.598618e+000  -4.599905e+000  -1.539583e+000  1.541362e+000  4.601668e+000  7.600348e+000  1.167312e+001  1.661002e+001  2.088859e+001  2.396065e+001  2.542989e+001  2.613442e+001  2.648906e+001  0.000000e+000  
-2.648752e+001  -2.613293e+001  -2.542842e+001  -2.395919e+001  -2.088707e+001  -1.660839e+001  -1.167140e+001  -7.598575e+000  -4.599871e+000  -1.539556e+000  1.541383e+000  4.601683e+000  7.600357e+000  1.167313e+001  1.661000e+001  2.088854e+001  2.396053e+001  2.542968e+001  2.613415e+001  2.648873e+001  0.000000e+000  
-2.648688e+001  -2.613242e+001  -2.542805e+001  -2.395897e+001  -2.088695e+001  -1.660832e+001  -1.167136e+001  -7.598541e+000  -4.599844e+000  -1.539536e+000  1.541398e+000  4.601693e+000  7.600363e+000  1.167312e+001  1.660998e+001  2.088848e+001  2.396039e+001  2.542940e+001  2.613374e+001  2.648819e+001  0.000000e+000  
-2.648608e+001  -2.613191e+001  -2.542773e+001  -2.395880e+001  -2.088686e+001  -1.660827e+001  -1.167133e+001  -7.598520e+000  -4.599828e+000  -1.539523e+000  1.541407e+000  4.601699e+000  7.600366e+000  1.167312e+001  1.660997e+001  2.088844e+001  2.396027e+001  2.542914e+001  2.613329e+001  2.648745e+001  0.000000e+000  
-2.648481e+001  -2.613142e+001  -2.542750e+001  -2.395870e+001  -2.088682e+001  -1.660825e+001  -1.167131e+001  -7.598509e+000  -4.599819e+000  -1.539516e+000  1.541412e+000  4.601702e+000  7.600367e+000  1.167312e+001  1.660996e+001  2.088841e+001  2.396020e+001  2.542893e+001  2.613282e+001  2.648620e+001  0.000000e+000  
0.000000e+000  0.000000e+000  0.000000e+000  0.000000e+000  0.000000e+000  0.000000e+000  0.000000e+000  0.000000e+000  0.000000e+000  0.000000e+000  0.000000e+000  0.000000e+000  0.000000e+000  0.000000e+000  0.000000e+000  0.000000e+000  0.000000e+000  0.000000e+000  0.000000e+000  0.000000e+000  0.000000e+000  

