Port monitor named: Port2_e1[100].prt

nx        = 62
ny        = 56
nz        = 111

nu        = 21
nv        = 15
iu        = 13
iv        = 13

idir      = 2
dcut      = -7.500000e-003
icut      = 5
type      = 0
frequency = 1.000000e+011

fcutoff   = 5.894530e+010
alpha     = 0.000000e+000
beta      = 1.692095e+003
accuracy  = 5.179893e-010

type          = TE
wave imp.     = 4.666219e+002
wave imp.sig. = 9.246766e-006
line imp.     = 0.000000e+000

ref. port     = 0

0.000000e+000  0.000000e+000  0.000000e+000  0.000000e+000  0.000000e+000  0.000000e+000  0.000000e+000  0.000000e+000  0.000000e+000  0.000000e+000  0.000000e+000  0.000000e+000  0.000000e+000  0.000000e+000  0.000000e+000  0.000000e+000  0.000000e+000  0.000000e+000  0.000000e+000  0.000000e+000  0.000000e+000  
-1.666346e-001  -1.625087e-001  -1.546899e-001  -1.395757e-001  -1.138694e-001  -8.727237e-002  -6.551639e-002  -5.294334e-002  -4.560550e-002  -3.994505e-002  -3.613487e-002  -3.451694e-002  -3.569256e-002  -4.274104e-002  -7.467123e-002  -1.710524e-001  -4.578063e-001  -1.225976e+000  -2.741223e+000  -7.377881e+000  0.000000e+000  
-3.349269e-001  -3.263438e-001  -3.101329e-001  -2.788960e-001  -2.263692e-001  -1.726269e-001  -1.290218e-001  -1.038622e-001  -8.921039e-002  -7.780153e-002  -6.993145e-002  -6.618480e-002  -6.760965e-002  -7.924035e-002  -1.341753e-001  -2.943637e-001  -7.197367e-001  -1.590031e+000  -2.719728e+000  -4.408869e+000  0.000000e+000  
-5.068035e-001  -4.930290e-001  -4.671976e-001  -4.176472e-001  -3.360067e-001  -2.540667e-001  -1.885099e-001  -1.507258e-001  -1.289328e-001  -1.116520e-001  -9.930029e-002  -9.255390e-002  -9.274361e-002  -1.047634e-001  -1.687918e-001  -3.502762e-001  -7.830834e-001  -1.488724e+000  -2.176966e+000  -2.865863e+000  0.000000e+000  
-7.297733e-001  -7.076454e-001  -6.664373e-001  -5.892688e-001  -4.661548e-001  -3.469202e-001  -2.541821e-001  -2.020638e-001  -1.708342e-001  -1.459884e-001  -1.274063e-001  -1.153850e-001  -1.106946e-001  -1.178210e-001  -1.729319e-001  -3.290291e-001  -6.646666e-001  -1.110183e+000  -1.463706e+000  -1.739078e+000  0.000000e+000  
-9.206565e-001  -8.891252e-001  -8.312771e-001  -7.246755e-001  -5.622011e-001  -4.111910e-001  -2.970740e-001  -2.335524e-001  -1.959039e-001  -1.654496e-001  -1.418363e-001  -1.249990e-001  -1.153457e-001  -1.135921e-001  -1.487490e-001  -2.584862e-001  -4.855246e-001  -7.555729e-001  -9.491844e-001  -1.083009e+000  0.000000e+000  
-1.128337e+000  -1.083211e+000  -1.002101e+000  -8.565133e-001  -6.475658e-001  -4.633478e-001  -3.291302e-001  -2.557137e-001  -2.123866e-001  -1.769856e-001  -1.486769e-001  -1.268640e-001  -1.112918e-001  -9.844355e-002  -1.062671e-001  -1.562682e-001  -2.659867e-001  -3.907715e-001  -4.758441e-001  -5.313220e-001  0.000000e+000  
-1.362275e+000  -1.296083e+000  -1.180821e+000  -9.817269e-001  -7.178170e-001  -4.999986e-001  -3.482355e-001  -2.671004e-001  -2.194461e-001  -1.802461e-001  -1.480926e-001  -1.217829e-001  -1.003066e-001  -7.572914e-002  -5.306608e-002  -3.768976e-002  -2.852407e-002  -2.461382e-002  -2.282035e-002  -2.194016e-002  0.000000e+000  
-1.638158e+000  -1.536696e+000  -1.368756e+000  -1.094524e+000  -7.667889e-001  -5.172419e-001  -3.523320e-001  -2.665611e-001  -2.165388e-001  -1.752303e-001  -1.406622e-001  -1.110476e-001  -8.465075e-002  -4.948050e-002  2.614588e-003  8.265112e-002  2.102729e-001  3.426942e-001  4.312726e-001  4.884677e-001  0.000000e+000  
-1.983607e+000  -1.817461e+000  -1.564378e+000  -1.184093e+000  -7.860537e-001  -5.107914e-001  -3.396033e-001  -2.532885e-001  -2.034704e-001  -1.622655e-001  -1.272511e-001  -9.619532e-002  -6.679592e-002  -2.389050e-002  5.242159e-002  1.900747e-001  4.337513e-001  7.108969e-001  9.077657e-001  1.043187e+000  0.000000e+000  
-2.451162e+000  -2.152982e+000  -1.756899e+000  -1.230933e+000  -7.646444e-001  -4.763808e-001  -3.087810e-001  -2.269216e-001  -1.804850e-001  -1.419823e-001  -1.088857e-001  -7.876756e-002  -4.913698e-002  -2.792623e-003  8.843572e-002  2.690236e-001  6.192564e-001  1.070998e+000  1.427378e+000  1.704151e+000  0.000000e+000  
-3.359205e+000  -2.655996e+000  -1.940734e+000  -1.183213e+000  -6.629089e-001  -3.894387e-001  -2.445705e-001  -1.775071e-001  -1.391772e-001  -1.077552e-001  -8.054847e-002  -5.512611e-002  -2.878303e-002  1.308859e-002  1.045824e-001  3.046812e-001  7.485800e-001  1.458951e+000  2.149366e+000  2.839327e+000  0.000000e+000  
-4.734312e+000  -3.036277e+000  -1.889615e+000  -9.864345e-001  -5.044604e-001  -2.834999e-001  -1.741952e-001  -1.250263e-001  -9.739892e-002  -7.473106e-002  -5.500880e-002  -3.636130e-002  -1.675310e-002  1.561687e-002  8.961919e-002  2.627264e-001  6.957963e-001  1.569374e+000  2.700579e+000  4.390461e+000  0.000000e+000  
-7.539391e+000  -2.898644e+000  -1.375245e+000  -5.911227e-001  -2.765733e-001  -1.499765e-001  -9.072539e-002  -6.465459e-002  -5.014152e-002  -3.825427e-002  -2.788488e-002  -1.801256e-002  -7.513009e-003  1.016190e-002  5.185795e-002  1.548544e-001  4.455494e-001  1.215401e+000  2.731421e+000  7.368462e+000  0.000000e+000  
0.000000e+000  0.000000e+000  0.000000e+000  0.000000e+000  0.000000e+000  0.000000e+000  0.000000e+000  0.000000e+000  0.000000e+000  0.000000e+000  0.000000e+000  0.000000e+000  0.000000e+000  0.000000e+000  0.000000e+000  0.000000e+000  0.000000e+000  0.000000e+000  0.000000e+000  0.000000e+000  0.000000e+000  

0.000000e+000  1.959344e+003  3.892452e+003  5.773438e+003  8.984519e+003  1.202199e+004  1.443724e+004  1.600145e+004  1.656351e+004  1.690376e+004  1.701762e+004  1.690357e+004  1.656314e+004  1.600089e+004  1.443631e+004  1.202061e+004  8.982489e+003  5.770299e+003  3.887923e+003  1.951857e+003  0.000000e+000  
0.000000e+000  1.959340e+003  3.892445e+003  5.773428e+003  8.984506e+003  1.202198e+004  1.443722e+004  1.600144e+004  1.656351e+004  1.690375e+004  1.701761e+004  1.690357e+004  1.656315e+004  1.600090e+004  1.443633e+004  1.202065e+004  8.982631e+003  5.770810e+003  3.889340e+003  1.956194e+003  0.000000e+000  
0.000000e+000  1.959332e+003  3.892429e+003  5.773407e+003  8.984480e+003  1.202195e+004  1.443720e+004  1.600143e+004  1.656349e+004  1.690374e+004  1.701761e+004  1.690357e+004  1.656315e+004  1.600090e+004  1.443636e+004  1.202073e+004  8.982842e+003  5.771389e+003  3.890397e+003  1.957774e+003  0.000000e+000  
0.000000e+000  1.959318e+003  3.892402e+003  5.773370e+003  8.984435e+003  1.202191e+004  1.443717e+004  1.600140e+004  1.656347e+004  1.690372e+004  1.701759e+004  1.690356e+004  1.656315e+004  1.600091e+004  1.443639e+004  1.202083e+004  8.983083e+003  5.771917e+003  3.891120e+003  1.958497e+003  0.000000e+000  
0.000000e+000  1.959295e+003  3.892359e+003  5.773312e+003  8.984366e+003  1.202185e+004  1.443712e+004  1.600136e+004  1.656344e+004  1.690370e+004  1.701757e+004  1.690355e+004  1.656314e+004  1.600092e+004  1.443642e+004  1.202091e+004  8.983269e+003  5.772249e+003  3.891491e+003  1.958787e+003  0.000000e+000  
0.000000e+000  1.959265e+003  3.892305e+003  5.773241e+003  8.984286e+003  1.202177e+004  1.443706e+004  1.600132e+004  1.656340e+004  1.690367e+004  1.701755e+004  1.690353e+004  1.656313e+004  1.600092e+004  1.443644e+004  1.202096e+004  8.983382e+003  5.772429e+003  3.891672e+003  1.958912e+003  0.000000e+000  
0.000000e+000  1.959223e+003  3.892229e+003  5.773144e+003  8.984182e+003  1.202169e+004  1.443699e+004  1.600127e+004  1.656336e+004  1.690363e+004  1.701753e+004  1.690351e+004  1.656312e+004  1.600091e+004  1.443644e+004  1.202099e+004  8.983436e+003  5.772512e+003  3.891752e+003  1.958964e+003  0.000000e+000  
0.000000e+000  1.959161e+003  3.892121e+003  5.773012e+003  8.984052e+003  1.202158e+004  1.443692e+004  1.600121e+004  1.656332e+004  1.690360e+004  1.701750e+004  1.690349e+004  1.656310e+004  1.600089e+004  1.443643e+004  1.202098e+004  8.983431e+003  5.772510e+003  3.891750e+003  1.958963e+003  0.000000e+000  
0.000000e+000  1.959066e+003  3.891964e+003  5.772830e+003  8.983889e+003  1.202146e+004  1.443684e+004  1.600116e+004  1.656327e+004  1.690356e+004  1.701746e+004  1.690346e+004  1.656307e+004  1.600087e+004  1.443641e+004  1.202094e+004  8.983368e+003  5.772421e+003  3.891667e+003  1.958909e+003  0.000000e+000  
0.000000e+000  1.958911e+003  3.891727e+003  5.772577e+003  8.983692e+003  1.202133e+004  1.443675e+004  1.600110e+004  1.656322e+004  1.690352e+004  1.701743e+004  1.690343e+004  1.656305e+004  1.600084e+004  1.443637e+004  1.202088e+004  8.983248e+003  5.772237e+003  3.891483e+003  1.958783e+003  0.000000e+000  
0.000000e+000  1.958597e+003  3.891311e+003  5.772184e+003  8.983433e+003  1.202118e+004  1.443666e+004  1.600104e+004  1.656318e+004  1.690348e+004  1.701740e+004  1.690340e+004  1.656302e+004  1.600081e+004  1.443632e+004  1.202078e+004  8.983053e+003  5.771900e+003  3.891109e+003  1.958492e+003  0.000000e+000  
0.000000e+000  1.957859e+003  3.890560e+003  5.771617e+003  8.983143e+003  1.202103e+004  1.443658e+004  1.600099e+004  1.656314e+004  1.690345e+004  1.701737e+004  1.690337e+004  1.656299e+004  1.600077e+004  1.443627e+004  1.202067e+004  8.982806e+003  5.771369e+003  3.890383e+003  1.957767e+003  0.000000e+000  
0.000000e+000  1.956270e+003  3.889487e+003  5.771017e+003  8.982905e+003  1.202093e+004  1.443652e+004  1.600096e+004  1.656311e+004  1.690343e+004  1.701735e+004  1.690335e+004  1.656297e+004  1.600075e+004  1.443623e+004  1.202059e+004  8.982591e+003  5.770787e+003  3.889325e+003  1.956186e+003  0.000000e+000  
0.000000e+000  1.951930e+003  3.888062e+003  5.770495e+003  8.982749e+003  1.202087e+004  1.443649e+004  1.600094e+004  1.656310e+004  1.690341e+004  1.701734e+004  1.690334e+004  1.656296e+004  1.600074e+004  1.443621e+004  1.202054e+004  8.982448e+003  5.770275e+003  3.887907e+003  1.951849e+003  0.000000e+000  
0.000000e+000  0.000000e+000  0.000000e+000  0.000000e+000  0.000000e+000  0.000000e+000  0.000000e+000  0.000000e+000  0.000000e+000  0.000000e+000  0.000000e+000  0.000000e+000  0.000000e+000  0.000000e+000  0.000000e+000  0.000000e+000  0.000000e+000  0.000000e+000  0.000000e+000  0.000000e+000  0.000000e+000  

0.000000e+000  0.000000e+000  0.000000e+000  0.000000e+000  0.000000e+000  0.000000e+000  0.000000e+000  0.000000e+000  0.000000e+000  0.000000e+000  0.000000e+000  0.000000e+000  0.000000e+000  0.000000e+000  0.000000e+000  0.000000e+000  0.000000e+000  0.000000e+000  0.000000e+000  0.000000e+000  0.000000e+000  
0.000000e+000  0.000000e+000  0.000000e+000  0.000000e+000  0.000000e+000  0.000000e+000  0.000000e+000  0.000000e+000  0.000000e+000  0.000000e+000  0.000000e+000  0.000000e+000  0.000000e+000  0.000000e+000  0.000000e+000  0.000000e+000  0.000000e+000  0.000000e+000  0.000000e+000  0.000000e+000  0.000000e+000  
0.000000e+000  0.000000e+000  0.000000e+000  0.000000e+000  0.000000e+000  0.000000e+000  0.000000e+000  0.000000e+000  0.000000e+000  0.000000e+000  0.000000e+000  0.000000e+000  0.000000e+000  0.000000e+000  0.000000e+000  0.000000e+000  0.000000e+000  0.000000e+000  0.000000e+000  0.000000e+000  0.000000e+000  
0.000000e+000  0.000000e+000  0.000000e+000  0.000000e+000  0.000000e+000  0.000000e+000  0.000000e+000  0.000000e+000  0.000000e+000  0.000000e+000  0.000000e+000  0.000000e+000  0.000000e+000  0.000000e+000  0.000000e+000  0.000000e+000  0.000000e+000  0.000000e+000  0.000000e+000  0.000000e+000  0.000000e+000  
0.000000e+000  0.000000e+000  0.000000e+000  0.000000e+000  0.000000e+000  0.000000e+000  0.000000e+000  0.000000e+000  0.000000e+000  0.000000e+000  0.000000e+000  0.000000e+000  0.000000e+000  0.000000e+000  0.000000e+000  0.000000e+000  0.000000e+000  0.000000e+000  0.000000e+000  0.000000e+000  0.000000e+000  
0.000000e+000  0.000000e+000  0.000000e+000  0.000000e+000  0.000000e+000  0.000000e+000  0.000000e+000  0.000000e+000  0.000000e+000  0.000000e+000  0.000000e+000  0.000000e+000  0.000000e+000  0.000000e+000  0.000000e+000  0.000000e+000  0.000000e+000  0.000000e+000  0.000000e+000  0.000000e+000  0.000000e+000  
0.000000e+000  0.000000e+000  0.000000e+000  0.000000e+000  0.000000e+000  0.000000e+000  0.000000e+000  0.000000e+000  0.000000e+000  0.000000e+000  0.000000e+000  0.000000e+000  0.000000e+000  0.000000e+000  0.000000e+000  0.000000e+000  0.000000e+000  0.000000e+000  0.000000e+000  0.000000e+000  0.000000e+000  
0.000000e+000  0.000000e+000  0.000000e+000  0.000000e+000  0.000000e+000  0.000000e+000  0.000000e+000  0.000000e+000  0.000000e+000  0.000000e+000  0.000000e+000  0.000000e+000  0.000000e+000  0.000000e+000  0.000000e+000  0.000000e+000  0.000000e+000  0.000000e+000  0.000000e+000  0.000000e+000  0.000000e+000  
0.000000e+000  0.000000e+000  0.000000e+000  0.000000e+000  0.000000e+000  0.000000e+000  0.000000e+000  0.000000e+000  0.000000e+000  0.000000e+000  0.000000e+000  0.000000e+000  0.000000e+000  0.000000e+000  0.000000e+000  0.000000e+000  0.000000e+000  0.000000e+000  0.000000e+000  0.000000e+000  0.000000e+000  
0.000000e+000  0.000000e+000  0.000000e+000  0.000000e+000  0.000000e+000  0.000000e+000  0.000000e+000  0.000000e+000  0.000000e+000  0.000000e+000  0.000000e+000  0.000000e+000  0.000000e+000  0.000000e+000  0.000000e+000  0.000000e+000  0.000000e+000  0.000000e+000  0.000000e+000  0.000000e+000  0.000000e+000  
0.000000e+000  0.000000e+000  0.000000e+000  0.000000e+000  0.000000e+000  0.000000e+000  0.000000e+000  0.000000e+000  0.000000e+000  0.000000e+000  0.000000e+000  0.000000e+000  0.000000e+000  0.000000e+000  0.000000e+000  0.000000e+000  0.000000e+000  0.000000e+000  0.000000e+000  0.000000e+000  0.000000e+000  
0.000000e+000  0.000000e+000  0.000000e+000  0.000000e+000  0.000000e+000  0.000000e+000  0.000000e+000  0.000000e+000  0.000000e+000  0.000000e+000  0.000000e+000  0.000000e+000  0.000000e+000  0.000000e+000  0.000000e+000  0.000000e+000  0.000000e+000  0.000000e+000  0.000000e+000  0.000000e+000  0.000000e+000  
0.000000e+000  0.000000e+000  0.000000e+000  0.000000e+000  0.000000e+000  0.000000e+000  0.000000e+000  0.000000e+000  0.000000e+000  0.000000e+000  0.000000e+000  0.000000e+000  0.000000e+000  0.000000e+000  0.000000e+000  0.000000e+000  0.000000e+000  0.000000e+000  0.000000e+000  0.000000e+000  0.000000e+000  
0.000000e+000  0.000000e+000  0.000000e+000  0.000000e+000  0.000000e+000  0.000000e+000  0.000000e+000  0.000000e+000  0.000000e+000  0.000000e+000  0.000000e+000  0.000000e+000  0.000000e+000  0.000000e+000  0.000000e+000  0.000000e+000  0.000000e+000  0.000000e+000  0.000000e+000  0.000000e+000  0.000000e+000  
0.000000e+000  0.000000e+000  0.000000e+000  0.000000e+000  0.000000e+000  0.000000e+000  0.000000e+000  0.000000e+000  0.000000e+000  0.000000e+000  0.000000e+000  0.000000e+000  0.000000e+000  0.000000e+000  0.000000e+000  0.000000e+000  0.000000e+000  0.000000e+000  0.000000e+000  0.000000e+000  0.000000e+000  

0.000000e+000  0.000000e+000  0.000000e+000  0.000000e+000  0.000000e+000  0.000000e+000  0.000000e+000  0.000000e+000  0.000000e+000  0.000000e+000  0.000000e+000  0.000000e+000  0.000000e+000  0.000000e+000  0.000000e+000  0.000000e+000  0.000000e+000  0.000000e+000  0.000000e+000  0.000000e+000  0.000000e+000  
0.000000e+000  0.000000e+000  0.000000e+000  0.000000e+000  0.000000e+000  0.000000e+000  0.000000e+000  0.000000e+000  0.000000e+000  0.000000e+000  0.000000e+000  0.000000e+000  0.000000e+000  0.000000e+000  0.000000e+000  0.000000e+000  0.000000e+000  0.000000e+000  0.000000e+000  0.000000e+000  0.000000e+000  
0.000000e+000  0.000000e+000  0.000000e+000  0.000000e+000  0.000000e+000  0.000000e+000  0.000000e+000  0.000000e+000  0.000000e+000  0.000000e+000  0.000000e+000  0.000000e+000  0.000000e+000  0.000000e+000  0.000000e+000  0.000000e+000  0.000000e+000  0.000000e+000  0.000000e+000  0.000000e+000  0.000000e+000  
0.000000e+000  0.000000e+000  0.000000e+000  0.000000e+000  0.000000e+000  0.000000e+000  0.000000e+000  0.000000e+000  0.000000e+000  0.000000e+000  0.000000e+000  0.000000e+000  0.000000e+000  0.000000e+000  0.000000e+000  0.000000e+000  0.000000e+000  0.000000e+000  0.000000e+000  0.000000e+000  0.000000e+000  
0.000000e+000  0.000000e+000  0.000000e+000  0.000000e+000  0.000000e+000  0.000000e+000  0.000000e+000  0.000000e+000  0.000000e+000  0.000000e+000  0.000000e+000  0.000000e+000  0.000000e+000  0.000000e+000  0.000000e+000  0.000000e+000  0.000000e+000  0.000000e+000  0.000000e+000  0.000000e+000  0.000000e+000  
0.000000e+000  0.000000e+000  0.000000e+000  0.000000e+000  0.000000e+000  0.000000e+000  0.000000e+000  0.000000e+000  0.000000e+000  0.000000e+000  0.000000e+000  0.000000e+000  0.000000e+000  0.000000e+000  0.000000e+000  0.000000e+000  0.000000e+000  0.000000e+000  0.000000e+000  0.000000e+000  0.000000e+000  
0.000000e+000  0.000000e+000  0.000000e+000  0.000000e+000  0.000000e+000  0.000000e+000  0.000000e+000  0.000000e+000  0.000000e+000  0.000000e+000  0.000000e+000  0.000000e+000  0.000000e+000  0.000000e+000  0.000000e+000  0.000000e+000  0.000000e+000  0.000000e+000  0.000000e+000  0.000000e+000  0.000000e+000  
0.000000e+000  0.000000e+000  0.000000e+000  0.000000e+000  0.000000e+000  0.000000e+000  0.000000e+000  0.000000e+000  0.000000e+000  0.000000e+000  0.000000e+000  0.000000e+000  0.000000e+000  0.000000e+000  0.000000e+000  0.000000e+000  0.000000e+000  0.000000e+000  0.000000e+000  0.000000e+000  0.000000e+000  
0.000000e+000  0.000000e+000  0.000000e+000  0.000000e+000  0.000000e+000  0.000000e+000  0.000000e+000  0.000000e+000  0.000000e+000  0.000000e+000  0.000000e+000  0.000000e+000  0.000000e+000  0.000000e+000  0.000000e+000  0.000000e+000  0.000000e+000  0.000000e+000  0.000000e+000  0.000000e+000  0.000000e+000  
0.000000e+000  0.000000e+000  0.000000e+000  0.000000e+000  0.000000e+000  0.000000e+000  0.000000e+000  0.000000e+000  0.000000e+000  0.000000e+000  0.000000e+000  0.000000e+000  0.000000e+000  0.000000e+000  0.000000e+000  0.000000e+000  0.000000e+000  0.000000e+000  0.000000e+000  0.000000e+000  0.000000e+000  
0.000000e+000  0.000000e+000  0.000000e+000  0.000000e+000  0.000000e+000  0.000000e+000  0.000000e+000  0.000000e+000  0.000000e+000  0.000000e+000  0.000000e+000  0.000000e+000  0.000000e+000  0.000000e+000  0.000000e+000  0.000000e+000  0.000000e+000  0.000000e+000  0.000000e+000  0.000000e+000  0.000000e+000  
0.000000e+000  0.000000e+000  0.000000e+000  0.000000e+000  0.000000e+000  0.000000e+000  0.000000e+000  0.000000e+000  0.000000e+000  0.000000e+000  0.000000e+000  0.000000e+000  0.000000e+000  0.000000e+000  0.000000e+000  0.000000e+000  0.000000e+000  0.000000e+000  0.000000e+000  0.000000e+000  0.000000e+000  
0.000000e+000  0.000000e+000  0.000000e+000  0.000000e+000  0.000000e+000  0.000000e+000  0.000000e+000  0.000000e+000  0.000000e+000  0.000000e+000  0.000000e+000  0.000000e+000  0.000000e+000  0.000000e+000  0.000000e+000  0.000000e+000  0.000000e+000  0.000000e+000  0.000000e+000  0.000000e+000  0.000000e+000  
0.000000e+000  0.000000e+000  0.000000e+000  0.000000e+000  0.000000e+000  0.000000e+000  0.000000e+000  0.000000e+000  0.000000e+000  0.000000e+000  0.000000e+000  0.000000e+000  0.000000e+000  0.000000e+000  0.000000e+000  0.000000e+000  0.000000e+000  0.000000e+000  0.000000e+000  0.000000e+000  0.000000e+000  
0.000000e+000  0.000000e+000  0.000000e+000  0.000000e+000  0.000000e+000  0.000000e+000  0.000000e+000  0.000000e+000  0.000000e+000  0.000000e+000  0.000000e+000  0.000000e+000  0.000000e+000  0.000000e+000  0.000000e+000  0.000000e+000  0.000000e+000  0.000000e+000  0.000000e+000  0.000000e+000  0.000000e+000  

0.000000e+000  0.000000e+000  0.000000e+000  0.000000e+000  0.000000e+000  0.000000e+000  0.000000e+000  0.000000e+000  0.000000e+000  0.000000e+000  0.000000e+000  0.000000e+000  0.000000e+000  0.000000e+000  0.000000e+000  0.000000e+000  0.000000e+000  0.000000e+000  0.000000e+000  0.000000e+000  0.000000e+000  
0.000000e+000  0.000000e+000  0.000000e+000  0.000000e+000  0.000000e+000  0.000000e+000  0.000000e+000  0.000000e+000  0.000000e+000  0.000000e+000  0.000000e+000  0.000000e+000  0.000000e+000  0.000000e+000  0.000000e+000  0.000000e+000  0.000000e+000  0.000000e+000  0.000000e+000  0.000000e+000  0.000000e+000  
0.000000e+000  0.000000e+000  0.000000e+000  0.000000e+000  0.000000e+000  0.000000e+000  0.000000e+000  0.000000e+000  0.000000e+000  0.000000e+000  0.000000e+000  0.000000e+000  0.000000e+000  0.000000e+000  0.000000e+000  0.000000e+000  0.000000e+000  0.000000e+000  0.000000e+000  0.000000e+000  0.000000e+000  
0.000000e+000  0.000000e+000  0.000000e+000  0.000000e+000  0.000000e+000  0.000000e+000  0.000000e+000  0.000000e+000  0.000000e+000  0.000000e+000  0.000000e+000  0.000000e+000  0.000000e+000  0.000000e+000  0.000000e+000  0.000000e+000  0.000000e+000  0.000000e+000  0.000000e+000  0.000000e+000  0.000000e+000  
0.000000e+000  0.000000e+000  0.000000e+000  0.000000e+000  0.000000e+000  0.000000e+000  0.000000e+000  0.000000e+000  0.000000e+000  0.000000e+000  0.000000e+000  0.000000e+000  0.000000e+000  0.000000e+000  0.000000e+000  0.000000e+000  0.000000e+000  0.000000e+000  0.000000e+000  0.000000e+000  0.000000e+000  
0.000000e+000  0.000000e+000  0.000000e+000  0.000000e+000  0.000000e+000  0.000000e+000  0.000000e+000  0.000000e+000  0.000000e+000  0.000000e+000  0.000000e+000  0.000000e+000  0.000000e+000  0.000000e+000  0.000000e+000  0.000000e+000  0.000000e+000  0.000000e+000  0.000000e+000  0.000000e+000  0.000000e+000  
0.000000e+000  0.000000e+000  0.000000e+000  0.000000e+000  0.000000e+000  0.000000e+000  0.000000e+000  0.000000e+000  0.000000e+000  0.000000e+000  0.000000e+000  0.000000e+000  0.000000e+000  0.000000e+000  0.000000e+000  0.000000e+000  0.000000e+000  0.000000e+000  0.000000e+000  0.000000e+000  0.000000e+000  
0.000000e+000  0.000000e+000  0.000000e+000  0.000000e+000  0.000000e+000  0.000000e+000  0.000000e+000  0.000000e+000  0.000000e+000  0.000000e+000  0.000000e+000  0.000000e+000  0.000000e+000  0.000000e+000  0.000000e+000  0.000000e+000  0.000000e+000  0.000000e+000  0.000000e+000  0.000000e+000  0.000000e+000  
0.000000e+000  0.000000e+000  0.000000e+000  0.000000e+000  0.000000e+000  0.000000e+000  0.000000e+000  0.000000e+000  0.000000e+000  0.000000e+000  0.000000e+000  0.000000e+000  0.000000e+000  0.000000e+000  0.000000e+000  0.000000e+000  0.000000e+000  0.000000e+000  0.000000e+000  0.000000e+000  0.000000e+000  
0.000000e+000  0.000000e+000  0.000000e+000  0.000000e+000  0.000000e+000  0.000000e+000  0.000000e+000  0.000000e+000  0.000000e+000  0.000000e+000  0.000000e+000  0.000000e+000  0.000000e+000  0.000000e+000  0.000000e+000  0.000000e+000  0.000000e+000  0.000000e+000  0.000000e+000  0.000000e+000  0.000000e+000  
0.000000e+000  0.000000e+000  0.000000e+000  0.000000e+000  0.000000e+000  0.000000e+000  0.000000e+000  0.000000e+000  0.000000e+000  0.000000e+000  0.000000e+000  0.000000e+000  0.000000e+000  0.000000e+000  0.000000e+000  0.000000e+000  0.000000e+000  0.000000e+000  0.000000e+000  0.000000e+000  0.000000e+000  
0.000000e+000  0.000000e+000  0.000000e+000  0.000000e+000  0.000000e+000  0.000000e+000  0.000000e+000  0.000000e+000  0.000000e+000  0.000000e+000  0.000000e+000  0.000000e+000  0.000000e+000  0.000000e+000  0.000000e+000  0.000000e+000  0.000000e+000  0.000000e+000  0.000000e+000  0.000000e+000  0.000000e+000  
0.000000e+000  0.000000e+000  0.000000e+000  0.000000e+000  0.000000e+000  0.000000e+000  0.000000e+000  0.000000e+000  0.000000e+000  0.000000e+000  0.000000e+000  0.000000e+000  0.000000e+000  0.000000e+000  0.000000e+000  0.000000e+000  0.000000e+000  0.000000e+000  0.000000e+000  0.000000e+000  0.000000e+000  
0.000000e+000  0.000000e+000  0.000000e+000  0.000000e+000  0.000000e+000  0.000000e+000  0.000000e+000  0.000000e+000  0.000000e+000  0.000000e+000  0.000000e+000  0.000000e+000  0.000000e+000  0.000000e+000  0.000000e+000  0.000000e+000  0.000000e+000  0.000000e+000  0.000000e+000  0.000000e+000  0.000000e+000  
0.000000e+000  0.000000e+000  0.000000e+000  0.000000e+000  0.000000e+000  0.000000e+000  0.000000e+000  0.000000e+000  0.000000e+000  0.000000e+000  0.000000e+000  0.000000e+000  0.000000e+000  0.000000e+000  0.000000e+000  0.000000e+000  0.000000e+000  0.000000e+000  0.000000e+000  0.000000e+000  0.000000e+000  

0.000000e+000  0.000000e+000  0.000000e+000  0.000000e+000  0.000000e+000  0.000000e+000  0.000000e+000  0.000000e+000  0.000000e+000  0.000000e+000  0.000000e+000  0.000000e+000  0.000000e+000  0.000000e+000  0.000000e+000  0.000000e+000  0.000000e+000  0.000000e+000  0.000000e+000  0.000000e+000  0.000000e+000  
0.000000e+000  4.553900e-006  -2.577333e-006  5.778608e-006  -2.452654e-006  -3.132710e-006  -1.841260e-006  -6.755611e-006  3.033438e-006  6.924449e-006  -4.620316e-006  2.150237e-006  1.336587e-006  -5.042009e-006  -4.935563e-006  -3.578209e-006  -1.861212e-006  -4.420706e-006  3.717311e-006  4.518732e-006  0.000000e+000  
0.000000e+000  -4.335103e-006  8.484808e-006  1.302159e-006  -2.904854e-006  -5.538619e-006  -9.787627e-006  -1.894254e-006  -5.396212e-006  1.168090e-006  1.187781e-005  4.988126e-006  -1.322742e-006  -3.723270e-006  -8.812150e-006  -5.578138e-006  -3.457436e-006  -6.036785e-007  3.239853e-006  -6.125169e-008  0.000000e+000  
0.000000e+000  5.620427e-006  -3.599766e-006  -1.378499e-006  -3.437744e-006  -8.143813e-006  -1.005824e-005  -1.432615e-005  2.531729e-006  9.792963e-006  7.731310e-006  6.631585e-006  1.200730e-005  -1.286119e-005  -1.238107e-005  -6.964071e-006  -1.628694e-006  -1.615939e-006  1.773688e-006  3.442882e-006  0.000000e+000  
0.000000e+000  1.421598e-006  1.663540e-006  5.361347e-006  6.006294e-006  7.897183e-006  9.094312e-006  4.759151e-006  -1.803076e-006  -1.000522e-005  -7.489646e-006  -8.172733e-006  -8.075492e-006  1.146696e-005  6.929889e-006  8.243247e-006  9.863129e-006  1.036512e-005  8.591024e-007  -7.628622e-008  0.000000e+000  
0.000000e+000  2.562169e-007  4.322424e-006  2.947456e-006  1.705664e-006  5.650639e-007  3.726857e-006  4.382299e-006  -4.442318e-006  -1.292176e-006  -6.258008e-006  -4.566863e-006  1.845959e-006  3.351798e-006  8.348107e-006  3.673241e-006  5.538093e-006  1.550094e-006  6.370169e-006  -7.574239e-007  0.000000e+000  
0.000000e+000  2.317427e-006  -3.388156e-006  2.382066e-006  3.089322e-007  2.371119e-006  3.784090e-007  7.957439e-007  -1.724542e-006  -4.632946e-006  -2.126194e-006  -4.532992e-006  -1.835509e-006  6.157773e-006  3.106591e-006  8.952957e-006  3.136601e-006  6.069982e-006  -4.378867e-006  7.987566e-006  0.000000e+000  
0.000000e+000  1.574921e-006  3.977371e-006  8.702754e-007  8.814818e-007  6.862873e-006  4.517754e-006  -5.622178e-007  5.939100e-007  -4.846193e-006  -7.547946e-006  6.516037e-006  1.992443e-006  -6.135716e-006  4.754274e-007  3.225252e-006  5.487805e-006  3.005533e-006  7.905417e-006  -2.208027e-006  0.000000e+000  
0.000000e+000  2.275705e-006  -3.955855e-007  3.009187e-006  8.239527e-007  -2.347268e-007  -2.440714e-006  5.400570e-007  3.716525e-006  -1.496930e-006  8.405518e-006  -2.856344e-006  -5.399310e-006  -5.993694e-006  -2.179543e-006  -3.650473e-006  2.502060e-006  3.528003e-006  -1.932835e-006  3.162714e-006  0.000000e+000  
0.000000e+000  -6.928332e-007  3.816234e-006  5.606169e-008  -2.867736e-006  -4.813478e-006  -7.095539e-006  -4.934733e-006  -1.362572e-006  1.240751e-005  -4.936497e-006  3.396016e-007  -1.961448e-006  -8.104471e-006  -2.181144e-006  -5.258577e-006  -2.092708e-006  -4.642729e-007  3.008317e-006  -5.307103e-006  0.000000e+000  
0.000000e+000  3.978110e-006  -3.103756e-006  -1.674461e-006  -2.652117e-006  -8.958753e-007  -2.493307e-006  -1.204301e-005  6.424918e-006  4.891301e-006  7.244187e-006  2.830404e-006  2.612783e-006  -1.328570e-005  -8.887215e-006  -4.262586e-006  -8.059535e-006  -4.351896e-006  -2.525185e-007  3.227744e-006  0.000000e+000  
0.000000e+000  -1.089253e-006  1.519532e-006  -1.425245e-006  4.169681e-006  1.172851e-005  1.118557e-005  8.555737e-006  -1.524042e-006  -1.400204e-005  -9.456667e-006  -8.646900e-006  -9.523802e-006  9.955174e-006  4.361161e-007  9.346989e-006  6.241851e-006  4.298643e-006  1.035978e-006  -8.799903e-007  0.000000e+000  
0.000000e+000  2.672864e-006  -8.706790e-006  2.927889e-006  2.446273e-006  7.540312e-006  5.955065e-006  3.352599e-006  -5.798516e-006  -2.239799e-007  -8.525438e-006  -1.026744e-005  4.136010e-006  -6.156483e-006  8.205344e-006  3.782103e-006  2.871160e-006  -2.015063e-006  3.407967e-006  -1.519919e-006  0.000000e+000  
0.000000e+000  -6.413373e-006  3.585713e-006  -1.471071e-006  9.044579e-007  5.187885e-006  3.241958e-006  1.249722e-006  2.193180e-006  -3.064419e-007  -4.270738e-006  -3.710418e-007  -1.184557e-005  2.723765e-006  7.949672e-006  7.846413e-007  -4.008233e-006  5.412058e-007  -5.899296e-006  3.051973e-006  0.000000e+000  
0.000000e+000  0.000000e+000  0.000000e+000  0.000000e+000  0.000000e+000  0.000000e+000  0.000000e+000  0.000000e+000  0.000000e+000  0.000000e+000  0.000000e+000  0.000000e+000  0.000000e+000  0.000000e+000  0.000000e+000  0.000000e+000  0.000000e+000  0.000000e+000  0.000000e+000  0.000000e+000  0.000000e+000  

