Port monitor named: Port4_e1[100].prt

nx        = 62
ny        = 56
nz        = 111

nu        = 11
nv        = 21
iu        = 51
iv        = 13

idir      = 1
dcut      = 4.385000e-003
icut      = 52
type      = 0
frequency = 1.000000e+011

fcutoff   = 5.894554e+010
alpha     = 0.000000e+000
beta      = 1.692091e+003
accuracy  = 1.191541e-010

type          = TE
wave imp.     = 4.666229e+002
wave imp.sig. = 7.422920e-006
line imp.     = 0.000000e+000

ref. port     = 0

-0.000000e+000  -0.000000e+000  -0.000000e+000  -0.000000e+000  -0.000000e+000  -0.000000e+000  -0.000000e+000  -0.000000e+000  -0.000000e+000  -0.000000e+000  -0.000000e+000  
1.959351e+003  1.959346e+003  1.959336e+003  1.959312e+003  1.959249e+003  1.959106e+003  1.958752e+003  1.957895e+003  1.956291e+003  1.951647e+003  -0.000000e+000  
3.892466e+003  3.892457e+003  3.892438e+003  3.892394e+003  3.892278e+003  3.892033e+003  3.891505e+003  3.890563e+003  3.889422e+003  3.887818e+003  -0.000000e+000  
5.773460e+003  5.773447e+003  5.773421e+003  5.773362e+003  5.773211e+003  5.772913e+003  5.772356e+003  5.771597e+003  5.770926e+003  5.770316e+003  -0.000000e+000  
8.984555e+003  8.984540e+003  8.984507e+003  8.984436e+003  8.984267e+003  8.983974e+003  8.983543e+003  8.983128e+003  8.982848e+003  8.982660e+003  -0.000000e+000  
1.202204e+004  1.202203e+004  1.202200e+004  1.202193e+004  1.202178e+004  1.202155e+004  1.202126e+004  1.202104e+004  1.202091e+004  1.202084e+004  -0.000000e+000  
1.443730e+004  1.443729e+004  1.443726e+004  1.443720e+004  1.443708e+004  1.443692e+004  1.443673e+004  1.443661e+004  1.443654e+004  1.443651e+004  -0.000000e+000  
1.600152e+004  1.600151e+004  1.600149e+004  1.600144e+004  1.600136e+004  1.600124e+004  1.600111e+004  1.600103e+004  1.600099e+004  1.600097e+004  -0.000000e+000  
1.656358e+004  1.656357e+004  1.656356e+004  1.656352e+004  1.656345e+004  1.656335e+004  1.656324e+004  1.656318e+004  1.656315e+004  1.656314e+004  -0.000000e+000  
1.690382e+004  1.690381e+004  1.690380e+004  1.690377e+004  1.690371e+004  1.690363e+004  1.690355e+004  1.690350e+004  1.690347e+004  1.690346e+004  -0.000000e+000  
1.701768e+004  1.701767e+004  1.701766e+004  1.701764e+004  1.701760e+004  1.701753e+004  1.701746e+004  1.701742e+004  1.701739e+004  1.701738e+004  -0.000000e+000  
1.690362e+004  1.690362e+004  1.690362e+004  1.690361e+004  1.690358e+004  1.690352e+004  1.690345e+004  1.690342e+004  1.690339e+004  1.690338e+004  -0.000000e+000  
1.656319e+004  1.656319e+004  1.656319e+004  1.656319e+004  1.656317e+004  1.656313e+004  1.656306e+004  1.656302e+004  1.656300e+004  1.656299e+004  -0.000000e+000  
1.600092e+004  1.600093e+004  1.600094e+004  1.600095e+004  1.600095e+004  1.600091e+004  1.600085e+004  1.600080e+004  1.600078e+004  1.600076e+004  -0.000000e+000  
1.443631e+004  1.443633e+004  1.443636e+004  1.443642e+004  1.443646e+004  1.443643e+004  1.443635e+004  1.443627e+004  1.443623e+004  1.443620e+004  -0.000000e+000  
1.202056e+004  1.202062e+004  1.202071e+004  1.202085e+004  1.202097e+004  1.202095e+004  1.202081e+004  1.202065e+004  1.202055e+004  1.202049e+004  -0.000000e+000  
8.982378e+003  8.982548e+003  8.982793e+003  8.983133e+003  8.983385e+003  8.983375e+003  8.983105e+003  8.982756e+003  8.982507e+003  8.982334e+003  -0.000000e+000  
5.770103e+003  5.770700e+003  5.771343e+003  5.772040e+003  5.772441e+003  5.772435e+003  5.772024e+003  5.771322e+003  5.770676e+003  5.770078e+003  -0.000000e+000  
3.887666e+003  3.889261e+003  3.890381e+003  3.891278e+003  3.891686e+003  3.891682e+003  3.891267e+003  3.890368e+003  3.889245e+003  3.887650e+003  -0.000000e+000  
1.951568e+003  1.956207e+003  1.957800e+003  1.958633e+003  1.958922e+003  1.958920e+003  1.958628e+003  1.957794e+003  1.956199e+003  1.951560e+003  -0.000000e+000  
-0.000000e+000  -0.000000e+000  -0.000000e+000  -0.000000e+000  -0.000000e+000  -0.000000e+000  -0.000000e+000  -0.000000e+000  -0.000000e+000  -0.000000e+000  -0.000000e+000  

-0.000000e+000  -1.912353e-001  -3.847955e-001  -5.834567e-001  -9.661931e-001  -1.458774e+000  -2.156721e+000  -3.341395e+000  -4.789632e+000  -7.777813e+000  -0.000000e+000  
-0.000000e+000  -1.863493e-001  -3.745413e-001  -5.667388e-001  -9.325020e-001  -1.386102e+000  -1.969565e+000  -2.731570e+000  -3.185543e+000  -3.133740e+000  -0.000000e+000  
-0.000000e+000  -1.771256e-001  -3.552656e-001  -5.355926e-001  -8.711078e-001  -1.261267e+000  -1.690435e+000  -2.061361e+000  -2.044565e+000  -1.529634e+000  -0.000000e+000  
-0.000000e+000  -1.593960e-001  -3.184016e-001  -4.765073e-001  -7.588409e-001  -1.047821e+000  -1.275944e+000  -1.302174e+000  -1.102285e+000  -6.721872e-001  -0.000000e+000  
-0.000000e+000  -1.296062e-001  -2.573587e-001  -3.812185e-001  -5.889565e-001  -7.669104e-001  -8.448687e-001  -7.439209e-001  -5.736346e-001  -3.178768e-001  -0.000000e+000  
-0.000000e+000  -9.905679e-002  -1.955492e-001  -2.867876e-001  -4.316311e-001  -5.348371e-001  -5.470328e-001  -4.401684e-001  -3.240672e-001  -1.727441e-001  -0.000000e+000  
-0.000000e+000  -7.430094e-002  -1.459475e-001  -2.122936e-001  -3.121921e-001  -3.727045e-001  -3.625910e-001  -2.766385e-001  -1.989605e-001  -1.042547e-001  -0.000000e+000  
-0.000000e+000  -6.010147e-002  -1.175508e-001  -1.697211e-001  -2.460306e-001  -2.858604e-001  -2.694362e-001  -2.004636e-001  -1.424292e-001  -7.404523e-002  -0.000000e+000  
-0.000000e+000  -5.184810e-002  -1.010582e-001  -1.451587e-001  -2.067726e-001  -2.348162e-001  -2.157743e-001  -1.569569e-001  -1.106614e-001  -5.722705e-002  -0.000000e+000  
-0.000000e+000  -4.553976e-002  -8.832106e-002  -1.258397e-001  -1.752079e-001  -1.928097e-001  -1.712706e-001  -1.211790e-001  -8.455042e-002  -4.343563e-002  -0.000000e+000  
-0.000000e+000  -4.137912e-002  -7.966404e-002  -1.121439e-001  -1.509855e-001  -1.583482e-001  -1.333060e-001  -9.016394e-002  -6.179345e-002  -3.138285e-002  -0.000000e+000  
-0.000000e+000  -3.975921e-002  -7.574496e-002  -1.047972e-001  -1.341042e-001  -1.301501e-001  -9.942210e-002  -6.118637e-002  -4.024900e-002  -1.988217e-002  -0.000000e+000  
-0.000000e+000  -4.137886e-002  -7.774616e-002  -1.051979e-001  -1.250443e-001  -1.071365e-001  -6.711478e-002  -3.127962e-002  -1.759479e-002  -7.630650e-003  -0.000000e+000  
-0.000000e+000  -4.992433e-002  -9.162791e-002  -1.190955e-001  -1.255537e-001  -8.080829e-002  -1.933080e-002  1.626622e-002  1.981678e-002  1.301821e-002  -0.000000e+000  
-0.000000e+000  -8.725090e-002  -1.548001e-001  -1.907535e-001  -1.674514e-001  -5.654757e-002  6.608676e-002  1.188419e-001  1.045900e-001  6.144972e-002  -0.000000e+000  
-0.000000e+000  -1.977309e-001  -3.346539e-001  -3.889648e-001  -2.923091e-001  -4.010097e-002  2.204333e-001  3.379834e-001  2.990609e-001  1.794420e-001  -0.000000e+000  
-0.000000e+000  -5.198533e-001  -7.975905e-001  -8.452103e-001  -5.445042e-001  -3.030421e-002  4.901901e-001  8.066891e-001  7.706978e-001  5.060356e-001  -0.000000e+000  
-0.000000e+000  -1.358610e+000  -1.701116e+000  -1.542657e+000  -8.427456e-001  -2.612727e-002  7.959188e-001  1.509447e+000  1.677933e+000  1.346698e+000  -0.000000e+000  
-0.000000e+000  -2.953110e+000  -2.821961e+000  -2.180393e+000  -1.058751e+000  -2.421062e-002  1.015360e+000  2.149621e+000  2.800480e+000  2.942075e+000  -0.000000e+000  
-0.000000e+000  -7.592320e+000  -4.415431e+000  -2.772878e+000  -1.211366e+000  -2.327136e-002  1.169658e+000  2.743301e+000  4.394786e+000  7.581719e+000  -0.000000e+000  
-0.000000e+000  -0.000000e+000  -0.000000e+000  -0.000000e+000  -0.000000e+000  -0.000000e+000  -0.000000e+000  -0.000000e+000  -0.000000e+000  -0.000000e+000  -0.000000e+000  

0.000000e+000  0.000000e+000  0.000000e+000  0.000000e+000  0.000000e+000  0.000000e+000  0.000000e+000  0.000000e+000  0.000000e+000  0.000000e+000  0.000000e+000  
0.000000e+000  0.000000e+000  0.000000e+000  0.000000e+000  0.000000e+000  0.000000e+000  0.000000e+000  0.000000e+000  0.000000e+000  0.000000e+000  0.000000e+000  
0.000000e+000  0.000000e+000  0.000000e+000  0.000000e+000  0.000000e+000  0.000000e+000  0.000000e+000  0.000000e+000  0.000000e+000  0.000000e+000  0.000000e+000  
0.000000e+000  0.000000e+000  0.000000e+000  0.000000e+000  0.000000e+000  0.000000e+000  0.000000e+000  0.000000e+000  0.000000e+000  0.000000e+000  0.000000e+000  
0.000000e+000  0.000000e+000  0.000000e+000  0.000000e+000  0.000000e+000  0.000000e+000  0.000000e+000  0.000000e+000  0.000000e+000  0.000000e+000  0.000000e+000  
0.000000e+000  0.000000e+000  0.000000e+000  0.000000e+000  0.000000e+000  0.000000e+000  0.000000e+000  0.000000e+000  0.000000e+000  0.000000e+000  0.000000e+000  
0.000000e+000  0.000000e+000  0.000000e+000  0.000000e+000  0.000000e+000  0.000000e+000  0.000000e+000  0.000000e+000  0.000000e+000  0.000000e+000  0.000000e+000  
0.000000e+000  0.000000e+000  0.000000e+000  0.000000e+000  0.000000e+000  0.000000e+000  0.000000e+000  0.000000e+000  0.000000e+000  0.000000e+000  0.000000e+000  
0.000000e+000  0.000000e+000  0.000000e+000  0.000000e+000  0.000000e+000  0.000000e+000  0.000000e+000  0.000000e+000  0.000000e+000  0.000000e+000  0.000000e+000  
0.000000e+000  0.000000e+000  0.000000e+000  0.000000e+000  0.000000e+000  0.000000e+000  0.000000e+000  0.000000e+000  0.000000e+000  0.000000e+000  0.000000e+000  
0.000000e+000  0.000000e+000  0.000000e+000  0.000000e+000  0.000000e+000  0.000000e+000  0.000000e+000  0.000000e+000  0.000000e+000  0.000000e+000  0.000000e+000  
0.000000e+000  0.000000e+000  0.000000e+000  0.000000e+000  0.000000e+000  0.000000e+000  0.000000e+000  0.000000e+000  0.000000e+000  0.000000e+000  0.000000e+000  
0.000000e+000  0.000000e+000  0.000000e+000  0.000000e+000  0.000000e+000  0.000000e+000  0.000000e+000  0.000000e+000  0.000000e+000  0.000000e+000  0.000000e+000  
0.000000e+000  0.000000e+000  0.000000e+000  0.000000e+000  0.000000e+000  0.000000e+000  0.000000e+000  0.000000e+000  0.000000e+000  0.000000e+000  0.000000e+000  
0.000000e+000  0.000000e+000  0.000000e+000  0.000000e+000  0.000000e+000  0.000000e+000  0.000000e+000  0.000000e+000  0.000000e+000  0.000000e+000  0.000000e+000  
0.000000e+000  0.000000e+000  0.000000e+000  0.000000e+000  0.000000e+000  0.000000e+000  0.000000e+000  0.000000e+000  0.000000e+000  0.000000e+000  0.000000e+000  
0.000000e+000  0.000000e+000  0.000000e+000  0.000000e+000  0.000000e+000  0.000000e+000  0.000000e+000  0.000000e+000  0.000000e+000  0.000000e+000  0.000000e+000  
0.000000e+000  0.000000e+000  0.000000e+000  0.000000e+000  0.000000e+000  0.000000e+000  0.000000e+000  0.000000e+000  0.000000e+000  0.000000e+000  0.000000e+000  
0.000000e+000  0.000000e+000  0.000000e+000  0.000000e+000  0.000000e+000  0.000000e+000  0.000000e+000  0.000000e+000  0.000000e+000  0.000000e+000  0.000000e+000  
0.000000e+000  0.000000e+000  0.000000e+000  0.000000e+000  0.000000e+000  0.000000e+000  0.000000e+000  0.000000e+000  0.000000e+000  0.000000e+000  0.000000e+000  
0.000000e+000  0.000000e+000  0.000000e+000  0.000000e+000  0.000000e+000  0.000000e+000  0.000000e+000  0.000000e+000  0.000000e+000  0.000000e+000  0.000000e+000  

0.000000e+000  0.000000e+000  0.000000e+000  0.000000e+000  0.000000e+000  0.000000e+000  0.000000e+000  0.000000e+000  0.000000e+000  0.000000e+000  0.000000e+000  
0.000000e+000  0.000000e+000  0.000000e+000  0.000000e+000  0.000000e+000  0.000000e+000  0.000000e+000  0.000000e+000  0.000000e+000  0.000000e+000  0.000000e+000  
0.000000e+000  0.000000e+000  0.000000e+000  0.000000e+000  0.000000e+000  0.000000e+000  0.000000e+000  0.000000e+000  0.000000e+000  0.000000e+000  0.000000e+000  
0.000000e+000  0.000000e+000  0.000000e+000  0.000000e+000  0.000000e+000  0.000000e+000  0.000000e+000  0.000000e+000  0.000000e+000  0.000000e+000  0.000000e+000  
0.000000e+000  0.000000e+000  0.000000e+000  0.000000e+000  0.000000e+000  0.000000e+000  0.000000e+000  0.000000e+000  0.000000e+000  0.000000e+000  0.000000e+000  
0.000000e+000  0.000000e+000  0.000000e+000  0.000000e+000  0.000000e+000  0.000000e+000  0.000000e+000  0.000000e+000  0.000000e+000  0.000000e+000  0.000000e+000  
0.000000e+000  0.000000e+000  0.000000e+000  0.000000e+000  0.000000e+000  0.000000e+000  0.000000e+000  0.000000e+000  0.000000e+000  0.000000e+000  0.000000e+000  
0.000000e+000  0.000000e+000  0.000000e+000  0.000000e+000  0.000000e+000  0.000000e+000  0.000000e+000  0.000000e+000  0.000000e+000  0.000000e+000  0.000000e+000  
0.000000e+000  0.000000e+000  0.000000e+000  0.000000e+000  0.000000e+000  0.000000e+000  0.000000e+000  0.000000e+000  0.000000e+000  0.000000e+000  0.000000e+000  
0.000000e+000  0.000000e+000  0.000000e+000  0.000000e+000  0.000000e+000  0.000000e+000  0.000000e+000  0.000000e+000  0.000000e+000  0.000000e+000  0.000000e+000  
0.000000e+000  0.000000e+000  0.000000e+000  0.000000e+000  0.000000e+000  0.000000e+000  0.000000e+000  0.000000e+000  0.000000e+000  0.000000e+000  0.000000e+000  
0.000000e+000  0.000000e+000  0.000000e+000  0.000000e+000  0.000000e+000  0.000000e+000  0.000000e+000  0.000000e+000  0.000000e+000  0.000000e+000  0.000000e+000  
0.000000e+000  0.000000e+000  0.000000e+000  0.000000e+000  0.000000e+000  0.000000e+000  0.000000e+000  0.000000e+000  0.000000e+000  0.000000e+000  0.000000e+000  
0.000000e+000  0.000000e+000  0.000000e+000  0.000000e+000  0.000000e+000  0.000000e+000  0.000000e+000  0.000000e+000  0.000000e+000  0.000000e+000  0.000000e+000  
0.000000e+000  0.000000e+000  0.000000e+000  0.000000e+000  0.000000e+000  0.000000e+000  0.000000e+000  0.000000e+000  0.000000e+000  0.000000e+000  0.000000e+000  
0.000000e+000  0.000000e+000  0.000000e+000  0.000000e+000  0.000000e+000  0.000000e+000  0.000000e+000  0.000000e+000  0.000000e+000  0.000000e+000  0.000000e+000  
0.000000e+000  0.000000e+000  0.000000e+000  0.000000e+000  0.000000e+000  0.000000e+000  0.000000e+000  0.000000e+000  0.000000e+000  0.000000e+000  0.000000e+000  
0.000000e+000  0.000000e+000  0.000000e+000  0.000000e+000  0.000000e+000  0.000000e+000  0.000000e+000  0.000000e+000  0.000000e+000  0.000000e+000  0.000000e+000  
0.000000e+000  0.000000e+000  0.000000e+000  0.000000e+000  0.000000e+000  0.000000e+000  0.000000e+000  0.000000e+000  0.000000e+000  0.000000e+000  0.000000e+000  
0.000000e+000  0.000000e+000  0.000000e+000  0.000000e+000  0.000000e+000  0.000000e+000  0.000000e+000  0.000000e+000  0.000000e+000  0.000000e+000  0.000000e+000  
0.000000e+000  0.000000e+000  0.000000e+000  0.000000e+000  0.000000e+000  0.000000e+000  0.000000e+000  0.000000e+000  0.000000e+000  0.000000e+000  0.000000e+000  

0.000000e+000  0.000000e+000  0.000000e+000  0.000000e+000  0.000000e+000  0.000000e+000  0.000000e+000  0.000000e+000  0.000000e+000  0.000000e+000  0.000000e+000  
0.000000e+000  0.000000e+000  0.000000e+000  0.000000e+000  0.000000e+000  0.000000e+000  0.000000e+000  0.000000e+000  0.000000e+000  0.000000e+000  0.000000e+000  
0.000000e+000  0.000000e+000  0.000000e+000  0.000000e+000  0.000000e+000  0.000000e+000  0.000000e+000  0.000000e+000  0.000000e+000  0.000000e+000  0.000000e+000  
0.000000e+000  0.000000e+000  0.000000e+000  0.000000e+000  0.000000e+000  0.000000e+000  0.000000e+000  0.000000e+000  0.000000e+000  0.000000e+000  0.000000e+000  
0.000000e+000  0.000000e+000  0.000000e+000  0.000000e+000  0.000000e+000  0.000000e+000  0.000000e+000  0.000000e+000  0.000000e+000  0.000000e+000  0.000000e+000  
0.000000e+000  0.000000e+000  0.000000e+000  0.000000e+000  0.000000e+000  0.000000e+000  0.000000e+000  0.000000e+000  0.000000e+000  0.000000e+000  0.000000e+000  
0.000000e+000  0.000000e+000  0.000000e+000  0.000000e+000  0.000000e+000  0.000000e+000  0.000000e+000  0.000000e+000  0.000000e+000  0.000000e+000  0.000000e+000  
0.000000e+000  0.000000e+000  0.000000e+000  0.000000e+000  0.000000e+000  0.000000e+000  0.000000e+000  0.000000e+000  0.000000e+000  0.000000e+000  0.000000e+000  
0.000000e+000  0.000000e+000  0.000000e+000  0.000000e+000  0.000000e+000  0.000000e+000  0.000000e+000  0.000000e+000  0.000000e+000  0.000000e+000  0.000000e+000  
0.000000e+000  0.000000e+000  0.000000e+000  0.000000e+000  0.000000e+000  0.000000e+000  0.000000e+000  0.000000e+000  0.000000e+000  0.000000e+000  0.000000e+000  
0.000000e+000  0.000000e+000  0.000000e+000  0.000000e+000  0.000000e+000  0.000000e+000  0.000000e+000  0.000000e+000  0.000000e+000  0.000000e+000  0.000000e+000  
0.000000e+000  0.000000e+000  0.000000e+000  0.000000e+000  0.000000e+000  0.000000e+000  0.000000e+000  0.000000e+000  0.000000e+000  0.000000e+000  0.000000e+000  
0.000000e+000  0.000000e+000  0.000000e+000  0.000000e+000  0.000000e+000  0.000000e+000  0.000000e+000  0.000000e+000  0.000000e+000  0.000000e+000  0.000000e+000  
0.000000e+000  0.000000e+000  0.000000e+000  0.000000e+000  0.000000e+000  0.000000e+000  0.000000e+000  0.000000e+000  0.000000e+000  0.000000e+000  0.000000e+000  
0.000000e+000  0.000000e+000  0.000000e+000  0.000000e+000  0.000000e+000  0.000000e+000  0.000000e+000  0.000000e+000  0.000000e+000  0.000000e+000  0.000000e+000  
0.000000e+000  0.000000e+000  0.000000e+000  0.000000e+000  0.000000e+000  0.000000e+000  0.000000e+000  0.000000e+000  0.000000e+000  0.000000e+000  0.000000e+000  
0.000000e+000  0.000000e+000  0.000000e+000  0.000000e+000  0.000000e+000  0.000000e+000  0.000000e+000  0.000000e+000  0.000000e+000  0.000000e+000  0.000000e+000  
0.000000e+000  0.000000e+000  0.000000e+000  0.000000e+000  0.000000e+000  0.000000e+000  0.000000e+000  0.000000e+000  0.000000e+000  0.000000e+000  0.000000e+000  
0.000000e+000  0.000000e+000  0.000000e+000  0.000000e+000  0.000000e+000  0.000000e+000  0.000000e+000  0.000000e+000  0.000000e+000  0.000000e+000  0.000000e+000  
0.000000e+000  0.000000e+000  0.000000e+000  0.000000e+000  0.000000e+000  0.000000e+000  0.000000e+000  0.000000e+000  0.000000e+000  0.000000e+000  0.000000e+000  
0.000000e+000  0.000000e+000  0.000000e+000  0.000000e+000  0.000000e+000  0.000000e+000  0.000000e+000  0.000000e+000  0.000000e+000  0.000000e+000  0.000000e+000  

-0.000000e+000  -0.000000e+000  -0.000000e+000  -0.000000e+000  -0.000000e+000  -0.000000e+000  -0.000000e+000  -0.000000e+000  -0.000000e+000  -0.000000e+000  -0.000000e+000  
-0.000000e+000  -5.082188e-006  -9.037805e-006  -2.217865e-005  -2.500770e-005  6.196282e-007  2.360307e-005  2.107285e-005  1.050263e-005  4.543522e-006  -0.000000e+000  
-0.000000e+000  -5.656784e-006  -1.364269e-005  -3.113489e-005  -5.185953e-005  5.719178e-007  5.205643e-005  3.324420e-005  1.567457e-005  7.412660e-006  -0.000000e+000  
-0.000000e+000  -5.656701e-006  -1.028197e-005  -1.251187e-005  -8.852612e-005  -6.446206e-007  8.847880e-005  1.277051e-005  1.029171e-005  5.553473e-006  -0.000000e+000  
-0.000000e+000  -6.485872e-006  -1.234494e-005  -2.053034e-005  -1.294091e-004  -5.411943e-007  1.288953e-004  1.851510e-005  1.304283e-005  7.407617e-006  -0.000000e+000  
-0.000000e+000  -6.914712e-006  -9.751430e-006  -3.785036e-006  -2.272850e-004  -8.448893e-007  2.267359e-004  3.468373e-006  1.106393e-005  7.370305e-006  -0.000000e+000  
-0.000000e+000  -2.506032e-005  -4.515164e-005  -5.891225e-005  -2.153669e-004  -3.994180e-007  2.157928e-004  6.021899e-005  4.456431e-005  2.263559e-005  -0.000000e+000  
-0.000000e+000  -5.044849e-005  -9.375586e-005  -1.132685e-004  -2.687528e-004  -5.316013e-007  2.691979e-004  1.129762e-004  9.321793e-005  5.037219e-005  -0.000000e+000  
-0.000000e+000  -7.465192e-005  -1.513952e-004  -2.508673e-004  -2.511367e-004  3.792015e-007  2.501333e-004  2.501604e-004  1.523668e-004  7.192769e-005  -0.000000e+000  
-0.000000e+000  -8.834903e-005  -1.884975e-004  -3.118595e-004  -2.509683e-004  -6.082952e-007  2.517876e-004  3.113004e-004  1.879952e-004  9.224168e-005  -0.000000e+000  
-0.000000e+000  -9.642950e-005  -2.005239e-004  -3.266216e-004  -2.527993e-004  -2.064909e-007  2.533663e-004  3.295176e-004  2.015194e-004  9.369637e-005  -0.000000e+000  
-0.000000e+000  -8.771289e-005  -1.910345e-004  -3.109724e-004  -2.512950e-004  -1.016422e-006  2.513711e-004  3.099718e-004  1.871490e-004  9.124755e-005  -0.000000e+000  
-0.000000e+000  -7.864692e-005  -1.472514e-004  -2.531252e-004  -2.522476e-004  -1.735211e-007  2.497753e-004  2.515063e-004  1.510307e-004  7.280974e-005  -0.000000e+000  
-0.000000e+000  -4.878150e-005  -9.628254e-005  -1.135440e-004  -2.692356e-004  -3.292189e-007  2.672807e-004  1.129893e-004  9.258267e-005  5.185942e-005  -0.000000e+000  
-0.000000e+000  -2.417002e-005  -4.408264e-005  -6.015482e-005  -2.153469e-004  7.427392e-008  2.155901e-004  5.926818e-005  4.407115e-005  2.470811e-005  -0.000000e+000  
-0.000000e+000  -6.858705e-006  -9.205200e-006  -2.654640e-006  -2.261788e-004  7.833738e-007  2.271831e-004  4.537186e-006  1.050050e-005  7.294751e-006  -0.000000e+000  
-0.000000e+000  -6.352110e-006  -1.189579e-005  -1.920007e-005  -1.283232e-004  9.673827e-008  1.286606e-004  1.887556e-005  1.337624e-005  6.664839e-006  -0.000000e+000  
-0.000000e+000  -5.237579e-006  -1.101439e-005  -1.058620e-005  -8.778859e-005  2.430289e-007  8.796376e-005  1.279997e-005  9.817853e-006  4.610347e-006  -0.000000e+000  
-0.000000e+000  -7.968488e-006  -1.098063e-005  -3.351982e-005  -5.102331e-005  -4.283482e-007  5.156188e-005  3.232941e-005  1.529190e-005  6.926563e-006  -0.000000e+000  
-0.000000e+000  -1.901212e-006  -1.372065e-005  -2.088596e-005  -2.342991e-005  8.479097e-007  2.433501e-005  2.227950e-005  1.144419e-005  2.607936e-006  -0.000000e+000  
-0.000000e+000  -0.000000e+000  -0.000000e+000  -0.000000e+000  -0.000000e+000  -0.000000e+000  -0.000000e+000  -0.000000e+000  -0.000000e+000  -0.000000e+000  -0.000000e+000  

