Port monitor named: Port3_h1[100].prt

nx        = 62
ny        = 56
nz        = 111

nu        = 15
nv        = 27
iu        = 13
iv        = 43

idir      = 0
dcut      = 5.020000e-003
icut      = 58
type      = 1
frequency = 1.000000e+011

fcutoff   = 5.904591e+010
alpha     = 0.000000e+000
beta      = 1.690554e+003
accuracy  = 3.033703e-010

type          = TE
wave imp.     = 4.670471e+002
wave imp.sig. = 5.896306e-006
line imp.     = 0.000000e+000

ref. port     = 0

-0.000000e+000  2.596001e-004  5.217587e-004  7.890921e-004  1.135103e-003  1.431349e-003  1.753449e-003  2.116214e-003  2.544697e-003  3.084988e-003  3.827245e-003  5.316569e-003  7.753117e-003  1.344407e-002  -0.000000e+000  
-0.000000e+000  2.563304e-004  5.147282e-004  7.783473e-004  1.117293e-003  1.406177e-003  1.717078e-003  2.062171e-003  2.460883e-003  2.943595e-003  3.561269e-003  4.623712e-003  5.767981e-003  6.398441e-003  -0.000000e+000  
-0.000000e+000  2.491316e-004  5.000723e-004  7.544206e-004  1.079354e-003  1.352202e-003  1.640357e-003  1.950720e-003  2.291758e-003  2.673282e-003  3.097793e-003  3.641421e-003  3.845737e-003  3.136491e-003  -0.000000e+000  
-0.000000e+000  2.370742e-004  4.749564e-004  7.146675e-004  1.016521e-003  1.264443e-003  1.518202e-003  1.778608e-003  2.044366e-003  2.307328e-003  2.542476e-003  2.704689e-003  2.506981e-003  1.694000e-003  -0.000000e+000  
-0.000000e+000  2.217631e-004  4.433229e-004  6.646392e-004  9.389557e-004  1.157947e-003  1.373866e-003  1.582975e-003  1.777631e-003  1.941855e-003  2.044336e-003  2.003761e-003  1.697972e-003  1.030334e-003  -0.000000e+000  
-0.000000e+000  2.041060e-004  4.072648e-004  6.081171e-004  8.526022e-004  1.041975e-003  1.220994e-003  1.383570e-003  1.519485e-003  1.611645e-003  1.632709e-003  1.501737e-003  1.198338e-003  6.835225e-004  -0.000000e+000  
-0.000000e+000  1.853812e-004  3.687996e-004  5.485116e-004  7.632517e-004  9.242066e-004  1.069943e-003  1.193689e-003  1.284785e-003  1.328660e-003  1.304720e-003  1.144282e-003  8.766999e-004  4.824503e-004  -0.000000e+000  
-0.000000e+000  1.661631e-004  3.299625e-004  4.885370e-004  6.752555e-004  8.103414e-004  9.277974e-004  1.020257e-003  1.079249e-003  1.092719e-003  1.046824e-003  8.864403e-004  6.609690e-004  3.555860e-004  -0.000000e+000  
-0.000000e+000  1.463548e-004  2.898280e-004  4.276081e-004  5.858544e-004  6.974648e-004  7.897623e-004  8.572465e-004  8.923161e-004  8.869568e-004  8.324829e-004  6.850667e-004  5.005554e-004  2.653654e-004  -0.000000e+000  
-0.000000e+000  1.266057e-004  2.501852e-004  3.674454e-004  5.001235e-004  5.902926e-004  6.618788e-004  7.097425e-004  7.287622e-004  7.132623e-004  6.584680e-004  5.307903e-004  3.823087e-004  2.005204e-004  -0.000000e+000  
-0.000000e+000  1.087335e-004  2.142343e-004  3.133311e-004  4.240799e-004  4.967867e-004  5.519854e-004  5.859484e-004  5.947296e-004  5.749985e-004  5.240460e-004  4.164385e-004  2.968048e-004  1.546804e-004  -0.000000e+000  
-0.000000e+000  8.659901e-005  1.700667e-004  2.473677e-004  3.310622e-004  3.838506e-004  4.213036e-004  4.410705e-004  4.411036e-004  4.198972e-004  3.769418e-004  2.940779e-004  2.073247e-004  1.072445e-004  -0.000000e+000  
-0.000000e+000  6.506814e-005  1.271002e-004  1.832168e-004  2.403229e-004  2.743329e-004  2.957047e-004  3.034390e-004  2.972872e-004  2.773964e-004  2.445125e-004  1.862126e-004  1.297574e-004  6.659423e-005  -0.000000e+000  
-0.000000e+000  5.277276e-005  1.017918e-004  1.436804e-004  1.835105e-004  2.021619e-004  2.094680e-004  2.059722e-004  1.929171e-004  1.719698e-004  1.448904e-004  1.061270e-004  7.170159e-005  3.609058e-005  -0.000000e+000  
-0.000000e+000  5.431580e-005  1.025797e-004  1.398323e-004  1.663641e-004  1.709566e-004  1.620515e-004  1.426296e-004  1.165492e-004  8.800777e-005  6.086550e-005  3.289436e-005  1.731003e-005  7.084791e-006  -0.000000e+000  
-0.000000e+000  7.123738e-005  1.317250e-004  1.731847e-004  1.915255e-004  1.811234e-004  1.518188e-004  1.099691e-004  6.292612e-005  1.845340e-005  -1.641148e-005  -4.008185e-005  -3.933597e-005  -2.391564e-005  -0.000000e+000  
-0.000000e+000  9.458526e-005  1.722861e-004  2.209529e-004  2.333601e-004  2.075343e-004  1.569323e-004  9.109461e-005  2.101850e-005  -4.219644e-005  -8.829417e-005  -1.107322e-004  -9.581287e-005  -5.543343e-005  -0.000000e+000  
-0.000000e+000  1.359919e-004  2.438861e-004  3.050896e-004  3.083795e-004  2.596188e-004  1.772063e-004  7.587076e-005  -2.902996e-005  -1.218444e-004  -1.875670e-004  -2.132702e-004  -1.802192e-004  -1.033622e-004  -0.000000e+000  
-0.000000e+000  2.037456e-004  3.588803e-004  4.378761e-004  4.239805e-004  3.415685e-004  2.148844e-004  6.436328e-005  -8.912121e-005  -2.246765e-004  -3.214849e-004  -3.600272e-004  -3.047722e-004  -1.761316e-004  -0.000000e+000  
-0.000000e+000  3.093859e-004  5.319973e-004  6.302648e-004  5.862807e-004  4.553797e-004  2.693671e-004  5.560008e-005  -1.606827e-004  -3.544869e-004  -4.978038e-004  -5.629827e-004  -4.854066e-004  -2.854646e-004  -0.000000e+000  
-0.000000e+000  4.901913e-004  8.119680e-004  9.238764e-004  8.189418e-004  6.140139e-004  3.460320e-004  4.861886e-005  -2.512855e-004  -5.258135e-004  -7.416454e-004  -8.651020e-004  -7.711640e-004  -4.693547e-004  -0.000000e+000  
-0.000000e+000  8.181048e-004  1.273261e-003  1.365750e-003  1.139805e-003  8.230207e-004  4.459762e-004  4.300846e-005  -3.617130e-004  -7.449660e-004  -1.071161e-003  -1.313667e-003  -1.237100e-003  -7.995842e-004  -0.000000e+000  
-0.000000e+000  1.465595e-003  2.048834e-003  2.014264e-003  1.556885e-003  1.078289e-003  5.640950e-004  3.900665e-005  -4.882118e-004  -1.007478e-003  -1.494925e-003  -1.967183e-003  -2.016136e-003  -1.448843e-003  -0.000000e+000  
-0.000000e+000  2.895379e-003  3.361208e-003  2.909468e-003  2.047025e-003  1.353702e-003  6.867817e-004  3.593743e-005  -6.161544e-004  -1.288399e-003  -1.989627e-003  -2.865780e-003  -3.331007e-003  -2.879879e-003  -0.000000e+000  
-0.000000e+000  6.149793e-003  5.268252e-003  3.866718e-003  2.471422e-003  1.568875e-003  7.771503e-004  3.461043e-005  -7.101292e-004  -1.506120e-003  -2.416489e-003  -3.825206e-003  -5.239215e-003  -6.135067e-003  -0.000000e+000  
-0.000000e+000  1.319242e-002  7.246075e-003  4.548477e-003  2.718998e-003  1.684190e-003  8.244058e-004  3.370934e-005  -7.583103e-004  -1.623025e-003  -2.665322e-003  -4.507552e-003  -7.217844e-003  -1.317787e-002  -0.000000e+000  
-0.000000e+000  -0.000000e+000  -0.000000e+000  -0.000000e+000  -0.000000e+000  -0.000000e+000  -0.000000e+000  -0.000000e+000  -0.000000e+000  -0.000000e+000  -0.000000e+000  -0.000000e+000  -0.000000e+000  -0.000000e+000  -0.000000e+000  

-0.000000e+000  -0.000000e+000  -0.000000e+000  -0.000000e+000  -0.000000e+000  -0.000000e+000  -0.000000e+000  -0.000000e+000  -0.000000e+000  -0.000000e+000  -0.000000e+000  -0.000000e+000  -0.000000e+000  -0.000000e+000  -0.000000e+000  
3.042067e+000  3.042063e+000  3.042054e+000  3.042038e+000  3.042013e+000  3.041980e+000  3.041932e+000  3.041863e+000  3.041754e+000  3.041570e+000  3.041182e+000  3.040172e+000  3.037595e+000  3.028448e+000  -0.000000e+000  
6.062917e+000  6.062909e+000  6.062892e+000  6.062861e+000  6.062811e+000  6.062749e+000  6.062659e+000  6.062530e+000  6.062334e+000  6.062019e+000  6.061414e+000  6.060132e+000  6.057899e+000  6.054109e+000  -0.000000e+000  
9.734031e+000  9.734019e+000  9.733993e+000  9.733945e+000  9.733871e+000  9.733779e+000  9.733651e+000  9.733470e+000  9.733210e+000  9.732825e+000  9.732169e+000  9.731062e+000  9.729655e+000  9.728138e+000  -0.000000e+000  
1.330167e+001  1.330165e+001  1.330162e+001  1.330156e+001  1.330147e+001  1.330135e+001  1.330120e+001  1.330100e+001  1.330072e+001  1.330033e+001  1.329974e+001  1.329891e+001  1.329806e+001  1.329737e+001  -0.000000e+000  
1.672789e+001  1.672787e+001  1.672784e+001  1.672777e+001  1.672767e+001  1.672755e+001  1.672738e+001  1.672718e+001  1.672690e+001  1.672656e+001  1.672607e+001  1.672548e+001  1.672495e+001  1.672459e+001  -0.000000e+000  
1.997629e+001  1.997627e+001  1.997623e+001  1.997616e+001  1.997605e+001  1.997593e+001  1.997577e+001  1.997557e+001  1.997532e+001  1.997502e+001  1.997464e+001  1.997421e+001  1.997388e+001  1.997366e+001  -0.000000e+000  
2.301231e+001  2.301229e+001  2.301225e+001  2.301218e+001  2.301208e+001  2.301196e+001  2.301181e+001  2.301163e+001  2.301141e+001  2.301116e+001  2.301086e+001  2.301055e+001  2.301032e+001  2.301019e+001  -0.000000e+000  
2.580369e+001  2.580367e+001  2.580363e+001  2.580356e+001  2.580346e+001  2.580335e+001  2.580322e+001  2.580305e+001  2.580287e+001  2.580267e+001  2.580243e+001  2.580220e+001  2.580204e+001  2.580195e+001  -0.000000e+000  
2.861436e+001  2.861434e+001  2.861431e+001  2.861424e+001  2.861415e+001  2.861405e+001  2.861393e+001  2.861379e+001  2.861364e+001  2.861348e+001  2.861330e+001  2.861313e+001  2.861302e+001  2.861296e+001  -0.000000e+000  
3.104052e+001  3.104050e+001  3.104047e+001  3.104041e+001  3.104033e+001  3.104025e+001  3.104014e+001  3.104003e+001  3.103990e+001  3.103977e+001  3.103963e+001  3.103951e+001  3.103943e+001  3.103939e+001  -0.000000e+000  
3.304956e+001  3.304955e+001  3.304952e+001  3.304947e+001  3.304940e+001  3.304932e+001  3.304924e+001  3.304914e+001  3.304904e+001  3.304894e+001  3.304883e+001  3.304873e+001  3.304867e+001  3.304864e+001  -0.000000e+000  
3.555831e+001  3.555830e+001  3.555828e+001  3.555825e+001  3.555819e+001  3.555814e+001  3.555808e+001  3.555801e+001  3.555794e+001  3.555787e+001  3.555779e+001  3.555773e+001  3.555770e+001  3.555768e+001  -0.000000e+000  
3.650606e+001  3.650606e+001  3.650605e+001  3.650602e+001  3.650599e+001  3.650596e+001  3.650592e+001  3.650587e+001  3.650582e+001  3.650577e+001  3.650572e+001  3.650568e+001  3.650565e+001  3.650563e+001  -0.000000e+000  
3.555775e+001  3.555775e+001  3.555775e+001  3.555775e+001  3.555774e+001  3.555773e+001  3.555770e+001  3.555767e+001  3.555763e+001  3.555759e+001  3.555754e+001  3.555750e+001  3.555748e+001  3.555746e+001  -0.000000e+000  
3.304846e+001  3.304848e+001  3.304849e+001  3.304852e+001  3.304854e+001  3.304855e+001  3.304854e+001  3.304852e+001  3.304848e+001  3.304843e+001  3.304838e+001  3.304832e+001  3.304828e+001  3.304826e+001  -0.000000e+000  
3.103911e+001  3.103913e+001  3.103917e+001  3.103922e+001  3.103926e+001  3.103928e+001  3.103929e+001  3.103927e+001  3.103923e+001  3.103918e+001  3.103910e+001  3.103903e+001  3.103897e+001  3.103894e+001  -0.000000e+000  
2.861260e+001  2.861264e+001  2.861271e+001  2.861280e+001  2.861288e+001  2.861293e+001  2.861294e+001  2.861293e+001  2.861288e+001  2.861281e+001  2.861270e+001  2.861260e+001  2.861252e+001  2.861247e+001  -0.000000e+000  
2.580155e+001  2.580162e+001  2.580173e+001  2.580188e+001  2.580201e+001  2.580209e+001  2.580212e+001  2.580211e+001  2.580205e+001  2.580195e+001  2.580180e+001  2.580164e+001  2.580152e+001  2.580144e+001  -0.000000e+000  
2.300977e+001  2.300988e+001  2.301006e+001  2.301029e+001  2.301048e+001  2.301060e+001  2.301066e+001  2.301065e+001  2.301057e+001  2.301044e+001  2.301023e+001  2.300999e+001  2.300980e+001  2.300969e+001  -0.000000e+000  
1.997325e+001  1.997344e+001  1.997374e+001  1.997408e+001  1.997436e+001  1.997453e+001  1.997461e+001  1.997460e+001  1.997450e+001  1.997432e+001  1.997404e+001  1.997368e+001  1.997338e+001  1.997318e+001  -0.000000e+000  
1.672421e+001  1.672455e+001  1.672504e+001  1.672556e+001  1.672594e+001  1.672616e+001  1.672626e+001  1.672626e+001  1.672614e+001  1.672591e+001  1.672552e+001  1.672499e+001  1.672450e+001  1.672416e+001  -0.000000e+000  
1.329704e+001  1.329772e+001  1.329854e+001  1.329930e+001  1.329980e+001  1.330007e+001  1.330019e+001  1.330019e+001  1.330005e+001  1.329978e+001  1.329928e+001  1.329850e+001  1.329769e+001  1.329700e+001  -0.000000e+000  
9.727888e+000  9.729391e+000  9.730772e+000  9.731829e+000  9.732408e+000  9.732698e+000  9.732826e+000  9.732823e+000  9.732689e+000  9.732393e+000  9.731809e+000  9.730748e+000  9.729365e+000  9.727860e+000  -0.000000e+000  
6.053947e+000  6.057729e+000  6.059944e+000  6.061194e+000  6.061748e+000  6.061998e+000  6.062103e+000  6.062101e+000  6.061992e+000  6.061739e+000  6.061182e+000  6.059930e+000  6.057713e+000  6.053931e+000  -0.000000e+000  
3.028366e+000  3.037508e+000  3.040076e+000  3.041070e+000  3.041431e+000  3.041581e+000  3.041642e+000  3.041641e+000  3.041578e+000  3.041427e+000  3.041064e+000  3.040069e+000  3.037500e+000  3.028357e+000  -0.000000e+000  
-0.000000e+000  -0.000000e+000  -0.000000e+000  -0.000000e+000  -0.000000e+000  -0.000000e+000  -0.000000e+000  -0.000000e+000  -0.000000e+000  -0.000000e+000  -0.000000e+000  -0.000000e+000  -0.000000e+000  -0.000000e+000  -0.000000e+000  

0.000000e+000  0.000000e+000  0.000000e+000  0.000000e+000  0.000000e+000  0.000000e+000  0.000000e+000  0.000000e+000  0.000000e+000  0.000000e+000  0.000000e+000  0.000000e+000  0.000000e+000  0.000000e+000  0.000000e+000  
0.000000e+000  0.000000e+000  0.000000e+000  0.000000e+000  0.000000e+000  0.000000e+000  0.000000e+000  0.000000e+000  0.000000e+000  0.000000e+000  0.000000e+000  0.000000e+000  0.000000e+000  0.000000e+000  0.000000e+000  
0.000000e+000  0.000000e+000  0.000000e+000  0.000000e+000  0.000000e+000  0.000000e+000  0.000000e+000  0.000000e+000  0.000000e+000  0.000000e+000  0.000000e+000  0.000000e+000  0.000000e+000  0.000000e+000  0.000000e+000  
0.000000e+000  0.000000e+000  0.000000e+000  0.000000e+000  0.000000e+000  0.000000e+000  0.000000e+000  0.000000e+000  0.000000e+000  0.000000e+000  0.000000e+000  0.000000e+000  0.000000e+000  0.000000e+000  0.000000e+000  
0.000000e+000  0.000000e+000  0.000000e+000  0.000000e+000  0.000000e+000  0.000000e+000  0.000000e+000  0.000000e+000  0.000000e+000  0.000000e+000  0.000000e+000  0.000000e+000  0.000000e+000  0.000000e+000  0.000000e+000  
0.000000e+000  0.000000e+000  0.000000e+000  0.000000e+000  0.000000e+000  0.000000e+000  0.000000e+000  0.000000e+000  0.000000e+000  0.000000e+000  0.000000e+000  0.000000e+000  0.000000e+000  0.000000e+000  0.000000e+000  
0.000000e+000  0.000000e+000  0.000000e+000  0.000000e+000  0.000000e+000  0.000000e+000  0.000000e+000  0.000000e+000  0.000000e+000  0.000000e+000  0.000000e+000  0.000000e+000  0.000000e+000  0.000000e+000  0.000000e+000  
0.000000e+000  0.000000e+000  0.000000e+000  0.000000e+000  0.000000e+000  0.000000e+000  0.000000e+000  0.000000e+000  0.000000e+000  0.000000e+000  0.000000e+000  0.000000e+000  0.000000e+000  0.000000e+000  0.000000e+000  
0.000000e+000  0.000000e+000  0.000000e+000  0.000000e+000  0.000000e+000  0.000000e+000  0.000000e+000  0.000000e+000  0.000000e+000  0.000000e+000  0.000000e+000  0.000000e+000  0.000000e+000  0.000000e+000  0.000000e+000  
0.000000e+000  0.000000e+000  0.000000e+000  0.000000e+000  0.000000e+000  0.000000e+000  0.000000e+000  0.000000e+000  0.000000e+000  0.000000e+000  0.000000e+000  0.000000e+000  0.000000e+000  0.000000e+000  0.000000e+000  
0.000000e+000  0.000000e+000  0.000000e+000  0.000000e+000  0.000000e+000  0.000000e+000  0.000000e+000  0.000000e+000  0.000000e+000  0.000000e+000  0.000000e+000  0.000000e+000  0.000000e+000  0.000000e+000  0.000000e+000  
0.000000e+000  0.000000e+000  0.000000e+000  0.000000e+000  0.000000e+000  0.000000e+000  0.000000e+000  0.000000e+000  0.000000e+000  0.000000e+000  0.000000e+000  0.000000e+000  0.000000e+000  0.000000e+000  0.000000e+000  
0.000000e+000  0.000000e+000  0.000000e+000  0.000000e+000  0.000000e+000  0.000000e+000  0.000000e+000  0.000000e+000  0.000000e+000  0.000000e+000  0.000000e+000  0.000000e+000  0.000000e+000  0.000000e+000  0.000000e+000  
0.000000e+000  0.000000e+000  0.000000e+000  0.000000e+000  0.000000e+000  0.000000e+000  0.000000e+000  0.000000e+000  0.000000e+000  0.000000e+000  0.000000e+000  0.000000e+000  0.000000e+000  0.000000e+000  0.000000e+000  
0.000000e+000  0.000000e+000  0.000000e+000  0.000000e+000  0.000000e+000  0.000000e+000  0.000000e+000  0.000000e+000  0.000000e+000  0.000000e+000  0.000000e+000  0.000000e+000  0.000000e+000  0.000000e+000  0.000000e+000  
0.000000e+000  0.000000e+000  0.000000e+000  0.000000e+000  0.000000e+000  0.000000e+000  0.000000e+000  0.000000e+000  0.000000e+000  0.000000e+000  0.000000e+000  0.000000e+000  0.000000e+000  0.000000e+000  0.000000e+000  
0.000000e+000  0.000000e+000  0.000000e+000  0.000000e+000  0.000000e+000  0.000000e+000  0.000000e+000  0.000000e+000  0.000000e+000  0.000000e+000  0.000000e+000  0.000000e+000  0.000000e+000  0.000000e+000  0.000000e+000  
0.000000e+000  0.000000e+000  0.000000e+000  0.000000e+000  0.000000e+000  0.000000e+000  0.000000e+000  0.000000e+000  0.000000e+000  0.000000e+000  0.000000e+000  0.000000e+000  0.000000e+000  0.000000e+000  0.000000e+000  
0.000000e+000  0.000000e+000  0.000000e+000  0.000000e+000  0.000000e+000  0.000000e+000  0.000000e+000  0.000000e+000  0.000000e+000  0.000000e+000  0.000000e+000  0.000000e+000  0.000000e+000  0.000000e+000  0.000000e+000  
0.000000e+000  0.000000e+000  0.000000e+000  0.000000e+000  0.000000e+000  0.000000e+000  0.000000e+000  0.000000e+000  0.000000e+000  0.000000e+000  0.000000e+000  0.000000e+000  0.000000e+000  0.000000e+000  0.000000e+000  
0.000000e+000  0.000000e+000  0.000000e+000  0.000000e+000  0.000000e+000  0.000000e+000  0.000000e+000  0.000000e+000  0.000000e+000  0.000000e+000  0.000000e+000  0.000000e+000  0.000000e+000  0.000000e+000  0.000000e+000  
0.000000e+000  0.000000e+000  0.000000e+000  0.000000e+000  0.000000e+000  0.000000e+000  0.000000e+000  0.000000e+000  0.000000e+000  0.000000e+000  0.000000e+000  0.000000e+000  0.000000e+000  0.000000e+000  0.000000e+000  
0.000000e+000  0.000000e+000  0.000000e+000  0.000000e+000  0.000000e+000  0.000000e+000  0.000000e+000  0.000000e+000  0.000000e+000  0.000000e+000  0.000000e+000  0.000000e+000  0.000000e+000  0.000000e+000  0.000000e+000  
0.000000e+000  0.000000e+000  0.000000e+000  0.000000e+000  0.000000e+000  0.000000e+000  0.000000e+000  0.000000e+000  0.000000e+000  0.000000e+000  0.000000e+000  0.000000e+000  0.000000e+000  0.000000e+000  0.000000e+000  
0.000000e+000  0.000000e+000  0.000000e+000  0.000000e+000  0.000000e+000  0.000000e+000  0.000000e+000  0.000000e+000  0.000000e+000  0.000000e+000  0.000000e+000  0.000000e+000  0.000000e+000  0.000000e+000  0.000000e+000  
0.000000e+000  0.000000e+000  0.000000e+000  0.000000e+000  0.000000e+000  0.000000e+000  0.000000e+000  0.000000e+000  0.000000e+000  0.000000e+000  0.000000e+000  0.000000e+000  0.000000e+000  0.000000e+000  0.000000e+000  
0.000000e+000  0.000000e+000  0.000000e+000  0.000000e+000  0.000000e+000  0.000000e+000  0.000000e+000  0.000000e+000  0.000000e+000  0.000000e+000  0.000000e+000  0.000000e+000  0.000000e+000  0.000000e+000  0.000000e+000  

0.000000e+000  0.000000e+000  0.000000e+000  0.000000e+000  0.000000e+000  0.000000e+000  0.000000e+000  0.000000e+000  0.000000e+000  0.000000e+000  0.000000e+000  0.000000e+000  0.000000e+000  0.000000e+000  0.000000e+000  
0.000000e+000  0.000000e+000  0.000000e+000  0.000000e+000  0.000000e+000  0.000000e+000  0.000000e+000  0.000000e+000  0.000000e+000  0.000000e+000  0.000000e+000  0.000000e+000  0.000000e+000  0.000000e+000  0.000000e+000  
0.000000e+000  0.000000e+000  0.000000e+000  0.000000e+000  0.000000e+000  0.000000e+000  0.000000e+000  0.000000e+000  0.000000e+000  0.000000e+000  0.000000e+000  0.000000e+000  0.000000e+000  0.000000e+000  0.000000e+000  
0.000000e+000  0.000000e+000  0.000000e+000  0.000000e+000  0.000000e+000  0.000000e+000  0.000000e+000  0.000000e+000  0.000000e+000  0.000000e+000  0.000000e+000  0.000000e+000  0.000000e+000  0.000000e+000  0.000000e+000  
0.000000e+000  0.000000e+000  0.000000e+000  0.000000e+000  0.000000e+000  0.000000e+000  0.000000e+000  0.000000e+000  0.000000e+000  0.000000e+000  0.000000e+000  0.000000e+000  0.000000e+000  0.000000e+000  0.000000e+000  
0.000000e+000  0.000000e+000  0.000000e+000  0.000000e+000  0.000000e+000  0.000000e+000  0.000000e+000  0.000000e+000  0.000000e+000  0.000000e+000  0.000000e+000  0.000000e+000  0.000000e+000  0.000000e+000  0.000000e+000  
0.000000e+000  0.000000e+000  0.000000e+000  0.000000e+000  0.000000e+000  0.000000e+000  0.000000e+000  0.000000e+000  0.000000e+000  0.000000e+000  0.000000e+000  0.000000e+000  0.000000e+000  0.000000e+000  0.000000e+000  
0.000000e+000  0.000000e+000  0.000000e+000  0.000000e+000  0.000000e+000  0.000000e+000  0.000000e+000  0.000000e+000  0.000000e+000  0.000000e+000  0.000000e+000  0.000000e+000  0.000000e+000  0.000000e+000  0.000000e+000  
0.000000e+000  0.000000e+000  0.000000e+000  0.000000e+000  0.000000e+000  0.000000e+000  0.000000e+000  0.000000e+000  0.000000e+000  0.000000e+000  0.000000e+000  0.000000e+000  0.000000e+000  0.000000e+000  0.000000e+000  
0.000000e+000  0.000000e+000  0.000000e+000  0.000000e+000  0.000000e+000  0.000000e+000  0.000000e+000  0.000000e+000  0.000000e+000  0.000000e+000  0.000000e+000  0.000000e+000  0.000000e+000  0.000000e+000  0.000000e+000  
0.000000e+000  0.000000e+000  0.000000e+000  0.000000e+000  0.000000e+000  0.000000e+000  0.000000e+000  0.000000e+000  0.000000e+000  0.000000e+000  0.000000e+000  0.000000e+000  0.000000e+000  0.000000e+000  0.000000e+000  
0.000000e+000  0.000000e+000  0.000000e+000  0.000000e+000  0.000000e+000  0.000000e+000  0.000000e+000  0.000000e+000  0.000000e+000  0.000000e+000  0.000000e+000  0.000000e+000  0.000000e+000  0.000000e+000  0.000000e+000  
0.000000e+000  0.000000e+000  0.000000e+000  0.000000e+000  0.000000e+000  0.000000e+000  0.000000e+000  0.000000e+000  0.000000e+000  0.000000e+000  0.000000e+000  0.000000e+000  0.000000e+000  0.000000e+000  0.000000e+000  
0.000000e+000  0.000000e+000  0.000000e+000  0.000000e+000  0.000000e+000  0.000000e+000  0.000000e+000  0.000000e+000  0.000000e+000  0.000000e+000  0.000000e+000  0.000000e+000  0.000000e+000  0.000000e+000  0.000000e+000  
0.000000e+000  0.000000e+000  0.000000e+000  0.000000e+000  0.000000e+000  0.000000e+000  0.000000e+000  0.000000e+000  0.000000e+000  0.000000e+000  0.000000e+000  0.000000e+000  0.000000e+000  0.000000e+000  0.000000e+000  
0.000000e+000  0.000000e+000  0.000000e+000  0.000000e+000  0.000000e+000  0.000000e+000  0.000000e+000  0.000000e+000  0.000000e+000  0.000000e+000  0.000000e+000  0.000000e+000  0.000000e+000  0.000000e+000  0.000000e+000  
0.000000e+000  0.000000e+000  0.000000e+000  0.000000e+000  0.000000e+000  0.000000e+000  0.000000e+000  0.000000e+000  0.000000e+000  0.000000e+000  0.000000e+000  0.000000e+000  0.000000e+000  0.000000e+000  0.000000e+000  
0.000000e+000  0.000000e+000  0.000000e+000  0.000000e+000  0.000000e+000  0.000000e+000  0.000000e+000  0.000000e+000  0.000000e+000  0.000000e+000  0.000000e+000  0.000000e+000  0.000000e+000  0.000000e+000  0.000000e+000  
0.000000e+000  0.000000e+000  0.000000e+000  0.000000e+000  0.000000e+000  0.000000e+000  0.000000e+000  0.000000e+000  0.000000e+000  0.000000e+000  0.000000e+000  0.000000e+000  0.000000e+000  0.000000e+000  0.000000e+000  
0.000000e+000  0.000000e+000  0.000000e+000  0.000000e+000  0.000000e+000  0.000000e+000  0.000000e+000  0.000000e+000  0.000000e+000  0.000000e+000  0.000000e+000  0.000000e+000  0.000000e+000  0.000000e+000  0.000000e+000  
0.000000e+000  0.000000e+000  0.000000e+000  0.000000e+000  0.000000e+000  0.000000e+000  0.000000e+000  0.000000e+000  0.000000e+000  0.000000e+000  0.000000e+000  0.000000e+000  0.000000e+000  0.000000e+000  0.000000e+000  
0.000000e+000  0.000000e+000  0.000000e+000  0.000000e+000  0.000000e+000  0.000000e+000  0.000000e+000  0.000000e+000  0.000000e+000  0.000000e+000  0.000000e+000  0.000000e+000  0.000000e+000  0.000000e+000  0.000000e+000  
0.000000e+000  0.000000e+000  0.000000e+000  0.000000e+000  0.000000e+000  0.000000e+000  0.000000e+000  0.000000e+000  0.000000e+000  0.000000e+000  0.000000e+000  0.000000e+000  0.000000e+000  0.000000e+000  0.000000e+000  
0.000000e+000  0.000000e+000  0.000000e+000  0.000000e+000  0.000000e+000  0.000000e+000  0.000000e+000  0.000000e+000  0.000000e+000  0.000000e+000  0.000000e+000  0.000000e+000  0.000000e+000  0.000000e+000  0.000000e+000  
0.000000e+000  0.000000e+000  0.000000e+000  0.000000e+000  0.000000e+000  0.000000e+000  0.000000e+000  0.000000e+000  0.000000e+000  0.000000e+000  0.000000e+000  0.000000e+000  0.000000e+000  0.000000e+000  0.000000e+000  
0.000000e+000  0.000000e+000  0.000000e+000  0.000000e+000  0.000000e+000  0.000000e+000  0.000000e+000  0.000000e+000  0.000000e+000  0.000000e+000  0.000000e+000  0.000000e+000  0.000000e+000  0.000000e+000  0.000000e+000  
0.000000e+000  0.000000e+000  0.000000e+000  0.000000e+000  0.000000e+000  0.000000e+000  0.000000e+000  0.000000e+000  0.000000e+000  0.000000e+000  0.000000e+000  0.000000e+000  0.000000e+000  0.000000e+000  0.000000e+000  

0.000000e+000  0.000000e+000  0.000000e+000  0.000000e+000  0.000000e+000  0.000000e+000  0.000000e+000  0.000000e+000  0.000000e+000  0.000000e+000  0.000000e+000  0.000000e+000  0.000000e+000  0.000000e+000  0.000000e+000  
0.000000e+000  0.000000e+000  0.000000e+000  0.000000e+000  0.000000e+000  0.000000e+000  0.000000e+000  0.000000e+000  0.000000e+000  0.000000e+000  0.000000e+000  0.000000e+000  0.000000e+000  0.000000e+000  0.000000e+000  
0.000000e+000  0.000000e+000  0.000000e+000  0.000000e+000  0.000000e+000  0.000000e+000  0.000000e+000  0.000000e+000  0.000000e+000  0.000000e+000  0.000000e+000  0.000000e+000  0.000000e+000  0.000000e+000  0.000000e+000  
0.000000e+000  0.000000e+000  0.000000e+000  0.000000e+000  0.000000e+000  0.000000e+000  0.000000e+000  0.000000e+000  0.000000e+000  0.000000e+000  0.000000e+000  0.000000e+000  0.000000e+000  0.000000e+000  0.000000e+000  
0.000000e+000  0.000000e+000  0.000000e+000  0.000000e+000  0.000000e+000  0.000000e+000  0.000000e+000  0.000000e+000  0.000000e+000  0.000000e+000  0.000000e+000  0.000000e+000  0.000000e+000  0.000000e+000  0.000000e+000  
0.000000e+000  0.000000e+000  0.000000e+000  0.000000e+000  0.000000e+000  0.000000e+000  0.000000e+000  0.000000e+000  0.000000e+000  0.000000e+000  0.000000e+000  0.000000e+000  0.000000e+000  0.000000e+000  0.000000e+000  
0.000000e+000  0.000000e+000  0.000000e+000  0.000000e+000  0.000000e+000  0.000000e+000  0.000000e+000  0.000000e+000  0.000000e+000  0.000000e+000  0.000000e+000  0.000000e+000  0.000000e+000  0.000000e+000  0.000000e+000  
0.000000e+000  0.000000e+000  0.000000e+000  0.000000e+000  0.000000e+000  0.000000e+000  0.000000e+000  0.000000e+000  0.000000e+000  0.000000e+000  0.000000e+000  0.000000e+000  0.000000e+000  0.000000e+000  0.000000e+000  
0.000000e+000  0.000000e+000  0.000000e+000  0.000000e+000  0.000000e+000  0.000000e+000  0.000000e+000  0.000000e+000  0.000000e+000  0.000000e+000  0.000000e+000  0.000000e+000  0.000000e+000  0.000000e+000  0.000000e+000  
0.000000e+000  0.000000e+000  0.000000e+000  0.000000e+000  0.000000e+000  0.000000e+000  0.000000e+000  0.000000e+000  0.000000e+000  0.000000e+000  0.000000e+000  0.000000e+000  0.000000e+000  0.000000e+000  0.000000e+000  
0.000000e+000  0.000000e+000  0.000000e+000  0.000000e+000  0.000000e+000  0.000000e+000  0.000000e+000  0.000000e+000  0.000000e+000  0.000000e+000  0.000000e+000  0.000000e+000  0.000000e+000  0.000000e+000  0.000000e+000  
0.000000e+000  0.000000e+000  0.000000e+000  0.000000e+000  0.000000e+000  0.000000e+000  0.000000e+000  0.000000e+000  0.000000e+000  0.000000e+000  0.000000e+000  0.000000e+000  0.000000e+000  0.000000e+000  0.000000e+000  
0.000000e+000  0.000000e+000  0.000000e+000  0.000000e+000  0.000000e+000  0.000000e+000  0.000000e+000  0.000000e+000  0.000000e+000  0.000000e+000  0.000000e+000  0.000000e+000  0.000000e+000  0.000000e+000  0.000000e+000  
0.000000e+000  0.000000e+000  0.000000e+000  0.000000e+000  0.000000e+000  0.000000e+000  0.000000e+000  0.000000e+000  0.000000e+000  0.000000e+000  0.000000e+000  0.000000e+000  0.000000e+000  0.000000e+000  0.000000e+000  
0.000000e+000  0.000000e+000  0.000000e+000  0.000000e+000  0.000000e+000  0.000000e+000  0.000000e+000  0.000000e+000  0.000000e+000  0.000000e+000  0.000000e+000  0.000000e+000  0.000000e+000  0.000000e+000  0.000000e+000  
0.000000e+000  0.000000e+000  0.000000e+000  0.000000e+000  0.000000e+000  0.000000e+000  0.000000e+000  0.000000e+000  0.000000e+000  0.000000e+000  0.000000e+000  0.000000e+000  0.000000e+000  0.000000e+000  0.000000e+000  
0.000000e+000  0.000000e+000  0.000000e+000  0.000000e+000  0.000000e+000  0.000000e+000  0.000000e+000  0.000000e+000  0.000000e+000  0.000000e+000  0.000000e+000  0.000000e+000  0.000000e+000  0.000000e+000  0.000000e+000  
0.000000e+000  0.000000e+000  0.000000e+000  0.000000e+000  0.000000e+000  0.000000e+000  0.000000e+000  0.000000e+000  0.000000e+000  0.000000e+000  0.000000e+000  0.000000e+000  0.000000e+000  0.000000e+000  0.000000e+000  
0.000000e+000  0.000000e+000  0.000000e+000  0.000000e+000  0.000000e+000  0.000000e+000  0.000000e+000  0.000000e+000  0.000000e+000  0.000000e+000  0.000000e+000  0.000000e+000  0.000000e+000  0.000000e+000  0.000000e+000  
0.000000e+000  0.000000e+000  0.000000e+000  0.000000e+000  0.000000e+000  0.000000e+000  0.000000e+000  0.000000e+000  0.000000e+000  0.000000e+000  0.000000e+000  0.000000e+000  0.000000e+000  0.000000e+000  0.000000e+000  
0.000000e+000  0.000000e+000  0.000000e+000  0.000000e+000  0.000000e+000  0.000000e+000  0.000000e+000  0.000000e+000  0.000000e+000  0.000000e+000  0.000000e+000  0.000000e+000  0.000000e+000  0.000000e+000  0.000000e+000  
0.000000e+000  0.000000e+000  0.000000e+000  0.000000e+000  0.000000e+000  0.000000e+000  0.000000e+000  0.000000e+000  0.000000e+000  0.000000e+000  0.000000e+000  0.000000e+000  0.000000e+000  0.000000e+000  0.000000e+000  
0.000000e+000  0.000000e+000  0.000000e+000  0.000000e+000  0.000000e+000  0.000000e+000  0.000000e+000  0.000000e+000  0.000000e+000  0.000000e+000  0.000000e+000  0.000000e+000  0.000000e+000  0.000000e+000  0.000000e+000  
0.000000e+000  0.000000e+000  0.000000e+000  0.000000e+000  0.000000e+000  0.000000e+000  0.000000e+000  0.000000e+000  0.000000e+000  0.000000e+000  0.000000e+000  0.000000e+000  0.000000e+000  0.000000e+000  0.000000e+000  
0.000000e+000  0.000000e+000  0.000000e+000  0.000000e+000  0.000000e+000  0.000000e+000  0.000000e+000  0.000000e+000  0.000000e+000  0.000000e+000  0.000000e+000  0.000000e+000  0.000000e+000  0.000000e+000  0.000000e+000  
0.000000e+000  0.000000e+000  0.000000e+000  0.000000e+000  0.000000e+000  0.000000e+000  0.000000e+000  0.000000e+000  0.000000e+000  0.000000e+000  0.000000e+000  0.000000e+000  0.000000e+000  0.000000e+000  0.000000e+000  
0.000000e+000  0.000000e+000  0.000000e+000  0.000000e+000  0.000000e+000  0.000000e+000  0.000000e+000  0.000000e+000  0.000000e+000  0.000000e+000  0.000000e+000  0.000000e+000  0.000000e+000  0.000000e+000  0.000000e+000  

2.666027e+001  2.666025e+001  2.666021e+001  2.666014e+001  2.666004e+001  2.665992e+001  2.665978e+001  2.665962e+001  2.665941e+001  2.665917e+001  2.665883e+001  2.665835e+001  2.665774e+001  2.665667e+001  -0.000000e+000  
2.647431e+001  2.647429e+001  2.647425e+001  2.647418e+001  2.647408e+001  2.647397e+001  2.647383e+001  2.647367e+001  2.647347e+001  2.647324e+001  2.647292e+001  2.647251e+001  2.647205e+001  2.647155e+001  -0.000000e+000  
2.606022e+001  2.606020e+001  2.606016e+001  2.606010e+001  2.606000e+001  2.605989e+001  2.605976e+001  2.605961e+001  2.605942e+001  2.605921e+001  2.605894e+001  2.605861e+001  2.605831e+001  2.605806e+001  -0.000000e+000  
2.532561e+001  2.532559e+001  2.532556e+001  2.532549e+001  2.532540e+001  2.532530e+001  2.532518e+001  2.532504e+001  2.532488e+001  2.532469e+001  2.532447e+001  2.532423e+001  2.532403e+001  2.532389e+001  -0.000000e+000  
2.432176e+001  2.432174e+001  2.432171e+001  2.432165e+001  2.432157e+001  2.432147e+001  2.432136e+001  2.432124e+001  2.432110e+001  2.432094e+001  2.432076e+001  2.432058e+001  2.432045e+001  2.432037e+001  -0.000000e+000  
2.305934e+001  2.305932e+001  2.305929e+001  2.305924e+001  2.305916e+001  2.305908e+001  2.305898e+001  2.305887e+001  2.305875e+001  2.305862e+001  2.305848e+001  2.305834e+001  2.305825e+001  2.305819e+001  -0.000000e+000  
2.155177e+001  2.155175e+001  2.155172e+001  2.155167e+001  2.155160e+001  2.155153e+001  2.155145e+001  2.155135e+001  2.155125e+001  2.155114e+001  2.155103e+001  2.155093e+001  2.155086e+001  2.155082e+001  -0.000000e+000  
1.981507e+001  1.981506e+001  1.981503e+001  1.981499e+001  1.981493e+001  1.981486e+001  1.981479e+001  1.981471e+001  1.981462e+001  1.981454e+001  1.981444e+001  1.981436e+001  1.981431e+001  1.981428e+001  -0.000000e+000  
1.774672e+001  1.774671e+001  1.774669e+001  1.774665e+001  1.774660e+001  1.774654e+001  1.774648e+001  1.774641e+001  1.774634e+001  1.774627e+001  1.774619e+001  1.774613e+001  1.774609e+001  1.774607e+001  -0.000000e+000  
1.531891e+001  1.531890e+001  1.531888e+001  1.531884e+001  1.531880e+001  1.531875e+001  1.531870e+001  1.531864e+001  1.531859e+001  1.531853e+001  1.531847e+001  1.531842e+001  1.531839e+001  1.531838e+001  -0.000000e+000  
1.268524e+001  1.268523e+001  1.268522e+001  1.268519e+001  1.268515e+001  1.268511e+001  1.268507e+001  1.268502e+001  1.268497e+001  1.268493e+001  1.268488e+001  1.268485e+001  1.268482e+001  1.268481e+001  -0.000000e+000  
8.742895e+000  8.742888e+000  8.742875e+000  8.742852e+000  8.742823e+000  8.742793e+000  8.742759e+000  8.742724e+000  8.742689e+000  8.742656e+000  8.742622e+000  8.742596e+000  8.742580e+000  8.742571e+000  -0.000000e+000  
3.044160e+000  3.044155e+000  3.044145e+000  3.044128e+000  3.044107e+000  3.044085e+000  3.044062e+000  3.044037e+000  3.044014e+000  3.043992e+000  3.043970e+000  3.043953e+000  3.043943e+000  3.043938e+000  -0.000000e+000  
-3.045168e+000  -3.045172e+000  -3.045180e+000  -3.045193e+000  -3.045209e+000  -3.045225e+000  -3.045242e+000  -3.045258e+000  -3.045274e+000  -3.045287e+000  -3.045300e+000  -3.045310e+000  -3.045315e+000  -3.045318e+000  -0.000000e+000  
-8.743813e+000  -8.743817e+000  -8.743826e+000  -8.743838e+000  -8.743853e+000  -8.743866e+000  -8.743879e+000  -8.743891e+000  -8.743900e+000  -8.743907e+000  -8.743912e+000  -8.743915e+000  -8.743917e+000  -8.743917e+000  -0.000000e+000  
-1.268603e+001  -1.268604e+001  -1.268605e+001  -1.268606e+001  -1.268608e+001  -1.268609e+001  -1.268611e+001  -1.268611e+001  -1.268612e+001  -1.268612e+001  -1.268612e+001  -1.268612e+001  -1.268611e+001  -1.268611e+001  -0.000000e+000  
-1.531957e+001  -1.531958e+001  -1.531960e+001  -1.531962e+001  -1.531964e+001  -1.531965e+001  -1.531966e+001  -1.531967e+001  -1.531967e+001  -1.531967e+001  -1.531966e+001  -1.531965e+001  -1.531965e+001  -1.531964e+001  -0.000000e+000  
-1.774724e+001  -1.774725e+001  -1.774727e+001  -1.774730e+001  -1.774732e+001  -1.774734e+001  -1.774736e+001  -1.774736e+001  -1.774736e+001  -1.774735e+001  -1.774734e+001  -1.774732e+001  -1.774730e+001  -1.774729e+001  -0.000000e+000  
-1.981542e+001  -1.981543e+001  -1.981546e+001  -1.981550e+001  -1.981554e+001  -1.981556e+001  -1.981558e+001  -1.981559e+001  -1.981558e+001  -1.981556e+001  -1.981553e+001  -1.981550e+001  -1.981548e+001  -1.981546e+001  -0.000000e+000  
-2.155192e+001  -2.155194e+001  -2.155199e+001  -2.155204e+001  -2.155210e+001  -2.155213e+001  -2.155215e+001  -2.155216e+001  -2.155214e+001  -2.155212e+001  -2.155207e+001  -2.155202e+001  -2.155198e+001  -2.155196e+001  -0.000000e+000  
-2.305926e+001  -2.305930e+001  -2.305937e+001  -2.305945e+001  -2.305952e+001  -2.305957e+001  -2.305960e+001  -2.305960e+001  -2.305958e+001  -2.305954e+001  -2.305947e+001  -2.305940e+001  -2.305934e+001  -2.305930e+001  -0.000000e+000  
-2.432141e+001  -2.432147e+001  -2.432157e+001  -2.432170e+001  -2.432180e+001  -2.432186e+001  -2.432190e+001  -2.432190e+001  -2.432187e+001  -2.432181e+001  -2.432172e+001  -2.432160e+001  -2.432150e+001  -2.432144e+001  -0.000000e+000  
-2.532491e+001  -2.532503e+001  -2.532519e+001  -2.532537e+001  -2.532551e+001  -2.532559e+001  -2.532564e+001  -2.532564e+001  -2.532560e+001  -2.532552e+001  -2.532539e+001  -2.532521e+001  -2.532505e+001  -2.532494e+001  -0.000000e+000  
-2.605906e+001  -2.605929e+001  -2.605955e+001  -2.605981e+001  -2.606000e+001  -2.606010e+001  -2.606016e+001  -2.606016e+001  -2.606011e+001  -2.606001e+001  -2.605983e+001  -2.605958e+001  -2.605931e+001  -2.605908e+001  -0.000000e+000  
-2.647253e+001  -2.647302e+001  -2.647344e+001  -2.647378e+001  -2.647400e+001  -2.647413e+001  -2.647419e+001  -2.647419e+001  -2.647414e+001  -2.647402e+001  -2.647380e+001  -2.647346e+001  -2.647305e+001  -2.647256e+001  -0.000000e+000  
-2.665765e+001  -2.665870e+001  -2.665928e+001  -2.665968e+001  -2.665992e+001  -2.666006e+001  -2.666012e+001  -2.666013e+001  -2.666007e+001  -2.665994e+001  -2.665970e+001  -2.665930e+001  -2.665873e+001  -2.665768e+001  -0.000000e+000  
-0.000000e+000  -0.000000e+000  -0.000000e+000  -0.000000e+000  -0.000000e+000  -0.000000e+000  -0.000000e+000  -0.000000e+000  -0.000000e+000  -0.000000e+000  -0.000000e+000  -0.000000e+000  -0.000000e+000  -0.000000e+000  -0.000000e+000  

