Port monitor named: Port3_e1[100].prt

nx        = 62
ny        = 56
nz        = 111

nu        = 15
nv        = 27
iu        = 13
iv        = 43

idir      = 0
dcut      = 5.020000e-003
icut      = 58
type      = 0
frequency = 1.000000e+011

fcutoff   = 5.904591e+010
alpha     = 0.000000e+000
beta      = 1.690554e+003
accuracy  = 3.033703e-010

type          = TE
wave imp.     = 4.670471e+002
wave imp.sig. = 5.896306e-006
line imp.     = 0.000000e+000

ref. port     = 0

-0.000000e+000  -0.000000e+000  -0.000000e+000  -0.000000e+000  -0.000000e+000  -0.000000e+000  -0.000000e+000  -0.000000e+000  -0.000000e+000  -0.000000e+000  -0.000000e+000  -0.000000e+000  -0.000000e+000  -0.000000e+000  -0.000000e+000  
1.420789e+003  1.420787e+003  1.420783e+003  1.420775e+003  1.420763e+003  1.420748e+003  1.420726e+003  1.420693e+003  1.420642e+003  1.420556e+003  1.420375e+003  1.419903e+003  1.418700e+003  1.414428e+003  -0.000000e+000  
2.831668e+003  2.831664e+003  2.831656e+003  2.831642e+003  2.831618e+003  2.831589e+003  2.831547e+003  2.831487e+003  2.831395e+003  2.831248e+003  2.830966e+003  2.830367e+003  2.829324e+003  2.827554e+003  -0.000000e+000  
4.546251e+003  4.546245e+003  4.546233e+003  4.546211e+003  4.546176e+003  4.546133e+003  4.546073e+003  4.545988e+003  4.545867e+003  4.545687e+003  4.545381e+003  4.544864e+003  4.544207e+003  4.543498e+003  -0.000000e+000  
6.212504e+003  6.212496e+003  6.212481e+003  6.212454e+003  6.212411e+003  6.212358e+003  6.212287e+003  6.212191e+003  6.212060e+003  6.211881e+003  6.211606e+003  6.211219e+003  6.210822e+003  6.210496e+003  -0.000000e+000  
7.812713e+003  7.812705e+003  7.812687e+003  7.812656e+003  7.812608e+003  7.812551e+003  7.812476e+003  7.812378e+003  7.812251e+003  7.812089e+003  7.811863e+003  7.811585e+003  7.811340e+003  7.811169e+003  -0.000000e+000  
9.329866e+003  9.329857e+003  9.329838e+003  9.329806e+003  9.329756e+003  9.329698e+003  9.329624e+003  9.329530e+003  9.329415e+003  9.329276e+003  9.329096e+003  9.328898e+003  9.328740e+003  9.328641e+003  -0.000000e+000  
1.074783e+004  1.074782e+004  1.074780e+004  1.074777e+004  1.074772e+004  1.074767e+004  1.074760e+004  1.074751e+004  1.074741e+004  1.074730e+004  1.074715e+004  1.074701e+004  1.074690e+004  1.074684e+004  -0.000000e+000  
1.205154e+004  1.205153e+004  1.205151e+004  1.205148e+004  1.205143e+004  1.205138e+004  1.205132e+004  1.205124e+004  1.205115e+004  1.205106e+004  1.205095e+004  1.205084e+004  1.205077e+004  1.205073e+004  -0.000000e+000  
1.336425e+004  1.336424e+004  1.336423e+004  1.336420e+004  1.336416e+004  1.336411e+004  1.336405e+004  1.336399e+004  1.336392e+004  1.336384e+004  1.336376e+004  1.336368e+004  1.336363e+004  1.336360e+004  -0.000000e+000  
1.449738e+004  1.449738e+004  1.449736e+004  1.449733e+004  1.449730e+004  1.449726e+004  1.449721e+004  1.449715e+004  1.449709e+004  1.449703e+004  1.449697e+004  1.449691e+004  1.449687e+004  1.449685e+004  -0.000000e+000  
1.543570e+004  1.543569e+004  1.543568e+004  1.543566e+004  1.543563e+004  1.543559e+004  1.543555e+004  1.543550e+004  1.543546e+004  1.543541e+004  1.543536e+004  1.543531e+004  1.543529e+004  1.543527e+004  -0.000000e+000  
1.660741e+004  1.660740e+004  1.660739e+004  1.660738e+004  1.660735e+004  1.660733e+004  1.660730e+004  1.660726e+004  1.660723e+004  1.660720e+004  1.660717e+004  1.660714e+004  1.660712e+004  1.660711e+004  -0.000000e+000  
1.705005e+004  1.705005e+004  1.705004e+004  1.705003e+004  1.705002e+004  1.705000e+004  1.704998e+004  1.704996e+004  1.704994e+004  1.704991e+004  1.704989e+004  1.704987e+004  1.704986e+004  1.704985e+004  -0.000000e+000  
1.660714e+004  1.660714e+004  1.660714e+004  1.660714e+004  1.660714e+004  1.660713e+004  1.660712e+004  1.660711e+004  1.660709e+004  1.660707e+004  1.660705e+004  1.660703e+004  1.660702e+004  1.660701e+004  -0.000000e+000  
1.543519e+004  1.543519e+004  1.543520e+004  1.543522e+004  1.543522e+004  1.543523e+004  1.543522e+004  1.543521e+004  1.543520e+004  1.543518e+004  1.543515e+004  1.543512e+004  1.543511e+004  1.543510e+004  -0.000000e+000  
1.449672e+004  1.449673e+004  1.449675e+004  1.449678e+004  1.449679e+004  1.449681e+004  1.449681e+004  1.449680e+004  1.449678e+004  1.449676e+004  1.449672e+004  1.449669e+004  1.449666e+004  1.449665e+004  -0.000000e+000  
1.336343e+004  1.336345e+004  1.336348e+004  1.336352e+004  1.336356e+004  1.336358e+004  1.336359e+004  1.336358e+004  1.336356e+004  1.336353e+004  1.336348e+004  1.336343e+004  1.336339e+004  1.336337e+004  -0.000000e+000  
1.205054e+004  1.205057e+004  1.205062e+004  1.205069e+004  1.205075e+004  1.205079e+004  1.205081e+004  1.205080e+004  1.205077e+004  1.205073e+004  1.205066e+004  1.205058e+004  1.205052e+004  1.205049e+004  -0.000000e+000  
1.074665e+004  1.074670e+004  1.074678e+004  1.074689e+004  1.074698e+004  1.074703e+004  1.074706e+004  1.074706e+004  1.074702e+004  1.074696e+004  1.074686e+004  1.074675e+004  1.074666e+004  1.074661e+004  -0.000000e+000  
9.328449e+003  9.328538e+003  9.328675e+003  9.328838e+003  9.328966e+003  9.329044e+003  9.329081e+003  9.329078e+003  9.329033e+003  9.328949e+003  9.328815e+003  9.328648e+003  9.328508e+003  9.328417e+003  -0.000000e+000  
7.810993e+003  7.811154e+003  7.811380e+003  7.811625e+003  7.811801e+003  7.811904e+003  7.811953e+003  7.811950e+003  7.811896e+003  7.811788e+003  7.811607e+003  7.811359e+003  7.811130e+003  7.810968e+003  -0.000000e+000  
6.210345e+003  6.210663e+003  6.211044e+003  6.211402e+003  6.211632e+003  6.211757e+003  6.211815e+003  6.211813e+003  6.211751e+003  6.211622e+003  6.211389e+003  6.211028e+003  6.210645e+003  6.210326e+003  -0.000000e+000  
4.543382e+003  4.544084e+003  4.544728e+003  4.545222e+003  4.545493e+003  4.545628e+003  4.545688e+003  4.545687e+003  4.545624e+003  4.545486e+003  4.545213e+003  4.544717e+003  4.544071e+003  4.543368e+003  -0.000000e+000  
2.827478e+003  2.829245e+003  2.830279e+003  2.830863e+003  2.831122e+003  2.831238e+003  2.831287e+003  2.831287e+003  2.831236e+003  2.831117e+003  2.830857e+003  2.830272e+003  2.829237e+003  2.827470e+003  -0.000000e+000  
1.414389e+003  1.418659e+003  1.419859e+003  1.420323e+003  1.420491e+003  1.420561e+003  1.420590e+003  1.420589e+003  1.420560e+003  1.420489e+003  1.420320e+003  1.419855e+003  1.418656e+003  1.414385e+003  -0.000000e+000  
-0.000000e+000  -0.000000e+000  -0.000000e+000  -0.000000e+000  -0.000000e+000  -0.000000e+000  -0.000000e+000  -0.000000e+000  -0.000000e+000  -0.000000e+000  -0.000000e+000  -0.000000e+000  -0.000000e+000  -0.000000e+000  -0.000000e+000  

-0.000000e+000  -1.212320e-001  -2.436287e-001  -3.685432e-001  -5.301573e-001  -6.685396e-001  -8.189433e-001  -9.883326e-001  -1.188505e+000  -1.440811e+000  -1.787462e+000  -2.483129e+000  -3.621100e+000  -6.279022e+000  -0.000000e+000  
-0.000000e+000  -1.196951e-001  -2.404348e-001  -3.634432e-001  -5.218746e-001  -6.567425e-001  -8.019654e-001  -9.631725e-001  -1.149279e+000  -1.374780e+000  -1.663286e+000  -2.159504e+000  -2.693946e+000  -2.988384e+000  -0.000000e+000  
-0.000000e+000  -1.163528e-001  -2.334890e-001  -3.523055e-001  -5.041600e-001  -6.315780e-001  -7.661492e-001  -9.110476e-001  -1.070377e+000  -1.248522e+000  -1.446728e+000  -1.700797e+000  -1.796171e+000  -1.464908e+000  -0.000000e+000  
-0.000000e+000  -1.107140e-001  -2.218116e-001  -3.337219e-001  -4.748318e-001  -5.905879e-001  -7.090875e-001  -8.307143e-001  -9.547964e-001  -1.077592e+000  -1.187425e+000  -1.263279e+000  -1.170905e+000  -7.911933e-001  -0.000000e+000  
-0.000000e+000  -1.035517e-001  -2.070407e-001  -3.103857e-001  -4.385637e-001  -5.408370e-001  -6.416594e-001  -7.393281e-001  -8.302288e-001  -9.069267e-001  -9.547686e-001  -9.358623e-001  -7.930552e-001  -4.812073e-001  -0.000000e+000  
-0.000000e+000  -9.534412e-002  -1.901996e-001  -2.840083e-001  -3.982367e-001  -4.866484e-001  -5.702607e-001  -6.462030e-001  -7.096790e-001  -7.527171e-001  -7.625297e-001  -7.014228e-001  -5.596531e-001  -3.192716e-001  -0.000000e+000  
-0.000000e+000  -8.656584e-002  -1.722823e-001  -2.562102e-001  -3.564227e-001  -4.316260e-001  -4.997356e-001  -5.574825e-001  -6.000677e-001  -6.205539e-001  -6.093983e-001  -5.343546e-001  -4.094836e-001  -2.252899e-001  -0.000000e+000  
-0.000000e+000  -7.763434e-002  -1.541515e-001  -2.283938e-001  -3.151374e-001  -3.784301e-001  -4.332702e-001  -4.765462e-001  -5.040630e-001  -5.104089e-001  -4.891319e-001  -4.138151e-001  -3.086130e-001  -1.660793e-001  -0.000000e+000  
-0.000000e+000  -6.834491e-002  -1.353383e-001  -1.995124e-001  -2.738492e-001  -3.257752e-001  -3.688899e-001  -4.003391e-001  -4.167370e-001  -4.141915e-001  -3.886011e-001  -3.201509e-001  -2.338488e-001  -1.239327e-001  -0.000000e+000  
-0.000000e+000  -5.913882e-002  -1.168289e-001  -1.715771e-001  -2.336140e-001  -2.757340e-001  -3.091222e-001  -3.314984e-001  -3.403568e-001  -3.331225e-001  -3.074996e-001  -2.479560e-001  -1.785631e-001  -9.367732e-002  -0.000000e+000  
-0.000000e+000  -5.079412e-002  -1.001126e-001  -1.464510e-001  -1.979751e-001  -2.319693e-001  -2.577889e-001  -2.736557e-001  -2.777985e-001  -2.685976e-001  -2.448443e-001  -1.943935e-001  -1.385881e-001  -7.221334e-002  -0.000000e+000  
-0.000000e+000  -4.047430e-002  -7.950798e-002  -1.156893e-001  -1.544612e-001  -1.791949e-001  -1.967439e-001  -2.060056e-001  -2.060438e-001  -1.961950e-001  -1.762160e-001  -1.371885e-001  -9.675542e-002  -5.005541e-002  -0.000000e+000  
-0.000000e+000  -3.038264e-002  -5.932693e-002  -8.548073e-002  -1.123225e-001  -1.281564e-001  -1.381018e-001  -1.417249e-001  -1.388428e-001  -1.295274e-001  -1.141164e-001  -8.705019e-002  -6.061900e-002  -3.111012e-002  -0.000000e+000  
-0.000000e+000  -2.465699e-002  -4.756816e-002  -6.719668e-002  -8.562354e-002  -9.439516e-002  -9.782645e-002  -9.620089e-002  -9.011097e-002  -8.034346e-002  -6.776150e-002  -4.948416e-002  -3.345798e-002  -1.685009e-002  -0.000000e+000  
-0.000000e+000  -2.533646e-002  -4.783098e-002  -6.514859e-002  -7.785469e-002  -7.991638e-002  -7.571405e-002  -6.661155e-002  -5.440369e-002  -4.102602e-002  -2.826024e-002  -1.551936e-002  -8.160768e-003  -3.337249e-003  -0.000000e+000  
-0.000000e+000  -3.324912e-002  -6.146397e-002  -8.079198e-002  -8.955634e-002  -8.464369e-002  -7.093223e-002  -5.135002e-002  -2.937019e-002  -8.575943e-003  7.777887e-003  1.863874e-002  1.833011e-002  1.116239e-002  -0.000000e+000  
-0.000000e+000  -4.418471e-002  -8.049353e-002  -1.032292e-001  -1.089489e-001  -9.692690e-002  -7.328884e-002  -4.254547e-002  -9.814359e-003  1.969632e-002  4.120201e-002  5.174598e-002  4.476740e-002  2.589225e-002  -0.000000e+000  
-0.000000e+000  -6.352974e-002  -1.139573e-001  -1.427021e-001  -1.438257e-001  -1.211868e-001  -8.278200e-002  -3.544183e-002  1.355535e-002  5.685382e-002  8.739560e-002  9.982168e-002  8.420251e-002  4.829524e-002  -0.000000e+000  
-0.000000e+000  -9.514874e-002  -1.675417e-001  -2.042947e-001  -1.982372e-001  -1.595935e-001  -1.003500e-001  -3.007006e-002  4.161567e-002  1.050124e-001  1.503625e-001  1.679169e-001  1.422997e-001  8.222514e-002  -0.000000e+000  
-0.000000e+000  -1.444864e-001  -2.484427e-001  -2.943119e-001  -2.738624e-001  -2.126873e-001  -1.258041e-001  -2.596492e-002  7.508880e-002  1.655587e-001  2.325254e-001  2.629025e-001  2.266488e-001  1.333281e-001  -0.000000e+000  
-0.000000e+000  -2.289427e-001  -3.792358e-001  -4.314808e-001  -3.824791e-001  -2.867697e-001  -1.616377e-001  -2.268169e-002  1.173356e-001  2.456008e-001  3.463700e-001  4.040440e-001  3.601986e-001  2.191960e-001  -0.000000e+000  
-0.000000e+000  -3.820946e-001  -5.946713e-001  -6.379262e-001  -5.322873e-001  -3.844123e-001  -2.082556e-001  -2.011676e-002  1.689630e-001  3.478994e-001  5.002617e-001  6.135927e-001  5.777876e-001  3.734504e-001  -0.000000e+000  
-0.000000e+000  -6.844945e-001  -9.569169e-001  -9.408053e-001  -7.271039e-001  -5.035469e-001  -2.634950e-001  -1.818914e-002  2.279677e-001  4.705325e-001  6.981475e-001  9.188040e-001  9.416515e-001  6.766792e-001  -0.000000e+000  
-0.000000e+000  -1.352291e+000  -1.569936e+000  -1.358901e+000  -9.559915e-001  -6.322451e-001  -3.206851e-001  -1.683763e-002  2.877970e-001  6.016838e-001  9.291865e-001  1.338534e+000  1.555805e+000  1.345057e+000  -0.000000e+000  
-0.000000e+000  -2.872314e+000  -2.460477e+000  -1.806042e+000  -1.154221e+000  -7.326602e-001  -3.630433e-001  -1.609782e-002  3.316017e-001  7.034420e-001  1.128594e+000  1.786572e+000  2.446968e+000  2.865400e+000  -0.000000e+000  
-0.000000e+000  -6.161462e+000  -3.384321e+000  -2.124336e+000  -1.269890e+000  -7.866009e-001  -3.849714e-001  -1.576968e-002  3.541693e-001  7.579785e-001  1.244786e+000  2.105262e+000  3.371088e+000  6.154691e+000  -0.000000e+000  
-0.000000e+000  -0.000000e+000  -0.000000e+000  -0.000000e+000  -0.000000e+000  -0.000000e+000  -0.000000e+000  -0.000000e+000  -0.000000e+000  -0.000000e+000  -0.000000e+000  -0.000000e+000  -0.000000e+000  -0.000000e+000  -0.000000e+000  

0.000000e+000  0.000000e+000  0.000000e+000  0.000000e+000  0.000000e+000  0.000000e+000  0.000000e+000  0.000000e+000  0.000000e+000  0.000000e+000  0.000000e+000  0.000000e+000  0.000000e+000  0.000000e+000  0.000000e+000  
0.000000e+000  0.000000e+000  0.000000e+000  0.000000e+000  0.000000e+000  0.000000e+000  0.000000e+000  0.000000e+000  0.000000e+000  0.000000e+000  0.000000e+000  0.000000e+000  0.000000e+000  0.000000e+000  0.000000e+000  
0.000000e+000  0.000000e+000  0.000000e+000  0.000000e+000  0.000000e+000  0.000000e+000  0.000000e+000  0.000000e+000  0.000000e+000  0.000000e+000  0.000000e+000  0.000000e+000  0.000000e+000  0.000000e+000  0.000000e+000  
0.000000e+000  0.000000e+000  0.000000e+000  0.000000e+000  0.000000e+000  0.000000e+000  0.000000e+000  0.000000e+000  0.000000e+000  0.000000e+000  0.000000e+000  0.000000e+000  0.000000e+000  0.000000e+000  0.000000e+000  
0.000000e+000  0.000000e+000  0.000000e+000  0.000000e+000  0.000000e+000  0.000000e+000  0.000000e+000  0.000000e+000  0.000000e+000  0.000000e+000  0.000000e+000  0.000000e+000  0.000000e+000  0.000000e+000  0.000000e+000  
0.000000e+000  0.000000e+000  0.000000e+000  0.000000e+000  0.000000e+000  0.000000e+000  0.000000e+000  0.000000e+000  0.000000e+000  0.000000e+000  0.000000e+000  0.000000e+000  0.000000e+000  0.000000e+000  0.000000e+000  
0.000000e+000  0.000000e+000  0.000000e+000  0.000000e+000  0.000000e+000  0.000000e+000  0.000000e+000  0.000000e+000  0.000000e+000  0.000000e+000  0.000000e+000  0.000000e+000  0.000000e+000  0.000000e+000  0.000000e+000  
0.000000e+000  0.000000e+000  0.000000e+000  0.000000e+000  0.000000e+000  0.000000e+000  0.000000e+000  0.000000e+000  0.000000e+000  0.000000e+000  0.000000e+000  0.000000e+000  0.000000e+000  0.000000e+000  0.000000e+000  
0.000000e+000  0.000000e+000  0.000000e+000  0.000000e+000  0.000000e+000  0.000000e+000  0.000000e+000  0.000000e+000  0.000000e+000  0.000000e+000  0.000000e+000  0.000000e+000  0.000000e+000  0.000000e+000  0.000000e+000  
0.000000e+000  0.000000e+000  0.000000e+000  0.000000e+000  0.000000e+000  0.000000e+000  0.000000e+000  0.000000e+000  0.000000e+000  0.000000e+000  0.000000e+000  0.000000e+000  0.000000e+000  0.000000e+000  0.000000e+000  
0.000000e+000  0.000000e+000  0.000000e+000  0.000000e+000  0.000000e+000  0.000000e+000  0.000000e+000  0.000000e+000  0.000000e+000  0.000000e+000  0.000000e+000  0.000000e+000  0.000000e+000  0.000000e+000  0.000000e+000  
0.000000e+000  0.000000e+000  0.000000e+000  0.000000e+000  0.000000e+000  0.000000e+000  0.000000e+000  0.000000e+000  0.000000e+000  0.000000e+000  0.000000e+000  0.000000e+000  0.000000e+000  0.000000e+000  0.000000e+000  
0.000000e+000  0.000000e+000  0.000000e+000  0.000000e+000  0.000000e+000  0.000000e+000  0.000000e+000  0.000000e+000  0.000000e+000  0.000000e+000  0.000000e+000  0.000000e+000  0.000000e+000  0.000000e+000  0.000000e+000  
0.000000e+000  0.000000e+000  0.000000e+000  0.000000e+000  0.000000e+000  0.000000e+000  0.000000e+000  0.000000e+000  0.000000e+000  0.000000e+000  0.000000e+000  0.000000e+000  0.000000e+000  0.000000e+000  0.000000e+000  
0.000000e+000  0.000000e+000  0.000000e+000  0.000000e+000  0.000000e+000  0.000000e+000  0.000000e+000  0.000000e+000  0.000000e+000  0.000000e+000  0.000000e+000  0.000000e+000  0.000000e+000  0.000000e+000  0.000000e+000  
0.000000e+000  0.000000e+000  0.000000e+000  0.000000e+000  0.000000e+000  0.000000e+000  0.000000e+000  0.000000e+000  0.000000e+000  0.000000e+000  0.000000e+000  0.000000e+000  0.000000e+000  0.000000e+000  0.000000e+000  
0.000000e+000  0.000000e+000  0.000000e+000  0.000000e+000  0.000000e+000  0.000000e+000  0.000000e+000  0.000000e+000  0.000000e+000  0.000000e+000  0.000000e+000  0.000000e+000  0.000000e+000  0.000000e+000  0.000000e+000  
0.000000e+000  0.000000e+000  0.000000e+000  0.000000e+000  0.000000e+000  0.000000e+000  0.000000e+000  0.000000e+000  0.000000e+000  0.000000e+000  0.000000e+000  0.000000e+000  0.000000e+000  0.000000e+000  0.000000e+000  
0.000000e+000  0.000000e+000  0.000000e+000  0.000000e+000  0.000000e+000  0.000000e+000  0.000000e+000  0.000000e+000  0.000000e+000  0.000000e+000  0.000000e+000  0.000000e+000  0.000000e+000  0.000000e+000  0.000000e+000  
0.000000e+000  0.000000e+000  0.000000e+000  0.000000e+000  0.000000e+000  0.000000e+000  0.000000e+000  0.000000e+000  0.000000e+000  0.000000e+000  0.000000e+000  0.000000e+000  0.000000e+000  0.000000e+000  0.000000e+000  
0.000000e+000  0.000000e+000  0.000000e+000  0.000000e+000  0.000000e+000  0.000000e+000  0.000000e+000  0.000000e+000  0.000000e+000  0.000000e+000  0.000000e+000  0.000000e+000  0.000000e+000  0.000000e+000  0.000000e+000  
0.000000e+000  0.000000e+000  0.000000e+000  0.000000e+000  0.000000e+000  0.000000e+000  0.000000e+000  0.000000e+000  0.000000e+000  0.000000e+000  0.000000e+000  0.000000e+000  0.000000e+000  0.000000e+000  0.000000e+000  
0.000000e+000  0.000000e+000  0.000000e+000  0.000000e+000  0.000000e+000  0.000000e+000  0.000000e+000  0.000000e+000  0.000000e+000  0.000000e+000  0.000000e+000  0.000000e+000  0.000000e+000  0.000000e+000  0.000000e+000  
0.000000e+000  0.000000e+000  0.000000e+000  0.000000e+000  0.000000e+000  0.000000e+000  0.000000e+000  0.000000e+000  0.000000e+000  0.000000e+000  0.000000e+000  0.000000e+000  0.000000e+000  0.000000e+000  0.000000e+000  
0.000000e+000  0.000000e+000  0.000000e+000  0.000000e+000  0.000000e+000  0.000000e+000  0.000000e+000  0.000000e+000  0.000000e+000  0.000000e+000  0.000000e+000  0.000000e+000  0.000000e+000  0.000000e+000  0.000000e+000  
0.000000e+000  0.000000e+000  0.000000e+000  0.000000e+000  0.000000e+000  0.000000e+000  0.000000e+000  0.000000e+000  0.000000e+000  0.000000e+000  0.000000e+000  0.000000e+000  0.000000e+000  0.000000e+000  0.000000e+000  
0.000000e+000  0.000000e+000  0.000000e+000  0.000000e+000  0.000000e+000  0.000000e+000  0.000000e+000  0.000000e+000  0.000000e+000  0.000000e+000  0.000000e+000  0.000000e+000  0.000000e+000  0.000000e+000  0.000000e+000  

0.000000e+000  0.000000e+000  0.000000e+000  0.000000e+000  0.000000e+000  0.000000e+000  0.000000e+000  0.000000e+000  0.000000e+000  0.000000e+000  0.000000e+000  0.000000e+000  0.000000e+000  0.000000e+000  0.000000e+000  
0.000000e+000  0.000000e+000  0.000000e+000  0.000000e+000  0.000000e+000  0.000000e+000  0.000000e+000  0.000000e+000  0.000000e+000  0.000000e+000  0.000000e+000  0.000000e+000  0.000000e+000  0.000000e+000  0.000000e+000  
0.000000e+000  0.000000e+000  0.000000e+000  0.000000e+000  0.000000e+000  0.000000e+000  0.000000e+000  0.000000e+000  0.000000e+000  0.000000e+000  0.000000e+000  0.000000e+000  0.000000e+000  0.000000e+000  0.000000e+000  
0.000000e+000  0.000000e+000  0.000000e+000  0.000000e+000  0.000000e+000  0.000000e+000  0.000000e+000  0.000000e+000  0.000000e+000  0.000000e+000  0.000000e+000  0.000000e+000  0.000000e+000  0.000000e+000  0.000000e+000  
0.000000e+000  0.000000e+000  0.000000e+000  0.000000e+000  0.000000e+000  0.000000e+000  0.000000e+000  0.000000e+000  0.000000e+000  0.000000e+000  0.000000e+000  0.000000e+000  0.000000e+000  0.000000e+000  0.000000e+000  
0.000000e+000  0.000000e+000  0.000000e+000  0.000000e+000  0.000000e+000  0.000000e+000  0.000000e+000  0.000000e+000  0.000000e+000  0.000000e+000  0.000000e+000  0.000000e+000  0.000000e+000  0.000000e+000  0.000000e+000  
0.000000e+000  0.000000e+000  0.000000e+000  0.000000e+000  0.000000e+000  0.000000e+000  0.000000e+000  0.000000e+000  0.000000e+000  0.000000e+000  0.000000e+000  0.000000e+000  0.000000e+000  0.000000e+000  0.000000e+000  
0.000000e+000  0.000000e+000  0.000000e+000  0.000000e+000  0.000000e+000  0.000000e+000  0.000000e+000  0.000000e+000  0.000000e+000  0.000000e+000  0.000000e+000  0.000000e+000  0.000000e+000  0.000000e+000  0.000000e+000  
0.000000e+000  0.000000e+000  0.000000e+000  0.000000e+000  0.000000e+000  0.000000e+000  0.000000e+000  0.000000e+000  0.000000e+000  0.000000e+000  0.000000e+000  0.000000e+000  0.000000e+000  0.000000e+000  0.000000e+000  
0.000000e+000  0.000000e+000  0.000000e+000  0.000000e+000  0.000000e+000  0.000000e+000  0.000000e+000  0.000000e+000  0.000000e+000  0.000000e+000  0.000000e+000  0.000000e+000  0.000000e+000  0.000000e+000  0.000000e+000  
0.000000e+000  0.000000e+000  0.000000e+000  0.000000e+000  0.000000e+000  0.000000e+000  0.000000e+000  0.000000e+000  0.000000e+000  0.000000e+000  0.000000e+000  0.000000e+000  0.000000e+000  0.000000e+000  0.000000e+000  
0.000000e+000  0.000000e+000  0.000000e+000  0.000000e+000  0.000000e+000  0.000000e+000  0.000000e+000  0.000000e+000  0.000000e+000  0.000000e+000  0.000000e+000  0.000000e+000  0.000000e+000  0.000000e+000  0.000000e+000  
0.000000e+000  0.000000e+000  0.000000e+000  0.000000e+000  0.000000e+000  0.000000e+000  0.000000e+000  0.000000e+000  0.000000e+000  0.000000e+000  0.000000e+000  0.000000e+000  0.000000e+000  0.000000e+000  0.000000e+000  
0.000000e+000  0.000000e+000  0.000000e+000  0.000000e+000  0.000000e+000  0.000000e+000  0.000000e+000  0.000000e+000  0.000000e+000  0.000000e+000  0.000000e+000  0.000000e+000  0.000000e+000  0.000000e+000  0.000000e+000  
0.000000e+000  0.000000e+000  0.000000e+000  0.000000e+000  0.000000e+000  0.000000e+000  0.000000e+000  0.000000e+000  0.000000e+000  0.000000e+000  0.000000e+000  0.000000e+000  0.000000e+000  0.000000e+000  0.000000e+000  
0.000000e+000  0.000000e+000  0.000000e+000  0.000000e+000  0.000000e+000  0.000000e+000  0.000000e+000  0.000000e+000  0.000000e+000  0.000000e+000  0.000000e+000  0.000000e+000  0.000000e+000  0.000000e+000  0.000000e+000  
0.000000e+000  0.000000e+000  0.000000e+000  0.000000e+000  0.000000e+000  0.000000e+000  0.000000e+000  0.000000e+000  0.000000e+000  0.000000e+000  0.000000e+000  0.000000e+000  0.000000e+000  0.000000e+000  0.000000e+000  
0.000000e+000  0.000000e+000  0.000000e+000  0.000000e+000  0.000000e+000  0.000000e+000  0.000000e+000  0.000000e+000  0.000000e+000  0.000000e+000  0.000000e+000  0.000000e+000  0.000000e+000  0.000000e+000  0.000000e+000  
0.000000e+000  0.000000e+000  0.000000e+000  0.000000e+000  0.000000e+000  0.000000e+000  0.000000e+000  0.000000e+000  0.000000e+000  0.000000e+000  0.000000e+000  0.000000e+000  0.000000e+000  0.000000e+000  0.000000e+000  
0.000000e+000  0.000000e+000  0.000000e+000  0.000000e+000  0.000000e+000  0.000000e+000  0.000000e+000  0.000000e+000  0.000000e+000  0.000000e+000  0.000000e+000  0.000000e+000  0.000000e+000  0.000000e+000  0.000000e+000  
0.000000e+000  0.000000e+000  0.000000e+000  0.000000e+000  0.000000e+000  0.000000e+000  0.000000e+000  0.000000e+000  0.000000e+000  0.000000e+000  0.000000e+000  0.000000e+000  0.000000e+000  0.000000e+000  0.000000e+000  
0.000000e+000  0.000000e+000  0.000000e+000  0.000000e+000  0.000000e+000  0.000000e+000  0.000000e+000  0.000000e+000  0.000000e+000  0.000000e+000  0.000000e+000  0.000000e+000  0.000000e+000  0.000000e+000  0.000000e+000  
0.000000e+000  0.000000e+000  0.000000e+000  0.000000e+000  0.000000e+000  0.000000e+000  0.000000e+000  0.000000e+000  0.000000e+000  0.000000e+000  0.000000e+000  0.000000e+000  0.000000e+000  0.000000e+000  0.000000e+000  
0.000000e+000  0.000000e+000  0.000000e+000  0.000000e+000  0.000000e+000  0.000000e+000  0.000000e+000  0.000000e+000  0.000000e+000  0.000000e+000  0.000000e+000  0.000000e+000  0.000000e+000  0.000000e+000  0.000000e+000  
0.000000e+000  0.000000e+000  0.000000e+000  0.000000e+000  0.000000e+000  0.000000e+000  0.000000e+000  0.000000e+000  0.000000e+000  0.000000e+000  0.000000e+000  0.000000e+000  0.000000e+000  0.000000e+000  0.000000e+000  
0.000000e+000  0.000000e+000  0.000000e+000  0.000000e+000  0.000000e+000  0.000000e+000  0.000000e+000  0.000000e+000  0.000000e+000  0.000000e+000  0.000000e+000  0.000000e+000  0.000000e+000  0.000000e+000  0.000000e+000  
0.000000e+000  0.000000e+000  0.000000e+000  0.000000e+000  0.000000e+000  0.000000e+000  0.000000e+000  0.000000e+000  0.000000e+000  0.000000e+000  0.000000e+000  0.000000e+000  0.000000e+000  0.000000e+000  0.000000e+000  

0.000000e+000  0.000000e+000  0.000000e+000  0.000000e+000  0.000000e+000  0.000000e+000  0.000000e+000  0.000000e+000  0.000000e+000  0.000000e+000  0.000000e+000  0.000000e+000  0.000000e+000  0.000000e+000  0.000000e+000  
0.000000e+000  0.000000e+000  0.000000e+000  0.000000e+000  0.000000e+000  0.000000e+000  0.000000e+000  0.000000e+000  0.000000e+000  0.000000e+000  0.000000e+000  0.000000e+000  0.000000e+000  0.000000e+000  0.000000e+000  
0.000000e+000  0.000000e+000  0.000000e+000  0.000000e+000  0.000000e+000  0.000000e+000  0.000000e+000  0.000000e+000  0.000000e+000  0.000000e+000  0.000000e+000  0.000000e+000  0.000000e+000  0.000000e+000  0.000000e+000  
0.000000e+000  0.000000e+000  0.000000e+000  0.000000e+000  0.000000e+000  0.000000e+000  0.000000e+000  0.000000e+000  0.000000e+000  0.000000e+000  0.000000e+000  0.000000e+000  0.000000e+000  0.000000e+000  0.000000e+000  
0.000000e+000  0.000000e+000  0.000000e+000  0.000000e+000  0.000000e+000  0.000000e+000  0.000000e+000  0.000000e+000  0.000000e+000  0.000000e+000  0.000000e+000  0.000000e+000  0.000000e+000  0.000000e+000  0.000000e+000  
0.000000e+000  0.000000e+000  0.000000e+000  0.000000e+000  0.000000e+000  0.000000e+000  0.000000e+000  0.000000e+000  0.000000e+000  0.000000e+000  0.000000e+000  0.000000e+000  0.000000e+000  0.000000e+000  0.000000e+000  
0.000000e+000  0.000000e+000  0.000000e+000  0.000000e+000  0.000000e+000  0.000000e+000  0.000000e+000  0.000000e+000  0.000000e+000  0.000000e+000  0.000000e+000  0.000000e+000  0.000000e+000  0.000000e+000  0.000000e+000  
0.000000e+000  0.000000e+000  0.000000e+000  0.000000e+000  0.000000e+000  0.000000e+000  0.000000e+000  0.000000e+000  0.000000e+000  0.000000e+000  0.000000e+000  0.000000e+000  0.000000e+000  0.000000e+000  0.000000e+000  
0.000000e+000  0.000000e+000  0.000000e+000  0.000000e+000  0.000000e+000  0.000000e+000  0.000000e+000  0.000000e+000  0.000000e+000  0.000000e+000  0.000000e+000  0.000000e+000  0.000000e+000  0.000000e+000  0.000000e+000  
0.000000e+000  0.000000e+000  0.000000e+000  0.000000e+000  0.000000e+000  0.000000e+000  0.000000e+000  0.000000e+000  0.000000e+000  0.000000e+000  0.000000e+000  0.000000e+000  0.000000e+000  0.000000e+000  0.000000e+000  
0.000000e+000  0.000000e+000  0.000000e+000  0.000000e+000  0.000000e+000  0.000000e+000  0.000000e+000  0.000000e+000  0.000000e+000  0.000000e+000  0.000000e+000  0.000000e+000  0.000000e+000  0.000000e+000  0.000000e+000  
0.000000e+000  0.000000e+000  0.000000e+000  0.000000e+000  0.000000e+000  0.000000e+000  0.000000e+000  0.000000e+000  0.000000e+000  0.000000e+000  0.000000e+000  0.000000e+000  0.000000e+000  0.000000e+000  0.000000e+000  
0.000000e+000  0.000000e+000  0.000000e+000  0.000000e+000  0.000000e+000  0.000000e+000  0.000000e+000  0.000000e+000  0.000000e+000  0.000000e+000  0.000000e+000  0.000000e+000  0.000000e+000  0.000000e+000  0.000000e+000  
0.000000e+000  0.000000e+000  0.000000e+000  0.000000e+000  0.000000e+000  0.000000e+000  0.000000e+000  0.000000e+000  0.000000e+000  0.000000e+000  0.000000e+000  0.000000e+000  0.000000e+000  0.000000e+000  0.000000e+000  
0.000000e+000  0.000000e+000  0.000000e+000  0.000000e+000  0.000000e+000  0.000000e+000  0.000000e+000  0.000000e+000  0.000000e+000  0.000000e+000  0.000000e+000  0.000000e+000  0.000000e+000  0.000000e+000  0.000000e+000  
0.000000e+000  0.000000e+000  0.000000e+000  0.000000e+000  0.000000e+000  0.000000e+000  0.000000e+000  0.000000e+000  0.000000e+000  0.000000e+000  0.000000e+000  0.000000e+000  0.000000e+000  0.000000e+000  0.000000e+000  
0.000000e+000  0.000000e+000  0.000000e+000  0.000000e+000  0.000000e+000  0.000000e+000  0.000000e+000  0.000000e+000  0.000000e+000  0.000000e+000  0.000000e+000  0.000000e+000  0.000000e+000  0.000000e+000  0.000000e+000  
0.000000e+000  0.000000e+000  0.000000e+000  0.000000e+000  0.000000e+000  0.000000e+000  0.000000e+000  0.000000e+000  0.000000e+000  0.000000e+000  0.000000e+000  0.000000e+000  0.000000e+000  0.000000e+000  0.000000e+000  
0.000000e+000  0.000000e+000  0.000000e+000  0.000000e+000  0.000000e+000  0.000000e+000  0.000000e+000  0.000000e+000  0.000000e+000  0.000000e+000  0.000000e+000  0.000000e+000  0.000000e+000  0.000000e+000  0.000000e+000  
0.000000e+000  0.000000e+000  0.000000e+000  0.000000e+000  0.000000e+000  0.000000e+000  0.000000e+000  0.000000e+000  0.000000e+000  0.000000e+000  0.000000e+000  0.000000e+000  0.000000e+000  0.000000e+000  0.000000e+000  
0.000000e+000  0.000000e+000  0.000000e+000  0.000000e+000  0.000000e+000  0.000000e+000  0.000000e+000  0.000000e+000  0.000000e+000  0.000000e+000  0.000000e+000  0.000000e+000  0.000000e+000  0.000000e+000  0.000000e+000  
0.000000e+000  0.000000e+000  0.000000e+000  0.000000e+000  0.000000e+000  0.000000e+000  0.000000e+000  0.000000e+000  0.000000e+000  0.000000e+000  0.000000e+000  0.000000e+000  0.000000e+000  0.000000e+000  0.000000e+000  
0.000000e+000  0.000000e+000  0.000000e+000  0.000000e+000  0.000000e+000  0.000000e+000  0.000000e+000  0.000000e+000  0.000000e+000  0.000000e+000  0.000000e+000  0.000000e+000  0.000000e+000  0.000000e+000  0.000000e+000  
0.000000e+000  0.000000e+000  0.000000e+000  0.000000e+000  0.000000e+000  0.000000e+000  0.000000e+000  0.000000e+000  0.000000e+000  0.000000e+000  0.000000e+000  0.000000e+000  0.000000e+000  0.000000e+000  0.000000e+000  
0.000000e+000  0.000000e+000  0.000000e+000  0.000000e+000  0.000000e+000  0.000000e+000  0.000000e+000  0.000000e+000  0.000000e+000  0.000000e+000  0.000000e+000  0.000000e+000  0.000000e+000  0.000000e+000  0.000000e+000  
0.000000e+000  0.000000e+000  0.000000e+000  0.000000e+000  0.000000e+000  0.000000e+000  0.000000e+000  0.000000e+000  0.000000e+000  0.000000e+000  0.000000e+000  0.000000e+000  0.000000e+000  0.000000e+000  0.000000e+000  
0.000000e+000  0.000000e+000  0.000000e+000  0.000000e+000  0.000000e+000  0.000000e+000  0.000000e+000  0.000000e+000  0.000000e+000  0.000000e+000  0.000000e+000  0.000000e+000  0.000000e+000  0.000000e+000  0.000000e+000  

-0.000000e+000  -0.000000e+000  -0.000000e+000  -0.000000e+000  -0.000000e+000  -0.000000e+000  -0.000000e+000  -0.000000e+000  -0.000000e+000  -0.000000e+000  -0.000000e+000  -0.000000e+000  -0.000000e+000  -0.000000e+000  -0.000000e+000  
-0.000000e+000  -1.541246e-006  -6.527105e-006  -0.000000e+000  1.223088e-006  3.655309e-006  -0.000000e+000  -4.465528e-006  1.298504e-006  -2.686575e-006  -4.792077e-006  4.637111e-006  3.320907e-006  8.809391e-007  -0.000000e+000  
-0.000000e+000  -4.198538e-006  -2.818981e-006  -9.324429e-006  6.509256e-006  2.685996e-006  1.032146e-006  2.865456e-007  -6.622725e-006  -4.620392e-006  -4.094556e-006  6.102474e-006  6.459675e-006  2.047134e-006  -0.000000e+000  
-0.000000e+000  -4.682842e-006  -1.244808e-005  -1.558380e-005  1.364365e-005  7.789772e-006  4.591632e-006  -4.000844e-006  -4.086029e-006  -8.452467e-006  -1.636190e-005  1.764056e-005  1.083498e-005  4.756860e-006  -0.000000e+000  
-0.000000e+000  -6.211719e-006  -1.461735e-005  -2.425227e-005  2.330638e-005  1.252074e-005  6.812438e-006  -1.131861e-006  -6.705997e-006  -1.400527e-005  -2.071549e-005  2.634861e-005  1.459214e-005  6.967211e-006  -0.000000e+000  
-0.000000e+000  -9.332730e-006  -1.630079e-005  -2.877619e-005  2.713492e-005  1.552688e-005  6.698516e-006  -5.683868e-007  -7.895009e-006  -1.556059e-005  -2.530446e-005  2.794366e-005  1.771766e-005  5.948078e-006  -0.000000e+000  
-0.000000e+000  -6.936179e-006  -1.802141e-005  -3.033067e-005  3.154617e-005  1.510394e-005  6.553707e-006  9.143451e-007  -6.812982e-006  -1.514902e-005  -2.842423e-005  3.367438e-005  1.386686e-005  1.079243e-005  -0.000000e+000  
-0.000000e+000  -9.175097e-006  -1.301412e-005  -2.617808e-005  2.424965e-005  1.199990e-005  9.642709e-006  -2.827133e-006  -5.021193e-006  -1.416081e-005  -2.380501e-005  2.253698e-005  1.717394e-005  5.561722e-006  -0.000000e+000  
-0.000000e+000  -5.180348e-006  -6.897830e-006  5.380308e-006  -9.378876e-006  6.718230e-006  1.908819e-006  2.526966e-006  -4.619281e-006  -6.050938e-006  6.603700e-006  -4.823645e-006  4.394457e-006  6.115836e-006  -0.000000e+000  
-0.000000e+000  -6.714807e-006  -1.085320e-005  -2.640729e-005  2.668028e-005  1.088380e-005  7.248665e-006  -3.080080e-006  -7.244012e-006  -1.540921e-005  -2.627362e-005  2.566895e-005  1.482914e-005  5.264361e-006  -0.000000e+000  
-0.000000e+000  -5.448525e-006  -1.392226e-005  -3.230471e-005  3.187382e-005  1.715282e-005  6.252244e-006  -6.553398e-007  -8.735070e-006  -1.612233e-005  -3.196461e-005  3.390875e-005  1.593170e-005  9.202570e-006  -0.000000e+000  
-0.000000e+000  -3.794355e-006  -5.201788e-006  -1.478299e-005  1.758777e-005  8.684638e-006  3.995211e-006  -2.207956e-006  -3.701065e-006  -8.792501e-006  -1.768079e-005  1.762066e-005  1.059340e-005  4.498890e-006  -0.000000e+000  
-0.000000e+000  4.381377e-006  1.742367e-005  3.024736e-005  -2.845534e-005  -1.467981e-005  -3.086338e-006  -7.933168e-007  4.242495e-006  1.509009e-005  3.007711e-005  -2.822734e-005  -1.092055e-005  -4.917713e-006  -0.000000e+000  
-0.000000e+000  2.126097e-006  6.579288e-006  2.184373e-006  -3.409432e-006  -5.343445e-006  -5.012996e-006  6.445015e-007  2.885174e-006  5.822982e-006  4.399715e-006  -3.278293e-006  -5.881334e-006  -2.589537e-006  -0.000000e+000  
-0.000000e+000  5.124242e-006  1.486903e-005  3.057787e-005  -2.971777e-005  -1.280019e-005  -6.562808e-006  1.326299e-006  5.877025e-006  1.375302e-005  3.269999e-005  -2.886095e-005  -1.523441e-005  -4.429319e-006  -0.000000e+000  
-0.000000e+000  -3.937389e-006  -7.671673e-006  -1.524089e-005  1.471875e-005  7.748570e-006  1.586956e-006  4.115845e-007  -2.808598e-006  -8.558642e-006  -1.516925e-005  1.594933e-005  6.624114e-006  3.697096e-006  -0.000000e+000  
-0.000000e+000  -7.435704e-006  -1.682427e-005  -3.003862e-005  3.133953e-005  1.575644e-005  5.657514e-006  -1.290611e-006  -5.860011e-006  -1.531603e-005  -3.305980e-005  2.883696e-005  1.321984e-005  4.859708e-006  -0.000000e+000  
-0.000000e+000  -6.019662e-006  -1.242014e-005  -2.467627e-005  2.480268e-005  1.553530e-005  4.719642e-006  -1.290441e-006  -6.219354e-006  -1.350919e-005  -2.743357e-005  2.427266e-005  1.032443e-005  4.505996e-006  -0.000000e+000  
-0.000000e+000  -3.626138e-006  -4.338328e-006  8.729950e-006  -7.195399e-006  4.860719e-006  7.621144e-006  -2.420332e-007  -5.742952e-006  -5.076935e-006  5.352115e-006  -9.692395e-006  5.312922e-006  1.304892e-006  -0.000000e+000  
-0.000000e+000  -5.039967e-006  -1.452286e-005  -2.142771e-005  2.356600e-005  1.400242e-005  6.053491e-006  1.079408e-006  -4.596732e-006  -1.604521e-005  -2.478486e-005  2.309873e-005  1.140730e-005  6.464215e-006  -0.000000e+000  
-0.000000e+000  -6.650030e-006  -1.805439e-005  -2.867706e-005  2.943967e-005  1.449733e-005  5.619950e-006  6.656707e-007  -1.056753e-005  -1.556922e-005  -2.866264e-005  2.830445e-005  1.970980e-005  6.082578e-006  -0.000000e+000  
-0.000000e+000  -6.616400e-006  -1.686166e-005  -3.050451e-005  2.870137e-005  1.398028e-005  9.065632e-006  -2.942644e-006  -6.827296e-006  -1.855211e-005  -2.678248e-005  2.822452e-005  1.566699e-005  8.162838e-006  -0.000000e+000  
-0.000000e+000  -6.459330e-006  -1.710598e-005  -2.255181e-005  2.090959e-005  1.720697e-005  3.947870e-006  1.253547e-006  -1.048572e-005  -1.364341e-005  -2.384387e-005  2.144014e-005  1.516619e-005  7.184235e-006  -0.000000e+000  
-0.000000e+000  -7.493633e-006  -1.502450e-005  -1.562001e-005  1.604261e-005  8.087010e-006  9.028016e-006  -2.804485e-006  -3.411021e-006  -1.262327e-005  -1.636095e-005  1.626088e-005  1.217532e-005  6.996335e-006  -0.000000e+000  
-0.000000e+000  -5.674614e-006  -1.913956e-006  -9.670591e-006  6.825641e-006  8.420257e-006  -1.434072e-006  4.684218e-006  -6.775921e-006  -4.314162e-006  -7.472516e-006  4.992830e-006  2.570064e-006  4.448050e-006  -0.000000e+000  
-0.000000e+000  2.422128e-006  -7.090982e-006  2.034591e-006  1.176069e-006  -5.326204e-007  7.411354e-006  -2.947705e-006  3.086050e-007  -5.792507e-006  -5.191526e-006  2.608751e-006  1.728433e-006  5.283194e-007  -0.000000e+000  
-0.000000e+000  -0.000000e+000  -0.000000e+000  -0.000000e+000  -0.000000e+000  -0.000000e+000  -0.000000e+000  -0.000000e+000  -0.000000e+000  -0.000000e+000  -0.000000e+000  -0.000000e+000  -0.000000e+000  -0.000000e+000  -0.000000e+000  

