Port monitor named: Port4_h1[100].prt

nx        = 62
ny        = 56
nz        = 111

nu        = 11
nv        = 21
iu        = 51
iv        = 13

idir      = 1
dcut      = 4.385000e-003
icut      = 52
type      = 1
frequency = 1.000000e+011

fcutoff   = 5.894554e+010
alpha     = 0.000000e+000
beta      = 1.692091e+003
accuracy  = 1.191541e-010

type          = TE
wave imp.     = 4.666229e+002
wave imp.sig. = 7.422920e-006
line imp.     = 0.000000e+000

ref. port     = 0

-0.000000e+000  4.098971e-004  8.247614e-004  1.250682e-003  2.070946e-003  3.126230e-003  4.621660e-003  7.160520e-003  1.026432e-002  1.666825e-002  -0.000000e+000  
-0.000000e+000  3.993653e-004  8.027262e-004  1.214675e-003  1.998769e-003  2.970499e-003  4.220508e-003  5.853750e-003  6.826734e-003  6.715749e-003  -0.000000e+000  
-0.000000e+000  3.795904e-004  7.613094e-004  1.147554e-003  1.867331e-003  2.702985e-003  3.622207e-003  4.417894e-003  4.381695e-003  3.278121e-003  -0.000000e+000  
-0.000000e+000  3.416012e-004  6.823685e-004  1.021243e-003  1.626546e-003  2.245541e-003  2.734122e-003  2.790591e-003  2.362241e-003  1.440523e-003  -0.000000e+000  
-0.000000e+000  2.777566e-004  5.515168e-004  8.168582e-004  1.262841e-003  1.643536e-003  1.809930e-003  1.594369e-003  1.229346e-003  6.812286e-004  -0.000000e+000  
-0.000000e+000  2.124093e-004  4.193167e-004  6.149815e-004  9.249285e-004  1.146184e-003  1.172398e-003  9.429163e-004  6.942645e-004  3.700957e-004  -0.000000e+000  
-0.000000e+000  1.594207e-004  3.131366e-004  4.553632e-004  6.694443e-004  7.987286e-004  7.766553e-004  5.924589e-004  4.260209e-004  2.232170e-004  -0.000000e+000  
-0.000000e+000  1.291281e-004  2.526975e-004  3.655823e-004  5.270198e-004  6.126031e-004  5.776753e-004  4.277507e-004  3.044344e-004  1.583919e-004  -0.000000e+000  
-0.000000e+000  1.112987e-004  2.170751e-004  3.119082e-004  4.431234e-004  5.032382e-004  4.623944e-004  3.355413e-004  2.366722e-004  1.223663e-004  -0.000000e+000  
-0.000000e+000  9.770360e-005  1.894398e-004  2.698814e-004  3.755055e-004  4.131970e-004  3.670215e-004  2.594473e-004  1.810137e-004  9.306542e-005  -0.000000e+000  
-0.000000e+000  8.856003e-005  1.705964e-004  2.401193e-004  3.235504e-004  3.393603e-004  2.857095e-004  1.934908e-004  1.326212e-004  6.728838e-005  -0.000000e+000  
-0.000000e+000  8.508376e-005  1.617340e-004  2.238045e-004  2.874061e-004  2.789078e-004  2.130889e-004  1.319163e-004  8.674421e-005  4.285790e-005  -0.000000e+000  
-0.000000e+000  8.827358e-005  1.659256e-004  2.235583e-004  2.682068e-004  2.296018e-004  1.435942e-004  6.890657e-005  3.849677e-005  1.663614e-005  -0.000000e+000  
-0.000000e+000  1.068071e-004  1.959745e-004  2.548303e-004  2.686668e-004  1.731739e-004  4.181271e-005  -3.445863e-005  -4.210656e-005  -2.769621e-005  -0.000000e+000  
-0.000000e+000  1.868647e-004  3.315058e-004  4.084004e-004  3.589325e-004  1.211799e-004  -1.417075e-004  -2.543087e-004  -2.239117e-004  -1.315706e-004  -0.000000e+000  
-0.000000e+000  4.237452e-004  7.172013e-004  8.336880e-004  6.257625e-004  8.594344e-005  -4.717240e-004  -7.244168e-004  -6.409248e-004  -3.845503e-004  -0.000000e+000  
-0.000000e+000  1.114068e-003  1.709276e-003  1.811271e-003  1.166602e-003  6.494261e-005  -1.050202e-003  -1.728737e-003  -1.651624e-003  -1.084448e-003  -0.000000e+000  
-0.000000e+000  2.911617e-003  3.645590e-003  3.306313e-003  1.805556e-003  5.600135e-005  -1.705208e-003  -3.235097e-003  -3.595982e-003  -2.886085e-003  -0.000000e+000  
-0.000000e+000  6.328605e-003  6.047665e-003  4.672538e-003  2.268592e-003  5.186752e-005  -2.175607e-003  -4.606627e-003  -6.001541e-003  -6.304981e-003  -0.000000e+000  
-0.000000e+000  1.627076e-002  9.462341e-003  5.942157e-003  2.595710e-003  4.988334e-005  -2.506316e-003  -5.878754e-003  -9.418129e-003  -1.624803e-002  -0.000000e+000  
-0.000000e+000  -0.000000e+000  -0.000000e+000  -0.000000e+000  -0.000000e+000  -0.000000e+000  -0.000000e+000  -0.000000e+000  -0.000000e+000  -0.000000e+000  -0.000000e+000  

-0.000000e+000  -0.000000e+000  -0.000000e+000  -0.000000e+000  -0.000000e+000  -0.000000e+000  -0.000000e+000  -0.000000e+000  -0.000000e+000  -0.000000e+000  -0.000000e+000  
4.199004e+000  4.198994e+000  4.198972e+000  4.198921e+000  4.198785e+000  4.198479e+000  4.197721e+000  4.195884e+000  4.192446e+000  4.182494e+000  -0.000000e+000  
8.341783e+000  8.341763e+000  8.341722e+000  8.341627e+000  8.341379e+000  8.340853e+000  8.339723e+000  8.337704e+000  8.335259e+000  8.331821e+000  -0.000000e+000  
1.237286e+001  1.237283e+001  1.237278e+001  1.237265e+001  1.237233e+001  1.237169e+001  1.237050e+001  1.236887e+001  1.236743e+001  1.236612e+001  -0.000000e+000  
1.925443e+001  1.925439e+001  1.925432e+001  1.925417e+001  1.925381e+001  1.925318e+001  1.925226e+001  1.925137e+001  1.925077e+001  1.925036e+001  -0.000000e+000  
2.576394e+001  2.576391e+001  2.576384e+001  2.576369e+001  2.576337e+001  2.576287e+001  2.576226e+001  2.576179e+001  2.576152e+001  2.576136e+001  -0.000000e+000  
3.093997e+001  3.093994e+001  3.093989e+001  3.093977e+001  3.093951e+001  3.093915e+001  3.093876e+001  3.093849e+001  3.093835e+001  3.093828e+001  -0.000000e+000  
3.429219e+001  3.429216e+001  3.429212e+001  3.429203e+001  3.429184e+001  3.429158e+001  3.429131e+001  3.429115e+001  3.429106e+001  3.429101e+001  -0.000000e+000  
3.549672e+001  3.549670e+001  3.549667e+001  3.549659e+001  3.549643e+001  3.549622e+001  3.549600e+001  3.549587e+001  3.549580e+001  3.549577e+001  -0.000000e+000  
3.622587e+001  3.622586e+001  3.622583e+001  3.622577e+001  3.622564e+001  3.622547e+001  3.622529e+001  3.622518e+001  3.622512e+001  3.622509e+001  -0.000000e+000  
3.646987e+001  3.646986e+001  3.646984e+001  3.646980e+001  3.646971e+001  3.646956e+001  3.646941e+001  3.646931e+001  3.646926e+001  3.646924e+001  -0.000000e+000  
3.622545e+001  3.622545e+001  3.622544e+001  3.622542e+001  3.622535e+001  3.622523e+001  3.622509e+001  3.622500e+001  3.622496e+001  3.622493e+001  -0.000000e+000  
3.549587e+001  3.549588e+001  3.549588e+001  3.549588e+001  3.549584e+001  3.549575e+001  3.549562e+001  3.549553e+001  3.549548e+001  3.549545e+001  -0.000000e+000  
3.429090e+001  3.429092e+001  3.429094e+001  3.429097e+001  3.429097e+001  3.429089e+001  3.429075e+001  3.429065e+001  3.429059e+001  3.429056e+001  -0.000000e+000  
3.093786e+001  3.093790e+001  3.093797e+001  3.093808e+001  3.093818e+001  3.093812e+001  3.093794e+001  3.093777e+001  3.093768e+001  3.093762e+001  -0.000000e+000  
2.576076e+001  2.576088e+001  2.576108e+001  2.576138e+001  2.576164e+001  2.576160e+001  2.576129e+001  2.576095e+001  2.576074e+001  2.576061e+001  -0.000000e+000  
1.924976e+001  1.925012e+001  1.925065e+001  1.925138e+001  1.925192e+001  1.925190e+001  1.925132e+001  1.925057e+001  1.925004e+001  1.924966e+001  -0.000000e+000  
1.236567e+001  1.236695e+001  1.236832e+001  1.236982e+001  1.237068e+001  1.237066e+001  1.236978e+001  1.236828e+001  1.236690e+001  1.236561e+001  -0.000000e+000  
8.331496e+000  8.334913e+000  8.337314e+000  8.339235e+000  8.340110e+000  8.340102e+000  8.339213e+000  8.337285e+000  8.334880e+000  8.331461e+000  -0.000000e+000  
4.182324e+000  4.192266e+000  4.195681e+000  4.197465e+000  4.198083e+000  4.198079e+000  4.197455e+000  4.195666e+000  4.192249e+000  4.182307e+000  -0.000000e+000  
-0.000000e+000  -0.000000e+000  -0.000000e+000  -0.000000e+000  -0.000000e+000  -0.000000e+000  -0.000000e+000  -0.000000e+000  -0.000000e+000  -0.000000e+000  -0.000000e+000  

0.000000e+000  0.000000e+000  0.000000e+000  0.000000e+000  0.000000e+000  0.000000e+000  0.000000e+000  0.000000e+000  0.000000e+000  0.000000e+000  0.000000e+000  
0.000000e+000  0.000000e+000  0.000000e+000  0.000000e+000  0.000000e+000  0.000000e+000  0.000000e+000  0.000000e+000  0.000000e+000  0.000000e+000  0.000000e+000  
0.000000e+000  0.000000e+000  0.000000e+000  0.000000e+000  0.000000e+000  0.000000e+000  0.000000e+000  0.000000e+000  0.000000e+000  0.000000e+000  0.000000e+000  
0.000000e+000  0.000000e+000  0.000000e+000  0.000000e+000  0.000000e+000  0.000000e+000  0.000000e+000  0.000000e+000  0.000000e+000  0.000000e+000  0.000000e+000  
0.000000e+000  0.000000e+000  0.000000e+000  0.000000e+000  0.000000e+000  0.000000e+000  0.000000e+000  0.000000e+000  0.000000e+000  0.000000e+000  0.000000e+000  
0.000000e+000  0.000000e+000  0.000000e+000  0.000000e+000  0.000000e+000  0.000000e+000  0.000000e+000  0.000000e+000  0.000000e+000  0.000000e+000  0.000000e+000  
0.000000e+000  0.000000e+000  0.000000e+000  0.000000e+000  0.000000e+000  0.000000e+000  0.000000e+000  0.000000e+000  0.000000e+000  0.000000e+000  0.000000e+000  
0.000000e+000  0.000000e+000  0.000000e+000  0.000000e+000  0.000000e+000  0.000000e+000  0.000000e+000  0.000000e+000  0.000000e+000  0.000000e+000  0.000000e+000  
0.000000e+000  0.000000e+000  0.000000e+000  0.000000e+000  0.000000e+000  0.000000e+000  0.000000e+000  0.000000e+000  0.000000e+000  0.000000e+000  0.000000e+000  
0.000000e+000  0.000000e+000  0.000000e+000  0.000000e+000  0.000000e+000  0.000000e+000  0.000000e+000  0.000000e+000  0.000000e+000  0.000000e+000  0.000000e+000  
0.000000e+000  0.000000e+000  0.000000e+000  0.000000e+000  0.000000e+000  0.000000e+000  0.000000e+000  0.000000e+000  0.000000e+000  0.000000e+000  0.000000e+000  
0.000000e+000  0.000000e+000  0.000000e+000  0.000000e+000  0.000000e+000  0.000000e+000  0.000000e+000  0.000000e+000  0.000000e+000  0.000000e+000  0.000000e+000  
0.000000e+000  0.000000e+000  0.000000e+000  0.000000e+000  0.000000e+000  0.000000e+000  0.000000e+000  0.000000e+000  0.000000e+000  0.000000e+000  0.000000e+000  
0.000000e+000  0.000000e+000  0.000000e+000  0.000000e+000  0.000000e+000  0.000000e+000  0.000000e+000  0.000000e+000  0.000000e+000  0.000000e+000  0.000000e+000  
0.000000e+000  0.000000e+000  0.000000e+000  0.000000e+000  0.000000e+000  0.000000e+000  0.000000e+000  0.000000e+000  0.000000e+000  0.000000e+000  0.000000e+000  
0.000000e+000  0.000000e+000  0.000000e+000  0.000000e+000  0.000000e+000  0.000000e+000  0.000000e+000  0.000000e+000  0.000000e+000  0.000000e+000  0.000000e+000  
0.000000e+000  0.000000e+000  0.000000e+000  0.000000e+000  0.000000e+000  0.000000e+000  0.000000e+000  0.000000e+000  0.000000e+000  0.000000e+000  0.000000e+000  
0.000000e+000  0.000000e+000  0.000000e+000  0.000000e+000  0.000000e+000  0.000000e+000  0.000000e+000  0.000000e+000  0.000000e+000  0.000000e+000  0.000000e+000  
0.000000e+000  0.000000e+000  0.000000e+000  0.000000e+000  0.000000e+000  0.000000e+000  0.000000e+000  0.000000e+000  0.000000e+000  0.000000e+000  0.000000e+000  
0.000000e+000  0.000000e+000  0.000000e+000  0.000000e+000  0.000000e+000  0.000000e+000  0.000000e+000  0.000000e+000  0.000000e+000  0.000000e+000  0.000000e+000  
0.000000e+000  0.000000e+000  0.000000e+000  0.000000e+000  0.000000e+000  0.000000e+000  0.000000e+000  0.000000e+000  0.000000e+000  0.000000e+000  0.000000e+000  

0.000000e+000  0.000000e+000  0.000000e+000  0.000000e+000  0.000000e+000  0.000000e+000  0.000000e+000  0.000000e+000  0.000000e+000  0.000000e+000  0.000000e+000  
0.000000e+000  0.000000e+000  0.000000e+000  0.000000e+000  0.000000e+000  0.000000e+000  0.000000e+000  0.000000e+000  0.000000e+000  0.000000e+000  0.000000e+000  
0.000000e+000  0.000000e+000  0.000000e+000  0.000000e+000  0.000000e+000  0.000000e+000  0.000000e+000  0.000000e+000  0.000000e+000  0.000000e+000  0.000000e+000  
0.000000e+000  0.000000e+000  0.000000e+000  0.000000e+000  0.000000e+000  0.000000e+000  0.000000e+000  0.000000e+000  0.000000e+000  0.000000e+000  0.000000e+000  
0.000000e+000  0.000000e+000  0.000000e+000  0.000000e+000  0.000000e+000  0.000000e+000  0.000000e+000  0.000000e+000  0.000000e+000  0.000000e+000  0.000000e+000  
0.000000e+000  0.000000e+000  0.000000e+000  0.000000e+000  0.000000e+000  0.000000e+000  0.000000e+000  0.000000e+000  0.000000e+000  0.000000e+000  0.000000e+000  
0.000000e+000  0.000000e+000  0.000000e+000  0.000000e+000  0.000000e+000  0.000000e+000  0.000000e+000  0.000000e+000  0.000000e+000  0.000000e+000  0.000000e+000  
0.000000e+000  0.000000e+000  0.000000e+000  0.000000e+000  0.000000e+000  0.000000e+000  0.000000e+000  0.000000e+000  0.000000e+000  0.000000e+000  0.000000e+000  
0.000000e+000  0.000000e+000  0.000000e+000  0.000000e+000  0.000000e+000  0.000000e+000  0.000000e+000  0.000000e+000  0.000000e+000  0.000000e+000  0.000000e+000  
0.000000e+000  0.000000e+000  0.000000e+000  0.000000e+000  0.000000e+000  0.000000e+000  0.000000e+000  0.000000e+000  0.000000e+000  0.000000e+000  0.000000e+000  
0.000000e+000  0.000000e+000  0.000000e+000  0.000000e+000  0.000000e+000  0.000000e+000  0.000000e+000  0.000000e+000  0.000000e+000  0.000000e+000  0.000000e+000  
0.000000e+000  0.000000e+000  0.000000e+000  0.000000e+000  0.000000e+000  0.000000e+000  0.000000e+000  0.000000e+000  0.000000e+000  0.000000e+000  0.000000e+000  
0.000000e+000  0.000000e+000  0.000000e+000  0.000000e+000  0.000000e+000  0.000000e+000  0.000000e+000  0.000000e+000  0.000000e+000  0.000000e+000  0.000000e+000  
0.000000e+000  0.000000e+000  0.000000e+000  0.000000e+000  0.000000e+000  0.000000e+000  0.000000e+000  0.000000e+000  0.000000e+000  0.000000e+000  0.000000e+000  
0.000000e+000  0.000000e+000  0.000000e+000  0.000000e+000  0.000000e+000  0.000000e+000  0.000000e+000  0.000000e+000  0.000000e+000  0.000000e+000  0.000000e+000  
0.000000e+000  0.000000e+000  0.000000e+000  0.000000e+000  0.000000e+000  0.000000e+000  0.000000e+000  0.000000e+000  0.000000e+000  0.000000e+000  0.000000e+000  
0.000000e+000  0.000000e+000  0.000000e+000  0.000000e+000  0.000000e+000  0.000000e+000  0.000000e+000  0.000000e+000  0.000000e+000  0.000000e+000  0.000000e+000  
0.000000e+000  0.000000e+000  0.000000e+000  0.000000e+000  0.000000e+000  0.000000e+000  0.000000e+000  0.000000e+000  0.000000e+000  0.000000e+000  0.000000e+000  
0.000000e+000  0.000000e+000  0.000000e+000  0.000000e+000  0.000000e+000  0.000000e+000  0.000000e+000  0.000000e+000  0.000000e+000  0.000000e+000  0.000000e+000  
0.000000e+000  0.000000e+000  0.000000e+000  0.000000e+000  0.000000e+000  0.000000e+000  0.000000e+000  0.000000e+000  0.000000e+000  0.000000e+000  0.000000e+000  
0.000000e+000  0.000000e+000  0.000000e+000  0.000000e+000  0.000000e+000  0.000000e+000  0.000000e+000  0.000000e+000  0.000000e+000  0.000000e+000  0.000000e+000  

0.000000e+000  0.000000e+000  0.000000e+000  0.000000e+000  0.000000e+000  0.000000e+000  0.000000e+000  0.000000e+000  0.000000e+000  0.000000e+000  0.000000e+000  
0.000000e+000  0.000000e+000  0.000000e+000  0.000000e+000  0.000000e+000  0.000000e+000  0.000000e+000  0.000000e+000  0.000000e+000  0.000000e+000  0.000000e+000  
0.000000e+000  0.000000e+000  0.000000e+000  0.000000e+000  0.000000e+000  0.000000e+000  0.000000e+000  0.000000e+000  0.000000e+000  0.000000e+000  0.000000e+000  
0.000000e+000  0.000000e+000  0.000000e+000  0.000000e+000  0.000000e+000  0.000000e+000  0.000000e+000  0.000000e+000  0.000000e+000  0.000000e+000  0.000000e+000  
0.000000e+000  0.000000e+000  0.000000e+000  0.000000e+000  0.000000e+000  0.000000e+000  0.000000e+000  0.000000e+000  0.000000e+000  0.000000e+000  0.000000e+000  
0.000000e+000  0.000000e+000  0.000000e+000  0.000000e+000  0.000000e+000  0.000000e+000  0.000000e+000  0.000000e+000  0.000000e+000  0.000000e+000  0.000000e+000  
0.000000e+000  0.000000e+000  0.000000e+000  0.000000e+000  0.000000e+000  0.000000e+000  0.000000e+000  0.000000e+000  0.000000e+000  0.000000e+000  0.000000e+000  
0.000000e+000  0.000000e+000  0.000000e+000  0.000000e+000  0.000000e+000  0.000000e+000  0.000000e+000  0.000000e+000  0.000000e+000  0.000000e+000  0.000000e+000  
0.000000e+000  0.000000e+000  0.000000e+000  0.000000e+000  0.000000e+000  0.000000e+000  0.000000e+000  0.000000e+000  0.000000e+000  0.000000e+000  0.000000e+000  
0.000000e+000  0.000000e+000  0.000000e+000  0.000000e+000  0.000000e+000  0.000000e+000  0.000000e+000  0.000000e+000  0.000000e+000  0.000000e+000  0.000000e+000  
0.000000e+000  0.000000e+000  0.000000e+000  0.000000e+000  0.000000e+000  0.000000e+000  0.000000e+000  0.000000e+000  0.000000e+000  0.000000e+000  0.000000e+000  
0.000000e+000  0.000000e+000  0.000000e+000  0.000000e+000  0.000000e+000  0.000000e+000  0.000000e+000  0.000000e+000  0.000000e+000  0.000000e+000  0.000000e+000  
0.000000e+000  0.000000e+000  0.000000e+000  0.000000e+000  0.000000e+000  0.000000e+000  0.000000e+000  0.000000e+000  0.000000e+000  0.000000e+000  0.000000e+000  
0.000000e+000  0.000000e+000  0.000000e+000  0.000000e+000  0.000000e+000  0.000000e+000  0.000000e+000  0.000000e+000  0.000000e+000  0.000000e+000  0.000000e+000  
0.000000e+000  0.000000e+000  0.000000e+000  0.000000e+000  0.000000e+000  0.000000e+000  0.000000e+000  0.000000e+000  0.000000e+000  0.000000e+000  0.000000e+000  
0.000000e+000  0.000000e+000  0.000000e+000  0.000000e+000  0.000000e+000  0.000000e+000  0.000000e+000  0.000000e+000  0.000000e+000  0.000000e+000  0.000000e+000  
0.000000e+000  0.000000e+000  0.000000e+000  0.000000e+000  0.000000e+000  0.000000e+000  0.000000e+000  0.000000e+000  0.000000e+000  0.000000e+000  0.000000e+000  
0.000000e+000  0.000000e+000  0.000000e+000  0.000000e+000  0.000000e+000  0.000000e+000  0.000000e+000  0.000000e+000  0.000000e+000  0.000000e+000  0.000000e+000  
0.000000e+000  0.000000e+000  0.000000e+000  0.000000e+000  0.000000e+000  0.000000e+000  0.000000e+000  0.000000e+000  0.000000e+000  0.000000e+000  0.000000e+000  
0.000000e+000  0.000000e+000  0.000000e+000  0.000000e+000  0.000000e+000  0.000000e+000  0.000000e+000  0.000000e+000  0.000000e+000  0.000000e+000  0.000000e+000  
0.000000e+000  0.000000e+000  0.000000e+000  0.000000e+000  0.000000e+000  0.000000e+000  0.000000e+000  0.000000e+000  0.000000e+000  0.000000e+000  0.000000e+000  

2.648978e+001  2.648974e+001  2.648967e+001  2.648952e+001  2.648919e+001  2.648867e+001  2.648794e+001  2.648709e+001  2.648622e+001  2.648481e+001  -0.000000e+000  
2.613504e+001  2.613501e+001  2.613494e+001  2.613479e+001  2.613448e+001  2.613398e+001  2.613331e+001  2.613261e+001  2.613204e+001  2.613147e+001  -0.000000e+000  
2.543032e+001  2.543029e+001  2.543022e+001  2.543008e+001  2.542979e+001  2.542934e+001  2.542876e+001  2.542824e+001  2.542787e+001  2.542759e+001  -0.000000e+000  
2.396076e+001  2.396073e+001  2.396067e+001  2.396055e+001  2.396029e+001  2.395992e+001  2.395948e+001  2.395915e+001  2.395895e+001  2.395883e+001  -0.000000e+000  
2.088823e+001  2.088820e+001  2.088816e+001  2.088806e+001  2.088786e+001  2.088759e+001  2.088730e+001  2.088711e+001  2.088700e+001  2.088695e+001  -0.000000e+000  
1.660920e+001  1.660919e+001  1.660915e+001  1.660908e+001  1.660893e+001  1.660874e+001  1.660855e+001  1.660844e+001  1.660838e+001  1.660835e+001  -0.000000e+000  
1.167195e+001  1.167194e+001  1.167191e+001  1.167186e+001  1.167175e+001  1.167162e+001  1.167149e+001  1.167142e+001  1.167139e+001  1.167137e+001  -0.000000e+000  
7.598969e+000  7.598958e+000  7.598937e+000  7.598894e+000  7.598810e+000  7.598708e+000  7.598616e+000  7.598565e+000  7.598539e+000  7.598525e+000  -0.000000e+000  
4.600167e+000  4.600158e+000  4.600140e+000  4.600103e+000  4.600032e+000  4.599949e+000  4.599875e+000  4.599835e+000  4.599815e+000  4.599804e+000  -0.000000e+000  
1.539766e+000  1.539758e+000  1.539742e+000  1.539710e+000  1.539650e+000  1.539582e+000  1.539523e+000  1.539492e+000  1.539477e+000  1.539469e+000  -0.000000e+000  
-1.541248e+000  -1.541256e+000  -1.541270e+000  -1.541299e+000  -1.541350e+000  -1.541407e+000  -1.541452e+000  -1.541475e+000  -1.541486e+000  -1.541492e+000  -0.000000e+000  
-4.601614e+000  -4.601621e+000  -4.601635e+000  -4.601661e+000  -4.601707e+000  -4.601754e+000  -4.601788e+000  -4.601803e+000  -4.601810e+000  -4.601814e+000  -0.000000e+000  
-7.600344e+000  -7.600351e+000  -7.600365e+000  -7.600392e+000  -7.600435e+000  -7.600473e+000  -7.600496e+000  -7.600504e+000  -7.600507e+000  -7.600508e+000  -0.000000e+000  
-1.167317e+001  -1.167318e+001  -1.167320e+001  -1.167323e+001  -1.167327e+001  -1.167330e+001  -1.167331e+001  -1.167330e+001  -1.167330e+001  -1.167330e+001  -0.000000e+000  
-1.661009e+001  -1.661010e+001  -1.661013e+001  -1.661018e+001  -1.661024e+001  -1.661026e+001  -1.661024e+001  -1.661021e+001  -1.661019e+001  -1.661018e+001  -0.000000e+000  
-2.088859e+001  -2.088862e+001  -2.088868e+001  -2.088878e+001  -2.088888e+001  -2.088890e+001  -2.088882e+001  -2.088873e+001  -2.088868e+001  -2.088865e+001  -0.000000e+000  
-2.396037e+001  -2.396046e+001  -2.396061e+001  -2.396082e+001  -2.396101e+001  -2.396102e+001  -2.396085e+001  -2.396065e+001  -2.396051e+001  -2.396042e+001  -0.000000e+000  
-2.542908e+001  -2.542932e+001  -2.542963e+001  -2.543002e+001  -2.543031e+001  -2.543032e+001  -2.543005e+001  -2.542966e+001  -2.542936e+001  -2.542912e+001  -0.000000e+000  
-2.613293e+001  -2.613346e+001  -2.613398e+001  -2.613453e+001  -2.613489e+001  -2.613490e+001  -2.613455e+001  -2.613401e+001  -2.613350e+001  -2.613297e+001  -0.000000e+000  
-2.648626e+001  -2.648763e+001  -2.648843e+001  -2.648914e+001  -2.648955e+001  -2.648956e+001  -2.648916e+001  -2.648846e+001  -2.648767e+001  -2.648629e+001  -0.000000e+000  
-0.000000e+000  -0.000000e+000  -0.000000e+000  -0.000000e+000  -0.000000e+000  -0.000000e+000  -0.000000e+000  -0.000000e+000  -0.000000e+000  -0.000000e+000  -0.000000e+000  

