Unknown:
C:\Users\Mynam\Desktop\RF_Lab4&5(1)\Result\hardware_resources.sconf
C:\Users\Mynam\Desktop\RF_Lab4&5(1)\Result\Model.log
C:\Users\Mynam\Desktop\RF_Lab4&5(1)\Result\Model.sa
C:\Users\Mynam\Desktop\RF_Lab4&5(1)\Result\Model.swp
C:\Users\Mynam\Desktop\RF_Lab4&5(1)\Result\Port1_e1(#0000).sct
C:\Users\Mynam\Desktop\RF_Lab4&5(1)\Result\Port1_e1(#0001).sct
C:\Users\Mynam\Desktop\RF_Lab4&5(1)\Result\Port1_e1(#0002).sct
C:\Users\Mynam\Desktop\RF_Lab4&5(1)\Result\Port1_e1(#0003).sct
C:\Users\Mynam\Desktop\RF_Lab4&5(1)\Result\Port1_e1(#0004).sct
C:\Users\Mynam\Desktop\RF_Lab4&5(1)\Result\Port1_e1(#0005).sct
C:\Users\Mynam\Desktop\RF_Lab4&5(1)\Result\Port1_eInfo1(#0000).pmf
C:\Users\Mynam\Desktop\RF_Lab4&5(1)\Result\Port1_eInfo1(#0001).pmf
C:\Users\Mynam\Desktop\RF_Lab4&5(1)\Result\Port1_eInfo1(#0002).pmf
C:\Users\Mynam\Desktop\RF_Lab4&5(1)\Result\Port1_eInfo1(#0003).pmf
C:\Users\Mynam\Desktop\RF_Lab4&5(1)\Result\Port1_eInfo1(#0004).pmf
C:\Users\Mynam\Desktop\RF_Lab4&5(1)\Result\Port1_eInfo1(#0005).pmf
C:\Users\Mynam\Desktop\RF_Lab4&5(1)\Result\Port1_h1(#0000).sct
C:\Users\Mynam\Desktop\RF_Lab4&5(1)\Result\Port1_h1(#0001).sct
C:\Users\Mynam\Desktop\RF_Lab4&5(1)\Result\Port1_h1(#0002).sct
C:\Users\Mynam\Desktop\RF_Lab4&5(1)\Result\Port1_h1(#0003).sct
C:\Users\Mynam\Desktop\RF_Lab4&5(1)\Result\Port1_h1(#0004).sct
C:\Users\Mynam\Desktop\RF_Lab4&5(1)\Result\Port1_h1(#0005).sct
C:\Users\Mynam\Desktop\RF_Lab4&5(1)\Result\Port1_hInfo1(#0000).pmf
C:\Users\Mynam\Desktop\RF_Lab4&5(1)\Result\Port1_hInfo1(#0001).pmf
C:\Users\Mynam\Desktop\RF_Lab4&5(1)\Result\Port1_hInfo1(#0002).pmf
C:\Users\Mynam\Desktop\RF_Lab4&5(1)\Result\Port1_hInfo1(#0003).pmf
C:\Users\Mynam\Desktop\RF_Lab4&5(1)\Result\Port1_hInfo1(#0004).pmf
C:\Users\Mynam\Desktop\RF_Lab4&5(1)\Result\Port1_hInfo1(#0005).pmf
C:\Users\Mynam\Desktop\RF_Lab4&5(1)\Result\Port2_e1(#0000).sct
C:\Users\Mynam\Desktop\RF_Lab4&5(1)\Result\Port2_e1(#0001).sct
C:\Users\Mynam\Desktop\RF_Lab4&5(1)\Result\Port2_e1(#0002).sct
C:\Users\Mynam\Desktop\RF_Lab4&5(1)\Result\Port2_e1(#0003).sct
C:\Users\Mynam\Desktop\RF_Lab4&5(1)\Result\Port2_e1(#0004).sct
C:\Users\Mynam\Desktop\RF_Lab4&5(1)\Result\Port2_e1(#0005).sct
C:\Users\Mynam\Desktop\RF_Lab4&5(1)\Result\Port2_eInfo1(#0000).pmf
C:\Users\Mynam\Desktop\RF_Lab4&5(1)\Result\Port2_eInfo1(#0001).pmf
C:\Users\Mynam\Desktop\RF_Lab4&5(1)\Result\Port2_eInfo1(#0002).pmf
C:\Users\Mynam\Desktop\RF_Lab4&5(1)\Result\Port2_eInfo1(#0003).pmf
C:\Users\Mynam\Desktop\RF_Lab4&5(1)\Result\Port2_eInfo1(#0004).pmf
C:\Users\Mynam\Desktop\RF_Lab4&5(1)\Result\Port2_eInfo1(#0005).pmf
C:\Users\Mynam\Desktop\RF_Lab4&5(1)\Result\Port2_h1(#0000).sct
C:\Users\Mynam\Desktop\RF_Lab4&5(1)\Result\Port2_h1(#0001).sct
C:\Users\Mynam\Desktop\RF_Lab4&5(1)\Result\Port2_h1(#0002).sct
C:\Users\Mynam\Desktop\RF_Lab4&5(1)\Result\Port2_h1(#0003).sct
C:\Users\Mynam\Desktop\RF_Lab4&5(1)\Result\Port2_h1(#0004).sct
C:\Users\Mynam\Desktop\RF_Lab4&5(1)\Result\Port2_h1(#0005).sct
C:\Users\Mynam\Desktop\RF_Lab4&5(1)\Result\Port2_hInfo1(#0000).pmf
C:\Users\Mynam\Desktop\RF_Lab4&5(1)\Result\Port2_hInfo1(#0001).pmf
C:\Users\Mynam\Desktop\RF_Lab4&5(1)\Result\Port2_hInfo1(#0002).pmf
C:\Users\Mynam\Desktop\RF_Lab4&5(1)\Result\Port2_hInfo1(#0003).pmf
C:\Users\Mynam\Desktop\RF_Lab4&5(1)\Result\Port2_hInfo1(#0004).pmf
C:\Users\Mynam\Desktop\RF_Lab4&5(1)\Result\Port2_hInfo1(#0005).pmf
C:\Users\Mynam\Desktop\RF_Lab4&5(1)\Result\SolCoef(#0000)_1(1).scf
C:\Users\Mynam\Desktop\RF_Lab4&5(1)\Result\SolCoef(#0000)_2(1).scf
C:\Users\Mynam\Desktop\RF_Lab4&5(1)\Result\SolCoef(#0001)_1(1).scf
C:\Users\Mynam\Desktop\RF_Lab4&5(1)\Result\SolCoef(#0001)_2(1).scf
C:\Users\Mynam\Desktop\RF_Lab4&5(1)\Result\SolCoef(#0002)_1(1).scf
C:\Users\Mynam\Desktop\RF_Lab4&5(1)\Result\SolCoef(#0002)_2(1).scf
C:\Users\Mynam\Desktop\RF_Lab4&5(1)\Result\SolCoef(#0003)_1(1).scf
C:\Users\Mynam\Desktop\RF_Lab4&5(1)\Result\SolCoef(#0003)_2(1).scf
C:\Users\Mynam\Desktop\RF_Lab4&5(1)\Result\SolCoef(#0004)_1(1).scf
C:\Users\Mynam\Desktop\RF_Lab4&5(1)\Result\SolCoef(#0004)_2(1).scf
C:\Users\Mynam\Desktop\RF_Lab4&5(1)\Result\SolCoef(#0005)_1(1).scf
C:\Users\Mynam\Desktop\RF_Lab4&5(1)\Result\SolCoef(#0005)_2(1).scf
Mesh:
C:\Users\Mynam\Desktop\RF_Lab4&5(1)\Result\3do.slim
C:\Users\Mynam\Desktop\RF_Lab4&5(1)\Result\log.tet
C:\Users\Mynam\Desktop\RF_Lab4&5(1)\Result\Mesh_Input.Entities2Mesh.tet
C:\Users\Mynam\Desktop\RF_Lab4&5(1)\Result\Mesh_Input.Options.tet
C:\Users\Mynam\Desktop\RF_Lab4&5(1)\Result\Mesh_Input.QuasiModel.tet
C:\Users\Mynam\Desktop\RF_Lab4&5(1)\Result\Mesh_Output.QuasiModel.tet
C:\Users\Mynam\Desktop\RF_Lab4&5(1)\Result\Mesh_Output.U2F.tet
C:\Users\Mynam\Desktop\RF_Lab4&5(1)\Result\mir.tet
C:\Users\Mynam\Desktop\RF_Lab4&5(1)\Result\moegeom.tet
C:\Users\Mynam\Desktop\RF_Lab4&5(1)\Result\Port1.slim
C:\Users\Mynam\Desktop\RF_Lab4&5(1)\Result\Port2.slim
C:\Users\Mynam\Desktop\RF_Lab4&5(1)\Result\tetquality.tet
C:\Users\Mynam\Desktop\RF_Lab4&5(1)\Result\topot.tet
Port:
C:\Users\Mynam\Desktop\RF_Lab4&5(1)\Result\Model.pmi
